2016-11-13 07:37:51: <br />
<b>Warning</b>:  file_put_contents(C:\xampp\htdocs\amr\amr\cache\frame_1.dat): failed to open stream: No such file or directory in <b>C:\xampp\htdocs\amr\amr\qrspec.php</b> on line <b>568</b><br />
<br />
<b>Warning</b>:  mkdir(): No such file or directory in <b>C:\xampp\htdocs\amr\amr\qrmask.php</b> on line <b>154</b><br />
<br />
<b>Warning</b>:  file_put_contents(C:\xampp\htdocs\amr\amr\cache\mask_0\mask_21_0.dat): failed to open stream: No such file or directory in <b>C:\xampp\htdocs\amr\amr\qrmask.php</b> on line <b>155</b><br />
<br />
<b>Warning</b>:  mkdir(): No such file or directory in <b>C:\xampp\htdocs\amr\amr\qrmask.php</b> on line <b>154</b><br />
<br />
<b>Warning</b>:  file_put_contents(C:\xampp\htdocs\amr\amr\cache\mask_1\mask_21_1.dat): failed to open stream: No such file or directory in <b>C:\xampp\htdocs\amr\amr\qrmask.php</b> on line <b>155</b><br />
<br />
<b>Warning</b>:  mkdir(): No such file or directory in <b>C:\xampp\htdocs\amr\amr\qrmask.php</b> on line <b>154</b><br />
<br />
<b>Warning</b>:  file_put_contents(C:\xampp\htdocs\amr\amr\cache\mask_2\mask_21_2.dat): failed to open stream: No such file or directory in <b>C:\xampp\htdocs\amr\amr\qrmask.php</b> on line <b>155</b><br />
<br />
<b>Warning</b>:  mkdir(): No such file or directory in <b>C:\xampp\htdocs\amr\amr\qrmask.php</b> on line <b>154</b><br />
<br />
<b>Warning</b>:  file_put_contents(C:\xampp\htdocs\amr\amr\cache\mask_3\mask_21_3.dat): failed to open stream: No such file or directory in <b>C:\xampp\htdocs\amr\amr\qrmask.php</b> on line <b>155</b><br />
<br />
<b>Warning</b>:  mkdir(): No such file or directory in <b>C:\xampp\htdocs\amr\amr\qrmask.php</b> on line <b>154</b><br />
<br />
<b>Warning</b>:  file_put_contents(C:\xampp\htdocs\amr\amr\cache\mask_4\mask_21_4.dat): failed to open stream: No such file or directory in <b>C:\xampp\htdocs\amr\amr\qrmask.php</b> on line <b>155</b><br />
<br />
<b>Warning</b>:  mkdir(): No such file or directory in <b>C:\xampp\htdocs\amr\amr\qrmask.php</b> on line <b>154</b><br />
<br />
<b>Warning</b>:  file_put_contents(C:\xampp\htdocs\amr\amr\cache\mask_5\mask_21_5.dat): failed to open stream: No such file or directory in <b>C:\xampp\htdocs\amr\amr\qrmask.php</b> on line <b>155</b><br />
<br />
<b>Warning</b>:  mkdir(): No such file or directory in <b>C:\xampp\htdocs\amr\amr\qrmask.php</b> on line <b>154</b><br />
<br />
<b>Warning</b>:  file_put_contents(C:\xampp\htdocs\amr\amr\cache\mask_6\mask_21_6.dat): failed to open stream: No such file or directory in <b>C:\xampp\htdocs\amr\amr\qrmask.php</b> on line <b>155</b><br />
<br />
<b>Warning</b>:  mkdir(): No such file or directory in <b>C:\xampp\htdocs\amr\amr\qrmask.php</b> on line <b>154</b><br />
<br />
<b>Warning</b>:  file_put_contents(C:\xampp\htdocs\amr\amr\cache\mask_7\mask_21_7.dat): failed to open stream: No such file or directory in <b>C:\xampp\htdocs\amr\amr\qrmask.php</b> on line <b>155</b><br />
2016-11-13 07:38:24: <br />
<b>Warning</b>:  file_put_contents(C:\xampp\htdocs\amr\amr\cache\frame_2.dat): failed to open stream: No such file or directory in <b>C:\xampp\htdocs\amr\amr\qrspec.php</b> on line <b>568</b><br />
<br />
<b>Warning</b>:  mkdir(): No such file or directory in <b>C:\xampp\htdocs\amr\amr\qrmask.php</b> on line <b>154</b><br />
<br />
<b>Warning</b>:  file_put_contents(C:\xampp\htdocs\amr\amr\cache\mask_0\mask_25_0.dat): failed to open stream: No such file or directory in <b>C:\xampp\htdocs\amr\amr\qrmask.php</b> on line <b>155</b><br />
<br />
<b>Warning</b>:  mkdir(): No such file or directory in <b>C:\xampp\htdocs\amr\amr\qrmask.php</b> on line <b>154</b><br />
<br />
<b>Warning</b>:  file_put_contents(C:\xampp\htdocs\amr\amr\cache\mask_1\mask_25_1.dat): failed to open stream: No such file or directory in <b>C:\xampp\htdocs\amr\amr\qrmask.php</b> on line <b>155</b><br />
<br />
<b>Warning</b>:  mkdir(): No such file or directory in <b>C:\xampp\htdocs\amr\amr\qrmask.php</b> on line <b>154</b><br />
<br />
<b>Warning</b>:  file_put_contents(C:\xampp\htdocs\amr\amr\cache\mask_2\mask_25_2.dat): failed to open stream: No such file or directory in <b>C:\xampp\htdocs\amr\amr\qrmask.php</b> on line <b>155</b><br />
<br />
<b>Warning</b>:  mkdir(): No such file or directory in <b>C:\xampp\htdocs\amr\amr\qrmask.php</b> on line <b>154</b><br />
<br />
<b>Warning</b>:  file_put_contents(C:\xampp\htdocs\amr\amr\cache\mask_3\mask_25_3.dat): failed to open stream: No such file or directory in <b>C:\xampp\htdocs\amr\amr\qrmask.php</b> on line <b>155</b><br />
<br />
<b>Warning</b>:  mkdir(): No such file or directory in <b>C:\xampp\htdocs\amr\amr\qrmask.php</b> on line <b>154</b><br />
<br />
<b>Warning</b>:  file_put_contents(C:\xampp\htdocs\amr\amr\cache\mask_4\mask_25_4.dat): failed to open stream: No such file or directory in <b>C:\xampp\htdocs\amr\amr\qrmask.php</b> on line <b>155</b><br />
<br />
<b>Warning</b>:  mkdir(): No such file or directory in <b>C:\xampp\htdocs\amr\amr\qrmask.php</b> on line <b>154</b><br />
<br />
<b>Warning</b>:  file_put_contents(C:\xampp\htdocs\amr\amr\cache\mask_5\mask_25_5.dat): failed to open stream: No such file or directory in <b>C:\xampp\htdocs\amr\amr\qrmask.php</b> on line <b>155</b><br />
<br />
<b>Warning</b>:  mkdir(): No such file or directory in <b>C:\xampp\htdocs\amr\amr\qrmask.php</b> on line <b>154</b><br />
<br />
<b>Warning</b>:  file_put_contents(C:\xampp\htdocs\amr\amr\cache\mask_6\mask_25_6.dat): failed to open stream: No such file or directory in <b>C:\xampp\htdocs\amr\amr\qrmask.php</b> on line <b>155</b><br />
<br />
<b>Warning</b>:  mkdir(): No such file or directory in <b>C:\xampp\htdocs\amr\amr\qrmask.php</b> on line <b>154</b><br />
<br />
<b>Warning</b>:  file_put_contents(C:\xampp\htdocs\amr\amr\cache\mask_7\mask_25_7.dat): failed to open stream: No such file or directory in <b>C:\xampp\htdocs\amr\amr\qrmask.php</b> on line <b>155</b><br />
2016-11-13 07:41:43: <br />
<b>Warning</b>:  file_put_contents(C:\xampp\htdocs\amr\amr\cache\frame_2.dat): failed to open stream: No such file or directory in <b>C:\xampp\htdocs\amr\amr\qrspec.php</b> on line <b>568</b><br />
<br />
<b>Warning</b>:  mkdir(): No such file or directory in <b>C:\xampp\htdocs\amr\amr\qrmask.php</b> on line <b>154</b><br />
<br />
<b>Warning</b>:  file_put_contents(C:\xampp\htdocs\amr\amr\cache\mask_0\mask_25_0.dat): failed to open stream: No such file or directory in <b>C:\xampp\htdocs\amr\amr\qrmask.php</b> on line <b>155</b><br />
<br />
<b>Warning</b>:  mkdir(): No such file or directory in <b>C:\xampp\htdocs\amr\amr\qrmask.php</b> on line <b>154</b><br />
<br />
<b>Warning</b>:  file_put_contents(C:\xampp\htdocs\amr\amr\cache\mask_1\mask_25_1.dat): failed to open stream: No such file or directory in <b>C:\xampp\htdocs\amr\amr\qrmask.php</b> on line <b>155</b><br />
<br />
<b>Warning</b>:  mkdir(): No such file or directory in <b>C:\xampp\htdocs\amr\amr\qrmask.php</b> on line <b>154</b><br />
<br />
<b>Warning</b>:  file_put_contents(C:\xampp\htdocs\amr\amr\cache\mask_2\mask_25_2.dat): failed to open stream: No such file or directory in <b>C:\xampp\htdocs\amr\amr\qrmask.php</b> on line <b>155</b><br />
<br />
<b>Warning</b>:  mkdir(): No such file or directory in <b>C:\xampp\htdocs\amr\amr\qrmask.php</b> on line <b>154</b><br />
<br />
<b>Warning</b>:  file_put_contents(C:\xampp\htdocs\amr\amr\cache\mask_3\mask_25_3.dat): failed to open stream: No such file or directory in <b>C:\xampp\htdocs\amr\amr\qrmask.php</b> on line <b>155</b><br />
<br />
<b>Warning</b>:  mkdir(): No such file or directory in <b>C:\xampp\htdocs\amr\amr\qrmask.php</b> on line <b>154</b><br />
<br />
<b>Warning</b>:  file_put_contents(C:\xampp\htdocs\amr\amr\cache\mask_4\mask_25_4.dat): failed to open stream: No such file or directory in <b>C:\xampp\htdocs\amr\amr\qrmask.php</b> on line <b>155</b><br />
<br />
<b>Warning</b>:  mkdir(): No such file or directory in <b>C:\xampp\htdocs\amr\amr\qrmask.php</b> on line <b>154</b><br />
<br />
<b>Warning</b>:  file_put_contents(C:\xampp\htdocs\amr\amr\cache\mask_5\mask_25_5.dat): failed to open stream: No such file or directory in <b>C:\xampp\htdocs\amr\amr\qrmask.php</b> on line <b>155</b><br />
<br />
<b>Warning</b>:  mkdir(): No such file or directory in <b>C:\xampp\htdocs\amr\amr\qrmask.php</b> on line <b>154</b><br />
<br />
<b>Warning</b>:  file_put_contents(C:\xampp\htdocs\amr\amr\cache\mask_6\mask_25_6.dat): failed to open stream: No such file or directory in <b>C:\xampp\htdocs\amr\amr\qrmask.php</b> on line <b>155</b><br />
<br />
<b>Warning</b>:  mkdir(): No such file or directory in <b>C:\xampp\htdocs\amr\amr\qrmask.php</b> on line <b>154</b><br />
<br />
<b>Warning</b>:  file_put_contents(C:\xampp\htdocs\amr\amr\cache\mask_7\mask_25_7.dat): failed to open stream: No such file or directory in <b>C:\xampp\htdocs\amr\amr\qrmask.php</b> on line <b>155</b><br />
2016-11-13 07:41:44: <br />
<b>Warning</b>:  file_put_contents(C:\xampp\htdocs\amr\amr\cache\frame_2.dat): failed to open stream: No such file or directory in <b>C:\xampp\htdocs\amr\amr\qrspec.php</b> on line <b>568</b><br />
<br />
<b>Warning</b>:  mkdir(): No such file or directory in <b>C:\xampp\htdocs\amr\amr\qrmask.php</b> on line <b>154</b><br />
<br />
<b>Warning</b>:  file_put_contents(C:\xampp\htdocs\amr\amr\cache\mask_0\mask_25_0.dat): failed to open stream: No such file or directory in <b>C:\xampp\htdocs\amr\amr\qrmask.php</b> on line <b>155</b><br />
<br />
<b>Warning</b>:  mkdir(): No such file or directory in <b>C:\xampp\htdocs\amr\amr\qrmask.php</b> on line <b>154</b><br />
<br />
<b>Warning</b>:  file_put_contents(C:\xampp\htdocs\amr\amr\cache\mask_1\mask_25_1.dat): failed to open stream: No such file or directory in <b>C:\xampp\htdocs\amr\amr\qrmask.php</b> on line <b>155</b><br />
<br />
<b>Warning</b>:  mkdir(): No such file or directory in <b>C:\xampp\htdocs\amr\amr\qrmask.php</b> on line <b>154</b><br />
<br />
<b>Warning</b>:  file_put_contents(C:\xampp\htdocs\amr\amr\cache\mask_2\mask_25_2.dat): failed to open stream: No such file or directory in <b>C:\xampp\htdocs\amr\amr\qrmask.php</b> on line <b>155</b><br />
<br />
<b>Warning</b>:  mkdir(): No such file or directory in <b>C:\xampp\htdocs\amr\amr\qrmask.php</b> on line <b>154</b><br />
<br />
<b>Warning</b>:  file_put_contents(C:\xampp\htdocs\amr\amr\cache\mask_3\mask_25_3.dat): failed to open stream: No such file or directory in <b>C:\xampp\htdocs\amr\amr\qrmask.php</b> on line <b>155</b><br />
<br />
<b>Warning</b>:  mkdir(): No such file or directory in <b>C:\xampp\htdocs\amr\amr\qrmask.php</b> on line <b>154</b><br />
<br />
<b>Warning</b>:  file_put_contents(C:\xampp\htdocs\amr\amr\cache\mask_4\mask_25_4.dat): failed to open stream: No such file or directory in <b>C:\xampp\htdocs\amr\amr\qrmask.php</b> on line <b>155</b><br />
<br />
<b>Warning</b>:  mkdir(): No such file or directory in <b>C:\xampp\htdocs\amr\amr\qrmask.php</b> on line <b>154</b><br />
<br />
<b>Warning</b>:  file_put_contents(C:\xampp\htdocs\amr\amr\cache\mask_5\mask_25_5.dat): failed to open stream: No such file or directory in <b>C:\xampp\htdocs\amr\amr\qrmask.php</b> on line <b>155</b><br />
<br />
<b>Warning</b>:  mkdir(): No such file or directory in <b>C:\xampp\htdocs\amr\amr\qrmask.php</b> on line <b>154</b><br />
<br />
<b>Warning</b>:  file_put_contents(C:\xampp\htdocs\amr\amr\cache\mask_6\mask_25_6.dat): failed to open stream: No such file or directory in <b>C:\xampp\htdocs\amr\amr\qrmask.php</b> on line <b>155</b><br />
<br />
<b>Warning</b>:  mkdir(): No such file or directory in <b>C:\xampp\htdocs\amr\amr\qrmask.php</b> on line <b>154</b><br />
<br />
<b>Warning</b>:  file_put_contents(C:\xampp\htdocs\amr\amr\cache\mask_7\mask_25_7.dat): failed to open stream: No such file or directory in <b>C:\xampp\htdocs\amr\amr\qrmask.php</b> on line <b>155</b><br />
2016-11-13 07:41:45: <br />
<b>Warning</b>:  file_put_contents(C:\xampp\htdocs\amr\amr\cache\frame_2.dat): failed to open stream: No such file or directory in <b>C:\xampp\htdocs\amr\amr\qrspec.php</b> on line <b>568</b><br />
<br />
<b>Warning</b>:  mkdir(): No such file or directory in <b>C:\xampp\htdocs\amr\amr\qrmask.php</b> on line <b>154</b><br />
<br />
<b>Warning</b>:  file_put_contents(C:\xampp\htdocs\amr\amr\cache\mask_0\mask_25_0.dat): failed to open stream: No such file or directory in <b>C:\xampp\htdocs\amr\amr\qrmask.php</b> on line <b>155</b><br />
<br />
<b>Warning</b>:  mkdir(): No such file or directory in <b>C:\xampp\htdocs\amr\amr\qrmask.php</b> on line <b>154</b><br />
<br />
<b>Warning</b>:  file_put_contents(C:\xampp\htdocs\amr\amr\cache\mask_1\mask_25_1.dat): failed to open stream: No such file or directory in <b>C:\xampp\htdocs\amr\amr\qrmask.php</b> on line <b>155</b><br />
<br />
<b>Warning</b>:  mkdir(): No such file or directory in <b>C:\xampp\htdocs\amr\amr\qrmask.php</b> on line <b>154</b><br />
<br />
<b>Warning</b>:  file_put_contents(C:\xampp\htdocs\amr\amr\cache\mask_2\mask_25_2.dat): failed to open stream: No such file or directory in <b>C:\xampp\htdocs\amr\amr\qrmask.php</b> on line <b>155</b><br />
<br />
<b>Warning</b>:  mkdir(): No such file or directory in <b>C:\xampp\htdocs\amr\amr\qrmask.php</b> on line <b>154</b><br />
<br />
<b>Warning</b>:  file_put_contents(C:\xampp\htdocs\amr\amr\cache\mask_3\mask_25_3.dat): failed to open stream: No such file or directory in <b>C:\xampp\htdocs\amr\amr\qrmask.php</b> on line <b>155</b><br />
<br />
<b>Warning</b>:  mkdir(): No such file or directory in <b>C:\xampp\htdocs\amr\amr\qrmask.php</b> on line <b>154</b><br />
<br />
<b>Warning</b>:  file_put_contents(C:\xampp\htdocs\amr\amr\cache\mask_4\mask_25_4.dat): failed to open stream: No such file or directory in <b>C:\xampp\htdocs\amr\amr\qrmask.php</b> on line <b>155</b><br />
<br />
<b>Warning</b>:  mkdir(): No such file or directory in <b>C:\xampp\htdocs\amr\amr\qrmask.php</b> on line <b>154</b><br />
<br />
<b>Warning</b>:  file_put_contents(C:\xampp\htdocs\amr\amr\cache\mask_5\mask_25_5.dat): failed to open stream: No such file or directory in <b>C:\xampp\htdocs\amr\amr\qrmask.php</b> on line <b>155</b><br />
<br />
<b>Warning</b>:  mkdir(): No such file or directory in <b>C:\xampp\htdocs\amr\amr\qrmask.php</b> on line <b>154</b><br />
<br />
<b>Warning</b>:  file_put_contents(C:\xampp\htdocs\amr\amr\cache\mask_6\mask_25_6.dat): failed to open stream: No such file or directory in <b>C:\xampp\htdocs\amr\amr\qrmask.php</b> on line <b>155</b><br />
<br />
<b>Warning</b>:  mkdir(): No such file or directory in <b>C:\xampp\htdocs\amr\amr\qrmask.php</b> on line <b>154</b><br />
<br />
<b>Warning</b>:  file_put_contents(C:\xampp\htdocs\amr\amr\cache\mask_7\mask_25_7.dat): failed to open stream: No such file or directory in <b>C:\xampp\htdocs\amr\amr\qrmask.php</b> on line <b>155</b><br />
2016-11-13 07:41:46: <br />
<b>Warning</b>:  file_put_contents(C:\xampp\htdocs\amr\amr\cache\frame_2.dat): failed to open stream: No such file or directory in <b>C:\xampp\htdocs\amr\amr\qrspec.php</b> on line <b>568</b><br />
<br />
<b>Warning</b>:  mkdir(): No such file or directory in <b>C:\xampp\htdocs\amr\amr\qrmask.php</b> on line <b>154</b><br />
<br />
<b>Warning</b>:  file_put_contents(C:\xampp\htdocs\amr\amr\cache\mask_0\mask_25_0.dat): failed to open stream: No such file or directory in <b>C:\xampp\htdocs\amr\amr\qrmask.php</b> on line <b>155</b><br />
<br />
<b>Warning</b>:  mkdir(): No such file or directory in <b>C:\xampp\htdocs\amr\amr\qrmask.php</b> on line <b>154</b><br />
<br />
<b>Warning</b>:  file_put_contents(C:\xampp\htdocs\amr\amr\cache\mask_1\mask_25_1.dat): failed to open stream: No such file or directory in <b>C:\xampp\htdocs\amr\amr\qrmask.php</b> on line <b>155</b><br />
<br />
<b>Warning</b>:  mkdir(): No such file or directory in <b>C:\xampp\htdocs\amr\amr\qrmask.php</b> on line <b>154</b><br />
<br />
<b>Warning</b>:  file_put_contents(C:\xampp\htdocs\amr\amr\cache\mask_2\mask_25_2.dat): failed to open stream: No such file or directory in <b>C:\xampp\htdocs\amr\amr\qrmask.php</b> on line <b>155</b><br />
<br />
<b>Warning</b>:  mkdir(): No such file or directory in <b>C:\xampp\htdocs\amr\amr\qrmask.php</b> on line <b>154</b><br />
<br />
<b>Warning</b>:  file_put_contents(C:\xampp\htdocs\amr\amr\cache\mask_3\mask_25_3.dat): failed to open stream: No such file or directory in <b>C:\xampp\htdocs\amr\amr\qrmask.php</b> on line <b>155</b><br />
<br />
<b>Warning</b>:  mkdir(): No such file or directory in <b>C:\xampp\htdocs\amr\amr\qrmask.php</b> on line <b>154</b><br />
<br />
<b>Warning</b>:  file_put_contents(C:\xampp\htdocs\amr\amr\cache\mask_4\mask_25_4.dat): failed to open stream: No such file or directory in <b>C:\xampp\htdocs\amr\amr\qrmask.php</b> on line <b>155</b><br />
<br />
<b>Warning</b>:  mkdir(): No such file or directory in <b>C:\xampp\htdocs\amr\amr\qrmask.php</b> on line <b>154</b><br />
<br />
<b>Warning</b>:  file_put_contents(C:\xampp\htdocs\amr\amr\cache\mask_5\mask_25_5.dat): failed to open stream: No such file or directory in <b>C:\xampp\htdocs\amr\amr\qrmask.php</b> on line <b>155</b><br />
<br />
<b>Warning</b>:  mkdir(): No such file or directory in <b>C:\xampp\htdocs\amr\amr\qrmask.php</b> on line <b>154</b><br />
<br />
<b>Warning</b>:  file_put_contents(C:\xampp\htdocs\amr\amr\cache\mask_6\mask_25_6.dat): failed to open stream: No such file or directory in <b>C:\xampp\htdocs\amr\amr\qrmask.php</b> on line <b>155</b><br />
<br />
<b>Warning</b>:  mkdir(): No such file or directory in <b>C:\xampp\htdocs\amr\amr\qrmask.php</b> on line <b>154</b><br />
<br />
<b>Warning</b>:  file_put_contents(C:\xampp\htdocs\amr\amr\cache\mask_7\mask_25_7.dat): failed to open stream: No such file or directory in <b>C:\xampp\htdocs\amr\amr\qrmask.php</b> on line <b>155</b><br />
2016-11-13 07:41:47: <br />
<b>Warning</b>:  file_put_contents(C:\xampp\htdocs\amr\amr\cache\frame_2.dat): failed to open stream: No such file or directory in <b>C:\xampp\htdocs\amr\amr\qrspec.php</b> on line <b>568</b><br />
<br />
<b>Warning</b>:  mkdir(): No such file or directory in <b>C:\xampp\htdocs\amr\amr\qrmask.php</b> on line <b>154</b><br />
<br />
<b>Warning</b>:  file_put_contents(C:\xampp\htdocs\amr\amr\cache\mask_0\mask_25_0.dat): failed to open stream: No such file or directory in <b>C:\xampp\htdocs\amr\amr\qrmask.php</b> on line <b>155</b><br />
<br />
<b>Warning</b>:  mkdir(): No such file or directory in <b>C:\xampp\htdocs\amr\amr\qrmask.php</b> on line <b>154</b><br />
<br />
<b>Warning</b>:  file_put_contents(C:\xampp\htdocs\amr\amr\cache\mask_1\mask_25_1.dat): failed to open stream: No such file or directory in <b>C:\xampp\htdocs\amr\amr\qrmask.php</b> on line <b>155</b><br />
<br />
<b>Warning</b>:  mkdir(): No such file or directory in <b>C:\xampp\htdocs\amr\amr\qrmask.php</b> on line <b>154</b><br />
<br />
<b>Warning</b>:  file_put_contents(C:\xampp\htdocs\amr\amr\cache\mask_2\mask_25_2.dat): failed to open stream: No such file or directory in <b>C:\xampp\htdocs\amr\amr\qrmask.php</b> on line <b>155</b><br />
<br />
<b>Warning</b>:  mkdir(): No such file or directory in <b>C:\xampp\htdocs\amr\amr\qrmask.php</b> on line <b>154</b><br />
<br />
<b>Warning</b>:  file_put_contents(C:\xampp\htdocs\amr\amr\cache\mask_3\mask_25_3.dat): failed to open stream: No such file or directory in <b>C:\xampp\htdocs\amr\amr\qrmask.php</b> on line <b>155</b><br />
<br />
<b>Warning</b>:  mkdir(): No such file or directory in <b>C:\xampp\htdocs\amr\amr\qrmask.php</b> on line <b>154</b><br />
<br />
<b>Warning</b>:  file_put_contents(C:\xampp\htdocs\amr\amr\cache\mask_4\mask_25_4.dat): failed to open stream: No such file or directory in <b>C:\xampp\htdocs\amr\amr\qrmask.php</b> on line <b>155</b><br />
<br />
<b>Warning</b>:  mkdir(): No such file or directory in <b>C:\xampp\htdocs\amr\amr\qrmask.php</b> on line <b>154</b><br />
<br />
<b>Warning</b>:  file_put_contents(C:\xampp\htdocs\amr\amr\cache\mask_5\mask_25_5.dat): failed to open stream: No such file or directory in <b>C:\xampp\htdocs\amr\amr\qrmask.php</b> on line <b>155</b><br />
<br />
<b>Warning</b>:  mkdir(): No such file or directory in <b>C:\xampp\htdocs\amr\amr\qrmask.php</b> on line <b>154</b><br />
<br />
<b>Warning</b>:  file_put_contents(C:\xampp\htdocs\amr\amr\cache\mask_6\mask_25_6.dat): failed to open stream: No such file or directory in <b>C:\xampp\htdocs\amr\amr\qrmask.php</b> on line <b>155</b><br />
<br />
<b>Warning</b>:  mkdir(): No such file or directory in <b>C:\xampp\htdocs\amr\amr\qrmask.php</b> on line <b>154</b><br />
<br />
<b>Warning</b>:  file_put_contents(C:\xampp\htdocs\amr\amr\cache\mask_7\mask_25_7.dat): failed to open stream: No such file or directory in <b>C:\xampp\htdocs\amr\amr\qrmask.php</b> on line <b>155</b><br />
2016-11-13 07:47:03: <br />
<b>Warning</b>:  file_put_contents(C:\xampp\htdocs\amr\amr\cache\frame_1.dat): failed to open stream: No such file or directory in <b>C:\xampp\htdocs\amr\amr\qrspec.php</b> on line <b>568</b><br />
<br />
<b>Warning</b>:  mkdir(): No such file or directory in <b>C:\xampp\htdocs\amr\amr\qrmask.php</b> on line <b>154</b><br />
<br />
<b>Warning</b>:  file_put_contents(C:\xampp\htdocs\amr\amr\cache\mask_0\mask_21_0.dat): failed to open stream: No such file or directory in <b>C:\xampp\htdocs\amr\amr\qrmask.php</b> on line <b>155</b><br />
<br />
<b>Warning</b>:  mkdir(): No such file or directory in <b>C:\xampp\htdocs\amr\amr\qrmask.php</b> on line <b>154</b><br />
<br />
<b>Warning</b>:  file_put_contents(C:\xampp\htdocs\amr\amr\cache\mask_1\mask_21_1.dat): failed to open stream: No such file or directory in <b>C:\xampp\htdocs\amr\amr\qrmask.php</b> on line <b>155</b><br />
<br />
<b>Warning</b>:  mkdir(): No such file or directory in <b>C:\xampp\htdocs\amr\amr\qrmask.php</b> on line <b>154</b><br />
<br />
<b>Warning</b>:  file_put_contents(C:\xampp\htdocs\amr\amr\cache\mask_2\mask_21_2.dat): failed to open stream: No such file or directory in <b>C:\xampp\htdocs\amr\amr\qrmask.php</b> on line <b>155</b><br />
<br />
<b>Warning</b>:  mkdir(): No such file or directory in <b>C:\xampp\htdocs\amr\amr\qrmask.php</b> on line <b>154</b><br />
<br />
<b>Warning</b>:  file_put_contents(C:\xampp\htdocs\amr\amr\cache\mask_3\mask_21_3.dat): failed to open stream: No such file or directory in <b>C:\xampp\htdocs\amr\amr\qrmask.php</b> on line <b>155</b><br />
<br />
<b>Warning</b>:  mkdir(): No such file or directory in <b>C:\xampp\htdocs\amr\amr\qrmask.php</b> on line <b>154</b><br />
<br />
<b>Warning</b>:  file_put_contents(C:\xampp\htdocs\amr\amr\cache\mask_4\mask_21_4.dat): failed to open stream: No such file or directory in <b>C:\xampp\htdocs\amr\amr\qrmask.php</b> on line <b>155</b><br />
<br />
<b>Warning</b>:  mkdir(): No such file or directory in <b>C:\xampp\htdocs\amr\amr\qrmask.php</b> on line <b>154</b><br />
<br />
<b>Warning</b>:  file_put_contents(C:\xampp\htdocs\amr\amr\cache\mask_5\mask_21_5.dat): failed to open stream: No such file or directory in <b>C:\xampp\htdocs\amr\amr\qrmask.php</b> on line <b>155</b><br />
<br />
<b>Warning</b>:  mkdir(): No such file or directory in <b>C:\xampp\htdocs\amr\amr\qrmask.php</b> on line <b>154</b><br />
<br />
<b>Warning</b>:  file_put_contents(C:\xampp\htdocs\amr\amr\cache\mask_6\mask_21_6.dat): failed to open stream: No such file or directory in <b>C:\xampp\htdocs\amr\amr\qrmask.php</b> on line <b>155</b><br />
<br />
<b>Warning</b>:  mkdir(): No such file or directory in <b>C:\xampp\htdocs\amr\amr\qrmask.php</b> on line <b>154</b><br />
<br />
<b>Warning</b>:  file_put_contents(C:\xampp\htdocs\amr\amr\cache\mask_7\mask_21_7.dat): failed to open stream: No such file or directory in <b>C:\xampp\htdocs\amr\amr\qrmask.php</b> on line <b>155</b><br />
2016-11-13 07:47:29: <br />
<b>Warning</b>:  file_put_contents(C:\xampp\htdocs\amr\amr\cache\frame_1.dat): failed to open stream: No such file or directory in <b>C:\xampp\htdocs\amr\amr\qrspec.php</b> on line <b>568</b><br />
<br />
<b>Warning</b>:  mkdir(): No such file or directory in <b>C:\xampp\htdocs\amr\amr\qrmask.php</b> on line <b>154</b><br />
<br />
<b>Warning</b>:  file_put_contents(C:\xampp\htdocs\amr\amr\cache\mask_0\mask_21_0.dat): failed to open stream: No such file or directory in <b>C:\xampp\htdocs\amr\amr\qrmask.php</b> on line <b>155</b><br />
<br />
<b>Warning</b>:  mkdir(): No such file or directory in <b>C:\xampp\htdocs\amr\amr\qrmask.php</b> on line <b>154</b><br />
<br />
<b>Warning</b>:  file_put_contents(C:\xampp\htdocs\amr\amr\cache\mask_1\mask_21_1.dat): failed to open stream: No such file or directory in <b>C:\xampp\htdocs\amr\amr\qrmask.php</b> on line <b>155</b><br />
<br />
<b>Warning</b>:  mkdir(): No such file or directory in <b>C:\xampp\htdocs\amr\amr\qrmask.php</b> on line <b>154</b><br />
<br />
<b>Warning</b>:  file_put_contents(C:\xampp\htdocs\amr\amr\cache\mask_2\mask_21_2.dat): failed to open stream: No such file or directory in <b>C:\xampp\htdocs\amr\amr\qrmask.php</b> on line <b>155</b><br />
<br />
<b>Warning</b>:  mkdir(): No such file or directory in <b>C:\xampp\htdocs\amr\amr\qrmask.php</b> on line <b>154</b><br />
<br />
<b>Warning</b>:  file_put_contents(C:\xampp\htdocs\amr\amr\cache\mask_3\mask_21_3.dat): failed to open stream: No such file or directory in <b>C:\xampp\htdocs\amr\amr\qrmask.php</b> on line <b>155</b><br />
<br />
<b>Warning</b>:  mkdir(): No such file or directory in <b>C:\xampp\htdocs\amr\amr\qrmask.php</b> on line <b>154</b><br />
<br />
<b>Warning</b>:  file_put_contents(C:\xampp\htdocs\amr\amr\cache\mask_4\mask_21_4.dat): failed to open stream: No such file or directory in <b>C:\xampp\htdocs\amr\amr\qrmask.php</b> on line <b>155</b><br />
<br />
<b>Warning</b>:  mkdir(): No such file or directory in <b>C:\xampp\htdocs\amr\amr\qrmask.php</b> on line <b>154</b><br />
<br />
<b>Warning</b>:  file_put_contents(C:\xampp\htdocs\amr\amr\cache\mask_5\mask_21_5.dat): failed to open stream: No such file or directory in <b>C:\xampp\htdocs\amr\amr\qrmask.php</b> on line <b>155</b><br />
<br />
<b>Warning</b>:  mkdir(): No such file or directory in <b>C:\xampp\htdocs\amr\amr\qrmask.php</b> on line <b>154</b><br />
<br />
<b>Warning</b>:  file_put_contents(C:\xampp\htdocs\amr\amr\cache\mask_6\mask_21_6.dat): failed to open stream: No such file or directory in <b>C:\xampp\htdocs\amr\amr\qrmask.php</b> on line <b>155</b><br />
<br />
<b>Warning</b>:  mkdir(): No such file or directory in <b>C:\xampp\htdocs\amr\amr\qrmask.php</b> on line <b>154</b><br />
<br />
<b>Warning</b>:  file_put_contents(C:\xampp\htdocs\amr\amr\cache\mask_7\mask_21_7.dat): failed to open stream: No such file or directory in <b>C:\xampp\htdocs\amr\amr\qrmask.php</b> on line <b>155</b><br />
2016-11-13 07:48:01: <br />
<b>Warning</b>:  file_put_contents(C:\xampp\htdocs\amr\amr\cache\frame_2.dat): failed to open stream: No such file or directory in <b>C:\xampp\htdocs\amr\amr\qrspec.php</b> on line <b>568</b><br />
<br />
<b>Warning</b>:  mkdir(): No such file or directory in <b>C:\xampp\htdocs\amr\amr\qrmask.php</b> on line <b>154</b><br />
<br />
<b>Warning</b>:  file_put_contents(C:\xampp\htdocs\amr\amr\cache\mask_0\mask_25_0.dat): failed to open stream: No such file or directory in <b>C:\xampp\htdocs\amr\amr\qrmask.php</b> on line <b>155</b><br />
<br />
<b>Warning</b>:  mkdir(): No such file or directory in <b>C:\xampp\htdocs\amr\amr\qrmask.php</b> on line <b>154</b><br />
<br />
<b>Warning</b>:  file_put_contents(C:\xampp\htdocs\amr\amr\cache\mask_1\mask_25_1.dat): failed to open stream: No such file or directory in <b>C:\xampp\htdocs\amr\amr\qrmask.php</b> on line <b>155</b><br />
<br />
<b>Warning</b>:  mkdir(): No such file or directory in <b>C:\xampp\htdocs\amr\amr\qrmask.php</b> on line <b>154</b><br />
<br />
<b>Warning</b>:  file_put_contents(C:\xampp\htdocs\amr\amr\cache\mask_2\mask_25_2.dat): failed to open stream: No such file or directory in <b>C:\xampp\htdocs\amr\amr\qrmask.php</b> on line <b>155</b><br />
<br />
<b>Warning</b>:  mkdir(): No such file or directory in <b>C:\xampp\htdocs\amr\amr\qrmask.php</b> on line <b>154</b><br />
<br />
<b>Warning</b>:  file_put_contents(C:\xampp\htdocs\amr\amr\cache\mask_3\mask_25_3.dat): failed to open stream: No such file or directory in <b>C:\xampp\htdocs\amr\amr\qrmask.php</b> on line <b>155</b><br />
<br />
<b>Warning</b>:  mkdir(): No such file or directory in <b>C:\xampp\htdocs\amr\amr\qrmask.php</b> on line <b>154</b><br />
<br />
<b>Warning</b>:  file_put_contents(C:\xampp\htdocs\amr\amr\cache\mask_4\mask_25_4.dat): failed to open stream: No such file or directory in <b>C:\xampp\htdocs\amr\amr\qrmask.php</b> on line <b>155</b><br />
<br />
<b>Warning</b>:  mkdir(): No such file or directory in <b>C:\xampp\htdocs\amr\amr\qrmask.php</b> on line <b>154</b><br />
<br />
<b>Warning</b>:  file_put_contents(C:\xampp\htdocs\amr\amr\cache\mask_5\mask_25_5.dat): failed to open stream: No such file or directory in <b>C:\xampp\htdocs\amr\amr\qrmask.php</b> on line <b>155</b><br />
<br />
<b>Warning</b>:  mkdir(): No such file or directory in <b>C:\xampp\htdocs\amr\amr\qrmask.php</b> on line <b>154</b><br />
<br />
<b>Warning</b>:  file_put_contents(C:\xampp\htdocs\amr\amr\cache\mask_6\mask_25_6.dat): failed to open stream: No such file or directory in <b>C:\xampp\htdocs\amr\amr\qrmask.php</b> on line <b>155</b><br />
<br />
<b>Warning</b>:  mkdir(): No such file or directory in <b>C:\xampp\htdocs\amr\amr\qrmask.php</b> on line <b>154</b><br />
<br />
<b>Warning</b>:  file_put_contents(C:\xampp\htdocs\amr\amr\cache\mask_7\mask_25_7.dat): failed to open stream: No such file or directory in <b>C:\xampp\htdocs\amr\amr\qrmask.php</b> on line <b>155</b><br />
2016-11-14 10:37:07: empty string!!!2016-11-14 10:37:21: <br />
<b>Warning</b>:  file_put_contents(C:\xampp\htdocs\Medical_E-CARD\authority\amr\cache\frame_1.dat): failed to open stream: No such file or directory in <b>C:\xampp\htdocs\Medical_E-CARD\authority\amr\qrspec.php</b> on line <b>568</b><br />
<br />
<b>Warning</b>:  mkdir(): No such file or directory in <b>C:\xampp\htdocs\Medical_E-CARD\authority\amr\qrmask.php</b> on line <b>154</b><br />
<br />
<b>Warning</b>:  file_put_contents(C:\xampp\htdocs\Medical_E-CARD\authority\amr\cache\mask_0\mask_21_0.dat): failed to open stream: No such file or directory in <b>C:\xampp\htdocs\Medical_E-CARD\authority\amr\qrmask.php</b> on line <b>155</b><br />
<br />
<b>Warning</b>:  mkdir(): No such file or directory in <b>C:\xampp\htdocs\Medical_E-CARD\authority\amr\qrmask.php</b> on line <b>154</b><br />
<br />
<b>Warning</b>:  file_put_contents(C:\xampp\htdocs\Medical_E-CARD\authority\amr\cache\mask_1\mask_21_1.dat): failed to open stream: No such file or directory in <b>C:\xampp\htdocs\Medical_E-CARD\authority\amr\qrmask.php</b> on line <b>155</b><br />
<br />
<b>Warning</b>:  mkdir(): No such file or directory in <b>C:\xampp\htdocs\Medical_E-CARD\authority\amr\qrmask.php</b> on line <b>154</b><br />
<br />
<b>Warning</b>:  file_put_contents(C:\xampp\htdocs\Medical_E-CARD\authority\amr\cache\mask_2\mask_21_2.dat): failed to open stream: No such file or directory in <b>C:\xampp\htdocs\Medical_E-CARD\authority\amr\qrmask.php</b> on line <b>155</b><br />
<br />
<b>Warning</b>:  mkdir(): No such file or directory in <b>C:\xampp\htdocs\Medical_E-CARD\authority\amr\qrmask.php</b> on line <b>154</b><br />
<br />
<b>Warning</b>:  file_put_contents(C:\xampp\htdocs\Medical_E-CARD\authority\amr\cache\mask_3\mask_21_3.dat): failed to open stream: No such file or directory in <b>C:\xampp\htdocs\Medical_E-CARD\authority\amr\qrmask.php</b> on line <b>155</b><br />
<br />
<b>Warning</b>:  mkdir(): No such file or directory in <b>C:\xampp\htdocs\Medical_E-CARD\authority\amr\qrmask.php</b> on line <b>154</b><br />
<br />
<b>Warning</b>:  file_put_contents(C:\xampp\htdocs\Medical_E-CARD\authority\amr\cache\mask_4\mask_21_4.dat): failed to open stream: No such file or directory in <b>C:\xampp\htdocs\Medical_E-CARD\authority\amr\qrmask.php</b> on line <b>155</b><br />
<br />
<b>Warning</b>:  mkdir(): No such file or directory in <b>C:\xampp\htdocs\Medical_E-CARD\authority\amr\qrmask.php</b> on line <b>154</b><br />
<br />
<b>Warning</b>:  file_put_contents(C:\xampp\htdocs\Medical_E-CARD\authority\amr\cache\mask_5\mask_21_5.dat): failed to open stream: No such file or directory in <b>C:\xampp\htdocs\Medical_E-CARD\authority\amr\qrmask.php</b> on line <b>155</b><br />
<br />
<b>Warning</b>:  mkdir(): No such file or directory in <b>C:\xampp\htdocs\Medical_E-CARD\authority\amr\qrmask.php</b> on line <b>154</b><br />
<br />
<b>Warning</b>:  file_put_contents(C:\xampp\htdocs\Medical_E-CARD\authority\amr\cache\mask_6\mask_21_6.dat): failed to open stream: No such file or directory in <b>C:\xampp\htdocs\Medical_E-CARD\authority\amr\qrmask.php</b> on line <b>155</b><br />
<br />
<b>Warning</b>:  mkdir(): No such file or directory in <b>C:\xampp\htdocs\Medical_E-CARD\authority\amr\qrmask.php</b> on line <b>154</b><br />
<br />
<b>Warning</b>:  file_put_contents(C:\xampp\htdocs\Medical_E-CARD\authority\amr\cache\mask_7\mask_21_7.dat): failed to open stream: No such file or directory in <b>C:\xampp\htdocs\Medical_E-CARD\authority\amr\qrmask.php</b> on line <b>155</b><br />
2016-11-14 10:38:09: <br />
<b>Warning</b>:  file_put_contents(C:\xampp\htdocs\Medical_E-CARD\authority\amr\cache\frame_1.dat): failed to open stream: No such file or directory in <b>C:\xampp\htdocs\Medical_E-CARD\authority\amr\qrspec.php</b> on line <b>568</b><br />
<br />
<b>Warning</b>:  mkdir(): No such file or directory in <b>C:\xampp\htdocs\Medical_E-CARD\authority\amr\qrmask.php</b> on line <b>154</b><br />
<br />
<b>Warning</b>:  file_put_contents(C:\xampp\htdocs\Medical_E-CARD\authority\amr\cache\mask_0\mask_21_0.dat): failed to open stream: No such file or directory in <b>C:\xampp\htdocs\Medical_E-CARD\authority\amr\qrmask.php</b> on line <b>155</b><br />
<br />
<b>Warning</b>:  mkdir(): No such file or directory in <b>C:\xampp\htdocs\Medical_E-CARD\authority\amr\qrmask.php</b> on line <b>154</b><br />
<br />
<b>Warning</b>:  file_put_contents(C:\xampp\htdocs\Medical_E-CARD\authority\amr\cache\mask_1\mask_21_1.dat): failed to open stream: No such file or directory in <b>C:\xampp\htdocs\Medical_E-CARD\authority\amr\qrmask.php</b> on line <b>155</b><br />
<br />
<b>Warning</b>:  mkdir(): No such file or directory in <b>C:\xampp\htdocs\Medical_E-CARD\authority\amr\qrmask.php</b> on line <b>154</b><br />
<br />
<b>Warning</b>:  file_put_contents(C:\xampp\htdocs\Medical_E-CARD\authority\amr\cache\mask_2\mask_21_2.dat): failed to open stream: No such file or directory in <b>C:\xampp\htdocs\Medical_E-CARD\authority\amr\qrmask.php</b> on line <b>155</b><br />
<br />
<b>Warning</b>:  mkdir(): No such file or directory in <b>C:\xampp\htdocs\Medical_E-CARD\authority\amr\qrmask.php</b> on line <b>154</b><br />
<br />
<b>Warning</b>:  file_put_contents(C:\xampp\htdocs\Medical_E-CARD\authority\amr\cache\mask_3\mask_21_3.dat): failed to open stream: No such file or directory in <b>C:\xampp\htdocs\Medical_E-CARD\authority\amr\qrmask.php</b> on line <b>155</b><br />
<br />
<b>Warning</b>:  mkdir(): No such file or directory in <b>C:\xampp\htdocs\Medical_E-CARD\authority\amr\qrmask.php</b> on line <b>154</b><br />
<br />
<b>Warning</b>:  file_put_contents(C:\xampp\htdocs\Medical_E-CARD\authority\amr\cache\mask_4\mask_21_4.dat): failed to open stream: No such file or directory in <b>C:\xampp\htdocs\Medical_E-CARD\authority\amr\qrmask.php</b> on line <b>155</b><br />
<br />
<b>Warning</b>:  mkdir(): No such file or directory in <b>C:\xampp\htdocs\Medical_E-CARD\authority\amr\qrmask.php</b> on line <b>154</b><br />
<br />
<b>Warning</b>:  file_put_contents(C:\xampp\htdocs\Medical_E-CARD\authority\amr\cache\mask_5\mask_21_5.dat): failed to open stream: No such file or directory in <b>C:\xampp\htdocs\Medical_E-CARD\authority\amr\qrmask.php</b> on line <b>155</b><br />
<br />
<b>Warning</b>:  mkdir(): No such file or directory in <b>C:\xampp\htdocs\Medical_E-CARD\authority\amr\qrmask.php</b> on line <b>154</b><br />
<br />
<b>Warning</b>:  file_put_contents(C:\xampp\htdocs\Medical_E-CARD\authority\amr\cache\mask_6\mask_21_6.dat): failed to open stream: No such file or directory in <b>C:\xampp\htdocs\Medical_E-CARD\authority\amr\qrmask.php</b> on line <b>155</b><br />
<br />
<b>Warning</b>:  mkdir(): No such file or directory in <b>C:\xampp\htdocs\Medical_E-CARD\authority\amr\qrmask.php</b> on line <b>154</b><br />
<br />
<b>Warning</b>:  file_put_contents(C:\xampp\htdocs\Medical_E-CARD\authority\amr\cache\mask_7\mask_21_7.dat): failed to open stream: No such file or directory in <b>C:\xampp\htdocs\Medical_E-CARD\authority\amr\qrmask.php</b> on line <b>155</b><br />
2016-11-14 10:50:51: <br />
<b>Warning</b>:  file_put_contents(C:\xampp\htdocs\Medical_E-CARD\authority\amr\cache\frame_1.dat): failed to open stream: No such file or directory in <b>C:\xampp\htdocs\Medical_E-CARD\authority\amr\qrspec.php</b> on line <b>568</b><br />
<br />
<b>Warning</b>:  mkdir(): No such file or directory in <b>C:\xampp\htdocs\Medical_E-CARD\authority\amr\qrmask.php</b> on line <b>154</b><br />
<br />
<b>Warning</b>:  file_put_contents(C:\xampp\htdocs\Medical_E-CARD\authority\amr\cache\mask_0\mask_21_0.dat): failed to open stream: No such file or directory in <b>C:\xampp\htdocs\Medical_E-CARD\authority\amr\qrmask.php</b> on line <b>155</b><br />
<br />
<b>Warning</b>:  mkdir(): No such file or directory in <b>C:\xampp\htdocs\Medical_E-CARD\authority\amr\qrmask.php</b> on line <b>154</b><br />
<br />
<b>Warning</b>:  file_put_contents(C:\xampp\htdocs\Medical_E-CARD\authority\amr\cache\mask_1\mask_21_1.dat): failed to open stream: No such file or directory in <b>C:\xampp\htdocs\Medical_E-CARD\authority\amr\qrmask.php</b> on line <b>155</b><br />
<br />
<b>Warning</b>:  mkdir(): No such file or directory in <b>C:\xampp\htdocs\Medical_E-CARD\authority\amr\qrmask.php</b> on line <b>154</b><br />
<br />
<b>Warning</b>:  file_put_contents(C:\xampp\htdocs\Medical_E-CARD\authority\amr\cache\mask_2\mask_21_2.dat): failed to open stream: No such file or directory in <b>C:\xampp\htdocs\Medical_E-CARD\authority\amr\qrmask.php</b> on line <b>155</b><br />
<br />
<b>Warning</b>:  mkdir(): No such file or directory in <b>C:\xampp\htdocs\Medical_E-CARD\authority\amr\qrmask.php</b> on line <b>154</b><br />
<br />
<b>Warning</b>:  file_put_contents(C:\xampp\htdocs\Medical_E-CARD\authority\amr\cache\mask_3\mask_21_3.dat): failed to open stream: No such file or directory in <b>C:\xampp\htdocs\Medical_E-CARD\authority\amr\qrmask.php</b> on line <b>155</b><br />
<br />
<b>Warning</b>:  mkdir(): No such file or directory in <b>C:\xampp\htdocs\Medical_E-CARD\authority\amr\qrmask.php</b> on line <b>154</b><br />
<br />
<b>Warning</b>:  file_put_contents(C:\xampp\htdocs\Medical_E-CARD\authority\amr\cache\mask_4\mask_21_4.dat): failed to open stream: No such file or directory in <b>C:\xampp\htdocs\Medical_E-CARD\authority\amr\qrmask.php</b> on line <b>155</b><br />
<br />
<b>Warning</b>:  mkdir(): No such file or directory in <b>C:\xampp\htdocs\Medical_E-CARD\authority\amr\qrmask.php</b> on line <b>154</b><br />
<br />
<b>Warning</b>:  file_put_contents(C:\xampp\htdocs\Medical_E-CARD\authority\amr\cache\mask_5\mask_21_5.dat): failed to open stream: No such file or directory in <b>C:\xampp\htdocs\Medical_E-CARD\authority\amr\qrmask.php</b> on line <b>155</b><br />
<br />
<b>Warning</b>:  mkdir(): No such file or directory in <b>C:\xampp\htdocs\Medical_E-CARD\authority\amr\qrmask.php</b> on line <b>154</b><br />
<br />
<b>Warning</b>:  file_put_contents(C:\xampp\htdocs\Medical_E-CARD\authority\amr\cache\mask_6\mask_21_6.dat): failed to open stream: No such file or directory in <b>C:\xampp\htdocs\Medical_E-CARD\authority\amr\qrmask.php</b> on line <b>155</b><br />
<br />
<b>Warning</b>:  mkdir(): No such file or directory in <b>C:\xampp\htdocs\Medical_E-CARD\authority\amr\qrmask.php</b> on line <b>154</b><br />
<br />
<b>Warning</b>:  file_put_contents(C:\xampp\htdocs\Medical_E-CARD\authority\amr\cache\mask_7\mask_21_7.dat): failed to open stream: No such file or directory in <b>C:\xampp\htdocs\Medical_E-CARD\authority\amr\qrmask.php</b> on line <b>155</b><br />
2016-11-14 10:51:24: <br />
<b>Warning</b>:  file_put_contents(C:\xampp\htdocs\Medical_E-CARD\authority\amr\cache\frame_1.dat): failed to open stream: No such file or directory in <b>C:\xampp\htdocs\Medical_E-CARD\authority\amr\qrspec.php</b> on line <b>568</b><br />
<br />
<b>Warning</b>:  mkdir(): No such file or directory in <b>C:\xampp\htdocs\Medical_E-CARD\authority\amr\qrmask.php</b> on line <b>154</b><br />
<br />
<b>Warning</b>:  file_put_contents(C:\xampp\htdocs\Medical_E-CARD\authority\amr\cache\mask_0\mask_21_0.dat): failed to open stream: No such file or directory in <b>C:\xampp\htdocs\Medical_E-CARD\authority\amr\qrmask.php</b> on line <b>155</b><br />
<br />
<b>Warning</b>:  mkdir(): No such file or directory in <b>C:\xampp\htdocs\Medical_E-CARD\authority\amr\qrmask.php</b> on line <b>154</b><br />
<br />
<b>Warning</b>:  file_put_contents(C:\xampp\htdocs\Medical_E-CARD\authority\amr\cache\mask_1\mask_21_1.dat): failed to open stream: No such file or directory in <b>C:\xampp\htdocs\Medical_E-CARD\authority\amr\qrmask.php</b> on line <b>155</b><br />
<br />
<b>Warning</b>:  mkdir(): No such file or directory in <b>C:\xampp\htdocs\Medical_E-CARD\authority\amr\qrmask.php</b> on line <b>154</b><br />
<br />
<b>Warning</b>:  file_put_contents(C:\xampp\htdocs\Medical_E-CARD\authority\amr\cache\mask_2\mask_21_2.dat): failed to open stream: No such file or directory in <b>C:\xampp\htdocs\Medical_E-CARD\authority\amr\qrmask.php</b> on line <b>155</b><br />
<br />
<b>Warning</b>:  mkdir(): No such file or directory in <b>C:\xampp\htdocs\Medical_E-CARD\authority\amr\qrmask.php</b> on line <b>154</b><br />
<br />
<b>Warning</b>:  file_put_contents(C:\xampp\htdocs\Medical_E-CARD\authority\amr\cache\mask_3\mask_21_3.dat): failed to open stream: No such file or directory in <b>C:\xampp\htdocs\Medical_E-CARD\authority\amr\qrmask.php</b> on line <b>155</b><br />
<br />
<b>Warning</b>:  mkdir(): No such file or directory in <b>C:\xampp\htdocs\Medical_E-CARD\authority\amr\qrmask.php</b> on line <b>154</b><br />
<br />
<b>Warning</b>:  file_put_contents(C:\xampp\htdocs\Medical_E-CARD\authority\amr\cache\mask_4\mask_21_4.dat): failed to open stream: No such file or directory in <b>C:\xampp\htdocs\Medical_E-CARD\authority\amr\qrmask.php</b> on line <b>155</b><br />
<br />
<b>Warning</b>:  mkdir(): No such file or directory in <b>C:\xampp\htdocs\Medical_E-CARD\authority\amr\qrmask.php</b> on line <b>154</b><br />
<br />
<b>Warning</b>:  file_put_contents(C:\xampp\htdocs\Medical_E-CARD\authority\amr\cache\mask_5\mask_21_5.dat): failed to open stream: No such file or directory in <b>C:\xampp\htdocs\Medical_E-CARD\authority\amr\qrmask.php</b> on line <b>155</b><br />
<br />
<b>Warning</b>:  mkdir(): No such file or directory in <b>C:\xampp\htdocs\Medical_E-CARD\authority\amr\qrmask.php</b> on line <b>154</b><br />
<br />
<b>Warning</b>:  file_put_contents(C:\xampp\htdocs\Medical_E-CARD\authority\amr\cache\mask_6\mask_21_6.dat): failed to open stream: No such file or directory in <b>C:\xampp\htdocs\Medical_E-CARD\authority\amr\qrmask.php</b> on line <b>155</b><br />
<br />
<b>Warning</b>:  mkdir(): No such file or directory in <b>C:\xampp\htdocs\Medical_E-CARD\authority\amr\qrmask.php</b> on line <b>154</b><br />
<br />
<b>Warning</b>:  file_put_contents(C:\xampp\htdocs\Medical_E-CARD\authority\amr\cache\mask_7\mask_21_7.dat): failed to open stream: No such file or directory in <b>C:\xampp\htdocs\Medical_E-CARD\authority\amr\qrmask.php</b> on line <b>155</b><br />
2016-11-14 10:52:01: <br />
<b>Warning</b>:  file_put_contents(C:\xampp\htdocs\Medical_E-CARD\authority\amr\cache\frame_1.dat): failed to open stream: No such file or directory in <b>C:\xampp\htdocs\Medical_E-CARD\authority\amr\qrspec.php</b> on line <b>568</b><br />
<br />
<b>Warning</b>:  mkdir(): No such file or directory in <b>C:\xampp\htdocs\Medical_E-CARD\authority\amr\qrmask.php</b> on line <b>154</b><br />
<br />
<b>Warning</b>:  file_put_contents(C:\xampp\htdocs\Medical_E-CARD\authority\amr\cache\mask_0\mask_21_0.dat): failed to open stream: No such file or directory in <b>C:\xampp\htdocs\Medical_E-CARD\authority\amr\qrmask.php</b> on line <b>155</b><br />
<br />
<b>Warning</b>:  mkdir(): No such file or directory in <b>C:\xampp\htdocs\Medical_E-CARD\authority\amr\qrmask.php</b> on line <b>154</b><br />
<br />
<b>Warning</b>:  file_put_contents(C:\xampp\htdocs\Medical_E-CARD\authority\amr\cache\mask_1\mask_21_1.dat): failed to open stream: No such file or directory in <b>C:\xampp\htdocs\Medical_E-CARD\authority\amr\qrmask.php</b> on line <b>155</b><br />
<br />
<b>Warning</b>:  mkdir(): No such file or directory in <b>C:\xampp\htdocs\Medical_E-CARD\authority\amr\qrmask.php</b> on line <b>154</b><br />
<br />
<b>Warning</b>:  file_put_contents(C:\xampp\htdocs\Medical_E-CARD\authority\amr\cache\mask_2\mask_21_2.dat): failed to open stream: No such file or directory in <b>C:\xampp\htdocs\Medical_E-CARD\authority\amr\qrmask.php</b> on line <b>155</b><br />
<br />
<b>Warning</b>:  mkdir(): No such file or directory in <b>C:\xampp\htdocs\Medical_E-CARD\authority\amr\qrmask.php</b> on line <b>154</b><br />
<br />
<b>Warning</b>:  file_put_contents(C:\xampp\htdocs\Medical_E-CARD\authority\amr\cache\mask_3\mask_21_3.dat): failed to open stream: No such file or directory in <b>C:\xampp\htdocs\Medical_E-CARD\authority\amr\qrmask.php</b> on line <b>155</b><br />
<br />
<b>Warning</b>:  mkdir(): No such file or directory in <b>C:\xampp\htdocs\Medical_E-CARD\authority\amr\qrmask.php</b> on line <b>154</b><br />
<br />
<b>Warning</b>:  file_put_contents(C:\xampp\htdocs\Medical_E-CARD\authority\amr\cache\mask_4\mask_21_4.dat): failed to open stream: No such file or directory in <b>C:\xampp\htdocs\Medical_E-CARD\authority\amr\qrmask.php</b> on line <b>155</b><br />
<br />
<b>Warning</b>:  mkdir(): No such file or directory in <b>C:\xampp\htdocs\Medical_E-CARD\authority\amr\qrmask.php</b> on line <b>154</b><br />
<br />
<b>Warning</b>:  file_put_contents(C:\xampp\htdocs\Medical_E-CARD\authority\amr\cache\mask_5\mask_21_5.dat): failed to open stream: No such file or directory in <b>C:\xampp\htdocs\Medical_E-CARD\authority\amr\qrmask.php</b> on line <b>155</b><br />
<br />
<b>Warning</b>:  mkdir(): No such file or directory in <b>C:\xampp\htdocs\Medical_E-CARD\authority\amr\qrmask.php</b> on line <b>154</b><br />
<br />
<b>Warning</b>:  file_put_contents(C:\xampp\htdocs\Medical_E-CARD\authority\amr\cache\mask_6\mask_21_6.dat): failed to open stream: No such file or directory in <b>C:\xampp\htdocs\Medical_E-CARD\authority\amr\qrmask.php</b> on line <b>155</b><br />
<br />
<b>Warning</b>:  mkdir(): No such file or directory in <b>C:\xampp\htdocs\Medical_E-CARD\authority\amr\qrmask.php</b> on line <b>154</b><br />
<br />
<b>Warning</b>:  file_put_contents(C:\xampp\htdocs\Medical_E-CARD\authority\amr\cache\mask_7\mask_21_7.dat): failed to open stream: No such file or directory in <b>C:\xampp\htdocs\Medical_E-CARD\authority\amr\qrmask.php</b> on line <b>155</b><br />
2016-11-14 10:52:13: <br />
<b>Warning</b>:  file_put_contents(C:\xampp\htdocs\Medical_E-CARD\authority\amr\cache\frame_1.dat): failed to open stream: No such file or directory in <b>C:\xampp\htdocs\Medical_E-CARD\authority\amr\qrspec.php</b> on line <b>568</b><br />
<br />
<b>Warning</b>:  mkdir(): No such file or directory in <b>C:\xampp\htdocs\Medical_E-CARD\authority\amr\qrmask.php</b> on line <b>154</b><br />
<br />
<b>Warning</b>:  file_put_contents(C:\xampp\htdocs\Medical_E-CARD\authority\amr\cache\mask_0\mask_21_0.dat): failed to open stream: No such file or directory in <b>C:\xampp\htdocs\Medical_E-CARD\authority\amr\qrmask.php</b> on line <b>155</b><br />
<br />
<b>Warning</b>:  mkdir(): No such file or directory in <b>C:\xampp\htdocs\Medical_E-CARD\authority\amr\qrmask.php</b> on line <b>154</b><br />
<br />
<b>Warning</b>:  file_put_contents(C:\xampp\htdocs\Medical_E-CARD\authority\amr\cache\mask_1\mask_21_1.dat): failed to open stream: No such file or directory in <b>C:\xampp\htdocs\Medical_E-CARD\authority\amr\qrmask.php</b> on line <b>155</b><br />
<br />
<b>Warning</b>:  mkdir(): No such file or directory in <b>C:\xampp\htdocs\Medical_E-CARD\authority\amr\qrmask.php</b> on line <b>154</b><br />
<br />
<b>Warning</b>:  file_put_contents(C:\xampp\htdocs\Medical_E-CARD\authority\amr\cache\mask_2\mask_21_2.dat): failed to open stream: No such file or directory in <b>C:\xampp\htdocs\Medical_E-CARD\authority\amr\qrmask.php</b> on line <b>155</b><br />
<br />
<b>Warning</b>:  mkdir(): No such file or directory in <b>C:\xampp\htdocs\Medical_E-CARD\authority\amr\qrmask.php</b> on line <b>154</b><br />
<br />
<b>Warning</b>:  file_put_contents(C:\xampp\htdocs\Medical_E-CARD\authority\amr\cache\mask_3\mask_21_3.dat): failed to open stream: No such file or directory in <b>C:\xampp\htdocs\Medical_E-CARD\authority\amr\qrmask.php</b> on line <b>155</b><br />
<br />
<b>Warning</b>:  mkdir(): No such file or directory in <b>C:\xampp\htdocs\Medical_E-CARD\authority\amr\qrmask.php</b> on line <b>154</b><br />
<br />
<b>Warning</b>:  file_put_contents(C:\xampp\htdocs\Medical_E-CARD\authority\amr\cache\mask_4\mask_21_4.dat): failed to open stream: No such file or directory in <b>C:\xampp\htdocs\Medical_E-CARD\authority\amr\qrmask.php</b> on line <b>155</b><br />
<br />
<b>Warning</b>:  mkdir(): No such file or directory in <b>C:\xampp\htdocs\Medical_E-CARD\authority\amr\qrmask.php</b> on line <b>154</b><br />
<br />
<b>Warning</b>:  file_put_contents(C:\xampp\htdocs\Medical_E-CARD\authority\amr\cache\mask_5\mask_21_5.dat): failed to open stream: No such file or directory in <b>C:\xampp\htdocs\Medical_E-CARD\authority\amr\qrmask.php</b> on line <b>155</b><br />
<br />
<b>Warning</b>:  mkdir(): No such file or directory in <b>C:\xampp\htdocs\Medical_E-CARD\authority\amr\qrmask.php</b> on line <b>154</b><br />
<br />
<b>Warning</b>:  file_put_contents(C:\xampp\htdocs\Medical_E-CARD\authority\amr\cache\mask_6\mask_21_6.dat): failed to open stream: No such file or directory in <b>C:\xampp\htdocs\Medical_E-CARD\authority\amr\qrmask.php</b> on line <b>155</b><br />
<br />
<b>Warning</b>:  mkdir(): No such file or directory in <b>C:\xampp\htdocs\Medical_E-CARD\authority\amr\qrmask.php</b> on line <b>154</b><br />
<br />
<b>Warning</b>:  file_put_contents(C:\xampp\htdocs\Medical_E-CARD\authority\amr\cache\mask_7\mask_21_7.dat): failed to open stream: No such file or directory in <b>C:\xampp\htdocs\Medical_E-CARD\authority\amr\qrmask.php</b> on line <b>155</b><br />
2016-11-14 10:52:35: <br />
<b>Warning</b>:  file_put_contents(C:\xampp\htdocs\Medical_E-CARD\authority\amr\cache\frame_1.dat): failed to open stream: No such file or directory in <b>C:\xampp\htdocs\Medical_E-CARD\authority\amr\qrspec.php</b> on line <b>568</b><br />
<br />
<b>Warning</b>:  mkdir(): No such file or directory in <b>C:\xampp\htdocs\Medical_E-CARD\authority\amr\qrmask.php</b> on line <b>154</b><br />
<br />
<b>Warning</b>:  file_put_contents(C:\xampp\htdocs\Medical_E-CARD\authority\amr\cache\mask_0\mask_21_0.dat): failed to open stream: No such file or directory in <b>C:\xampp\htdocs\Medical_E-CARD\authority\amr\qrmask.php</b> on line <b>155</b><br />
<br />
<b>Warning</b>:  mkdir(): No such file or directory in <b>C:\xampp\htdocs\Medical_E-CARD\authority\amr\qrmask.php</b> on line <b>154</b><br />
<br />
<b>Warning</b>:  file_put_contents(C:\xampp\htdocs\Medical_E-CARD\authority\amr\cache\mask_1\mask_21_1.dat): failed to open stream: No such file or directory in <b>C:\xampp\htdocs\Medical_E-CARD\authority\amr\qrmask.php</b> on line <b>155</b><br />
<br />
<b>Warning</b>:  mkdir(): No such file or directory in <b>C:\xampp\htdocs\Medical_E-CARD\authority\amr\qrmask.php</b> on line <b>154</b><br />
<br />
<b>Warning</b>:  file_put_contents(C:\xampp\htdocs\Medical_E-CARD\authority\amr\cache\mask_2\mask_21_2.dat): failed to open stream: No such file or directory in <b>C:\xampp\htdocs\Medical_E-CARD\authority\amr\qrmask.php</b> on line <b>155</b><br />
<br />
<b>Warning</b>:  mkdir(): No such file or directory in <b>C:\xampp\htdocs\Medical_E-CARD\authority\amr\qrmask.php</b> on line <b>154</b><br />
<br />
<b>Warning</b>:  file_put_contents(C:\xampp\htdocs\Medical_E-CARD\authority\amr\cache\mask_3\mask_21_3.dat): failed to open stream: No such file or directory in <b>C:\xampp\htdocs\Medical_E-CARD\authority\amr\qrmask.php</b> on line <b>155</b><br />
<br />
<b>Warning</b>:  mkdir(): No such file or directory in <b>C:\xampp\htdocs\Medical_E-CARD\authority\amr\qrmask.php</b> on line <b>154</b><br />
<br />
<b>Warning</b>:  file_put_contents(C:\xampp\htdocs\Medical_E-CARD\authority\amr\cache\mask_4\mask_21_4.dat): failed to open stream: No such file or directory in <b>C:\xampp\htdocs\Medical_E-CARD\authority\amr\qrmask.php</b> on line <b>155</b><br />
<br />
<b>Warning</b>:  mkdir(): No such file or directory in <b>C:\xampp\htdocs\Medical_E-CARD\authority\amr\qrmask.php</b> on line <b>154</b><br />
<br />
<b>Warning</b>:  file_put_contents(C:\xampp\htdocs\Medical_E-CARD\authority\amr\cache\mask_5\mask_21_5.dat): failed to open stream: No such file or directory in <b>C:\xampp\htdocs\Medical_E-CARD\authority\amr\qrmask.php</b> on line <b>155</b><br />
<br />
<b>Warning</b>:  mkdir(): No such file or directory in <b>C:\xampp\htdocs\Medical_E-CARD\authority\amr\qrmask.php</b> on line <b>154</b><br />
<br />
<b>Warning</b>:  file_put_contents(C:\xampp\htdocs\Medical_E-CARD\authority\amr\cache\mask_6\mask_21_6.dat): failed to open stream: No such file or directory in <b>C:\xampp\htdocs\Medical_E-CARD\authority\amr\qrmask.php</b> on line <b>155</b><br />
<br />
<b>Warning</b>:  mkdir(): No such file or directory in <b>C:\xampp\htdocs\Medical_E-CARD\authority\amr\qrmask.php</b> on line <b>154</b><br />
<br />
<b>Warning</b>:  file_put_contents(C:\xampp\htdocs\Medical_E-CARD\authority\amr\cache\mask_7\mask_21_7.dat): failed to open stream: No such file or directory in <b>C:\xampp\htdocs\Medical_E-CARD\authority\amr\qrmask.php</b> on line <b>155</b><br />
2016-11-14 10:52:42: <br />
<b>Warning</b>:  file_put_contents(C:\xampp\htdocs\Medical_E-CARD\authority\amr\cache\frame_1.dat): failed to open stream: No such file or directory in <b>C:\xampp\htdocs\Medical_E-CARD\authority\amr\qrspec.php</b> on line <b>568</b><br />
<br />
<b>Warning</b>:  mkdir(): No such file or directory in <b>C:\xampp\htdocs\Medical_E-CARD\authority\amr\qrmask.php</b> on line <b>154</b><br />
<br />
<b>Warning</b>:  file_put_contents(C:\xampp\htdocs\Medical_E-CARD\authority\amr\cache\mask_0\mask_21_0.dat): failed to open stream: No such file or directory in <b>C:\xampp\htdocs\Medical_E-CARD\authority\amr\qrmask.php</b> on line <b>155</b><br />
<br />
<b>Warning</b>:  mkdir(): No such file or directory in <b>C:\xampp\htdocs\Medical_E-CARD\authority\amr\qrmask.php</b> on line <b>154</b><br />
<br />
<b>Warning</b>:  file_put_contents(C:\xampp\htdocs\Medical_E-CARD\authority\amr\cache\mask_1\mask_21_1.dat): failed to open stream: No such file or directory in <b>C:\xampp\htdocs\Medical_E-CARD\authority\amr\qrmask.php</b> on line <b>155</b><br />
<br />
<b>Warning</b>:  mkdir(): No such file or directory in <b>C:\xampp\htdocs\Medical_E-CARD\authority\amr\qrmask.php</b> on line <b>154</b><br />
<br />
<b>Warning</b>:  file_put_contents(C:\xampp\htdocs\Medical_E-CARD\authority\amr\cache\mask_2\mask_21_2.dat): failed to open stream: No such file or directory in <b>C:\xampp\htdocs\Medical_E-CARD\authority\amr\qrmask.php</b> on line <b>155</b><br />
<br />
<b>Warning</b>:  mkdir(): No such file or directory in <b>C:\xampp\htdocs\Medical_E-CARD\authority\amr\qrmask.php</b> on line <b>154</b><br />
<br />
<b>Warning</b>:  file_put_contents(C:\xampp\htdocs\Medical_E-CARD\authority\amr\cache\mask_3\mask_21_3.dat): failed to open stream: No such file or directory in <b>C:\xampp\htdocs\Medical_E-CARD\authority\amr\qrmask.php</b> on line <b>155</b><br />
<br />
<b>Warning</b>:  mkdir(): No such file or directory in <b>C:\xampp\htdocs\Medical_E-CARD\authority\amr\qrmask.php</b> on line <b>154</b><br />
<br />
<b>Warning</b>:  file_put_contents(C:\xampp\htdocs\Medical_E-CARD\authority\amr\cache\mask_4\mask_21_4.dat): failed to open stream: No such file or directory in <b>C:\xampp\htdocs\Medical_E-CARD\authority\amr\qrmask.php</b> on line <b>155</b><br />
<br />
<b>Warning</b>:  mkdir(): No such file or directory in <b>C:\xampp\htdocs\Medical_E-CARD\authority\amr\qrmask.php</b> on line <b>154</b><br />
<br />
<b>Warning</b>:  file_put_contents(C:\xampp\htdocs\Medical_E-CARD\authority\amr\cache\mask_5\mask_21_5.dat): failed to open stream: No such file or directory in <b>C:\xampp\htdocs\Medical_E-CARD\authority\amr\qrmask.php</b> on line <b>155</b><br />
<br />
<b>Warning</b>:  mkdir(): No such file or directory in <b>C:\xampp\htdocs\Medical_E-CARD\authority\amr\qrmask.php</b> on line <b>154</b><br />
<br />
<b>Warning</b>:  file_put_contents(C:\xampp\htdocs\Medical_E-CARD\authority\amr\cache\mask_6\mask_21_6.dat): failed to open stream: No such file or directory in <b>C:\xampp\htdocs\Medical_E-CARD\authority\amr\qrmask.php</b> on line <b>155</b><br />
<br />
<b>Warning</b>:  mkdir(): No such file or directory in <b>C:\xampp\htdocs\Medical_E-CARD\authority\amr\qrmask.php</b> on line <b>154</b><br />
<br />
<b>Warning</b>:  file_put_contents(C:\xampp\htdocs\Medical_E-CARD\authority\amr\cache\mask_7\mask_21_7.dat): failed to open stream: No such file or directory in <b>C:\xampp\htdocs\Medical_E-CARD\authority\amr\qrmask.php</b> on line <b>155</b><br />
2016-11-14 10:53:47: <br />
<b>Warning</b>:  file_put_contents(C:\xampp\htdocs\Medical_E-CARD\authority\amr\cache\frame_1.dat): failed to open stream: No such file or directory in <b>C:\xampp\htdocs\Medical_E-CARD\authority\amr\qrspec.php</b> on line <b>568</b><br />
<br />
<b>Warning</b>:  mkdir(): No such file or directory in <b>C:\xampp\htdocs\Medical_E-CARD\authority\amr\qrmask.php</b> on line <b>154</b><br />
<br />
<b>Warning</b>:  file_put_contents(C:\xampp\htdocs\Medical_E-CARD\authority\amr\cache\mask_0\mask_21_0.dat): failed to open stream: No such file or directory in <b>C:\xampp\htdocs\Medical_E-CARD\authority\amr\qrmask.php</b> on line <b>155</b><br />
<br />
<b>Warning</b>:  mkdir(): No such file or directory in <b>C:\xampp\htdocs\Medical_E-CARD\authority\amr\qrmask.php</b> on line <b>154</b><br />
<br />
<b>Warning</b>:  file_put_contents(C:\xampp\htdocs\Medical_E-CARD\authority\amr\cache\mask_1\mask_21_1.dat): failed to open stream: No such file or directory in <b>C:\xampp\htdocs\Medical_E-CARD\authority\amr\qrmask.php</b> on line <b>155</b><br />
<br />
<b>Warning</b>:  mkdir(): No such file or directory in <b>C:\xampp\htdocs\Medical_E-CARD\authority\amr\qrmask.php</b> on line <b>154</b><br />
<br />
<b>Warning</b>:  file_put_contents(C:\xampp\htdocs\Medical_E-CARD\authority\amr\cache\mask_2\mask_21_2.dat): failed to open stream: No such file or directory in <b>C:\xampp\htdocs\Medical_E-CARD\authority\amr\qrmask.php</b> on line <b>155</b><br />
<br />
<b>Warning</b>:  mkdir(): No such file or directory in <b>C:\xampp\htdocs\Medical_E-CARD\authority\amr\qrmask.php</b> on line <b>154</b><br />
<br />
<b>Warning</b>:  file_put_contents(C:\xampp\htdocs\Medical_E-CARD\authority\amr\cache\mask_3\mask_21_3.dat): failed to open stream: No such file or directory in <b>C:\xampp\htdocs\Medical_E-CARD\authority\amr\qrmask.php</b> on line <b>155</b><br />
<br />
<b>Warning</b>:  mkdir(): No such file or directory in <b>C:\xampp\htdocs\Medical_E-CARD\authority\amr\qrmask.php</b> on line <b>154</b><br />
<br />
<b>Warning</b>:  file_put_contents(C:\xampp\htdocs\Medical_E-CARD\authority\amr\cache\mask_4\mask_21_4.dat): failed to open stream: No such file or directory in <b>C:\xampp\htdocs\Medical_E-CARD\authority\amr\qrmask.php</b> on line <b>155</b><br />
<br />
<b>Warning</b>:  mkdir(): No such file or directory in <b>C:\xampp\htdocs\Medical_E-CARD\authority\amr\qrmask.php</b> on line <b>154</b><br />
<br />
<b>Warning</b>:  file_put_contents(C:\xampp\htdocs\Medical_E-CARD\authority\amr\cache\mask_5\mask_21_5.dat): failed to open stream: No such file or directory in <b>C:\xampp\htdocs\Medical_E-CARD\authority\amr\qrmask.php</b> on line <b>155</b><br />
<br />
<b>Warning</b>:  mkdir(): No such file or directory in <b>C:\xampp\htdocs\Medical_E-CARD\authority\amr\qrmask.php</b> on line <b>154</b><br />
<br />
<b>Warning</b>:  file_put_contents(C:\xampp\htdocs\Medical_E-CARD\authority\amr\cache\mask_6\mask_21_6.dat): failed to open stream: No such file or directory in <b>C:\xampp\htdocs\Medical_E-CARD\authority\amr\qrmask.php</b> on line <b>155</b><br />
<br />
<b>Warning</b>:  mkdir(): No such file or directory in <b>C:\xampp\htdocs\Medical_E-CARD\authority\amr\qrmask.php</b> on line <b>154</b><br />
<br />
<b>Warning</b>:  file_put_contents(C:\xampp\htdocs\Medical_E-CARD\authority\amr\cache\mask_7\mask_21_7.dat): failed to open stream: No such file or directory in <b>C:\xampp\htdocs\Medical_E-CARD\authority\amr\qrmask.php</b> on line <b>155</b><br />
2016-11-14 10:54:05: <br />
<b>Warning</b>:  file_put_contents(C:\xampp\htdocs\Medical_E-CARD\authority\amr\cache\frame_1.dat): failed to open stream: No such file or directory in <b>C:\xampp\htdocs\Medical_E-CARD\authority\amr\qrspec.php</b> on line <b>568</b><br />
<br />
<b>Warning</b>:  mkdir(): No such file or directory in <b>C:\xampp\htdocs\Medical_E-CARD\authority\amr\qrmask.php</b> on line <b>154</b><br />
<br />
<b>Warning</b>:  file_put_contents(C:\xampp\htdocs\Medical_E-CARD\authority\amr\cache\mask_0\mask_21_0.dat): failed to open stream: No such file or directory in <b>C:\xampp\htdocs\Medical_E-CARD\authority\amr\qrmask.php</b> on line <b>155</b><br />
<br />
<b>Warning</b>:  mkdir(): No such file or directory in <b>C:\xampp\htdocs\Medical_E-CARD\authority\amr\qrmask.php</b> on line <b>154</b><br />
<br />
<b>Warning</b>:  file_put_contents(C:\xampp\htdocs\Medical_E-CARD\authority\amr\cache\mask_1\mask_21_1.dat): failed to open stream: No such file or directory in <b>C:\xampp\htdocs\Medical_E-CARD\authority\amr\qrmask.php</b> on line <b>155</b><br />
<br />
<b>Warning</b>:  mkdir(): No such file or directory in <b>C:\xampp\htdocs\Medical_E-CARD\authority\amr\qrmask.php</b> on line <b>154</b><br />
<br />
<b>Warning</b>:  file_put_contents(C:\xampp\htdocs\Medical_E-CARD\authority\amr\cache\mask_2\mask_21_2.dat): failed to open stream: No such file or directory in <b>C:\xampp\htdocs\Medical_E-CARD\authority\amr\qrmask.php</b> on line <b>155</b><br />
<br />
<b>Warning</b>:  mkdir(): No such file or directory in <b>C:\xampp\htdocs\Medical_E-CARD\authority\amr\qrmask.php</b> on line <b>154</b><br />
<br />
<b>Warning</b>:  file_put_contents(C:\xampp\htdocs\Medical_E-CARD\authority\amr\cache\mask_3\mask_21_3.dat): failed to open stream: No such file or directory in <b>C:\xampp\htdocs\Medical_E-CARD\authority\amr\qrmask.php</b> on line <b>155</b><br />
<br />
<b>Warning</b>:  mkdir(): No such file or directory in <b>C:\xampp\htdocs\Medical_E-CARD\authority\amr\qrmask.php</b> on line <b>154</b><br />
<br />
<b>Warning</b>:  file_put_contents(C:\xampp\htdocs\Medical_E-CARD\authority\amr\cache\mask_4\mask_21_4.dat): failed to open stream: No such file or directory in <b>C:\xampp\htdocs\Medical_E-CARD\authority\amr\qrmask.php</b> on line <b>155</b><br />
<br />
<b>Warning</b>:  mkdir(): No such file or directory in <b>C:\xampp\htdocs\Medical_E-CARD\authority\amr\qrmask.php</b> on line <b>154</b><br />
<br />
<b>Warning</b>:  file_put_contents(C:\xampp\htdocs\Medical_E-CARD\authority\amr\cache\mask_5\mask_21_5.dat): failed to open stream: No such file or directory in <b>C:\xampp\htdocs\Medical_E-CARD\authority\amr\qrmask.php</b> on line <b>155</b><br />
<br />
<b>Warning</b>:  mkdir(): No such file or directory in <b>C:\xampp\htdocs\Medical_E-CARD\authority\amr\qrmask.php</b> on line <b>154</b><br />
<br />
<b>Warning</b>:  file_put_contents(C:\xampp\htdocs\Medical_E-CARD\authority\amr\cache\mask_6\mask_21_6.dat): failed to open stream: No such file or directory in <b>C:\xampp\htdocs\Medical_E-CARD\authority\amr\qrmask.php</b> on line <b>155</b><br />
<br />
<b>Warning</b>:  mkdir(): No such file or directory in <b>C:\xampp\htdocs\Medical_E-CARD\authority\amr\qrmask.php</b> on line <b>154</b><br />
<br />
<b>Warning</b>:  file_put_contents(C:\xampp\htdocs\Medical_E-CARD\authority\amr\cache\mask_7\mask_21_7.dat): failed to open stream: No such file or directory in <b>C:\xampp\htdocs\Medical_E-CARD\authority\amr\qrmask.php</b> on line <b>155</b><br />
2016-11-14 10:54:23: <br />
<b>Warning</b>:  file_put_contents(C:\xampp\htdocs\Medical_E-CARD\authority\amr\cache\frame_1.dat): failed to open stream: No such file or directory in <b>C:\xampp\htdocs\Medical_E-CARD\authority\amr\qrspec.php</b> on line <b>568</b><br />
<br />
<b>Warning</b>:  mkdir(): No such file or directory in <b>C:\xampp\htdocs\Medical_E-CARD\authority\amr\qrmask.php</b> on line <b>154</b><br />
<br />
<b>Warning</b>:  file_put_contents(C:\xampp\htdocs\Medical_E-CARD\authority\amr\cache\mask_0\mask_21_0.dat): failed to open stream: No such file or directory in <b>C:\xampp\htdocs\Medical_E-CARD\authority\amr\qrmask.php</b> on line <b>155</b><br />
<br />
<b>Warning</b>:  mkdir(): No such file or directory in <b>C:\xampp\htdocs\Medical_E-CARD\authority\amr\qrmask.php</b> on line <b>154</b><br />
<br />
<b>Warning</b>:  file_put_contents(C:\xampp\htdocs\Medical_E-CARD\authority\amr\cache\mask_1\mask_21_1.dat): failed to open stream: No such file or directory in <b>C:\xampp\htdocs\Medical_E-CARD\authority\amr\qrmask.php</b> on line <b>155</b><br />
<br />
<b>Warning</b>:  mkdir(): No such file or directory in <b>C:\xampp\htdocs\Medical_E-CARD\authority\amr\qrmask.php</b> on line <b>154</b><br />
<br />
<b>Warning</b>:  file_put_contents(C:\xampp\htdocs\Medical_E-CARD\authority\amr\cache\mask_2\mask_21_2.dat): failed to open stream: No such file or directory in <b>C:\xampp\htdocs\Medical_E-CARD\authority\amr\qrmask.php</b> on line <b>155</b><br />
<br />
<b>Warning</b>:  mkdir(): No such file or directory in <b>C:\xampp\htdocs\Medical_E-CARD\authority\amr\qrmask.php</b> on line <b>154</b><br />
<br />
<b>Warning</b>:  file_put_contents(C:\xampp\htdocs\Medical_E-CARD\authority\amr\cache\mask_3\mask_21_3.dat): failed to open stream: No such file or directory in <b>C:\xampp\htdocs\Medical_E-CARD\authority\amr\qrmask.php</b> on line <b>155</b><br />
<br />
<b>Warning</b>:  mkdir(): No such file or directory in <b>C:\xampp\htdocs\Medical_E-CARD\authority\amr\qrmask.php</b> on line <b>154</b><br />
<br />
<b>Warning</b>:  file_put_contents(C:\xampp\htdocs\Medical_E-CARD\authority\amr\cache\mask_4\mask_21_4.dat): failed to open stream: No such file or directory in <b>C:\xampp\htdocs\Medical_E-CARD\authority\amr\qrmask.php</b> on line <b>155</b><br />
<br />
<b>Warning</b>:  mkdir(): No such file or directory in <b>C:\xampp\htdocs\Medical_E-CARD\authority\amr\qrmask.php</b> on line <b>154</b><br />
<br />
<b>Warning</b>:  file_put_contents(C:\xampp\htdocs\Medical_E-CARD\authority\amr\cache\mask_5\mask_21_5.dat): failed to open stream: No such file or directory in <b>C:\xampp\htdocs\Medical_E-CARD\authority\amr\qrmask.php</b> on line <b>155</b><br />
<br />
<b>Warning</b>:  mkdir(): No such file or directory in <b>C:\xampp\htdocs\Medical_E-CARD\authority\amr\qrmask.php</b> on line <b>154</b><br />
<br />
<b>Warning</b>:  file_put_contents(C:\xampp\htdocs\Medical_E-CARD\authority\amr\cache\mask_6\mask_21_6.dat): failed to open stream: No such file or directory in <b>C:\xampp\htdocs\Medical_E-CARD\authority\amr\qrmask.php</b> on line <b>155</b><br />
<br />
<b>Warning</b>:  mkdir(): No such file or directory in <b>C:\xampp\htdocs\Medical_E-CARD\authority\amr\qrmask.php</b> on line <b>154</b><br />
<br />
<b>Warning</b>:  file_put_contents(C:\xampp\htdocs\Medical_E-CARD\authority\amr\cache\mask_7\mask_21_7.dat): failed to open stream: No such file or directory in <b>C:\xampp\htdocs\Medical_E-CARD\authority\amr\qrmask.php</b> on line <b>155</b><br />
2016-11-14 10:54:38: <br />
<b>Warning</b>:  file_put_contents(C:\xampp\htdocs\Medical_E-CARD\authority\amr\cache\frame_1.dat): failed to open stream: No such file or directory in <b>C:\xampp\htdocs\Medical_E-CARD\authority\amr\qrspec.php</b> on line <b>568</b><br />
<br />
<b>Warning</b>:  mkdir(): No such file or directory in <b>C:\xampp\htdocs\Medical_E-CARD\authority\amr\qrmask.php</b> on line <b>154</b><br />
<br />
<b>Warning</b>:  file_put_contents(C:\xampp\htdocs\Medical_E-CARD\authority\amr\cache\mask_0\mask_21_0.dat): failed to open stream: No such file or directory in <b>C:\xampp\htdocs\Medical_E-CARD\authority\amr\qrmask.php</b> on line <b>155</b><br />
<br />
<b>Warning</b>:  mkdir(): No such file or directory in <b>C:\xampp\htdocs\Medical_E-CARD\authority\amr\qrmask.php</b> on line <b>154</b><br />
<br />
<b>Warning</b>:  file_put_contents(C:\xampp\htdocs\Medical_E-CARD\authority\amr\cache\mask_1\mask_21_1.dat): failed to open stream: No such file or directory in <b>C:\xampp\htdocs\Medical_E-CARD\authority\amr\qrmask.php</b> on line <b>155</b><br />
<br />
<b>Warning</b>:  mkdir(): No such file or directory in <b>C:\xampp\htdocs\Medical_E-CARD\authority\amr\qrmask.php</b> on line <b>154</b><br />
<br />
<b>Warning</b>:  file_put_contents(C:\xampp\htdocs\Medical_E-CARD\authority\amr\cache\mask_2\mask_21_2.dat): failed to open stream: No such file or directory in <b>C:\xampp\htdocs\Medical_E-CARD\authority\amr\qrmask.php</b> on line <b>155</b><br />
<br />
<b>Warning</b>:  mkdir(): No such file or directory in <b>C:\xampp\htdocs\Medical_E-CARD\authority\amr\qrmask.php</b> on line <b>154</b><br />
<br />
<b>Warning</b>:  file_put_contents(C:\xampp\htdocs\Medical_E-CARD\authority\amr\cache\mask_3\mask_21_3.dat): failed to open stream: No such file or directory in <b>C:\xampp\htdocs\Medical_E-CARD\authority\amr\qrmask.php</b> on line <b>155</b><br />
<br />
<b>Warning</b>:  mkdir(): No such file or directory in <b>C:\xampp\htdocs\Medical_E-CARD\authority\amr\qrmask.php</b> on line <b>154</b><br />
<br />
<b>Warning</b>:  file_put_contents(C:\xampp\htdocs\Medical_E-CARD\authority\amr\cache\mask_4\mask_21_4.dat): failed to open stream: No such file or directory in <b>C:\xampp\htdocs\Medical_E-CARD\authority\amr\qrmask.php</b> on line <b>155</b><br />
<br />
<b>Warning</b>:  mkdir(): No such file or directory in <b>C:\xampp\htdocs\Medical_E-CARD\authority\amr\qrmask.php</b> on line <b>154</b><br />
<br />
<b>Warning</b>:  file_put_contents(C:\xampp\htdocs\Medical_E-CARD\authority\amr\cache\mask_5\mask_21_5.dat): failed to open stream: No such file or directory in <b>C:\xampp\htdocs\Medical_E-CARD\authority\amr\qrmask.php</b> on line <b>155</b><br />
<br />
<b>Warning</b>:  mkdir(): No such file or directory in <b>C:\xampp\htdocs\Medical_E-CARD\authority\amr\qrmask.php</b> on line <b>154</b><br />
<br />
<b>Warning</b>:  file_put_contents(C:\xampp\htdocs\Medical_E-CARD\authority\amr\cache\mask_6\mask_21_6.dat): failed to open stream: No such file or directory in <b>C:\xampp\htdocs\Medical_E-CARD\authority\amr\qrmask.php</b> on line <b>155</b><br />
<br />
<b>Warning</b>:  mkdir(): No such file or directory in <b>C:\xampp\htdocs\Medical_E-CARD\authority\amr\qrmask.php</b> on line <b>154</b><br />
<br />
<b>Warning</b>:  file_put_contents(C:\xampp\htdocs\Medical_E-CARD\authority\amr\cache\mask_7\mask_21_7.dat): failed to open stream: No such file or directory in <b>C:\xampp\htdocs\Medical_E-CARD\authority\amr\qrmask.php</b> on line <b>155</b><br />
2016-11-14 10:54:50: <br />
<b>Warning</b>:  file_put_contents(C:\xampp\htdocs\Medical_E-CARD\authority\amr\cache\frame_1.dat): failed to open stream: No such file or directory in <b>C:\xampp\htdocs\Medical_E-CARD\authority\amr\qrspec.php</b> on line <b>568</b><br />
<br />
<b>Warning</b>:  mkdir(): No such file or directory in <b>C:\xampp\htdocs\Medical_E-CARD\authority\amr\qrmask.php</b> on line <b>154</b><br />
<br />
<b>Warning</b>:  file_put_contents(C:\xampp\htdocs\Medical_E-CARD\authority\amr\cache\mask_0\mask_21_0.dat): failed to open stream: No such file or directory in <b>C:\xampp\htdocs\Medical_E-CARD\authority\amr\qrmask.php</b> on line <b>155</b><br />
<br />
<b>Warning</b>:  mkdir(): No such file or directory in <b>C:\xampp\htdocs\Medical_E-CARD\authority\amr\qrmask.php</b> on line <b>154</b><br />
<br />
<b>Warning</b>:  file_put_contents(C:\xampp\htdocs\Medical_E-CARD\authority\amr\cache\mask_1\mask_21_1.dat): failed to open stream: No such file or directory in <b>C:\xampp\htdocs\Medical_E-CARD\authority\amr\qrmask.php</b> on line <b>155</b><br />
<br />
<b>Warning</b>:  mkdir(): No such file or directory in <b>C:\xampp\htdocs\Medical_E-CARD\authority\amr\qrmask.php</b> on line <b>154</b><br />
<br />
<b>Warning</b>:  file_put_contents(C:\xampp\htdocs\Medical_E-CARD\authority\amr\cache\mask_2\mask_21_2.dat): failed to open stream: No such file or directory in <b>C:\xampp\htdocs\Medical_E-CARD\authority\amr\qrmask.php</b> on line <b>155</b><br />
<br />
<b>Warning</b>:  mkdir(): No such file or directory in <b>C:\xampp\htdocs\Medical_E-CARD\authority\amr\qrmask.php</b> on line <b>154</b><br />
<br />
<b>Warning</b>:  file_put_contents(C:\xampp\htdocs\Medical_E-CARD\authority\amr\cache\mask_3\mask_21_3.dat): failed to open stream: No such file or directory in <b>C:\xampp\htdocs\Medical_E-CARD\authority\amr\qrmask.php</b> on line <b>155</b><br />
<br />
<b>Warning</b>:  mkdir(): No such file or directory in <b>C:\xampp\htdocs\Medical_E-CARD\authority\amr\qrmask.php</b> on line <b>154</b><br />
<br />
<b>Warning</b>:  file_put_contents(C:\xampp\htdocs\Medical_E-CARD\authority\amr\cache\mask_4\mask_21_4.dat): failed to open stream: No such file or directory in <b>C:\xampp\htdocs\Medical_E-CARD\authority\amr\qrmask.php</b> on line <b>155</b><br />
<br />
<b>Warning</b>:  mkdir(): No such file or directory in <b>C:\xampp\htdocs\Medical_E-CARD\authority\amr\qrmask.php</b> on line <b>154</b><br />
<br />
<b>Warning</b>:  file_put_contents(C:\xampp\htdocs\Medical_E-CARD\authority\amr\cache\mask_5\mask_21_5.dat): failed to open stream: No such file or directory in <b>C:\xampp\htdocs\Medical_E-CARD\authority\amr\qrmask.php</b> on line <b>155</b><br />
<br />
<b>Warning</b>:  mkdir(): No such file or directory in <b>C:\xampp\htdocs\Medical_E-CARD\authority\amr\qrmask.php</b> on line <b>154</b><br />
<br />
<b>Warning</b>:  file_put_contents(C:\xampp\htdocs\Medical_E-CARD\authority\amr\cache\mask_6\mask_21_6.dat): failed to open stream: No such file or directory in <b>C:\xampp\htdocs\Medical_E-CARD\authority\amr\qrmask.php</b> on line <b>155</b><br />
<br />
<b>Warning</b>:  mkdir(): No such file or directory in <b>C:\xampp\htdocs\Medical_E-CARD\authority\amr\qrmask.php</b> on line <b>154</b><br />
<br />
<b>Warning</b>:  file_put_contents(C:\xampp\htdocs\Medical_E-CARD\authority\amr\cache\mask_7\mask_21_7.dat): failed to open stream: No such file or directory in <b>C:\xampp\htdocs\Medical_E-CARD\authority\amr\qrmask.php</b> on line <b>155</b><br />
2016-11-14 10:54:58: <br />
<b>Warning</b>:  file_put_contents(C:\xampp\htdocs\Medical_E-CARD\authority\amr\cache\frame_1.dat): failed to open stream: No such file or directory in <b>C:\xampp\htdocs\Medical_E-CARD\authority\amr\qrspec.php</b> on line <b>568</b><br />
<br />
<b>Warning</b>:  mkdir(): No such file or directory in <b>C:\xampp\htdocs\Medical_E-CARD\authority\amr\qrmask.php</b> on line <b>154</b><br />
<br />
<b>Warning</b>:  file_put_contents(C:\xampp\htdocs\Medical_E-CARD\authority\amr\cache\mask_0\mask_21_0.dat): failed to open stream: No such file or directory in <b>C:\xampp\htdocs\Medical_E-CARD\authority\amr\qrmask.php</b> on line <b>155</b><br />
<br />
<b>Warning</b>:  mkdir(): No such file or directory in <b>C:\xampp\htdocs\Medical_E-CARD\authority\amr\qrmask.php</b> on line <b>154</b><br />
<br />
<b>Warning</b>:  file_put_contents(C:\xampp\htdocs\Medical_E-CARD\authority\amr\cache\mask_1\mask_21_1.dat): failed to open stream: No such file or directory in <b>C:\xampp\htdocs\Medical_E-CARD\authority\amr\qrmask.php</b> on line <b>155</b><br />
<br />
<b>Warning</b>:  mkdir(): No such file or directory in <b>C:\xampp\htdocs\Medical_E-CARD\authority\amr\qrmask.php</b> on line <b>154</b><br />
<br />
<b>Warning</b>:  file_put_contents(C:\xampp\htdocs\Medical_E-CARD\authority\amr\cache\mask_2\mask_21_2.dat): failed to open stream: No such file or directory in <b>C:\xampp\htdocs\Medical_E-CARD\authority\amr\qrmask.php</b> on line <b>155</b><br />
<br />
<b>Warning</b>:  mkdir(): No such file or directory in <b>C:\xampp\htdocs\Medical_E-CARD\authority\amr\qrmask.php</b> on line <b>154</b><br />
<br />
<b>Warning</b>:  file_put_contents(C:\xampp\htdocs\Medical_E-CARD\authority\amr\cache\mask_3\mask_21_3.dat): failed to open stream: No such file or directory in <b>C:\xampp\htdocs\Medical_E-CARD\authority\amr\qrmask.php</b> on line <b>155</b><br />
<br />
<b>Warning</b>:  mkdir(): No such file or directory in <b>C:\xampp\htdocs\Medical_E-CARD\authority\amr\qrmask.php</b> on line <b>154</b><br />
<br />
<b>Warning</b>:  file_put_contents(C:\xampp\htdocs\Medical_E-CARD\authority\amr\cache\mask_4\mask_21_4.dat): failed to open stream: No such file or directory in <b>C:\xampp\htdocs\Medical_E-CARD\authority\amr\qrmask.php</b> on line <b>155</b><br />
<br />
<b>Warning</b>:  mkdir(): No such file or directory in <b>C:\xampp\htdocs\Medical_E-CARD\authority\amr\qrmask.php</b> on line <b>154</b><br />
<br />
<b>Warning</b>:  file_put_contents(C:\xampp\htdocs\Medical_E-CARD\authority\amr\cache\mask_5\mask_21_5.dat): failed to open stream: No such file or directory in <b>C:\xampp\htdocs\Medical_E-CARD\authority\amr\qrmask.php</b> on line <b>155</b><br />
<br />
<b>Warning</b>:  mkdir(): No such file or directory in <b>C:\xampp\htdocs\Medical_E-CARD\authority\amr\qrmask.php</b> on line <b>154</b><br />
<br />
<b>Warning</b>:  file_put_contents(C:\xampp\htdocs\Medical_E-CARD\authority\amr\cache\mask_6\mask_21_6.dat): failed to open stream: No such file or directory in <b>C:\xampp\htdocs\Medical_E-CARD\authority\amr\qrmask.php</b> on line <b>155</b><br />
<br />
<b>Warning</b>:  mkdir(): No such file or directory in <b>C:\xampp\htdocs\Medical_E-CARD\authority\amr\qrmask.php</b> on line <b>154</b><br />
<br />
<b>Warning</b>:  file_put_contents(C:\xampp\htdocs\Medical_E-CARD\authority\amr\cache\mask_7\mask_21_7.dat): failed to open stream: No such file or directory in <b>C:\xampp\htdocs\Medical_E-CARD\authority\amr\qrmask.php</b> on line <b>155</b><br />
2016-11-14 10:55:37: <br />
<b>Warning</b>:  file_put_contents(C:\xampp\htdocs\Medical_E-CARD\authority\amr\cache\frame_1.dat): failed to open stream: No such file or directory in <b>C:\xampp\htdocs\Medical_E-CARD\authority\amr\qrspec.php</b> on line <b>568</b><br />
<br />
<b>Warning</b>:  mkdir(): No such file or directory in <b>C:\xampp\htdocs\Medical_E-CARD\authority\amr\qrmask.php</b> on line <b>154</b><br />
<br />
<b>Warning</b>:  file_put_contents(C:\xampp\htdocs\Medical_E-CARD\authority\amr\cache\mask_0\mask_21_0.dat): failed to open stream: No such file or directory in <b>C:\xampp\htdocs\Medical_E-CARD\authority\amr\qrmask.php</b> on line <b>155</b><br />
<br />
<b>Warning</b>:  mkdir(): No such file or directory in <b>C:\xampp\htdocs\Medical_E-CARD\authority\amr\qrmask.php</b> on line <b>154</b><br />
<br />
<b>Warning</b>:  file_put_contents(C:\xampp\htdocs\Medical_E-CARD\authority\amr\cache\mask_1\mask_21_1.dat): failed to open stream: No such file or directory in <b>C:\xampp\htdocs\Medical_E-CARD\authority\amr\qrmask.php</b> on line <b>155</b><br />
<br />
<b>Warning</b>:  mkdir(): No such file or directory in <b>C:\xampp\htdocs\Medical_E-CARD\authority\amr\qrmask.php</b> on line <b>154</b><br />
<br />
<b>Warning</b>:  file_put_contents(C:\xampp\htdocs\Medical_E-CARD\authority\amr\cache\mask_2\mask_21_2.dat): failed to open stream: No such file or directory in <b>C:\xampp\htdocs\Medical_E-CARD\authority\amr\qrmask.php</b> on line <b>155</b><br />
<br />
<b>Warning</b>:  mkdir(): No such file or directory in <b>C:\xampp\htdocs\Medical_E-CARD\authority\amr\qrmask.php</b> on line <b>154</b><br />
<br />
<b>Warning</b>:  file_put_contents(C:\xampp\htdocs\Medical_E-CARD\authority\amr\cache\mask_3\mask_21_3.dat): failed to open stream: No such file or directory in <b>C:\xampp\htdocs\Medical_E-CARD\authority\amr\qrmask.php</b> on line <b>155</b><br />
<br />
<b>Warning</b>:  mkdir(): No such file or directory in <b>C:\xampp\htdocs\Medical_E-CARD\authority\amr\qrmask.php</b> on line <b>154</b><br />
<br />
<b>Warning</b>:  file_put_contents(C:\xampp\htdocs\Medical_E-CARD\authority\amr\cache\mask_4\mask_21_4.dat): failed to open stream: No such file or directory in <b>C:\xampp\htdocs\Medical_E-CARD\authority\amr\qrmask.php</b> on line <b>155</b><br />
<br />
<b>Warning</b>:  mkdir(): No such file or directory in <b>C:\xampp\htdocs\Medical_E-CARD\authority\amr\qrmask.php</b> on line <b>154</b><br />
<br />
<b>Warning</b>:  file_put_contents(C:\xampp\htdocs\Medical_E-CARD\authority\amr\cache\mask_5\mask_21_5.dat): failed to open stream: No such file or directory in <b>C:\xampp\htdocs\Medical_E-CARD\authority\amr\qrmask.php</b> on line <b>155</b><br />
<br />
<b>Warning</b>:  mkdir(): No such file or directory in <b>C:\xampp\htdocs\Medical_E-CARD\authority\amr\qrmask.php</b> on line <b>154</b><br />
<br />
<b>Warning</b>:  file_put_contents(C:\xampp\htdocs\Medical_E-CARD\authority\amr\cache\mask_6\mask_21_6.dat): failed to open stream: No such file or directory in <b>C:\xampp\htdocs\Medical_E-CARD\authority\amr\qrmask.php</b> on line <b>155</b><br />
<br />
<b>Warning</b>:  mkdir(): No such file or directory in <b>C:\xampp\htdocs\Medical_E-CARD\authority\amr\qrmask.php</b> on line <b>154</b><br />
<br />
<b>Warning</b>:  file_put_contents(C:\xampp\htdocs\Medical_E-CARD\authority\amr\cache\mask_7\mask_21_7.dat): failed to open stream: No such file or directory in <b>C:\xampp\htdocs\Medical_E-CARD\authority\amr\qrmask.php</b> on line <b>155</b><br />
2016-11-14 10:55:57: <br />
<b>Warning</b>:  file_put_contents(C:\xampp\htdocs\Medical_E-CARD\authority\amr\cache\frame_1.dat): failed to open stream: No such file or directory in <b>C:\xampp\htdocs\Medical_E-CARD\authority\amr\qrspec.php</b> on line <b>568</b><br />
<br />
<b>Warning</b>:  mkdir(): No such file or directory in <b>C:\xampp\htdocs\Medical_E-CARD\authority\amr\qrmask.php</b> on line <b>154</b><br />
<br />
<b>Warning</b>:  file_put_contents(C:\xampp\htdocs\Medical_E-CARD\authority\amr\cache\mask_0\mask_21_0.dat): failed to open stream: No such file or directory in <b>C:\xampp\htdocs\Medical_E-CARD\authority\amr\qrmask.php</b> on line <b>155</b><br />
<br />
<b>Warning</b>:  mkdir(): No such file or directory in <b>C:\xampp\htdocs\Medical_E-CARD\authority\amr\qrmask.php</b> on line <b>154</b><br />
<br />
<b>Warning</b>:  file_put_contents(C:\xampp\htdocs\Medical_E-CARD\authority\amr\cache\mask_1\mask_21_1.dat): failed to open stream: No such file or directory in <b>C:\xampp\htdocs\Medical_E-CARD\authority\amr\qrmask.php</b> on line <b>155</b><br />
<br />
<b>Warning</b>:  mkdir(): No such file or directory in <b>C:\xampp\htdocs\Medical_E-CARD\authority\amr\qrmask.php</b> on line <b>154</b><br />
<br />
<b>Warning</b>:  file_put_contents(C:\xampp\htdocs\Medical_E-CARD\authority\amr\cache\mask_2\mask_21_2.dat): failed to open stream: No such file or directory in <b>C:\xampp\htdocs\Medical_E-CARD\authority\amr\qrmask.php</b> on line <b>155</b><br />
<br />
<b>Warning</b>:  mkdir(): No such file or directory in <b>C:\xampp\htdocs\Medical_E-CARD\authority\amr\qrmask.php</b> on line <b>154</b><br />
<br />
<b>Warning</b>:  file_put_contents(C:\xampp\htdocs\Medical_E-CARD\authority\amr\cache\mask_3\mask_21_3.dat): failed to open stream: No such file or directory in <b>C:\xampp\htdocs\Medical_E-CARD\authority\amr\qrmask.php</b> on line <b>155</b><br />
<br />
<b>Warning</b>:  mkdir(): No such file or directory in <b>C:\xampp\htdocs\Medical_E-CARD\authority\amr\qrmask.php</b> on line <b>154</b><br />
<br />
<b>Warning</b>:  file_put_contents(C:\xampp\htdocs\Medical_E-CARD\authority\amr\cache\mask_4\mask_21_4.dat): failed to open stream: No such file or directory in <b>C:\xampp\htdocs\Medical_E-CARD\authority\amr\qrmask.php</b> on line <b>155</b><br />
<br />
<b>Warning</b>:  mkdir(): No such file or directory in <b>C:\xampp\htdocs\Medical_E-CARD\authority\amr\qrmask.php</b> on line <b>154</b><br />
<br />
<b>Warning</b>:  file_put_contents(C:\xampp\htdocs\Medical_E-CARD\authority\amr\cache\mask_5\mask_21_5.dat): failed to open stream: No such file or directory in <b>C:\xampp\htdocs\Medical_E-CARD\authority\amr\qrmask.php</b> on line <b>155</b><br />
<br />
<b>Warning</b>:  mkdir(): No such file or directory in <b>C:\xampp\htdocs\Medical_E-CARD\authority\amr\qrmask.php</b> on line <b>154</b><br />
<br />
<b>Warning</b>:  file_put_contents(C:\xampp\htdocs\Medical_E-CARD\authority\amr\cache\mask_6\mask_21_6.dat): failed to open stream: No such file or directory in <b>C:\xampp\htdocs\Medical_E-CARD\authority\amr\qrmask.php</b> on line <b>155</b><br />
<br />
<b>Warning</b>:  mkdir(): No such file or directory in <b>C:\xampp\htdocs\Medical_E-CARD\authority\amr\qrmask.php</b> on line <b>154</b><br />
<br />
<b>Warning</b>:  file_put_contents(C:\xampp\htdocs\Medical_E-CARD\authority\amr\cache\mask_7\mask_21_7.dat): failed to open stream: No such file or directory in <b>C:\xampp\htdocs\Medical_E-CARD\authority\amr\qrmask.php</b> on line <b>155</b><br />
2016-11-14 10:56:25: <br />
<b>Warning</b>:  file_put_contents(C:\xampp\htdocs\Medical_E-CARD\authority\amr\cache\frame_1.dat): failed to open stream: No such file or directory in <b>C:\xampp\htdocs\Medical_E-CARD\authority\amr\qrspec.php</b> on line <b>568</b><br />
<br />
<b>Warning</b>:  mkdir(): No such file or directory in <b>C:\xampp\htdocs\Medical_E-CARD\authority\amr\qrmask.php</b> on line <b>154</b><br />
<br />
<b>Warning</b>:  file_put_contents(C:\xampp\htdocs\Medical_E-CARD\authority\amr\cache\mask_0\mask_21_0.dat): failed to open stream: No such file or directory in <b>C:\xampp\htdocs\Medical_E-CARD\authority\amr\qrmask.php</b> on line <b>155</b><br />
<br />
<b>Warning</b>:  mkdir(): No such file or directory in <b>C:\xampp\htdocs\Medical_E-CARD\authority\amr\qrmask.php</b> on line <b>154</b><br />
<br />
<b>Warning</b>:  file_put_contents(C:\xampp\htdocs\Medical_E-CARD\authority\amr\cache\mask_1\mask_21_1.dat): failed to open stream: No such file or directory in <b>C:\xampp\htdocs\Medical_E-CARD\authority\amr\qrmask.php</b> on line <b>155</b><br />
<br />
<b>Warning</b>:  mkdir(): No such file or directory in <b>C:\xampp\htdocs\Medical_E-CARD\authority\amr\qrmask.php</b> on line <b>154</b><br />
<br />
<b>Warning</b>:  file_put_contents(C:\xampp\htdocs\Medical_E-CARD\authority\amr\cache\mask_2\mask_21_2.dat): failed to open stream: No such file or directory in <b>C:\xampp\htdocs\Medical_E-CARD\authority\amr\qrmask.php</b> on line <b>155</b><br />
<br />
<b>Warning</b>:  mkdir(): No such file or directory in <b>C:\xampp\htdocs\Medical_E-CARD\authority\amr\qrmask.php</b> on line <b>154</b><br />
<br />
<b>Warning</b>:  file_put_contents(C:\xampp\htdocs\Medical_E-CARD\authority\amr\cache\mask_3\mask_21_3.dat): failed to open stream: No such file or directory in <b>C:\xampp\htdocs\Medical_E-CARD\authority\amr\qrmask.php</b> on line <b>155</b><br />
<br />
<b>Warning</b>:  mkdir(): No such file or directory in <b>C:\xampp\htdocs\Medical_E-CARD\authority\amr\qrmask.php</b> on line <b>154</b><br />
<br />
<b>Warning</b>:  file_put_contents(C:\xampp\htdocs\Medical_E-CARD\authority\amr\cache\mask_4\mask_21_4.dat): failed to open stream: No such file or directory in <b>C:\xampp\htdocs\Medical_E-CARD\authority\amr\qrmask.php</b> on line <b>155</b><br />
<br />
<b>Warning</b>:  mkdir(): No such file or directory in <b>C:\xampp\htdocs\Medical_E-CARD\authority\amr\qrmask.php</b> on line <b>154</b><br />
<br />
<b>Warning</b>:  file_put_contents(C:\xampp\htdocs\Medical_E-CARD\authority\amr\cache\mask_5\mask_21_5.dat): failed to open stream: No such file or directory in <b>C:\xampp\htdocs\Medical_E-CARD\authority\amr\qrmask.php</b> on line <b>155</b><br />
<br />
<b>Warning</b>:  mkdir(): No such file or directory in <b>C:\xampp\htdocs\Medical_E-CARD\authority\amr\qrmask.php</b> on line <b>154</b><br />
<br />
<b>Warning</b>:  file_put_contents(C:\xampp\htdocs\Medical_E-CARD\authority\amr\cache\mask_6\mask_21_6.dat): failed to open stream: No such file or directory in <b>C:\xampp\htdocs\Medical_E-CARD\authority\amr\qrmask.php</b> on line <b>155</b><br />
<br />
<b>Warning</b>:  mkdir(): No such file or directory in <b>C:\xampp\htdocs\Medical_E-CARD\authority\amr\qrmask.php</b> on line <b>154</b><br />
<br />
<b>Warning</b>:  file_put_contents(C:\xampp\htdocs\Medical_E-CARD\authority\amr\cache\mask_7\mask_21_7.dat): failed to open stream: No such file or directory in <b>C:\xampp\htdocs\Medical_E-CARD\authority\amr\qrmask.php</b> on line <b>155</b><br />
2016-11-14 10:58:05: <br />
<b>Warning</b>:  file_put_contents(C:\xampp\htdocs\Medical_E-CARD\authority\amr\cache\frame_1.dat): failed to open stream: No such file or directory in <b>C:\xampp\htdocs\Medical_E-CARD\authority\amr\qrspec.php</b> on line <b>568</b><br />
<br />
<b>Warning</b>:  mkdir(): No such file or directory in <b>C:\xampp\htdocs\Medical_E-CARD\authority\amr\qrmask.php</b> on line <b>154</b><br />
<br />
<b>Warning</b>:  file_put_contents(C:\xampp\htdocs\Medical_E-CARD\authority\amr\cache\mask_0\mask_21_0.dat): failed to open stream: No such file or directory in <b>C:\xampp\htdocs\Medical_E-CARD\authority\amr\qrmask.php</b> on line <b>155</b><br />
<br />
<b>Warning</b>:  mkdir(): No such file or directory in <b>C:\xampp\htdocs\Medical_E-CARD\authority\amr\qrmask.php</b> on line <b>154</b><br />
<br />
<b>Warning</b>:  file_put_contents(C:\xampp\htdocs\Medical_E-CARD\authority\amr\cache\mask_1\mask_21_1.dat): failed to open stream: No such file or directory in <b>C:\xampp\htdocs\Medical_E-CARD\authority\amr\qrmask.php</b> on line <b>155</b><br />
<br />
<b>Warning</b>:  mkdir(): No such file or directory in <b>C:\xampp\htdocs\Medical_E-CARD\authority\amr\qrmask.php</b> on line <b>154</b><br />
<br />
<b>Warning</b>:  file_put_contents(C:\xampp\htdocs\Medical_E-CARD\authority\amr\cache\mask_2\mask_21_2.dat): failed to open stream: No such file or directory in <b>C:\xampp\htdocs\Medical_E-CARD\authority\amr\qrmask.php</b> on line <b>155</b><br />
<br />
<b>Warning</b>:  mkdir(): No such file or directory in <b>C:\xampp\htdocs\Medical_E-CARD\authority\amr\qrmask.php</b> on line <b>154</b><br />
<br />
<b>Warning</b>:  file_put_contents(C:\xampp\htdocs\Medical_E-CARD\authority\amr\cache\mask_3\mask_21_3.dat): failed to open stream: No such file or directory in <b>C:\xampp\htdocs\Medical_E-CARD\authority\amr\qrmask.php</b> on line <b>155</b><br />
<br />
<b>Warning</b>:  mkdir(): No such file or directory in <b>C:\xampp\htdocs\Medical_E-CARD\authority\amr\qrmask.php</b> on line <b>154</b><br />
<br />
<b>Warning</b>:  file_put_contents(C:\xampp\htdocs\Medical_E-CARD\authority\amr\cache\mask_4\mask_21_4.dat): failed to open stream: No such file or directory in <b>C:\xampp\htdocs\Medical_E-CARD\authority\amr\qrmask.php</b> on line <b>155</b><br />
<br />
<b>Warning</b>:  mkdir(): No such file or directory in <b>C:\xampp\htdocs\Medical_E-CARD\authority\amr\qrmask.php</b> on line <b>154</b><br />
<br />
<b>Warning</b>:  file_put_contents(C:\xampp\htdocs\Medical_E-CARD\authority\amr\cache\mask_5\mask_21_5.dat): failed to open stream: No such file or directory in <b>C:\xampp\htdocs\Medical_E-CARD\authority\amr\qrmask.php</b> on line <b>155</b><br />
<br />
<b>Warning</b>:  mkdir(): No such file or directory in <b>C:\xampp\htdocs\Medical_E-CARD\authority\amr\qrmask.php</b> on line <b>154</b><br />
<br />
<b>Warning</b>:  file_put_contents(C:\xampp\htdocs\Medical_E-CARD\authority\amr\cache\mask_6\mask_21_6.dat): failed to open stream: No such file or directory in <b>C:\xampp\htdocs\Medical_E-CARD\authority\amr\qrmask.php</b> on line <b>155</b><br />
<br />
<b>Warning</b>:  mkdir(): No such file or directory in <b>C:\xampp\htdocs\Medical_E-CARD\authority\amr\qrmask.php</b> on line <b>154</b><br />
<br />
<b>Warning</b>:  file_put_contents(C:\xampp\htdocs\Medical_E-CARD\authority\amr\cache\mask_7\mask_21_7.dat): failed to open stream: No such file or directory in <b>C:\xampp\htdocs\Medical_E-CARD\authority\amr\qrmask.php</b> on line <b>155</b><br />
2016-11-14 10:58:27: <br />
<b>Warning</b>:  file_put_contents(C:\xampp\htdocs\Medical_E-CARD\authority\amr\cache\frame_1.dat): failed to open stream: No such file or directory in <b>C:\xampp\htdocs\Medical_E-CARD\authority\amr\qrspec.php</b> on line <b>568</b><br />
<br />
<b>Warning</b>:  mkdir(): No such file or directory in <b>C:\xampp\htdocs\Medical_E-CARD\authority\amr\qrmask.php</b> on line <b>154</b><br />
<br />
<b>Warning</b>:  file_put_contents(C:\xampp\htdocs\Medical_E-CARD\authority\amr\cache\mask_0\mask_21_0.dat): failed to open stream: No such file or directory in <b>C:\xampp\htdocs\Medical_E-CARD\authority\amr\qrmask.php</b> on line <b>155</b><br />
<br />
<b>Warning</b>:  mkdir(): No such file or directory in <b>C:\xampp\htdocs\Medical_E-CARD\authority\amr\qrmask.php</b> on line <b>154</b><br />
<br />
<b>Warning</b>:  file_put_contents(C:\xampp\htdocs\Medical_E-CARD\authority\amr\cache\mask_1\mask_21_1.dat): failed to open stream: No such file or directory in <b>C:\xampp\htdocs\Medical_E-CARD\authority\amr\qrmask.php</b> on line <b>155</b><br />
<br />
<b>Warning</b>:  mkdir(): No such file or directory in <b>C:\xampp\htdocs\Medical_E-CARD\authority\amr\qrmask.php</b> on line <b>154</b><br />
<br />
<b>Warning</b>:  file_put_contents(C:\xampp\htdocs\Medical_E-CARD\authority\amr\cache\mask_2\mask_21_2.dat): failed to open stream: No such file or directory in <b>C:\xampp\htdocs\Medical_E-CARD\authority\amr\qrmask.php</b> on line <b>155</b><br />
<br />
<b>Warning</b>:  mkdir(): No such file or directory in <b>C:\xampp\htdocs\Medical_E-CARD\authority\amr\qrmask.php</b> on line <b>154</b><br />
<br />
<b>Warning</b>:  file_put_contents(C:\xampp\htdocs\Medical_E-CARD\authority\amr\cache\mask_3\mask_21_3.dat): failed to open stream: No such file or directory in <b>C:\xampp\htdocs\Medical_E-CARD\authority\amr\qrmask.php</b> on line <b>155</b><br />
<br />
<b>Warning</b>:  mkdir(): No such file or directory in <b>C:\xampp\htdocs\Medical_E-CARD\authority\amr\qrmask.php</b> on line <b>154</b><br />
<br />
<b>Warning</b>:  file_put_contents(C:\xampp\htdocs\Medical_E-CARD\authority\amr\cache\mask_4\mask_21_4.dat): failed to open stream: No such file or directory in <b>C:\xampp\htdocs\Medical_E-CARD\authority\amr\qrmask.php</b> on line <b>155</b><br />
<br />
<b>Warning</b>:  mkdir(): No such file or directory in <b>C:\xampp\htdocs\Medical_E-CARD\authority\amr\qrmask.php</b> on line <b>154</b><br />
<br />
<b>Warning</b>:  file_put_contents(C:\xampp\htdocs\Medical_E-CARD\authority\amr\cache\mask_5\mask_21_5.dat): failed to open stream: No such file or directory in <b>C:\xampp\htdocs\Medical_E-CARD\authority\amr\qrmask.php</b> on line <b>155</b><br />
<br />
<b>Warning</b>:  mkdir(): No such file or directory in <b>C:\xampp\htdocs\Medical_E-CARD\authority\amr\qrmask.php</b> on line <b>154</b><br />
<br />
<b>Warning</b>:  file_put_contents(C:\xampp\htdocs\Medical_E-CARD\authority\amr\cache\mask_6\mask_21_6.dat): failed to open stream: No such file or directory in <b>C:\xampp\htdocs\Medical_E-CARD\authority\amr\qrmask.php</b> on line <b>155</b><br />
<br />
<b>Warning</b>:  mkdir(): No such file or directory in <b>C:\xampp\htdocs\Medical_E-CARD\authority\amr\qrmask.php</b> on line <b>154</b><br />
<br />
<b>Warning</b>:  file_put_contents(C:\xampp\htdocs\Medical_E-CARD\authority\amr\cache\mask_7\mask_21_7.dat): failed to open stream: No such file or directory in <b>C:\xampp\htdocs\Medical_E-CARD\authority\amr\qrmask.php</b> on line <b>155</b><br />
2016-11-14 10:58:46: <br />
<b>Warning</b>:  file_put_contents(C:\xampp\htdocs\Medical_E-CARD\authority\amr\cache\frame_1.dat): failed to open stream: No such file or directory in <b>C:\xampp\htdocs\Medical_E-CARD\authority\amr\qrspec.php</b> on line <b>568</b><br />
<br />
<b>Warning</b>:  mkdir(): No such file or directory in <b>C:\xampp\htdocs\Medical_E-CARD\authority\amr\qrmask.php</b> on line <b>154</b><br />
<br />
<b>Warning</b>:  file_put_contents(C:\xampp\htdocs\Medical_E-CARD\authority\amr\cache\mask_0\mask_21_0.dat): failed to open stream: No such file or directory in <b>C:\xampp\htdocs\Medical_E-CARD\authority\amr\qrmask.php</b> on line <b>155</b><br />
<br />
<b>Warning</b>:  mkdir(): No such file or directory in <b>C:\xampp\htdocs\Medical_E-CARD\authority\amr\qrmask.php</b> on line <b>154</b><br />
<br />
<b>Warning</b>:  file_put_contents(C:\xampp\htdocs\Medical_E-CARD\authority\amr\cache\mask_1\mask_21_1.dat): failed to open stream: No such file or directory in <b>C:\xampp\htdocs\Medical_E-CARD\authority\amr\qrmask.php</b> on line <b>155</b><br />
<br />
<b>Warning</b>:  mkdir(): No such file or directory in <b>C:\xampp\htdocs\Medical_E-CARD\authority\amr\qrmask.php</b> on line <b>154</b><br />
<br />
<b>Warning</b>:  file_put_contents(C:\xampp\htdocs\Medical_E-CARD\authority\amr\cache\mask_2\mask_21_2.dat): failed to open stream: No such file or directory in <b>C:\xampp\htdocs\Medical_E-CARD\authority\amr\qrmask.php</b> on line <b>155</b><br />
<br />
<b>Warning</b>:  mkdir(): No such file or directory in <b>C:\xampp\htdocs\Medical_E-CARD\authority\amr\qrmask.php</b> on line <b>154</b><br />
<br />
<b>Warning</b>:  file_put_contents(C:\xampp\htdocs\Medical_E-CARD\authority\amr\cache\mask_3\mask_21_3.dat): failed to open stream: No such file or directory in <b>C:\xampp\htdocs\Medical_E-CARD\authority\amr\qrmask.php</b> on line <b>155</b><br />
<br />
<b>Warning</b>:  mkdir(): No such file or directory in <b>C:\xampp\htdocs\Medical_E-CARD\authority\amr\qrmask.php</b> on line <b>154</b><br />
<br />
<b>Warning</b>:  file_put_contents(C:\xampp\htdocs\Medical_E-CARD\authority\amr\cache\mask_4\mask_21_4.dat): failed to open stream: No such file or directory in <b>C:\xampp\htdocs\Medical_E-CARD\authority\amr\qrmask.php</b> on line <b>155</b><br />
<br />
<b>Warning</b>:  mkdir(): No such file or directory in <b>C:\xampp\htdocs\Medical_E-CARD\authority\amr\qrmask.php</b> on line <b>154</b><br />
<br />
<b>Warning</b>:  file_put_contents(C:\xampp\htdocs\Medical_E-CARD\authority\amr\cache\mask_5\mask_21_5.dat): failed to open stream: No such file or directory in <b>C:\xampp\htdocs\Medical_E-CARD\authority\amr\qrmask.php</b> on line <b>155</b><br />
<br />
<b>Warning</b>:  mkdir(): No such file or directory in <b>C:\xampp\htdocs\Medical_E-CARD\authority\amr\qrmask.php</b> on line <b>154</b><br />
<br />
<b>Warning</b>:  file_put_contents(C:\xampp\htdocs\Medical_E-CARD\authority\amr\cache\mask_6\mask_21_6.dat): failed to open stream: No such file or directory in <b>C:\xampp\htdocs\Medical_E-CARD\authority\amr\qrmask.php</b> on line <b>155</b><br />
<br />
<b>Warning</b>:  mkdir(): No such file or directory in <b>C:\xampp\htdocs\Medical_E-CARD\authority\amr\qrmask.php</b> on line <b>154</b><br />
<br />
<b>Warning</b>:  file_put_contents(C:\xampp\htdocs\Medical_E-CARD\authority\amr\cache\mask_7\mask_21_7.dat): failed to open stream: No such file or directory in <b>C:\xampp\htdocs\Medical_E-CARD\authority\amr\qrmask.php</b> on line <b>155</b><br />
2016-11-15 08:41:24: <br />
<b>Warning</b>:  file_put_contents(C:\xampp\htdocs\Medical_E-CARD\authority\amr\cache\frame_7.dat): failed to open stream: No such file or directory in <b>C:\xampp\htdocs\Medical_E-CARD\authority\amr\qrspec.php</b> on line <b>568</b><br />
<br />
<b>Warning</b>:  mkdir(): No such file or directory in <b>C:\xampp\htdocs\Medical_E-CARD\authority\amr\qrmask.php</b> on line <b>154</b><br />
<br />
<b>Warning</b>:  file_put_contents(C:\xampp\htdocs\Medical_E-CARD\authority\amr\cache\mask_0\mask_45_0.dat): failed to open stream: No such file or directory in <b>C:\xampp\htdocs\Medical_E-CARD\authority\amr\qrmask.php</b> on line <b>155</b><br />
<br />
<b>Warning</b>:  mkdir(): No such file or directory in <b>C:\xampp\htdocs\Medical_E-CARD\authority\amr\qrmask.php</b> on line <b>154</b><br />
<br />
<b>Warning</b>:  file_put_contents(C:\xampp\htdocs\Medical_E-CARD\authority\amr\cache\mask_1\mask_45_1.dat): failed to open stream: No such file or directory in <b>C:\xampp\htdocs\Medical_E-CARD\authority\amr\qrmask.php</b> on line <b>155</b><br />
<br />
<b>Warning</b>:  mkdir(): No such file or directory in <b>C:\xampp\htdocs\Medical_E-CARD\authority\amr\qrmask.php</b> on line <b>154</b><br />
<br />
<b>Warning</b>:  file_put_contents(C:\xampp\htdocs\Medical_E-CARD\authority\amr\cache\mask_2\mask_45_2.dat): failed to open stream: No such file or directory in <b>C:\xampp\htdocs\Medical_E-CARD\authority\amr\qrmask.php</b> on line <b>155</b><br />
<br />
<b>Warning</b>:  mkdir(): No such file or directory in <b>C:\xampp\htdocs\Medical_E-CARD\authority\amr\qrmask.php</b> on line <b>154</b><br />
<br />
<b>Warning</b>:  file_put_contents(C:\xampp\htdocs\Medical_E-CARD\authority\amr\cache\mask_3\mask_45_3.dat): failed to open stream: No such file or directory in <b>C:\xampp\htdocs\Medical_E-CARD\authority\amr\qrmask.php</b> on line <b>155</b><br />
<br />
<b>Warning</b>:  mkdir(): No such file or directory in <b>C:\xampp\htdocs\Medical_E-CARD\authority\amr\qrmask.php</b> on line <b>154</b><br />
<br />
<b>Warning</b>:  file_put_contents(C:\xampp\htdocs\Medical_E-CARD\authority\amr\cache\mask_4\mask_45_4.dat): failed to open stream: No such file or directory in <b>C:\xampp\htdocs\Medical_E-CARD\authority\amr\qrmask.php</b> on line <b>155</b><br />
<br />
<b>Warning</b>:  mkdir(): No such file or directory in <b>C:\xampp\htdocs\Medical_E-CARD\authority\amr\qrmask.php</b> on line <b>154</b><br />
<br />
<b>Warning</b>:  file_put_contents(C:\xampp\htdocs\Medical_E-CARD\authority\amr\cache\mask_5\mask_45_5.dat): failed to open stream: No such file or directory in <b>C:\xampp\htdocs\Medical_E-CARD\authority\amr\qrmask.php</b> on line <b>155</b><br />
<br />
<b>Warning</b>:  mkdir(): No such file or directory in <b>C:\xampp\htdocs\Medical_E-CARD\authority\amr\qrmask.php</b> on line <b>154</b><br />
<br />
<b>Warning</b>:  file_put_contents(C:\xampp\htdocs\Medical_E-CARD\authority\amr\cache\mask_6\mask_45_6.dat): failed to open stream: No such file or directory in <b>C:\xampp\htdocs\Medical_E-CARD\authority\amr\qrmask.php</b> on line <b>155</b><br />
<br />
<b>Warning</b>:  mkdir(): No such file or directory in <b>C:\xampp\htdocs\Medical_E-CARD\authority\amr\qrmask.php</b> on line <b>154</b><br />
<br />
<b>Warning</b>:  file_put_contents(C:\xampp\htdocs\Medical_E-CARD\authority\amr\cache\mask_7\mask_45_7.dat): failed to open stream: No such file or directory in <b>C:\xampp\htdocs\Medical_E-CARD\authority\amr\qrmask.php</b> on line <b>155</b><br />
2016-11-15 08:41:51: <br />
<b>Warning</b>:  file_put_contents(C:\xampp\htdocs\Medical_E-CARD\authority\amr\cache\frame_1.dat): failed to open stream: No such file or directory in <b>C:\xampp\htdocs\Medical_E-CARD\authority\amr\qrspec.php</b> on line <b>568</b><br />
<br />
<b>Warning</b>:  mkdir(): No such file or directory in <b>C:\xampp\htdocs\Medical_E-CARD\authority\amr\qrmask.php</b> on line <b>154</b><br />
<br />
<b>Warning</b>:  file_put_contents(C:\xampp\htdocs\Medical_E-CARD\authority\amr\cache\mask_0\mask_21_0.dat): failed to open stream: No such file or directory in <b>C:\xampp\htdocs\Medical_E-CARD\authority\amr\qrmask.php</b> on line <b>155</b><br />
<br />
<b>Warning</b>:  mkdir(): No such file or directory in <b>C:\xampp\htdocs\Medical_E-CARD\authority\amr\qrmask.php</b> on line <b>154</b><br />
<br />
<b>Warning</b>:  file_put_contents(C:\xampp\htdocs\Medical_E-CARD\authority\amr\cache\mask_1\mask_21_1.dat): failed to open stream: No such file or directory in <b>C:\xampp\htdocs\Medical_E-CARD\authority\amr\qrmask.php</b> on line <b>155</b><br />
<br />
<b>Warning</b>:  mkdir(): No such file or directory in <b>C:\xampp\htdocs\Medical_E-CARD\authority\amr\qrmask.php</b> on line <b>154</b><br />
<br />
<b>Warning</b>:  file_put_contents(C:\xampp\htdocs\Medical_E-CARD\authority\amr\cache\mask_2\mask_21_2.dat): failed to open stream: No such file or directory in <b>C:\xampp\htdocs\Medical_E-CARD\authority\amr\qrmask.php</b> on line <b>155</b><br />
<br />
<b>Warning</b>:  mkdir(): No such file or directory in <b>C:\xampp\htdocs\Medical_E-CARD\authority\amr\qrmask.php</b> on line <b>154</b><br />
<br />
<b>Warning</b>:  file_put_contents(C:\xampp\htdocs\Medical_E-CARD\authority\amr\cache\mask_3\mask_21_3.dat): failed to open stream: No such file or directory in <b>C:\xampp\htdocs\Medical_E-CARD\authority\amr\qrmask.php</b> on line <b>155</b><br />
<br />
<b>Warning</b>:  mkdir(): No such file or directory in <b>C:\xampp\htdocs\Medical_E-CARD\authority\amr\qrmask.php</b> on line <b>154</b><br />
<br />
<b>Warning</b>:  file_put_contents(C:\xampp\htdocs\Medical_E-CARD\authority\amr\cache\mask_4\mask_21_4.dat): failed to open stream: No such file or directory in <b>C:\xampp\htdocs\Medical_E-CARD\authority\amr\qrmask.php</b> on line <b>155</b><br />
<br />
<b>Warning</b>:  mkdir(): No such file or directory in <b>C:\xampp\htdocs\Medical_E-CARD\authority\amr\qrmask.php</b> on line <b>154</b><br />
<br />
<b>Warning</b>:  file_put_contents(C:\xampp\htdocs\Medical_E-CARD\authority\amr\cache\mask_5\mask_21_5.dat): failed to open stream: No such file or directory in <b>C:\xampp\htdocs\Medical_E-CARD\authority\amr\qrmask.php</b> on line <b>155</b><br />
<br />
<b>Warning</b>:  mkdir(): No such file or directory in <b>C:\xampp\htdocs\Medical_E-CARD\authority\amr\qrmask.php</b> on line <b>154</b><br />
<br />
<b>Warning</b>:  file_put_contents(C:\xampp\htdocs\Medical_E-CARD\authority\amr\cache\mask_6\mask_21_6.dat): failed to open stream: No such file or directory in <b>C:\xampp\htdocs\Medical_E-CARD\authority\amr\qrmask.php</b> on line <b>155</b><br />
<br />
<b>Warning</b>:  mkdir(): No such file or directory in <b>C:\xampp\htdocs\Medical_E-CARD\authority\amr\qrmask.php</b> on line <b>154</b><br />
<br />
<b>Warning</b>:  file_put_contents(C:\xampp\htdocs\Medical_E-CARD\authority\amr\cache\mask_7\mask_21_7.dat): failed to open stream: No such file or directory in <b>C:\xampp\htdocs\Medical_E-CARD\authority\amr\qrmask.php</b> on line <b>155</b><br />
2016-11-15 08:42:12: <br />
<b>Warning</b>:  file_put_contents(C:\xampp\htdocs\Medical_E-CARD\authority\amr\cache\frame_1.dat): failed to open stream: No such file or directory in <b>C:\xampp\htdocs\Medical_E-CARD\authority\amr\qrspec.php</b> on line <b>568</b><br />
<br />
<b>Warning</b>:  mkdir(): No such file or directory in <b>C:\xampp\htdocs\Medical_E-CARD\authority\amr\qrmask.php</b> on line <b>154</b><br />
<br />
<b>Warning</b>:  file_put_contents(C:\xampp\htdocs\Medical_E-CARD\authority\amr\cache\mask_0\mask_21_0.dat): failed to open stream: No such file or directory in <b>C:\xampp\htdocs\Medical_E-CARD\authority\amr\qrmask.php</b> on line <b>155</b><br />
<br />
<b>Warning</b>:  mkdir(): No such file or directory in <b>C:\xampp\htdocs\Medical_E-CARD\authority\amr\qrmask.php</b> on line <b>154</b><br />
<br />
<b>Warning</b>:  file_put_contents(C:\xampp\htdocs\Medical_E-CARD\authority\amr\cache\mask_1\mask_21_1.dat): failed to open stream: No such file or directory in <b>C:\xampp\htdocs\Medical_E-CARD\authority\amr\qrmask.php</b> on line <b>155</b><br />
<br />
<b>Warning</b>:  mkdir(): No such file or directory in <b>C:\xampp\htdocs\Medical_E-CARD\authority\amr\qrmask.php</b> on line <b>154</b><br />
<br />
<b>Warning</b>:  file_put_contents(C:\xampp\htdocs\Medical_E-CARD\authority\amr\cache\mask_2\mask_21_2.dat): failed to open stream: No such file or directory in <b>C:\xampp\htdocs\Medical_E-CARD\authority\amr\qrmask.php</b> on line <b>155</b><br />
<br />
<b>Warning</b>:  mkdir(): No such file or directory in <b>C:\xampp\htdocs\Medical_E-CARD\authority\amr\qrmask.php</b> on line <b>154</b><br />
<br />
<b>Warning</b>:  file_put_contents(C:\xampp\htdocs\Medical_E-CARD\authority\amr\cache\mask_3\mask_21_3.dat): failed to open stream: No such file or directory in <b>C:\xampp\htdocs\Medical_E-CARD\authority\amr\qrmask.php</b> on line <b>155</b><br />
<br />
<b>Warning</b>:  mkdir(): No such file or directory in <b>C:\xampp\htdocs\Medical_E-CARD\authority\amr\qrmask.php</b> on line <b>154</b><br />
<br />
<b>Warning</b>:  file_put_contents(C:\xampp\htdocs\Medical_E-CARD\authority\amr\cache\mask_4\mask_21_4.dat): failed to open stream: No such file or directory in <b>C:\xampp\htdocs\Medical_E-CARD\authority\amr\qrmask.php</b> on line <b>155</b><br />
<br />
<b>Warning</b>:  mkdir(): No such file or directory in <b>C:\xampp\htdocs\Medical_E-CARD\authority\amr\qrmask.php</b> on line <b>154</b><br />
<br />
<b>Warning</b>:  file_put_contents(C:\xampp\htdocs\Medical_E-CARD\authority\amr\cache\mask_5\mask_21_5.dat): failed to open stream: No such file or directory in <b>C:\xampp\htdocs\Medical_E-CARD\authority\amr\qrmask.php</b> on line <b>155</b><br />
<br />
<b>Warning</b>:  mkdir(): No such file or directory in <b>C:\xampp\htdocs\Medical_E-CARD\authority\amr\qrmask.php</b> on line <b>154</b><br />
<br />
<b>Warning</b>:  file_put_contents(C:\xampp\htdocs\Medical_E-CARD\authority\amr\cache\mask_6\mask_21_6.dat): failed to open stream: No such file or directory in <b>C:\xampp\htdocs\Medical_E-CARD\authority\amr\qrmask.php</b> on line <b>155</b><br />
<br />
<b>Warning</b>:  mkdir(): No such file or directory in <b>C:\xampp\htdocs\Medical_E-CARD\authority\amr\qrmask.php</b> on line <b>154</b><br />
<br />
<b>Warning</b>:  file_put_contents(C:\xampp\htdocs\Medical_E-CARD\authority\amr\cache\mask_7\mask_21_7.dat): failed to open stream: No such file or directory in <b>C:\xampp\htdocs\Medical_E-CARD\authority\amr\qrmask.php</b> on line <b>155</b><br />
2016-11-15 08:42:20: <br />
<b>Warning</b>:  file_put_contents(C:\xampp\htdocs\Medical_E-CARD\authority\amr\cache\frame_1.dat): failed to open stream: No such file or directory in <b>C:\xampp\htdocs\Medical_E-CARD\authority\amr\qrspec.php</b> on line <b>568</b><br />
<br />
<b>Warning</b>:  mkdir(): No such file or directory in <b>C:\xampp\htdocs\Medical_E-CARD\authority\amr\qrmask.php</b> on line <b>154</b><br />
<br />
<b>Warning</b>:  file_put_contents(C:\xampp\htdocs\Medical_E-CARD\authority\amr\cache\mask_0\mask_21_0.dat): failed to open stream: No such file or directory in <b>C:\xampp\htdocs\Medical_E-CARD\authority\amr\qrmask.php</b> on line <b>155</b><br />
<br />
<b>Warning</b>:  mkdir(): No such file or directory in <b>C:\xampp\htdocs\Medical_E-CARD\authority\amr\qrmask.php</b> on line <b>154</b><br />
<br />
<b>Warning</b>:  file_put_contents(C:\xampp\htdocs\Medical_E-CARD\authority\amr\cache\mask_1\mask_21_1.dat): failed to open stream: No such file or directory in <b>C:\xampp\htdocs\Medical_E-CARD\authority\amr\qrmask.php</b> on line <b>155</b><br />
<br />
<b>Warning</b>:  mkdir(): No such file or directory in <b>C:\xampp\htdocs\Medical_E-CARD\authority\amr\qrmask.php</b> on line <b>154</b><br />
<br />
<b>Warning</b>:  file_put_contents(C:\xampp\htdocs\Medical_E-CARD\authority\amr\cache\mask_2\mask_21_2.dat): failed to open stream: No such file or directory in <b>C:\xampp\htdocs\Medical_E-CARD\authority\amr\qrmask.php</b> on line <b>155</b><br />
<br />
<b>Warning</b>:  mkdir(): No such file or directory in <b>C:\xampp\htdocs\Medical_E-CARD\authority\amr\qrmask.php</b> on line <b>154</b><br />
<br />
<b>Warning</b>:  file_put_contents(C:\xampp\htdocs\Medical_E-CARD\authority\amr\cache\mask_3\mask_21_3.dat): failed to open stream: No such file or directory in <b>C:\xampp\htdocs\Medical_E-CARD\authority\amr\qrmask.php</b> on line <b>155</b><br />
<br />
<b>Warning</b>:  mkdir(): No such file or directory in <b>C:\xampp\htdocs\Medical_E-CARD\authority\amr\qrmask.php</b> on line <b>154</b><br />
<br />
<b>Warning</b>:  file_put_contents(C:\xampp\htdocs\Medical_E-CARD\authority\amr\cache\mask_4\mask_21_4.dat): failed to open stream: No such file or directory in <b>C:\xampp\htdocs\Medical_E-CARD\authority\amr\qrmask.php</b> on line <b>155</b><br />
<br />
<b>Warning</b>:  mkdir(): No such file or directory in <b>C:\xampp\htdocs\Medical_E-CARD\authority\amr\qrmask.php</b> on line <b>154</b><br />
<br />
<b>Warning</b>:  file_put_contents(C:\xampp\htdocs\Medical_E-CARD\authority\amr\cache\mask_5\mask_21_5.dat): failed to open stream: No such file or directory in <b>C:\xampp\htdocs\Medical_E-CARD\authority\amr\qrmask.php</b> on line <b>155</b><br />
<br />
<b>Warning</b>:  mkdir(): No such file or directory in <b>C:\xampp\htdocs\Medical_E-CARD\authority\amr\qrmask.php</b> on line <b>154</b><br />
<br />
<b>Warning</b>:  file_put_contents(C:\xampp\htdocs\Medical_E-CARD\authority\amr\cache\mask_6\mask_21_6.dat): failed to open stream: No such file or directory in <b>C:\xampp\htdocs\Medical_E-CARD\authority\amr\qrmask.php</b> on line <b>155</b><br />
<br />
<b>Warning</b>:  mkdir(): No such file or directory in <b>C:\xampp\htdocs\Medical_E-CARD\authority\amr\qrmask.php</b> on line <b>154</b><br />
<br />
<b>Warning</b>:  file_put_contents(C:\xampp\htdocs\Medical_E-CARD\authority\amr\cache\mask_7\mask_21_7.dat): failed to open stream: No such file or directory in <b>C:\xampp\htdocs\Medical_E-CARD\authority\amr\qrmask.php</b> on line <b>155</b><br />
2016-11-15 08:43:29: <br />
<b>Warning</b>:  file_put_contents(C:\xampp\htdocs\Medical_E-CARD\authority\amr\cache\frame_1.dat): failed to open stream: No such file or directory in <b>C:\xampp\htdocs\Medical_E-CARD\authority\amr\qrspec.php</b> on line <b>568</b><br />
<br />
<b>Warning</b>:  mkdir(): No such file or directory in <b>C:\xampp\htdocs\Medical_E-CARD\authority\amr\qrmask.php</b> on line <b>154</b><br />
<br />
<b>Warning</b>:  file_put_contents(C:\xampp\htdocs\Medical_E-CARD\authority\amr\cache\mask_0\mask_21_0.dat): failed to open stream: No such file or directory in <b>C:\xampp\htdocs\Medical_E-CARD\authority\amr\qrmask.php</b> on line <b>155</b><br />
<br />
<b>Warning</b>:  mkdir(): No such file or directory in <b>C:\xampp\htdocs\Medical_E-CARD\authority\amr\qrmask.php</b> on line <b>154</b><br />
<br />
<b>Warning</b>:  file_put_contents(C:\xampp\htdocs\Medical_E-CARD\authority\amr\cache\mask_1\mask_21_1.dat): failed to open stream: No such file or directory in <b>C:\xampp\htdocs\Medical_E-CARD\authority\amr\qrmask.php</b> on line <b>155</b><br />
<br />
<b>Warning</b>:  mkdir(): No such file or directory in <b>C:\xampp\htdocs\Medical_E-CARD\authority\amr\qrmask.php</b> on line <b>154</b><br />
<br />
<b>Warning</b>:  file_put_contents(C:\xampp\htdocs\Medical_E-CARD\authority\amr\cache\mask_2\mask_21_2.dat): failed to open stream: No such file or directory in <b>C:\xampp\htdocs\Medical_E-CARD\authority\amr\qrmask.php</b> on line <b>155</b><br />
<br />
<b>Warning</b>:  mkdir(): No such file or directory in <b>C:\xampp\htdocs\Medical_E-CARD\authority\amr\qrmask.php</b> on line <b>154</b><br />
<br />
<b>Warning</b>:  file_put_contents(C:\xampp\htdocs\Medical_E-CARD\authority\amr\cache\mask_3\mask_21_3.dat): failed to open stream: No such file or directory in <b>C:\xampp\htdocs\Medical_E-CARD\authority\amr\qrmask.php</b> on line <b>155</b><br />
<br />
<b>Warning</b>:  mkdir(): No such file or directory in <b>C:\xampp\htdocs\Medical_E-CARD\authority\amr\qrmask.php</b> on line <b>154</b><br />
<br />
<b>Warning</b>:  file_put_contents(C:\xampp\htdocs\Medical_E-CARD\authority\amr\cache\mask_4\mask_21_4.dat): failed to open stream: No such file or directory in <b>C:\xampp\htdocs\Medical_E-CARD\authority\amr\qrmask.php</b> on line <b>155</b><br />
<br />
<b>Warning</b>:  mkdir(): No such file or directory in <b>C:\xampp\htdocs\Medical_E-CARD\authority\amr\qrmask.php</b> on line <b>154</b><br />
<br />
<b>Warning</b>:  file_put_contents(C:\xampp\htdocs\Medical_E-CARD\authority\amr\cache\mask_5\mask_21_5.dat): failed to open stream: No such file or directory in <b>C:\xampp\htdocs\Medical_E-CARD\authority\amr\qrmask.php</b> on line <b>155</b><br />
<br />
<b>Warning</b>:  mkdir(): No such file or directory in <b>C:\xampp\htdocs\Medical_E-CARD\authority\amr\qrmask.php</b> on line <b>154</b><br />
<br />
<b>Warning</b>:  file_put_contents(C:\xampp\htdocs\Medical_E-CARD\authority\amr\cache\mask_6\mask_21_6.dat): failed to open stream: No such file or directory in <b>C:\xampp\htdocs\Medical_E-CARD\authority\amr\qrmask.php</b> on line <b>155</b><br />
<br />
<b>Warning</b>:  mkdir(): No such file or directory in <b>C:\xampp\htdocs\Medical_E-CARD\authority\amr\qrmask.php</b> on line <b>154</b><br />
<br />
<b>Warning</b>:  file_put_contents(C:\xampp\htdocs\Medical_E-CARD\authority\amr\cache\mask_7\mask_21_7.dat): failed to open stream: No such file or directory in <b>C:\xampp\htdocs\Medical_E-CARD\authority\amr\qrmask.php</b> on line <b>155</b><br />
2016-11-15 08:43:41: <br />
<b>Warning</b>:  file_put_contents(C:\xampp\htdocs\Medical_E-CARD\authority\amr\cache\frame_1.dat): failed to open stream: No such file or directory in <b>C:\xampp\htdocs\Medical_E-CARD\authority\amr\qrspec.php</b> on line <b>568</b><br />
<br />
<b>Warning</b>:  mkdir(): No such file or directory in <b>C:\xampp\htdocs\Medical_E-CARD\authority\amr\qrmask.php</b> on line <b>154</b><br />
<br />
<b>Warning</b>:  file_put_contents(C:\xampp\htdocs\Medical_E-CARD\authority\amr\cache\mask_0\mask_21_0.dat): failed to open stream: No such file or directory in <b>C:\xampp\htdocs\Medical_E-CARD\authority\amr\qrmask.php</b> on line <b>155</b><br />
<br />
<b>Warning</b>:  mkdir(): No such file or directory in <b>C:\xampp\htdocs\Medical_E-CARD\authority\amr\qrmask.php</b> on line <b>154</b><br />
<br />
<b>Warning</b>:  file_put_contents(C:\xampp\htdocs\Medical_E-CARD\authority\amr\cache\mask_1\mask_21_1.dat): failed to open stream: No such file or directory in <b>C:\xampp\htdocs\Medical_E-CARD\authority\amr\qrmask.php</b> on line <b>155</b><br />
<br />
<b>Warning</b>:  mkdir(): No such file or directory in <b>C:\xampp\htdocs\Medical_E-CARD\authority\amr\qrmask.php</b> on line <b>154</b><br />
<br />
<b>Warning</b>:  file_put_contents(C:\xampp\htdocs\Medical_E-CARD\authority\amr\cache\mask_2\mask_21_2.dat): failed to open stream: No such file or directory in <b>C:\xampp\htdocs\Medical_E-CARD\authority\amr\qrmask.php</b> on line <b>155</b><br />
<br />
<b>Warning</b>:  mkdir(): No such file or directory in <b>C:\xampp\htdocs\Medical_E-CARD\authority\amr\qrmask.php</b> on line <b>154</b><br />
<br />
<b>Warning</b>:  file_put_contents(C:\xampp\htdocs\Medical_E-CARD\authority\amr\cache\mask_3\mask_21_3.dat): failed to open stream: No such file or directory in <b>C:\xampp\htdocs\Medical_E-CARD\authority\amr\qrmask.php</b> on line <b>155</b><br />
<br />
<b>Warning</b>:  mkdir(): No such file or directory in <b>C:\xampp\htdocs\Medical_E-CARD\authority\amr\qrmask.php</b> on line <b>154</b><br />
<br />
<b>Warning</b>:  file_put_contents(C:\xampp\htdocs\Medical_E-CARD\authority\amr\cache\mask_4\mask_21_4.dat): failed to open stream: No such file or directory in <b>C:\xampp\htdocs\Medical_E-CARD\authority\amr\qrmask.php</b> on line <b>155</b><br />
<br />
<b>Warning</b>:  mkdir(): No such file or directory in <b>C:\xampp\htdocs\Medical_E-CARD\authority\amr\qrmask.php</b> on line <b>154</b><br />
<br />
<b>Warning</b>:  file_put_contents(C:\xampp\htdocs\Medical_E-CARD\authority\amr\cache\mask_5\mask_21_5.dat): failed to open stream: No such file or directory in <b>C:\xampp\htdocs\Medical_E-CARD\authority\amr\qrmask.php</b> on line <b>155</b><br />
<br />
<b>Warning</b>:  mkdir(): No such file or directory in <b>C:\xampp\htdocs\Medical_E-CARD\authority\amr\qrmask.php</b> on line <b>154</b><br />
<br />
<b>Warning</b>:  file_put_contents(C:\xampp\htdocs\Medical_E-CARD\authority\amr\cache\mask_6\mask_21_6.dat): failed to open stream: No such file or directory in <b>C:\xampp\htdocs\Medical_E-CARD\authority\amr\qrmask.php</b> on line <b>155</b><br />
<br />
<b>Warning</b>:  mkdir(): No such file or directory in <b>C:\xampp\htdocs\Medical_E-CARD\authority\amr\qrmask.php</b> on line <b>154</b><br />
<br />
<b>Warning</b>:  file_put_contents(C:\xampp\htdocs\Medical_E-CARD\authority\amr\cache\mask_7\mask_21_7.dat): failed to open stream: No such file or directory in <b>C:\xampp\htdocs\Medical_E-CARD\authority\amr\qrmask.php</b> on line <b>155</b><br />
2016-11-15 09:33:59: <br />
<b>Warning</b>:  file_put_contents(C:\xampp\htdocs\Medical_E-CARD\authority\amr\cache\frame_1.dat): failed to open stream: No such file or directory in <b>C:\xampp\htdocs\Medical_E-CARD\authority\amr\qrspec.php</b> on line <b>568</b><br />
<br />
<b>Warning</b>:  mkdir(): No such file or directory in <b>C:\xampp\htdocs\Medical_E-CARD\authority\amr\qrmask.php</b> on line <b>154</b><br />
<br />
<b>Warning</b>:  file_put_contents(C:\xampp\htdocs\Medical_E-CARD\authority\amr\cache\mask_0\mask_21_0.dat): failed to open stream: No such file or directory in <b>C:\xampp\htdocs\Medical_E-CARD\authority\amr\qrmask.php</b> on line <b>155</b><br />
<br />
<b>Warning</b>:  mkdir(): No such file or directory in <b>C:\xampp\htdocs\Medical_E-CARD\authority\amr\qrmask.php</b> on line <b>154</b><br />
<br />
<b>Warning</b>:  file_put_contents(C:\xampp\htdocs\Medical_E-CARD\authority\amr\cache\mask_1\mask_21_1.dat): failed to open stream: No such file or directory in <b>C:\xampp\htdocs\Medical_E-CARD\authority\amr\qrmask.php</b> on line <b>155</b><br />
<br />
<b>Warning</b>:  mkdir(): No such file or directory in <b>C:\xampp\htdocs\Medical_E-CARD\authority\amr\qrmask.php</b> on line <b>154</b><br />
<br />
<b>Warning</b>:  file_put_contents(C:\xampp\htdocs\Medical_E-CARD\authority\amr\cache\mask_2\mask_21_2.dat): failed to open stream: No such file or directory in <b>C:\xampp\htdocs\Medical_E-CARD\authority\amr\qrmask.php</b> on line <b>155</b><br />
<br />
<b>Warning</b>:  mkdir(): No such file or directory in <b>C:\xampp\htdocs\Medical_E-CARD\authority\amr\qrmask.php</b> on line <b>154</b><br />
<br />
<b>Warning</b>:  file_put_contents(C:\xampp\htdocs\Medical_E-CARD\authority\amr\cache\mask_3\mask_21_3.dat): failed to open stream: No such file or directory in <b>C:\xampp\htdocs\Medical_E-CARD\authority\amr\qrmask.php</b> on line <b>155</b><br />
<br />
<b>Warning</b>:  mkdir(): No such file or directory in <b>C:\xampp\htdocs\Medical_E-CARD\authority\amr\qrmask.php</b> on line <b>154</b><br />
<br />
<b>Warning</b>:  file_put_contents(C:\xampp\htdocs\Medical_E-CARD\authority\amr\cache\mask_4\mask_21_4.dat): failed to open stream: No such file or directory in <b>C:\xampp\htdocs\Medical_E-CARD\authority\amr\qrmask.php</b> on line <b>155</b><br />
<br />
<b>Warning</b>:  mkdir(): No such file or directory in <b>C:\xampp\htdocs\Medical_E-CARD\authority\amr\qrmask.php</b> on line <b>154</b><br />
<br />
<b>Warning</b>:  file_put_contents(C:\xampp\htdocs\Medical_E-CARD\authority\amr\cache\mask_5\mask_21_5.dat): failed to open stream: No such file or directory in <b>C:\xampp\htdocs\Medical_E-CARD\authority\amr\qrmask.php</b> on line <b>155</b><br />
<br />
<b>Warning</b>:  mkdir(): No such file or directory in <b>C:\xampp\htdocs\Medical_E-CARD\authority\amr\qrmask.php</b> on line <b>154</b><br />
<br />
<b>Warning</b>:  file_put_contents(C:\xampp\htdocs\Medical_E-CARD\authority\amr\cache\mask_6\mask_21_6.dat): failed to open stream: No such file or directory in <b>C:\xampp\htdocs\Medical_E-CARD\authority\amr\qrmask.php</b> on line <b>155</b><br />
<br />
<b>Warning</b>:  mkdir(): No such file or directory in <b>C:\xampp\htdocs\Medical_E-CARD\authority\amr\qrmask.php</b> on line <b>154</b><br />
<br />
<b>Warning</b>:  file_put_contents(C:\xampp\htdocs\Medical_E-CARD\authority\amr\cache\mask_7\mask_21_7.dat): failed to open stream: No such file or directory in <b>C:\xampp\htdocs\Medical_E-CARD\authority\amr\qrmask.php</b> on line <b>155</b><br />
2016-11-15 09:34:54: <br />
<b>Warning</b>:  file_put_contents(C:\xampp\htdocs\Medical_E-CARD\authority\amr\cache\frame_1.dat): failed to open stream: No such file or directory in <b>C:\xampp\htdocs\Medical_E-CARD\authority\amr\qrspec.php</b> on line <b>568</b><br />
<br />
<b>Warning</b>:  mkdir(): No such file or directory in <b>C:\xampp\htdocs\Medical_E-CARD\authority\amr\qrmask.php</b> on line <b>154</b><br />
<br />
<b>Warning</b>:  file_put_contents(C:\xampp\htdocs\Medical_E-CARD\authority\amr\cache\mask_0\mask_21_0.dat): failed to open stream: No such file or directory in <b>C:\xampp\htdocs\Medical_E-CARD\authority\amr\qrmask.php</b> on line <b>155</b><br />
<br />
<b>Warning</b>:  mkdir(): No such file or directory in <b>C:\xampp\htdocs\Medical_E-CARD\authority\amr\qrmask.php</b> on line <b>154</b><br />
<br />
<b>Warning</b>:  file_put_contents(C:\xampp\htdocs\Medical_E-CARD\authority\amr\cache\mask_1\mask_21_1.dat): failed to open stream: No such file or directory in <b>C:\xampp\htdocs\Medical_E-CARD\authority\amr\qrmask.php</b> on line <b>155</b><br />
<br />
<b>Warning</b>:  mkdir(): No such file or directory in <b>C:\xampp\htdocs\Medical_E-CARD\authority\amr\qrmask.php</b> on line <b>154</b><br />
<br />
<b>Warning</b>:  file_put_contents(C:\xampp\htdocs\Medical_E-CARD\authority\amr\cache\mask_2\mask_21_2.dat): failed to open stream: No such file or directory in <b>C:\xampp\htdocs\Medical_E-CARD\authority\amr\qrmask.php</b> on line <b>155</b><br />
<br />
<b>Warning</b>:  mkdir(): No such file or directory in <b>C:\xampp\htdocs\Medical_E-CARD\authority\amr\qrmask.php</b> on line <b>154</b><br />
<br />
<b>Warning</b>:  file_put_contents(C:\xampp\htdocs\Medical_E-CARD\authority\amr\cache\mask_3\mask_21_3.dat): failed to open stream: No such file or directory in <b>C:\xampp\htdocs\Medical_E-CARD\authority\amr\qrmask.php</b> on line <b>155</b><br />
<br />
<b>Warning</b>:  mkdir(): No such file or directory in <b>C:\xampp\htdocs\Medical_E-CARD\authority\amr\qrmask.php</b> on line <b>154</b><br />
<br />
<b>Warning</b>:  file_put_contents(C:\xampp\htdocs\Medical_E-CARD\authority\amr\cache\mask_4\mask_21_4.dat): failed to open stream: No such file or directory in <b>C:\xampp\htdocs\Medical_E-CARD\authority\amr\qrmask.php</b> on line <b>155</b><br />
<br />
<b>Warning</b>:  mkdir(): No such file or directory in <b>C:\xampp\htdocs\Medical_E-CARD\authority\amr\qrmask.php</b> on line <b>154</b><br />
<br />
<b>Warning</b>:  file_put_contents(C:\xampp\htdocs\Medical_E-CARD\authority\amr\cache\mask_5\mask_21_5.dat): failed to open stream: No such file or directory in <b>C:\xampp\htdocs\Medical_E-CARD\authority\amr\qrmask.php</b> on line <b>155</b><br />
<br />
<b>Warning</b>:  mkdir(): No such file or directory in <b>C:\xampp\htdocs\Medical_E-CARD\authority\amr\qrmask.php</b> on line <b>154</b><br />
<br />
<b>Warning</b>:  file_put_contents(C:\xampp\htdocs\Medical_E-CARD\authority\amr\cache\mask_6\mask_21_6.dat): failed to open stream: No such file or directory in <b>C:\xampp\htdocs\Medical_E-CARD\authority\amr\qrmask.php</b> on line <b>155</b><br />
<br />
<b>Warning</b>:  mkdir(): No such file or directory in <b>C:\xampp\htdocs\Medical_E-CARD\authority\amr\qrmask.php</b> on line <b>154</b><br />
<br />
<b>Warning</b>:  file_put_contents(C:\xampp\htdocs\Medical_E-CARD\authority\amr\cache\mask_7\mask_21_7.dat): failed to open stream: No such file or directory in <b>C:\xampp\htdocs\Medical_E-CARD\authority\amr\qrmask.php</b> on line <b>155</b><br />
2016-11-15 09:35:13: <br />
<b>Warning</b>:  file_put_contents(C:\xampp\htdocs\Medical_E-CARD\authority\amr\cache\frame_1.dat): failed to open stream: No such file or directory in <b>C:\xampp\htdocs\Medical_E-CARD\authority\amr\qrspec.php</b> on line <b>568</b><br />
<br />
<b>Warning</b>:  mkdir(): No such file or directory in <b>C:\xampp\htdocs\Medical_E-CARD\authority\amr\qrmask.php</b> on line <b>154</b><br />
<br />
<b>Warning</b>:  file_put_contents(C:\xampp\htdocs\Medical_E-CARD\authority\amr\cache\mask_0\mask_21_0.dat): failed to open stream: No such file or directory in <b>C:\xampp\htdocs\Medical_E-CARD\authority\amr\qrmask.php</b> on line <b>155</b><br />
<br />
<b>Warning</b>:  mkdir(): No such file or directory in <b>C:\xampp\htdocs\Medical_E-CARD\authority\amr\qrmask.php</b> on line <b>154</b><br />
<br />
<b>Warning</b>:  file_put_contents(C:\xampp\htdocs\Medical_E-CARD\authority\amr\cache\mask_1\mask_21_1.dat): failed to open stream: No such file or directory in <b>C:\xampp\htdocs\Medical_E-CARD\authority\amr\qrmask.php</b> on line <b>155</b><br />
<br />
<b>Warning</b>:  mkdir(): No such file or directory in <b>C:\xampp\htdocs\Medical_E-CARD\authority\amr\qrmask.php</b> on line <b>154</b><br />
<br />
<b>Warning</b>:  file_put_contents(C:\xampp\htdocs\Medical_E-CARD\authority\amr\cache\mask_2\mask_21_2.dat): failed to open stream: No such file or directory in <b>C:\xampp\htdocs\Medical_E-CARD\authority\amr\qrmask.php</b> on line <b>155</b><br />
<br />
<b>Warning</b>:  mkdir(): No such file or directory in <b>C:\xampp\htdocs\Medical_E-CARD\authority\amr\qrmask.php</b> on line <b>154</b><br />
<br />
<b>Warning</b>:  file_put_contents(C:\xampp\htdocs\Medical_E-CARD\authority\amr\cache\mask_3\mask_21_3.dat): failed to open stream: No such file or directory in <b>C:\xampp\htdocs\Medical_E-CARD\authority\amr\qrmask.php</b> on line <b>155</b><br />
<br />
<b>Warning</b>:  mkdir(): No such file or directory in <b>C:\xampp\htdocs\Medical_E-CARD\authority\amr\qrmask.php</b> on line <b>154</b><br />
<br />
<b>Warning</b>:  file_put_contents(C:\xampp\htdocs\Medical_E-CARD\authority\amr\cache\mask_4\mask_21_4.dat): failed to open stream: No such file or directory in <b>C:\xampp\htdocs\Medical_E-CARD\authority\amr\qrmask.php</b> on line <b>155</b><br />
<br />
<b>Warning</b>:  mkdir(): No such file or directory in <b>C:\xampp\htdocs\Medical_E-CARD\authority\amr\qrmask.php</b> on line <b>154</b><br />
<br />
<b>Warning</b>:  file_put_contents(C:\xampp\htdocs\Medical_E-CARD\authority\amr\cache\mask_5\mask_21_5.dat): failed to open stream: No such file or directory in <b>C:\xampp\htdocs\Medical_E-CARD\authority\amr\qrmask.php</b> on line <b>155</b><br />
<br />
<b>Warning</b>:  mkdir(): No such file or directory in <b>C:\xampp\htdocs\Medical_E-CARD\authority\amr\qrmask.php</b> on line <b>154</b><br />
<br />
<b>Warning</b>:  file_put_contents(C:\xampp\htdocs\Medical_E-CARD\authority\amr\cache\mask_6\mask_21_6.dat): failed to open stream: No such file or directory in <b>C:\xampp\htdocs\Medical_E-CARD\authority\amr\qrmask.php</b> on line <b>155</b><br />
<br />
<b>Warning</b>:  mkdir(): No such file or directory in <b>C:\xampp\htdocs\Medical_E-CARD\authority\amr\qrmask.php</b> on line <b>154</b><br />
<br />
<b>Warning</b>:  file_put_contents(C:\xampp\htdocs\Medical_E-CARD\authority\amr\cache\mask_7\mask_21_7.dat): failed to open stream: No such file or directory in <b>C:\xampp\htdocs\Medical_E-CARD\authority\amr\qrmask.php</b> on line <b>155</b><br />
2016-11-15 09:36:14: <br />
<b>Warning</b>:  file_put_contents(C:\xampp\htdocs\Medical_E-CARD\authority\amr\cache\frame_1.dat): failed to open stream: No such file or directory in <b>C:\xampp\htdocs\Medical_E-CARD\authority\amr\qrspec.php</b> on line <b>568</b><br />
<br />
<b>Warning</b>:  mkdir(): No such file or directory in <b>C:\xampp\htdocs\Medical_E-CARD\authority\amr\qrmask.php</b> on line <b>154</b><br />
<br />
<b>Warning</b>:  file_put_contents(C:\xampp\htdocs\Medical_E-CARD\authority\amr\cache\mask_0\mask_21_0.dat): failed to open stream: No such file or directory in <b>C:\xampp\htdocs\Medical_E-CARD\authority\amr\qrmask.php</b> on line <b>155</b><br />
<br />
<b>Warning</b>:  mkdir(): No such file or directory in <b>C:\xampp\htdocs\Medical_E-CARD\authority\amr\qrmask.php</b> on line <b>154</b><br />
<br />
<b>Warning</b>:  file_put_contents(C:\xampp\htdocs\Medical_E-CARD\authority\amr\cache\mask_1\mask_21_1.dat): failed to open stream: No such file or directory in <b>C:\xampp\htdocs\Medical_E-CARD\authority\amr\qrmask.php</b> on line <b>155</b><br />
<br />
<b>Warning</b>:  mkdir(): No such file or directory in <b>C:\xampp\htdocs\Medical_E-CARD\authority\amr\qrmask.php</b> on line <b>154</b><br />
<br />
<b>Warning</b>:  file_put_contents(C:\xampp\htdocs\Medical_E-CARD\authority\amr\cache\mask_2\mask_21_2.dat): failed to open stream: No such file or directory in <b>C:\xampp\htdocs\Medical_E-CARD\authority\amr\qrmask.php</b> on line <b>155</b><br />
<br />
<b>Warning</b>:  mkdir(): No such file or directory in <b>C:\xampp\htdocs\Medical_E-CARD\authority\amr\qrmask.php</b> on line <b>154</b><br />
<br />
<b>Warning</b>:  file_put_contents(C:\xampp\htdocs\Medical_E-CARD\authority\amr\cache\mask_3\mask_21_3.dat): failed to open stream: No such file or directory in <b>C:\xampp\htdocs\Medical_E-CARD\authority\amr\qrmask.php</b> on line <b>155</b><br />
<br />
<b>Warning</b>:  mkdir(): No such file or directory in <b>C:\xampp\htdocs\Medical_E-CARD\authority\amr\qrmask.php</b> on line <b>154</b><br />
<br />
<b>Warning</b>:  file_put_contents(C:\xampp\htdocs\Medical_E-CARD\authority\amr\cache\mask_4\mask_21_4.dat): failed to open stream: No such file or directory in <b>C:\xampp\htdocs\Medical_E-CARD\authority\amr\qrmask.php</b> on line <b>155</b><br />
<br />
<b>Warning</b>:  mkdir(): No such file or directory in <b>C:\xampp\htdocs\Medical_E-CARD\authority\amr\qrmask.php</b> on line <b>154</b><br />
<br />
<b>Warning</b>:  file_put_contents(C:\xampp\htdocs\Medical_E-CARD\authority\amr\cache\mask_5\mask_21_5.dat): failed to open stream: No such file or directory in <b>C:\xampp\htdocs\Medical_E-CARD\authority\amr\qrmask.php</b> on line <b>155</b><br />
<br />
<b>Warning</b>:  mkdir(): No such file or directory in <b>C:\xampp\htdocs\Medical_E-CARD\authority\amr\qrmask.php</b> on line <b>154</b><br />
<br />
<b>Warning</b>:  file_put_contents(C:\xampp\htdocs\Medical_E-CARD\authority\amr\cache\mask_6\mask_21_6.dat): failed to open stream: No such file or directory in <b>C:\xampp\htdocs\Medical_E-CARD\authority\amr\qrmask.php</b> on line <b>155</b><br />
<br />
<b>Warning</b>:  mkdir(): No such file or directory in <b>C:\xampp\htdocs\Medical_E-CARD\authority\amr\qrmask.php</b> on line <b>154</b><br />
<br />
<b>Warning</b>:  file_put_contents(C:\xampp\htdocs\Medical_E-CARD\authority\amr\cache\mask_7\mask_21_7.dat): failed to open stream: No such file or directory in <b>C:\xampp\htdocs\Medical_E-CARD\authority\amr\qrmask.php</b> on line <b>155</b><br />
2016-11-15 09:37:23: <br />
<b>Warning</b>:  file_put_contents(C:\xampp\htdocs\Medical_E-CARD\authority\amr\cache\frame_1.dat): failed to open stream: No such file or directory in <b>C:\xampp\htdocs\Medical_E-CARD\authority\amr\qrspec.php</b> on line <b>568</b><br />
<br />
<b>Warning</b>:  mkdir(): No such file or directory in <b>C:\xampp\htdocs\Medical_E-CARD\authority\amr\qrmask.php</b> on line <b>154</b><br />
<br />
<b>Warning</b>:  file_put_contents(C:\xampp\htdocs\Medical_E-CARD\authority\amr\cache\mask_0\mask_21_0.dat): failed to open stream: No such file or directory in <b>C:\xampp\htdocs\Medical_E-CARD\authority\amr\qrmask.php</b> on line <b>155</b><br />
<br />
<b>Warning</b>:  mkdir(): No such file or directory in <b>C:\xampp\htdocs\Medical_E-CARD\authority\amr\qrmask.php</b> on line <b>154</b><br />
<br />
<b>Warning</b>:  file_put_contents(C:\xampp\htdocs\Medical_E-CARD\authority\amr\cache\mask_1\mask_21_1.dat): failed to open stream: No such file or directory in <b>C:\xampp\htdocs\Medical_E-CARD\authority\amr\qrmask.php</b> on line <b>155</b><br />
<br />
<b>Warning</b>:  mkdir(): No such file or directory in <b>C:\xampp\htdocs\Medical_E-CARD\authority\amr\qrmask.php</b> on line <b>154</b><br />
<br />
<b>Warning</b>:  file_put_contents(C:\xampp\htdocs\Medical_E-CARD\authority\amr\cache\mask_2\mask_21_2.dat): failed to open stream: No such file or directory in <b>C:\xampp\htdocs\Medical_E-CARD\authority\amr\qrmask.php</b> on line <b>155</b><br />
<br />
<b>Warning</b>:  mkdir(): No such file or directory in <b>C:\xampp\htdocs\Medical_E-CARD\authority\amr\qrmask.php</b> on line <b>154</b><br />
<br />
<b>Warning</b>:  file_put_contents(C:\xampp\htdocs\Medical_E-CARD\authority\amr\cache\mask_3\mask_21_3.dat): failed to open stream: No such file or directory in <b>C:\xampp\htdocs\Medical_E-CARD\authority\amr\qrmask.php</b> on line <b>155</b><br />
<br />
<b>Warning</b>:  mkdir(): No such file or directory in <b>C:\xampp\htdocs\Medical_E-CARD\authority\amr\qrmask.php</b> on line <b>154</b><br />
<br />
<b>Warning</b>:  file_put_contents(C:\xampp\htdocs\Medical_E-CARD\authority\amr\cache\mask_4\mask_21_4.dat): failed to open stream: No such file or directory in <b>C:\xampp\htdocs\Medical_E-CARD\authority\amr\qrmask.php</b> on line <b>155</b><br />
<br />
<b>Warning</b>:  mkdir(): No such file or directory in <b>C:\xampp\htdocs\Medical_E-CARD\authority\amr\qrmask.php</b> on line <b>154</b><br />
<br />
<b>Warning</b>:  file_put_contents(C:\xampp\htdocs\Medical_E-CARD\authority\amr\cache\mask_5\mask_21_5.dat): failed to open stream: No such file or directory in <b>C:\xampp\htdocs\Medical_E-CARD\authority\amr\qrmask.php</b> on line <b>155</b><br />
<br />
<b>Warning</b>:  mkdir(): No such file or directory in <b>C:\xampp\htdocs\Medical_E-CARD\authority\amr\qrmask.php</b> on line <b>154</b><br />
<br />
<b>Warning</b>:  file_put_contents(C:\xampp\htdocs\Medical_E-CARD\authority\amr\cache\mask_6\mask_21_6.dat): failed to open stream: No such file or directory in <b>C:\xampp\htdocs\Medical_E-CARD\authority\amr\qrmask.php</b> on line <b>155</b><br />
<br />
<b>Warning</b>:  mkdir(): No such file or directory in <b>C:\xampp\htdocs\Medical_E-CARD\authority\amr\qrmask.php</b> on line <b>154</b><br />
<br />
<b>Warning</b>:  file_put_contents(C:\xampp\htdocs\Medical_E-CARD\authority\amr\cache\mask_7\mask_21_7.dat): failed to open stream: No such file or directory in <b>C:\xampp\htdocs\Medical_E-CARD\authority\amr\qrmask.php</b> on line <b>155</b><br />
2016-11-15 09:38:54: <br />
<b>Warning</b>:  file_put_contents(C:\xampp\htdocs\Medical_E-CARD\authority\amr\cache\frame_1.dat): failed to open stream: No such file or directory in <b>C:\xampp\htdocs\Medical_E-CARD\authority\amr\qrspec.php</b> on line <b>568</b><br />
<br />
<b>Warning</b>:  mkdir(): No such file or directory in <b>C:\xampp\htdocs\Medical_E-CARD\authority\amr\qrmask.php</b> on line <b>154</b><br />
<br />
<b>Warning</b>:  file_put_contents(C:\xampp\htdocs\Medical_E-CARD\authority\amr\cache\mask_0\mask_21_0.dat): failed to open stream: No such file or directory in <b>C:\xampp\htdocs\Medical_E-CARD\authority\amr\qrmask.php</b> on line <b>155</b><br />
<br />
<b>Warning</b>:  mkdir(): No such file or directory in <b>C:\xampp\htdocs\Medical_E-CARD\authority\amr\qrmask.php</b> on line <b>154</b><br />
<br />
<b>Warning</b>:  file_put_contents(C:\xampp\htdocs\Medical_E-CARD\authority\amr\cache\mask_1\mask_21_1.dat): failed to open stream: No such file or directory in <b>C:\xampp\htdocs\Medical_E-CARD\authority\amr\qrmask.php</b> on line <b>155</b><br />
<br />
<b>Warning</b>:  mkdir(): No such file or directory in <b>C:\xampp\htdocs\Medical_E-CARD\authority\amr\qrmask.php</b> on line <b>154</b><br />
<br />
<b>Warning</b>:  file_put_contents(C:\xampp\htdocs\Medical_E-CARD\authority\amr\cache\mask_2\mask_21_2.dat): failed to open stream: No such file or directory in <b>C:\xampp\htdocs\Medical_E-CARD\authority\amr\qrmask.php</b> on line <b>155</b><br />
<br />
<b>Warning</b>:  mkdir(): No such file or directory in <b>C:\xampp\htdocs\Medical_E-CARD\authority\amr\qrmask.php</b> on line <b>154</b><br />
<br />
<b>Warning</b>:  file_put_contents(C:\xampp\htdocs\Medical_E-CARD\authority\amr\cache\mask_3\mask_21_3.dat): failed to open stream: No such file or directory in <b>C:\xampp\htdocs\Medical_E-CARD\authority\amr\qrmask.php</b> on line <b>155</b><br />
<br />
<b>Warning</b>:  mkdir(): No such file or directory in <b>C:\xampp\htdocs\Medical_E-CARD\authority\amr\qrmask.php</b> on line <b>154</b><br />
<br />
<b>Warning</b>:  file_put_contents(C:\xampp\htdocs\Medical_E-CARD\authority\amr\cache\mask_4\mask_21_4.dat): failed to open stream: No such file or directory in <b>C:\xampp\htdocs\Medical_E-CARD\authority\amr\qrmask.php</b> on line <b>155</b><br />
<br />
<b>Warning</b>:  mkdir(): No such file or directory in <b>C:\xampp\htdocs\Medical_E-CARD\authority\amr\qrmask.php</b> on line <b>154</b><br />
<br />
<b>Warning</b>:  file_put_contents(C:\xampp\htdocs\Medical_E-CARD\authority\amr\cache\mask_5\mask_21_5.dat): failed to open stream: No such file or directory in <b>C:\xampp\htdocs\Medical_E-CARD\authority\amr\qrmask.php</b> on line <b>155</b><br />
<br />
<b>Warning</b>:  mkdir(): No such file or directory in <b>C:\xampp\htdocs\Medical_E-CARD\authority\amr\qrmask.php</b> on line <b>154</b><br />
<br />
<b>Warning</b>:  file_put_contents(C:\xampp\htdocs\Medical_E-CARD\authority\amr\cache\mask_6\mask_21_6.dat): failed to open stream: No such file or directory in <b>C:\xampp\htdocs\Medical_E-CARD\authority\amr\qrmask.php</b> on line <b>155</b><br />
<br />
<b>Warning</b>:  mkdir(): No such file or directory in <b>C:\xampp\htdocs\Medical_E-CARD\authority\amr\qrmask.php</b> on line <b>154</b><br />
<br />
<b>Warning</b>:  file_put_contents(C:\xampp\htdocs\Medical_E-CARD\authority\amr\cache\mask_7\mask_21_7.dat): failed to open stream: No such file or directory in <b>C:\xampp\htdocs\Medical_E-CARD\authority\amr\qrmask.php</b> on line <b>155</b><br />
2016-11-15 09:39:57: <br />
<b>Warning</b>:  file_put_contents(C:\xampp\htdocs\Medical_E-CARD\authority\amr\cache\frame_1.dat): failed to open stream: No such file or directory in <b>C:\xampp\htdocs\Medical_E-CARD\authority\amr\qrspec.php</b> on line <b>568</b><br />
<br />
<b>Warning</b>:  mkdir(): No such file or directory in <b>C:\xampp\htdocs\Medical_E-CARD\authority\amr\qrmask.php</b> on line <b>154</b><br />
<br />
<b>Warning</b>:  file_put_contents(C:\xampp\htdocs\Medical_E-CARD\authority\amr\cache\mask_0\mask_21_0.dat): failed to open stream: No such file or directory in <b>C:\xampp\htdocs\Medical_E-CARD\authority\amr\qrmask.php</b> on line <b>155</b><br />
<br />
<b>Warning</b>:  mkdir(): No such file or directory in <b>C:\xampp\htdocs\Medical_E-CARD\authority\amr\qrmask.php</b> on line <b>154</b><br />
<br />
<b>Warning</b>:  file_put_contents(C:\xampp\htdocs\Medical_E-CARD\authority\amr\cache\mask_1\mask_21_1.dat): failed to open stream: No such file or directory in <b>C:\xampp\htdocs\Medical_E-CARD\authority\amr\qrmask.php</b> on line <b>155</b><br />
<br />
<b>Warning</b>:  mkdir(): No such file or directory in <b>C:\xampp\htdocs\Medical_E-CARD\authority\amr\qrmask.php</b> on line <b>154</b><br />
<br />
<b>Warning</b>:  file_put_contents(C:\xampp\htdocs\Medical_E-CARD\authority\amr\cache\mask_2\mask_21_2.dat): failed to open stream: No such file or directory in <b>C:\xampp\htdocs\Medical_E-CARD\authority\amr\qrmask.php</b> on line <b>155</b><br />
<br />
<b>Warning</b>:  mkdir(): No such file or directory in <b>C:\xampp\htdocs\Medical_E-CARD\authority\amr\qrmask.php</b> on line <b>154</b><br />
<br />
<b>Warning</b>:  file_put_contents(C:\xampp\htdocs\Medical_E-CARD\authority\amr\cache\mask_3\mask_21_3.dat): failed to open stream: No such file or directory in <b>C:\xampp\htdocs\Medical_E-CARD\authority\amr\qrmask.php</b> on line <b>155</b><br />
<br />
<b>Warning</b>:  mkdir(): No such file or directory in <b>C:\xampp\htdocs\Medical_E-CARD\authority\amr\qrmask.php</b> on line <b>154</b><br />
<br />
<b>Warning</b>:  file_put_contents(C:\xampp\htdocs\Medical_E-CARD\authority\amr\cache\mask_4\mask_21_4.dat): failed to open stream: No such file or directory in <b>C:\xampp\htdocs\Medical_E-CARD\authority\amr\qrmask.php</b> on line <b>155</b><br />
<br />
<b>Warning</b>:  mkdir(): No such file or directory in <b>C:\xampp\htdocs\Medical_E-CARD\authority\amr\qrmask.php</b> on line <b>154</b><br />
<br />
<b>Warning</b>:  file_put_contents(C:\xampp\htdocs\Medical_E-CARD\authority\amr\cache\mask_5\mask_21_5.dat): failed to open stream: No such file or directory in <b>C:\xampp\htdocs\Medical_E-CARD\authority\amr\qrmask.php</b> on line <b>155</b><br />
<br />
<b>Warning</b>:  mkdir(): No such file or directory in <b>C:\xampp\htdocs\Medical_E-CARD\authority\amr\qrmask.php</b> on line <b>154</b><br />
<br />
<b>Warning</b>:  file_put_contents(C:\xampp\htdocs\Medical_E-CARD\authority\amr\cache\mask_6\mask_21_6.dat): failed to open stream: No such file or directory in <b>C:\xampp\htdocs\Medical_E-CARD\authority\amr\qrmask.php</b> on line <b>155</b><br />
<br />
<b>Warning</b>:  mkdir(): No such file or directory in <b>C:\xampp\htdocs\Medical_E-CARD\authority\amr\qrmask.php</b> on line <b>154</b><br />
<br />
<b>Warning</b>:  file_put_contents(C:\xampp\htdocs\Medical_E-CARD\authority\amr\cache\mask_7\mask_21_7.dat): failed to open stream: No such file or directory in <b>C:\xampp\htdocs\Medical_E-CARD\authority\amr\qrmask.php</b> on line <b>155</b><br />
2016-11-15 09:40:16: <br />
<b>Warning</b>:  file_put_contents(C:\xampp\htdocs\Medical_E-CARD\authority\amr\cache\frame_1.dat): failed to open stream: No such file or directory in <b>C:\xampp\htdocs\Medical_E-CARD\authority\amr\qrspec.php</b> on line <b>568</b><br />
<br />
<b>Warning</b>:  mkdir(): No such file or directory in <b>C:\xampp\htdocs\Medical_E-CARD\authority\amr\qrmask.php</b> on line <b>154</b><br />
<br />
<b>Warning</b>:  file_put_contents(C:\xampp\htdocs\Medical_E-CARD\authority\amr\cache\mask_0\mask_21_0.dat): failed to open stream: No such file or directory in <b>C:\xampp\htdocs\Medical_E-CARD\authority\amr\qrmask.php</b> on line <b>155</b><br />
<br />
<b>Warning</b>:  mkdir(): No such file or directory in <b>C:\xampp\htdocs\Medical_E-CARD\authority\amr\qrmask.php</b> on line <b>154</b><br />
<br />
<b>Warning</b>:  file_put_contents(C:\xampp\htdocs\Medical_E-CARD\authority\amr\cache\mask_1\mask_21_1.dat): failed to open stream: No such file or directory in <b>C:\xampp\htdocs\Medical_E-CARD\authority\amr\qrmask.php</b> on line <b>155</b><br />
<br />
<b>Warning</b>:  mkdir(): No such file or directory in <b>C:\xampp\htdocs\Medical_E-CARD\authority\amr\qrmask.php</b> on line <b>154</b><br />
<br />
<b>Warning</b>:  file_put_contents(C:\xampp\htdocs\Medical_E-CARD\authority\amr\cache\mask_2\mask_21_2.dat): failed to open stream: No such file or directory in <b>C:\xampp\htdocs\Medical_E-CARD\authority\amr\qrmask.php</b> on line <b>155</b><br />
<br />
<b>Warning</b>:  mkdir(): No such file or directory in <b>C:\xampp\htdocs\Medical_E-CARD\authority\amr\qrmask.php</b> on line <b>154</b><br />
<br />
<b>Warning</b>:  file_put_contents(C:\xampp\htdocs\Medical_E-CARD\authority\amr\cache\mask_3\mask_21_3.dat): failed to open stream: No such file or directory in <b>C:\xampp\htdocs\Medical_E-CARD\authority\amr\qrmask.php</b> on line <b>155</b><br />
<br />
<b>Warning</b>:  mkdir(): No such file or directory in <b>C:\xampp\htdocs\Medical_E-CARD\authority\amr\qrmask.php</b> on line <b>154</b><br />
<br />
<b>Warning</b>:  file_put_contents(C:\xampp\htdocs\Medical_E-CARD\authority\amr\cache\mask_4\mask_21_4.dat): failed to open stream: No such file or directory in <b>C:\xampp\htdocs\Medical_E-CARD\authority\amr\qrmask.php</b> on line <b>155</b><br />
<br />
<b>Warning</b>:  mkdir(): No such file or directory in <b>C:\xampp\htdocs\Medical_E-CARD\authority\amr\qrmask.php</b> on line <b>154</b><br />
<br />
<b>Warning</b>:  file_put_contents(C:\xampp\htdocs\Medical_E-CARD\authority\amr\cache\mask_5\mask_21_5.dat): failed to open stream: No such file or directory in <b>C:\xampp\htdocs\Medical_E-CARD\authority\amr\qrmask.php</b> on line <b>155</b><br />
<br />
<b>Warning</b>:  mkdir(): No such file or directory in <b>C:\xampp\htdocs\Medical_E-CARD\authority\amr\qrmask.php</b> on line <b>154</b><br />
<br />
<b>Warning</b>:  file_put_contents(C:\xampp\htdocs\Medical_E-CARD\authority\amr\cache\mask_6\mask_21_6.dat): failed to open stream: No such file or directory in <b>C:\xampp\htdocs\Medical_E-CARD\authority\amr\qrmask.php</b> on line <b>155</b><br />
<br />
<b>Warning</b>:  mkdir(): No such file or directory in <b>C:\xampp\htdocs\Medical_E-CARD\authority\amr\qrmask.php</b> on line <b>154</b><br />
<br />
<b>Warning</b>:  file_put_contents(C:\xampp\htdocs\Medical_E-CARD\authority\amr\cache\mask_7\mask_21_7.dat): failed to open stream: No such file or directory in <b>C:\xampp\htdocs\Medical_E-CARD\authority\amr\qrmask.php</b> on line <b>155</b><br />
2016-11-15 09:40:59: <br />
<b>Warning</b>:  file_put_contents(C:\xampp\htdocs\Medical_E-CARD\authority\amr\cache\frame_1.dat): failed to open stream: No such file or directory in <b>C:\xampp\htdocs\Medical_E-CARD\authority\amr\qrspec.php</b> on line <b>568</b><br />
<br />
<b>Warning</b>:  mkdir(): No such file or directory in <b>C:\xampp\htdocs\Medical_E-CARD\authority\amr\qrmask.php</b> on line <b>154</b><br />
<br />
<b>Warning</b>:  file_put_contents(C:\xampp\htdocs\Medical_E-CARD\authority\amr\cache\mask_0\mask_21_0.dat): failed to open stream: No such file or directory in <b>C:\xampp\htdocs\Medical_E-CARD\authority\amr\qrmask.php</b> on line <b>155</b><br />
<br />
<b>Warning</b>:  mkdir(): No such file or directory in <b>C:\xampp\htdocs\Medical_E-CARD\authority\amr\qrmask.php</b> on line <b>154</b><br />
<br />
<b>Warning</b>:  file_put_contents(C:\xampp\htdocs\Medical_E-CARD\authority\amr\cache\mask_1\mask_21_1.dat): failed to open stream: No such file or directory in <b>C:\xampp\htdocs\Medical_E-CARD\authority\amr\qrmask.php</b> on line <b>155</b><br />
<br />
<b>Warning</b>:  mkdir(): No such file or directory in <b>C:\xampp\htdocs\Medical_E-CARD\authority\amr\qrmask.php</b> on line <b>154</b><br />
<br />
<b>Warning</b>:  file_put_contents(C:\xampp\htdocs\Medical_E-CARD\authority\amr\cache\mask_2\mask_21_2.dat): failed to open stream: No such file or directory in <b>C:\xampp\htdocs\Medical_E-CARD\authority\amr\qrmask.php</b> on line <b>155</b><br />
<br />
<b>Warning</b>:  mkdir(): No such file or directory in <b>C:\xampp\htdocs\Medical_E-CARD\authority\amr\qrmask.php</b> on line <b>154</b><br />
<br />
<b>Warning</b>:  file_put_contents(C:\xampp\htdocs\Medical_E-CARD\authority\amr\cache\mask_3\mask_21_3.dat): failed to open stream: No such file or directory in <b>C:\xampp\htdocs\Medical_E-CARD\authority\amr\qrmask.php</b> on line <b>155</b><br />
<br />
<b>Warning</b>:  mkdir(): No such file or directory in <b>C:\xampp\htdocs\Medical_E-CARD\authority\amr\qrmask.php</b> on line <b>154</b><br />
<br />
<b>Warning</b>:  file_put_contents(C:\xampp\htdocs\Medical_E-CARD\authority\amr\cache\mask_4\mask_21_4.dat): failed to open stream: No such file or directory in <b>C:\xampp\htdocs\Medical_E-CARD\authority\amr\qrmask.php</b> on line <b>155</b><br />
<br />
<b>Warning</b>:  mkdir(): No such file or directory in <b>C:\xampp\htdocs\Medical_E-CARD\authority\amr\qrmask.php</b> on line <b>154</b><br />
<br />
<b>Warning</b>:  file_put_contents(C:\xampp\htdocs\Medical_E-CARD\authority\amr\cache\mask_5\mask_21_5.dat): failed to open stream: No such file or directory in <b>C:\xampp\htdocs\Medical_E-CARD\authority\amr\qrmask.php</b> on line <b>155</b><br />
<br />
<b>Warning</b>:  mkdir(): No such file or directory in <b>C:\xampp\htdocs\Medical_E-CARD\authority\amr\qrmask.php</b> on line <b>154</b><br />
<br />
<b>Warning</b>:  file_put_contents(C:\xampp\htdocs\Medical_E-CARD\authority\amr\cache\mask_6\mask_21_6.dat): failed to open stream: No such file or directory in <b>C:\xampp\htdocs\Medical_E-CARD\authority\amr\qrmask.php</b> on line <b>155</b><br />
<br />
<b>Warning</b>:  mkdir(): No such file or directory in <b>C:\xampp\htdocs\Medical_E-CARD\authority\amr\qrmask.php</b> on line <b>154</b><br />
<br />
<b>Warning</b>:  file_put_contents(C:\xampp\htdocs\Medical_E-CARD\authority\amr\cache\mask_7\mask_21_7.dat): failed to open stream: No such file or directory in <b>C:\xampp\htdocs\Medical_E-CARD\authority\amr\qrmask.php</b> on line <b>155</b><br />
2016-11-15 09:47:34: <br />
<b>Warning</b>:  file_put_contents(C:\xampp\htdocs\Medical_E-CARD\authority\amr\cache\frame_1.dat): failed to open stream: No such file or directory in <b>C:\xampp\htdocs\Medical_E-CARD\authority\amr\qrspec.php</b> on line <b>568</b><br />
<br />
<b>Warning</b>:  mkdir(): No such file or directory in <b>C:\xampp\htdocs\Medical_E-CARD\authority\amr\qrmask.php</b> on line <b>154</b><br />
<br />
<b>Warning</b>:  file_put_contents(C:\xampp\htdocs\Medical_E-CARD\authority\amr\cache\mask_0\mask_21_0.dat): failed to open stream: No such file or directory in <b>C:\xampp\htdocs\Medical_E-CARD\authority\amr\qrmask.php</b> on line <b>155</b><br />
<br />
<b>Warning</b>:  mkdir(): No such file or directory in <b>C:\xampp\htdocs\Medical_E-CARD\authority\amr\qrmask.php</b> on line <b>154</b><br />
<br />
<b>Warning</b>:  file_put_contents(C:\xampp\htdocs\Medical_E-CARD\authority\amr\cache\mask_1\mask_21_1.dat): failed to open stream: No such file or directory in <b>C:\xampp\htdocs\Medical_E-CARD\authority\amr\qrmask.php</b> on line <b>155</b><br />
<br />
<b>Warning</b>:  mkdir(): No such file or directory in <b>C:\xampp\htdocs\Medical_E-CARD\authority\amr\qrmask.php</b> on line <b>154</b><br />
<br />
<b>Warning</b>:  file_put_contents(C:\xampp\htdocs\Medical_E-CARD\authority\amr\cache\mask_2\mask_21_2.dat): failed to open stream: No such file or directory in <b>C:\xampp\htdocs\Medical_E-CARD\authority\amr\qrmask.php</b> on line <b>155</b><br />
<br />
<b>Warning</b>:  mkdir(): No such file or directory in <b>C:\xampp\htdocs\Medical_E-CARD\authority\amr\qrmask.php</b> on line <b>154</b><br />
<br />
<b>Warning</b>:  file_put_contents(C:\xampp\htdocs\Medical_E-CARD\authority\amr\cache\mask_3\mask_21_3.dat): failed to open stream: No such file or directory in <b>C:\xampp\htdocs\Medical_E-CARD\authority\amr\qrmask.php</b> on line <b>155</b><br />
<br />
<b>Warning</b>:  mkdir(): No such file or directory in <b>C:\xampp\htdocs\Medical_E-CARD\authority\amr\qrmask.php</b> on line <b>154</b><br />
<br />
<b>Warning</b>:  file_put_contents(C:\xampp\htdocs\Medical_E-CARD\authority\amr\cache\mask_4\mask_21_4.dat): failed to open stream: No such file or directory in <b>C:\xampp\htdocs\Medical_E-CARD\authority\amr\qrmask.php</b> on line <b>155</b><br />
<br />
<b>Warning</b>:  mkdir(): No such file or directory in <b>C:\xampp\htdocs\Medical_E-CARD\authority\amr\qrmask.php</b> on line <b>154</b><br />
<br />
<b>Warning</b>:  file_put_contents(C:\xampp\htdocs\Medical_E-CARD\authority\amr\cache\mask_5\mask_21_5.dat): failed to open stream: No such file or directory in <b>C:\xampp\htdocs\Medical_E-CARD\authority\amr\qrmask.php</b> on line <b>155</b><br />
<br />
<b>Warning</b>:  mkdir(): No such file or directory in <b>C:\xampp\htdocs\Medical_E-CARD\authority\amr\qrmask.php</b> on line <b>154</b><br />
<br />
<b>Warning</b>:  file_put_contents(C:\xampp\htdocs\Medical_E-CARD\authority\amr\cache\mask_6\mask_21_6.dat): failed to open stream: No such file or directory in <b>C:\xampp\htdocs\Medical_E-CARD\authority\amr\qrmask.php</b> on line <b>155</b><br />
<br />
<b>Warning</b>:  mkdir(): No such file or directory in <b>C:\xampp\htdocs\Medical_E-CARD\authority\amr\qrmask.php</b> on line <b>154</b><br />
<br />
<b>Warning</b>:  file_put_contents(C:\xampp\htdocs\Medical_E-CARD\authority\amr\cache\mask_7\mask_21_7.dat): failed to open stream: No such file or directory in <b>C:\xampp\htdocs\Medical_E-CARD\authority\amr\qrmask.php</b> on line <b>155</b><br />
2016-11-17 07:10:30: <br />
<b>Warning</b>:  file_put_contents(C:\xampp\htdocs\Medical_E-CARD\authority\amr\cache\frame_1.dat): failed to open stream: No such file or directory in <b>C:\xampp\htdocs\Medical_E-CARD\authority\amr\qrspec.php</b> on line <b>568</b><br />
<br />
<b>Warning</b>:  mkdir(): No such file or directory in <b>C:\xampp\htdocs\Medical_E-CARD\authority\amr\qrmask.php</b> on line <b>154</b><br />
<br />
<b>Warning</b>:  file_put_contents(C:\xampp\htdocs\Medical_E-CARD\authority\amr\cache\mask_0\mask_21_0.dat): failed to open stream: No such file or directory in <b>C:\xampp\htdocs\Medical_E-CARD\authority\amr\qrmask.php</b> on line <b>155</b><br />
<br />
<b>Warning</b>:  mkdir(): No such file or directory in <b>C:\xampp\htdocs\Medical_E-CARD\authority\amr\qrmask.php</b> on line <b>154</b><br />
<br />
<b>Warning</b>:  file_put_contents(C:\xampp\htdocs\Medical_E-CARD\authority\amr\cache\mask_1\mask_21_1.dat): failed to open stream: No such file or directory in <b>C:\xampp\htdocs\Medical_E-CARD\authority\amr\qrmask.php</b> on line <b>155</b><br />
<br />
<b>Warning</b>:  mkdir(): No such file or directory in <b>C:\xampp\htdocs\Medical_E-CARD\authority\amr\qrmask.php</b> on line <b>154</b><br />
<br />
<b>Warning</b>:  file_put_contents(C:\xampp\htdocs\Medical_E-CARD\authority\amr\cache\mask_2\mask_21_2.dat): failed to open stream: No such file or directory in <b>C:\xampp\htdocs\Medical_E-CARD\authority\amr\qrmask.php</b> on line <b>155</b><br />
<br />
<b>Warning</b>:  mkdir(): No such file or directory in <b>C:\xampp\htdocs\Medical_E-CARD\authority\amr\qrmask.php</b> on line <b>154</b><br />
<br />
<b>Warning</b>:  file_put_contents(C:\xampp\htdocs\Medical_E-CARD\authority\amr\cache\mask_3\mask_21_3.dat): failed to open stream: No such file or directory in <b>C:\xampp\htdocs\Medical_E-CARD\authority\amr\qrmask.php</b> on line <b>155</b><br />
<br />
<b>Warning</b>:  mkdir(): No such file or directory in <b>C:\xampp\htdocs\Medical_E-CARD\authority\amr\qrmask.php</b> on line <b>154</b><br />
<br />
<b>Warning</b>:  file_put_contents(C:\xampp\htdocs\Medical_E-CARD\authority\amr\cache\mask_4\mask_21_4.dat): failed to open stream: No such file or directory in <b>C:\xampp\htdocs\Medical_E-CARD\authority\amr\qrmask.php</b> on line <b>155</b><br />
<br />
<b>Warning</b>:  mkdir(): No such file or directory in <b>C:\xampp\htdocs\Medical_E-CARD\authority\amr\qrmask.php</b> on line <b>154</b><br />
<br />
<b>Warning</b>:  file_put_contents(C:\xampp\htdocs\Medical_E-CARD\authority\amr\cache\mask_5\mask_21_5.dat): failed to open stream: No such file or directory in <b>C:\xampp\htdocs\Medical_E-CARD\authority\amr\qrmask.php</b> on line <b>155</b><br />
<br />
<b>Warning</b>:  mkdir(): No such file or directory in <b>C:\xampp\htdocs\Medical_E-CARD\authority\amr\qrmask.php</b> on line <b>154</b><br />
<br />
<b>Warning</b>:  file_put_contents(C:\xampp\htdocs\Medical_E-CARD\authority\amr\cache\mask_6\mask_21_6.dat): failed to open stream: No such file or directory in <b>C:\xampp\htdocs\Medical_E-CARD\authority\amr\qrmask.php</b> on line <b>155</b><br />
<br />
<b>Warning</b>:  mkdir(): No such file or directory in <b>C:\xampp\htdocs\Medical_E-CARD\authority\amr\qrmask.php</b> on line <b>154</b><br />
<br />
<b>Warning</b>:  file_put_contents(C:\xampp\htdocs\Medical_E-CARD\authority\amr\cache\mask_7\mask_21_7.dat): failed to open stream: No such file or directory in <b>C:\xampp\htdocs\Medical_E-CARD\authority\amr\qrmask.php</b> on line <b>155</b><br />
2016-11-17 07:10:41: <br />
<b>Warning</b>:  file_put_contents(C:\xampp\htdocs\Medical_E-CARD\authority\amr\cache\frame_1.dat): failed to open stream: No such file or directory in <b>C:\xampp\htdocs\Medical_E-CARD\authority\amr\qrspec.php</b> on line <b>568</b><br />
<br />
<b>Warning</b>:  mkdir(): No such file or directory in <b>C:\xampp\htdocs\Medical_E-CARD\authority\amr\qrmask.php</b> on line <b>154</b><br />
<br />
<b>Warning</b>:  file_put_contents(C:\xampp\htdocs\Medical_E-CARD\authority\amr\cache\mask_0\mask_21_0.dat): failed to open stream: No such file or directory in <b>C:\xampp\htdocs\Medical_E-CARD\authority\amr\qrmask.php</b> on line <b>155</b><br />
<br />
<b>Warning</b>:  mkdir(): No such file or directory in <b>C:\xampp\htdocs\Medical_E-CARD\authority\amr\qrmask.php</b> on line <b>154</b><br />
<br />
<b>Warning</b>:  file_put_contents(C:\xampp\htdocs\Medical_E-CARD\authority\amr\cache\mask_1\mask_21_1.dat): failed to open stream: No such file or directory in <b>C:\xampp\htdocs\Medical_E-CARD\authority\amr\qrmask.php</b> on line <b>155</b><br />
<br />
<b>Warning</b>:  mkdir(): No such file or directory in <b>C:\xampp\htdocs\Medical_E-CARD\authority\amr\qrmask.php</b> on line <b>154</b><br />
<br />
<b>Warning</b>:  file_put_contents(C:\xampp\htdocs\Medical_E-CARD\authority\amr\cache\mask_2\mask_21_2.dat): failed to open stream: No such file or directory in <b>C:\xampp\htdocs\Medical_E-CARD\authority\amr\qrmask.php</b> on line <b>155</b><br />
<br />
<b>Warning</b>:  mkdir(): No such file or directory in <b>C:\xampp\htdocs\Medical_E-CARD\authority\amr\qrmask.php</b> on line <b>154</b><br />
<br />
<b>Warning</b>:  file_put_contents(C:\xampp\htdocs\Medical_E-CARD\authority\amr\cache\mask_3\mask_21_3.dat): failed to open stream: No such file or directory in <b>C:\xampp\htdocs\Medical_E-CARD\authority\amr\qrmask.php</b> on line <b>155</b><br />
<br />
<b>Warning</b>:  mkdir(): No such file or directory in <b>C:\xampp\htdocs\Medical_E-CARD\authority\amr\qrmask.php</b> on line <b>154</b><br />
<br />
<b>Warning</b>:  file_put_contents(C:\xampp\htdocs\Medical_E-CARD\authority\amr\cache\mask_4\mask_21_4.dat): failed to open stream: No such file or directory in <b>C:\xampp\htdocs\Medical_E-CARD\authority\amr\qrmask.php</b> on line <b>155</b><br />
<br />
<b>Warning</b>:  mkdir(): No such file or directory in <b>C:\xampp\htdocs\Medical_E-CARD\authority\amr\qrmask.php</b> on line <b>154</b><br />
<br />
<b>Warning</b>:  file_put_contents(C:\xampp\htdocs\Medical_E-CARD\authority\amr\cache\mask_5\mask_21_5.dat): failed to open stream: No such file or directory in <b>C:\xampp\htdocs\Medical_E-CARD\authority\amr\qrmask.php</b> on line <b>155</b><br />
<br />
<b>Warning</b>:  mkdir(): No such file or directory in <b>C:\xampp\htdocs\Medical_E-CARD\authority\amr\qrmask.php</b> on line <b>154</b><br />
<br />
<b>Warning</b>:  file_put_contents(C:\xampp\htdocs\Medical_E-CARD\authority\amr\cache\mask_6\mask_21_6.dat): failed to open stream: No such file or directory in <b>C:\xampp\htdocs\Medical_E-CARD\authority\amr\qrmask.php</b> on line <b>155</b><br />
<br />
<b>Warning</b>:  mkdir(): No such file or directory in <b>C:\xampp\htdocs\Medical_E-CARD\authority\amr\qrmask.php</b> on line <b>154</b><br />
<br />
<b>Warning</b>:  file_put_contents(C:\xampp\htdocs\Medical_E-CARD\authority\amr\cache\mask_7\mask_21_7.dat): failed to open stream: No such file or directory in <b>C:\xampp\htdocs\Medical_E-CARD\authority\amr\qrmask.php</b> on line <b>155</b><br />
2016-11-17 11:12:34: <br />
<b>Warning</b>:  file_put_contents(C:\xampp\htdocs\Medical_E-CARD\authority\amr\cache\frame_1.dat): failed to open stream: No such file or directory in <b>C:\xampp\htdocs\Medical_E-CARD\authority\amr\qrspec.php</b> on line <b>568</b><br />
<br />
<b>Warning</b>:  mkdir(): No such file or directory in <b>C:\xampp\htdocs\Medical_E-CARD\authority\amr\qrmask.php</b> on line <b>154</b><br />
<br />
<b>Warning</b>:  file_put_contents(C:\xampp\htdocs\Medical_E-CARD\authority\amr\cache\mask_0\mask_21_0.dat): failed to open stream: No such file or directory in <b>C:\xampp\htdocs\Medical_E-CARD\authority\amr\qrmask.php</b> on line <b>155</b><br />
<br />
<b>Warning</b>:  mkdir(): No such file or directory in <b>C:\xampp\htdocs\Medical_E-CARD\authority\amr\qrmask.php</b> on line <b>154</b><br />
<br />
<b>Warning</b>:  file_put_contents(C:\xampp\htdocs\Medical_E-CARD\authority\amr\cache\mask_1\mask_21_1.dat): failed to open stream: No such file or directory in <b>C:\xampp\htdocs\Medical_E-CARD\authority\amr\qrmask.php</b> on line <b>155</b><br />
<br />
<b>Warning</b>:  mkdir(): No such file or directory in <b>C:\xampp\htdocs\Medical_E-CARD\authority\amr\qrmask.php</b> on line <b>154</b><br />
<br />
<b>Warning</b>:  file_put_contents(C:\xampp\htdocs\Medical_E-CARD\authority\amr\cache\mask_2\mask_21_2.dat): failed to open stream: No such file or directory in <b>C:\xampp\htdocs\Medical_E-CARD\authority\amr\qrmask.php</b> on line <b>155</b><br />
<br />
<b>Warning</b>:  mkdir(): No such file or directory in <b>C:\xampp\htdocs\Medical_E-CARD\authority\amr\qrmask.php</b> on line <b>154</b><br />
<br />
<b>Warning</b>:  file_put_contents(C:\xampp\htdocs\Medical_E-CARD\authority\amr\cache\mask_3\mask_21_3.dat): failed to open stream: No such file or directory in <b>C:\xampp\htdocs\Medical_E-CARD\authority\amr\qrmask.php</b> on line <b>155</b><br />
<br />
<b>Warning</b>:  mkdir(): No such file or directory in <b>C:\xampp\htdocs\Medical_E-CARD\authority\amr\qrmask.php</b> on line <b>154</b><br />
<br />
<b>Warning</b>:  file_put_contents(C:\xampp\htdocs\Medical_E-CARD\authority\amr\cache\mask_4\mask_21_4.dat): failed to open stream: No such file or directory in <b>C:\xampp\htdocs\Medical_E-CARD\authority\amr\qrmask.php</b> on line <b>155</b><br />
<br />
<b>Warning</b>:  mkdir(): No such file or directory in <b>C:\xampp\htdocs\Medical_E-CARD\authority\amr\qrmask.php</b> on line <b>154</b><br />
<br />
<b>Warning</b>:  file_put_contents(C:\xampp\htdocs\Medical_E-CARD\authority\amr\cache\mask_5\mask_21_5.dat): failed to open stream: No such file or directory in <b>C:\xampp\htdocs\Medical_E-CARD\authority\amr\qrmask.php</b> on line <b>155</b><br />
<br />
<b>Warning</b>:  mkdir(): No such file or directory in <b>C:\xampp\htdocs\Medical_E-CARD\authority\amr\qrmask.php</b> on line <b>154</b><br />
<br />
<b>Warning</b>:  file_put_contents(C:\xampp\htdocs\Medical_E-CARD\authority\amr\cache\mask_6\mask_21_6.dat): failed to open stream: No such file or directory in <b>C:\xampp\htdocs\Medical_E-CARD\authority\amr\qrmask.php</b> on line <b>155</b><br />
<br />
<b>Warning</b>:  mkdir(): No such file or directory in <b>C:\xampp\htdocs\Medical_E-CARD\authority\amr\qrmask.php</b> on line <b>154</b><br />
<br />
<b>Warning</b>:  file_put_contents(C:\xampp\htdocs\Medical_E-CARD\authority\amr\cache\mask_7\mask_21_7.dat): failed to open stream: No such file or directory in <b>C:\xampp\htdocs\Medical_E-CARD\authority\amr\qrmask.php</b> on line <b>155</b><br />
2016-11-17 11:13:22: <br />
<b>Warning</b>:  file_put_contents(C:\xampp\htdocs\Medical_E-CARD\authority\amr\cache\frame_1.dat): failed to open stream: No such file or directory in <b>C:\xampp\htdocs\Medical_E-CARD\authority\amr\qrspec.php</b> on line <b>568</b><br />
<br />
<b>Warning</b>:  mkdir(): No such file or directory in <b>C:\xampp\htdocs\Medical_E-CARD\authority\amr\qrmask.php</b> on line <b>154</b><br />
<br />
<b>Warning</b>:  file_put_contents(C:\xampp\htdocs\Medical_E-CARD\authority\amr\cache\mask_0\mask_21_0.dat): failed to open stream: No such file or directory in <b>C:\xampp\htdocs\Medical_E-CARD\authority\amr\qrmask.php</b> on line <b>155</b><br />
<br />
<b>Warning</b>:  mkdir(): No such file or directory in <b>C:\xampp\htdocs\Medical_E-CARD\authority\amr\qrmask.php</b> on line <b>154</b><br />
<br />
<b>Warning</b>:  file_put_contents(C:\xampp\htdocs\Medical_E-CARD\authority\amr\cache\mask_1\mask_21_1.dat): failed to open stream: No such file or directory in <b>C:\xampp\htdocs\Medical_E-CARD\authority\amr\qrmask.php</b> on line <b>155</b><br />
<br />
<b>Warning</b>:  mkdir(): No such file or directory in <b>C:\xampp\htdocs\Medical_E-CARD\authority\amr\qrmask.php</b> on line <b>154</b><br />
<br />
<b>Warning</b>:  file_put_contents(C:\xampp\htdocs\Medical_E-CARD\authority\amr\cache\mask_2\mask_21_2.dat): failed to open stream: No such file or directory in <b>C:\xampp\htdocs\Medical_E-CARD\authority\amr\qrmask.php</b> on line <b>155</b><br />
<br />
<b>Warning</b>:  mkdir(): No such file or directory in <b>C:\xampp\htdocs\Medical_E-CARD\authority\amr\qrmask.php</b> on line <b>154</b><br />
<br />
<b>Warning</b>:  file_put_contents(C:\xampp\htdocs\Medical_E-CARD\authority\amr\cache\mask_3\mask_21_3.dat): failed to open stream: No such file or directory in <b>C:\xampp\htdocs\Medical_E-CARD\authority\amr\qrmask.php</b> on line <b>155</b><br />
<br />
<b>Warning</b>:  mkdir(): No such file or directory in <b>C:\xampp\htdocs\Medical_E-CARD\authority\amr\qrmask.php</b> on line <b>154</b><br />
<br />
<b>Warning</b>:  file_put_contents(C:\xampp\htdocs\Medical_E-CARD\authority\amr\cache\mask_4\mask_21_4.dat): failed to open stream: No such file or directory in <b>C:\xampp\htdocs\Medical_E-CARD\authority\amr\qrmask.php</b> on line <b>155</b><br />
<br />
<b>Warning</b>:  mkdir(): No such file or directory in <b>C:\xampp\htdocs\Medical_E-CARD\authority\amr\qrmask.php</b> on line <b>154</b><br />
<br />
<b>Warning</b>:  file_put_contents(C:\xampp\htdocs\Medical_E-CARD\authority\amr\cache\mask_5\mask_21_5.dat): failed to open stream: No such file or directory in <b>C:\xampp\htdocs\Medical_E-CARD\authority\amr\qrmask.php</b> on line <b>155</b><br />
<br />
<b>Warning</b>:  mkdir(): No such file or directory in <b>C:\xampp\htdocs\Medical_E-CARD\authority\amr\qrmask.php</b> on line <b>154</b><br />
<br />
<b>Warning</b>:  file_put_contents(C:\xampp\htdocs\Medical_E-CARD\authority\amr\cache\mask_6\mask_21_6.dat): failed to open stream: No such file or directory in <b>C:\xampp\htdocs\Medical_E-CARD\authority\amr\qrmask.php</b> on line <b>155</b><br />
<br />
<b>Warning</b>:  mkdir(): No such file or directory in <b>C:\xampp\htdocs\Medical_E-CARD\authority\amr\qrmask.php</b> on line <b>154</b><br />
<br />
<b>Warning</b>:  file_put_contents(C:\xampp\htdocs\Medical_E-CARD\authority\amr\cache\mask_7\mask_21_7.dat): failed to open stream: No such file or directory in <b>C:\xampp\htdocs\Medical_E-CARD\authority\amr\qrmask.php</b> on line <b>155</b><br />
2016-11-18 12:09:04: <br />
<b>Warning</b>:  file_put_contents(C:\xampp\htdocs\Medical_E-CARD\authority\amr\cache\frame_1.dat): failed to open stream: No such file or directory in <b>C:\xampp\htdocs\Medical_E-CARD\authority\amr\qrspec.php</b> on line <b>568</b><br />
<br />
<b>Warning</b>:  mkdir(): No such file or directory in <b>C:\xampp\htdocs\Medical_E-CARD\authority\amr\qrmask.php</b> on line <b>154</b><br />
<br />
<b>Warning</b>:  file_put_contents(C:\xampp\htdocs\Medical_E-CARD\authority\amr\cache\mask_0\mask_21_0.dat): failed to open stream: No such file or directory in <b>C:\xampp\htdocs\Medical_E-CARD\authority\amr\qrmask.php</b> on line <b>155</b><br />
<br />
<b>Warning</b>:  mkdir(): No such file or directory in <b>C:\xampp\htdocs\Medical_E-CARD\authority\amr\qrmask.php</b> on line <b>154</b><br />
<br />
<b>Warning</b>:  file_put_contents(C:\xampp\htdocs\Medical_E-CARD\authority\amr\cache\mask_1\mask_21_1.dat): failed to open stream: No such file or directory in <b>C:\xampp\htdocs\Medical_E-CARD\authority\amr\qrmask.php</b> on line <b>155</b><br />
<br />
<b>Warning</b>:  mkdir(): No such file or directory in <b>C:\xampp\htdocs\Medical_E-CARD\authority\amr\qrmask.php</b> on line <b>154</b><br />
<br />
<b>Warning</b>:  file_put_contents(C:\xampp\htdocs\Medical_E-CARD\authority\amr\cache\mask_2\mask_21_2.dat): failed to open stream: No such file or directory in <b>C:\xampp\htdocs\Medical_E-CARD\authority\amr\qrmask.php</b> on line <b>155</b><br />
<br />
<b>Warning</b>:  mkdir(): No such file or directory in <b>C:\xampp\htdocs\Medical_E-CARD\authority\amr\qrmask.php</b> on line <b>154</b><br />
<br />
<b>Warning</b>:  file_put_contents(C:\xampp\htdocs\Medical_E-CARD\authority\amr\cache\mask_3\mask_21_3.dat): failed to open stream: No such file or directory in <b>C:\xampp\htdocs\Medical_E-CARD\authority\amr\qrmask.php</b> on line <b>155</b><br />
<br />
<b>Warning</b>:  mkdir(): No such file or directory in <b>C:\xampp\htdocs\Medical_E-CARD\authority\amr\qrmask.php</b> on line <b>154</b><br />
<br />
<b>Warning</b>:  file_put_contents(C:\xampp\htdocs\Medical_E-CARD\authority\amr\cache\mask_4\mask_21_4.dat): failed to open stream: No such file or directory in <b>C:\xampp\htdocs\Medical_E-CARD\authority\amr\qrmask.php</b> on line <b>155</b><br />
<br />
<b>Warning</b>:  mkdir(): No such file or directory in <b>C:\xampp\htdocs\Medical_E-CARD\authority\amr\qrmask.php</b> on line <b>154</b><br />
<br />
<b>Warning</b>:  file_put_contents(C:\xampp\htdocs\Medical_E-CARD\authority\amr\cache\mask_5\mask_21_5.dat): failed to open stream: No such file or directory in <b>C:\xampp\htdocs\Medical_E-CARD\authority\amr\qrmask.php</b> on line <b>155</b><br />
<br />
<b>Warning</b>:  mkdir(): No such file or directory in <b>C:\xampp\htdocs\Medical_E-CARD\authority\amr\qrmask.php</b> on line <b>154</b><br />
<br />
<b>Warning</b>:  file_put_contents(C:\xampp\htdocs\Medical_E-CARD\authority\amr\cache\mask_6\mask_21_6.dat): failed to open stream: No such file or directory in <b>C:\xampp\htdocs\Medical_E-CARD\authority\amr\qrmask.php</b> on line <b>155</b><br />
<br />
<b>Warning</b>:  mkdir(): No such file or directory in <b>C:\xampp\htdocs\Medical_E-CARD\authority\amr\qrmask.php</b> on line <b>154</b><br />
<br />
<b>Warning</b>:  file_put_contents(C:\xampp\htdocs\Medical_E-CARD\authority\amr\cache\mask_7\mask_21_7.dat): failed to open stream: No such file or directory in <b>C:\xampp\htdocs\Medical_E-CARD\authority\amr\qrmask.php</b> on line <b>155</b><br />
2016-11-18 12:09:41: <br />
<b>Warning</b>:  file_put_contents(C:\xampp\htdocs\Medical_E-CARD\authority\amr\cache\frame_1.dat): failed to open stream: No such file or directory in <b>C:\xampp\htdocs\Medical_E-CARD\authority\amr\qrspec.php</b> on line <b>568</b><br />
<br />
<b>Warning</b>:  mkdir(): No such file or directory in <b>C:\xampp\htdocs\Medical_E-CARD\authority\amr\qrmask.php</b> on line <b>154</b><br />
<br />
<b>Warning</b>:  file_put_contents(C:\xampp\htdocs\Medical_E-CARD\authority\amr\cache\mask_0\mask_21_0.dat): failed to open stream: No such file or directory in <b>C:\xampp\htdocs\Medical_E-CARD\authority\amr\qrmask.php</b> on line <b>155</b><br />
<br />
<b>Warning</b>:  mkdir(): No such file or directory in <b>C:\xampp\htdocs\Medical_E-CARD\authority\amr\qrmask.php</b> on line <b>154</b><br />
<br />
<b>Warning</b>:  file_put_contents(C:\xampp\htdocs\Medical_E-CARD\authority\amr\cache\mask_1\mask_21_1.dat): failed to open stream: No such file or directory in <b>C:\xampp\htdocs\Medical_E-CARD\authority\amr\qrmask.php</b> on line <b>155</b><br />
<br />
<b>Warning</b>:  mkdir(): No such file or directory in <b>C:\xampp\htdocs\Medical_E-CARD\authority\amr\qrmask.php</b> on line <b>154</b><br />
<br />
<b>Warning</b>:  file_put_contents(C:\xampp\htdocs\Medical_E-CARD\authority\amr\cache\mask_2\mask_21_2.dat): failed to open stream: No such file or directory in <b>C:\xampp\htdocs\Medical_E-CARD\authority\amr\qrmask.php</b> on line <b>155</b><br />
<br />
<b>Warning</b>:  mkdir(): No such file or directory in <b>C:\xampp\htdocs\Medical_E-CARD\authority\amr\qrmask.php</b> on line <b>154</b><br />
<br />
<b>Warning</b>:  file_put_contents(C:\xampp\htdocs\Medical_E-CARD\authority\amr\cache\mask_3\mask_21_3.dat): failed to open stream: No such file or directory in <b>C:\xampp\htdocs\Medical_E-CARD\authority\amr\qrmask.php</b> on line <b>155</b><br />
<br />
<b>Warning</b>:  mkdir(): No such file or directory in <b>C:\xampp\htdocs\Medical_E-CARD\authority\amr\qrmask.php</b> on line <b>154</b><br />
<br />
<b>Warning</b>:  file_put_contents(C:\xampp\htdocs\Medical_E-CARD\authority\amr\cache\mask_4\mask_21_4.dat): failed to open stream: No such file or directory in <b>C:\xampp\htdocs\Medical_E-CARD\authority\amr\qrmask.php</b> on line <b>155</b><br />
<br />
<b>Warning</b>:  mkdir(): No such file or directory in <b>C:\xampp\htdocs\Medical_E-CARD\authority\amr\qrmask.php</b> on line <b>154</b><br />
<br />
<b>Warning</b>:  file_put_contents(C:\xampp\htdocs\Medical_E-CARD\authority\amr\cache\mask_5\mask_21_5.dat): failed to open stream: No such file or directory in <b>C:\xampp\htdocs\Medical_E-CARD\authority\amr\qrmask.php</b> on line <b>155</b><br />
<br />
<b>Warning</b>:  mkdir(): No such file or directory in <b>C:\xampp\htdocs\Medical_E-CARD\authority\amr\qrmask.php</b> on line <b>154</b><br />
<br />
<b>Warning</b>:  file_put_contents(C:\xampp\htdocs\Medical_E-CARD\authority\amr\cache\mask_6\mask_21_6.dat): failed to open stream: No such file or directory in <b>C:\xampp\htdocs\Medical_E-CARD\authority\amr\qrmask.php</b> on line <b>155</b><br />
<br />
<b>Warning</b>:  mkdir(): No such file or directory in <b>C:\xampp\htdocs\Medical_E-CARD\authority\amr\qrmask.php</b> on line <b>154</b><br />
<br />
<b>Warning</b>:  file_put_contents(C:\xampp\htdocs\Medical_E-CARD\authority\amr\cache\mask_7\mask_21_7.dat): failed to open stream: No such file or directory in <b>C:\xampp\htdocs\Medical_E-CARD\authority\amr\qrmask.php</b> on line <b>155</b><br />
2016-11-18 12:15:24: <br />
<b>Warning</b>:  file_put_contents(C:\xampp\htdocs\Medical_E-CARD\authority\amr\cache\frame_1.dat): failed to open stream: No such file or directory in <b>C:\xampp\htdocs\Medical_E-CARD\authority\amr\qrspec.php</b> on line <b>568</b><br />
<br />
<b>Warning</b>:  mkdir(): No such file or directory in <b>C:\xampp\htdocs\Medical_E-CARD\authority\amr\qrmask.php</b> on line <b>154</b><br />
<br />
<b>Warning</b>:  file_put_contents(C:\xampp\htdocs\Medical_E-CARD\authority\amr\cache\mask_0\mask_21_0.dat): failed to open stream: No such file or directory in <b>C:\xampp\htdocs\Medical_E-CARD\authority\amr\qrmask.php</b> on line <b>155</b><br />
<br />
<b>Warning</b>:  mkdir(): No such file or directory in <b>C:\xampp\htdocs\Medical_E-CARD\authority\amr\qrmask.php</b> on line <b>154</b><br />
<br />
<b>Warning</b>:  file_put_contents(C:\xampp\htdocs\Medical_E-CARD\authority\amr\cache\mask_1\mask_21_1.dat): failed to open stream: No such file or directory in <b>C:\xampp\htdocs\Medical_E-CARD\authority\amr\qrmask.php</b> on line <b>155</b><br />
<br />
<b>Warning</b>:  mkdir(): No such file or directory in <b>C:\xampp\htdocs\Medical_E-CARD\authority\amr\qrmask.php</b> on line <b>154</b><br />
<br />
<b>Warning</b>:  file_put_contents(C:\xampp\htdocs\Medical_E-CARD\authority\amr\cache\mask_2\mask_21_2.dat): failed to open stream: No such file or directory in <b>C:\xampp\htdocs\Medical_E-CARD\authority\amr\qrmask.php</b> on line <b>155</b><br />
<br />
<b>Warning</b>:  mkdir(): No such file or directory in <b>C:\xampp\htdocs\Medical_E-CARD\authority\amr\qrmask.php</b> on line <b>154</b><br />
<br />
<b>Warning</b>:  file_put_contents(C:\xampp\htdocs\Medical_E-CARD\authority\amr\cache\mask_3\mask_21_3.dat): failed to open stream: No such file or directory in <b>C:\xampp\htdocs\Medical_E-CARD\authority\amr\qrmask.php</b> on line <b>155</b><br />
<br />
<b>Warning</b>:  mkdir(): No such file or directory in <b>C:\xampp\htdocs\Medical_E-CARD\authority\amr\qrmask.php</b> on line <b>154</b><br />
<br />
<b>Warning</b>:  file_put_contents(C:\xampp\htdocs\Medical_E-CARD\authority\amr\cache\mask_4\mask_21_4.dat): failed to open stream: No such file or directory in <b>C:\xampp\htdocs\Medical_E-CARD\authority\amr\qrmask.php</b> on line <b>155</b><br />
<br />
<b>Warning</b>:  mkdir(): No such file or directory in <b>C:\xampp\htdocs\Medical_E-CARD\authority\amr\qrmask.php</b> on line <b>154</b><br />
<br />
<b>Warning</b>:  file_put_contents(C:\xampp\htdocs\Medical_E-CARD\authority\amr\cache\mask_5\mask_21_5.dat): failed to open stream: No such file or directory in <b>C:\xampp\htdocs\Medical_E-CARD\authority\amr\qrmask.php</b> on line <b>155</b><br />
<br />
<b>Warning</b>:  mkdir(): No such file or directory in <b>C:\xampp\htdocs\Medical_E-CARD\authority\amr\qrmask.php</b> on line <b>154</b><br />
<br />
<b>Warning</b>:  file_put_contents(C:\xampp\htdocs\Medical_E-CARD\authority\amr\cache\mask_6\mask_21_6.dat): failed to open stream: No such file or directory in <b>C:\xampp\htdocs\Medical_E-CARD\authority\amr\qrmask.php</b> on line <b>155</b><br />
<br />
<b>Warning</b>:  mkdir(): No such file or directory in <b>C:\xampp\htdocs\Medical_E-CARD\authority\amr\qrmask.php</b> on line <b>154</b><br />
<br />
<b>Warning</b>:  file_put_contents(C:\xampp\htdocs\Medical_E-CARD\authority\amr\cache\mask_7\mask_21_7.dat): failed to open stream: No such file or directory in <b>C:\xampp\htdocs\Medical_E-CARD\authority\amr\qrmask.php</b> on line <b>155</b><br />
2016-11-18 12:15:37: <br />
<b>Warning</b>:  file_put_contents(C:\xampp\htdocs\Medical_E-CARD\authority\amr\cache\frame_1.dat): failed to open stream: No such file or directory in <b>C:\xampp\htdocs\Medical_E-CARD\authority\amr\qrspec.php</b> on line <b>568</b><br />
<br />
<b>Warning</b>:  mkdir(): No such file or directory in <b>C:\xampp\htdocs\Medical_E-CARD\authority\amr\qrmask.php</b> on line <b>154</b><br />
<br />
<b>Warning</b>:  file_put_contents(C:\xampp\htdocs\Medical_E-CARD\authority\amr\cache\mask_0\mask_21_0.dat): failed to open stream: No such file or directory in <b>C:\xampp\htdocs\Medical_E-CARD\authority\amr\qrmask.php</b> on line <b>155</b><br />
<br />
<b>Warning</b>:  mkdir(): No such file or directory in <b>C:\xampp\htdocs\Medical_E-CARD\authority\amr\qrmask.php</b> on line <b>154</b><br />
<br />
<b>Warning</b>:  file_put_contents(C:\xampp\htdocs\Medical_E-CARD\authority\amr\cache\mask_1\mask_21_1.dat): failed to open stream: No such file or directory in <b>C:\xampp\htdocs\Medical_E-CARD\authority\amr\qrmask.php</b> on line <b>155</b><br />
<br />
<b>Warning</b>:  mkdir(): No such file or directory in <b>C:\xampp\htdocs\Medical_E-CARD\authority\amr\qrmask.php</b> on line <b>154</b><br />
<br />
<b>Warning</b>:  file_put_contents(C:\xampp\htdocs\Medical_E-CARD\authority\amr\cache\mask_2\mask_21_2.dat): failed to open stream: No such file or directory in <b>C:\xampp\htdocs\Medical_E-CARD\authority\amr\qrmask.php</b> on line <b>155</b><br />
<br />
<b>Warning</b>:  mkdir(): No such file or directory in <b>C:\xampp\htdocs\Medical_E-CARD\authority\amr\qrmask.php</b> on line <b>154</b><br />
<br />
<b>Warning</b>:  file_put_contents(C:\xampp\htdocs\Medical_E-CARD\authority\amr\cache\mask_3\mask_21_3.dat): failed to open stream: No such file or directory in <b>C:\xampp\htdocs\Medical_E-CARD\authority\amr\qrmask.php</b> on line <b>155</b><br />
<br />
<b>Warning</b>:  mkdir(): No such file or directory in <b>C:\xampp\htdocs\Medical_E-CARD\authority\amr\qrmask.php</b> on line <b>154</b><br />
<br />
<b>Warning</b>:  file_put_contents(C:\xampp\htdocs\Medical_E-CARD\authority\amr\cache\mask_4\mask_21_4.dat): failed to open stream: No such file or directory in <b>C:\xampp\htdocs\Medical_E-CARD\authority\amr\qrmask.php</b> on line <b>155</b><br />
<br />
<b>Warning</b>:  mkdir(): No such file or directory in <b>C:\xampp\htdocs\Medical_E-CARD\authority\amr\qrmask.php</b> on line <b>154</b><br />
<br />
<b>Warning</b>:  file_put_contents(C:\xampp\htdocs\Medical_E-CARD\authority\amr\cache\mask_5\mask_21_5.dat): failed to open stream: No such file or directory in <b>C:\xampp\htdocs\Medical_E-CARD\authority\amr\qrmask.php</b> on line <b>155</b><br />
<br />
<b>Warning</b>:  mkdir(): No such file or directory in <b>C:\xampp\htdocs\Medical_E-CARD\authority\amr\qrmask.php</b> on line <b>154</b><br />
<br />
<b>Warning</b>:  file_put_contents(C:\xampp\htdocs\Medical_E-CARD\authority\amr\cache\mask_6\mask_21_6.dat): failed to open stream: No such file or directory in <b>C:\xampp\htdocs\Medical_E-CARD\authority\amr\qrmask.php</b> on line <b>155</b><br />
<br />
<b>Warning</b>:  mkdir(): No such file or directory in <b>C:\xampp\htdocs\Medical_E-CARD\authority\amr\qrmask.php</b> on line <b>154</b><br />
<br />
<b>Warning</b>:  file_put_contents(C:\xampp\htdocs\Medical_E-CARD\authority\amr\cache\mask_7\mask_21_7.dat): failed to open stream: No such file or directory in <b>C:\xampp\htdocs\Medical_E-CARD\authority\amr\qrmask.php</b> on line <b>155</b><br />
2016-11-18 12:17:27: <br />
<b>Warning</b>:  file_put_contents(C:\xampp\htdocs\Medical_E-CARD\authority\amr\cache\frame_1.dat): failed to open stream: No such file or directory in <b>C:\xampp\htdocs\Medical_E-CARD\authority\amr\qrspec.php</b> on line <b>568</b><br />
<br />
<b>Warning</b>:  mkdir(): No such file or directory in <b>C:\xampp\htdocs\Medical_E-CARD\authority\amr\qrmask.php</b> on line <b>154</b><br />
<br />
<b>Warning</b>:  file_put_contents(C:\xampp\htdocs\Medical_E-CARD\authority\amr\cache\mask_0\mask_21_0.dat): failed to open stream: No such file or directory in <b>C:\xampp\htdocs\Medical_E-CARD\authority\amr\qrmask.php</b> on line <b>155</b><br />
<br />
<b>Warning</b>:  mkdir(): No such file or directory in <b>C:\xampp\htdocs\Medical_E-CARD\authority\amr\qrmask.php</b> on line <b>154</b><br />
<br />
<b>Warning</b>:  file_put_contents(C:\xampp\htdocs\Medical_E-CARD\authority\amr\cache\mask_1\mask_21_1.dat): failed to open stream: No such file or directory in <b>C:\xampp\htdocs\Medical_E-CARD\authority\amr\qrmask.php</b> on line <b>155</b><br />
<br />
<b>Warning</b>:  mkdir(): No such file or directory in <b>C:\xampp\htdocs\Medical_E-CARD\authority\amr\qrmask.php</b> on line <b>154</b><br />
<br />
<b>Warning</b>:  file_put_contents(C:\xampp\htdocs\Medical_E-CARD\authority\amr\cache\mask_2\mask_21_2.dat): failed to open stream: No such file or directory in <b>C:\xampp\htdocs\Medical_E-CARD\authority\amr\qrmask.php</b> on line <b>155</b><br />
<br />
<b>Warning</b>:  mkdir(): No such file or directory in <b>C:\xampp\htdocs\Medical_E-CARD\authority\amr\qrmask.php</b> on line <b>154</b><br />
<br />
<b>Warning</b>:  file_put_contents(C:\xampp\htdocs\Medical_E-CARD\authority\amr\cache\mask_3\mask_21_3.dat): failed to open stream: No such file or directory in <b>C:\xampp\htdocs\Medical_E-CARD\authority\amr\qrmask.php</b> on line <b>155</b><br />
<br />
<b>Warning</b>:  mkdir(): No such file or directory in <b>C:\xampp\htdocs\Medical_E-CARD\authority\amr\qrmask.php</b> on line <b>154</b><br />
<br />
<b>Warning</b>:  file_put_contents(C:\xampp\htdocs\Medical_E-CARD\authority\amr\cache\mask_4\mask_21_4.dat): failed to open stream: No such file or directory in <b>C:\xampp\htdocs\Medical_E-CARD\authority\amr\qrmask.php</b> on line <b>155</b><br />
<br />
<b>Warning</b>:  mkdir(): No such file or directory in <b>C:\xampp\htdocs\Medical_E-CARD\authority\amr\qrmask.php</b> on line <b>154</b><br />
<br />
<b>Warning</b>:  file_put_contents(C:\xampp\htdocs\Medical_E-CARD\authority\amr\cache\mask_5\mask_21_5.dat): failed to open stream: No such file or directory in <b>C:\xampp\htdocs\Medical_E-CARD\authority\amr\qrmask.php</b> on line <b>155</b><br />
<br />
<b>Warning</b>:  mkdir(): No such file or directory in <b>C:\xampp\htdocs\Medical_E-CARD\authority\amr\qrmask.php</b> on line <b>154</b><br />
<br />
<b>Warning</b>:  file_put_contents(C:\xampp\htdocs\Medical_E-CARD\authority\amr\cache\mask_6\mask_21_6.dat): failed to open stream: No such file or directory in <b>C:\xampp\htdocs\Medical_E-CARD\authority\amr\qrmask.php</b> on line <b>155</b><br />
<br />
<b>Warning</b>:  mkdir(): No such file or directory in <b>C:\xampp\htdocs\Medical_E-CARD\authority\amr\qrmask.php</b> on line <b>154</b><br />
<br />
<b>Warning</b>:  file_put_contents(C:\xampp\htdocs\Medical_E-CARD\authority\amr\cache\mask_7\mask_21_7.dat): failed to open stream: No such file or directory in <b>C:\xampp\htdocs\Medical_E-CARD\authority\amr\qrmask.php</b> on line <b>155</b><br />
2016-11-18 12:19:17: <br />
<b>Warning</b>:  file_put_contents(C:\xampp\htdocs\Medical_E-CARD\authority\amr\cache\frame_1.dat): failed to open stream: No such file or directory in <b>C:\xampp\htdocs\Medical_E-CARD\authority\amr\qrspec.php</b> on line <b>568</b><br />
<br />
<b>Warning</b>:  mkdir(): No such file or directory in <b>C:\xampp\htdocs\Medical_E-CARD\authority\amr\qrmask.php</b> on line <b>154</b><br />
<br />
<b>Warning</b>:  file_put_contents(C:\xampp\htdocs\Medical_E-CARD\authority\amr\cache\mask_0\mask_21_0.dat): failed to open stream: No such file or directory in <b>C:\xampp\htdocs\Medical_E-CARD\authority\amr\qrmask.php</b> on line <b>155</b><br />
<br />
<b>Warning</b>:  mkdir(): No such file or directory in <b>C:\xampp\htdocs\Medical_E-CARD\authority\amr\qrmask.php</b> on line <b>154</b><br />
<br />
<b>Warning</b>:  file_put_contents(C:\xampp\htdocs\Medical_E-CARD\authority\amr\cache\mask_1\mask_21_1.dat): failed to open stream: No such file or directory in <b>C:\xampp\htdocs\Medical_E-CARD\authority\amr\qrmask.php</b> on line <b>155</b><br />
<br />
<b>Warning</b>:  mkdir(): No such file or directory in <b>C:\xampp\htdocs\Medical_E-CARD\authority\amr\qrmask.php</b> on line <b>154</b><br />
<br />
<b>Warning</b>:  file_put_contents(C:\xampp\htdocs\Medical_E-CARD\authority\amr\cache\mask_2\mask_21_2.dat): failed to open stream: No such file or directory in <b>C:\xampp\htdocs\Medical_E-CARD\authority\amr\qrmask.php</b> on line <b>155</b><br />
<br />
<b>Warning</b>:  mkdir(): No such file or directory in <b>C:\xampp\htdocs\Medical_E-CARD\authority\amr\qrmask.php</b> on line <b>154</b><br />
<br />
<b>Warning</b>:  file_put_contents(C:\xampp\htdocs\Medical_E-CARD\authority\amr\cache\mask_3\mask_21_3.dat): failed to open stream: No such file or directory in <b>C:\xampp\htdocs\Medical_E-CARD\authority\amr\qrmask.php</b> on line <b>155</b><br />
<br />
<b>Warning</b>:  mkdir(): No such file or directory in <b>C:\xampp\htdocs\Medical_E-CARD\authority\amr\qrmask.php</b> on line <b>154</b><br />
<br />
<b>Warning</b>:  file_put_contents(C:\xampp\htdocs\Medical_E-CARD\authority\amr\cache\mask_4\mask_21_4.dat): failed to open stream: No such file or directory in <b>C:\xampp\htdocs\Medical_E-CARD\authority\amr\qrmask.php</b> on line <b>155</b><br />
<br />
<b>Warning</b>:  mkdir(): No such file or directory in <b>C:\xampp\htdocs\Medical_E-CARD\authority\amr\qrmask.php</b> on line <b>154</b><br />
<br />
<b>Warning</b>:  file_put_contents(C:\xampp\htdocs\Medical_E-CARD\authority\amr\cache\mask_5\mask_21_5.dat): failed to open stream: No such file or directory in <b>C:\xampp\htdocs\Medical_E-CARD\authority\amr\qrmask.php</b> on line <b>155</b><br />
<br />
<b>Warning</b>:  mkdir(): No such file or directory in <b>C:\xampp\htdocs\Medical_E-CARD\authority\amr\qrmask.php</b> on line <b>154</b><br />
<br />
<b>Warning</b>:  file_put_contents(C:\xampp\htdocs\Medical_E-CARD\authority\amr\cache\mask_6\mask_21_6.dat): failed to open stream: No such file or directory in <b>C:\xampp\htdocs\Medical_E-CARD\authority\amr\qrmask.php</b> on line <b>155</b><br />
<br />
<b>Warning</b>:  mkdir(): No such file or directory in <b>C:\xampp\htdocs\Medical_E-CARD\authority\amr\qrmask.php</b> on line <b>154</b><br />
<br />
<b>Warning</b>:  file_put_contents(C:\xampp\htdocs\Medical_E-CARD\authority\amr\cache\mask_7\mask_21_7.dat): failed to open stream: No such file or directory in <b>C:\xampp\htdocs\Medical_E-CARD\authority\amr\qrmask.php</b> on line <b>155</b><br />
2016-11-18 12:19:42: <br />
<b>Warning</b>:  file_put_contents(C:\xampp\htdocs\Medical_E-CARD\authority\amr\cache\frame_1.dat): failed to open stream: No such file or directory in <b>C:\xampp\htdocs\Medical_E-CARD\authority\amr\qrspec.php</b> on line <b>568</b><br />
<br />
<b>Warning</b>:  mkdir(): No such file or directory in <b>C:\xampp\htdocs\Medical_E-CARD\authority\amr\qrmask.php</b> on line <b>154</b><br />
<br />
<b>Warning</b>:  file_put_contents(C:\xampp\htdocs\Medical_E-CARD\authority\amr\cache\mask_0\mask_21_0.dat): failed to open stream: No such file or directory in <b>C:\xampp\htdocs\Medical_E-CARD\authority\amr\qrmask.php</b> on line <b>155</b><br />
<br />
<b>Warning</b>:  mkdir(): No such file or directory in <b>C:\xampp\htdocs\Medical_E-CARD\authority\amr\qrmask.php</b> on line <b>154</b><br />
<br />
<b>Warning</b>:  file_put_contents(C:\xampp\htdocs\Medical_E-CARD\authority\amr\cache\mask_1\mask_21_1.dat): failed to open stream: No such file or directory in <b>C:\xampp\htdocs\Medical_E-CARD\authority\amr\qrmask.php</b> on line <b>155</b><br />
<br />
<b>Warning</b>:  mkdir(): No such file or directory in <b>C:\xampp\htdocs\Medical_E-CARD\authority\amr\qrmask.php</b> on line <b>154</b><br />
<br />
<b>Warning</b>:  file_put_contents(C:\xampp\htdocs\Medical_E-CARD\authority\amr\cache\mask_2\mask_21_2.dat): failed to open stream: No such file or directory in <b>C:\xampp\htdocs\Medical_E-CARD\authority\amr\qrmask.php</b> on line <b>155</b><br />
<br />
<b>Warning</b>:  mkdir(): No such file or directory in <b>C:\xampp\htdocs\Medical_E-CARD\authority\amr\qrmask.php</b> on line <b>154</b><br />
<br />
<b>Warning</b>:  file_put_contents(C:\xampp\htdocs\Medical_E-CARD\authority\amr\cache\mask_3\mask_21_3.dat): failed to open stream: No such file or directory in <b>C:\xampp\htdocs\Medical_E-CARD\authority\amr\qrmask.php</b> on line <b>155</b><br />
<br />
<b>Warning</b>:  mkdir(): No such file or directory in <b>C:\xampp\htdocs\Medical_E-CARD\authority\amr\qrmask.php</b> on line <b>154</b><br />
<br />
<b>Warning</b>:  file_put_contents(C:\xampp\htdocs\Medical_E-CARD\authority\amr\cache\mask_4\mask_21_4.dat): failed to open stream: No such file or directory in <b>C:\xampp\htdocs\Medical_E-CARD\authority\amr\qrmask.php</b> on line <b>155</b><br />
<br />
<b>Warning</b>:  mkdir(): No such file or directory in <b>C:\xampp\htdocs\Medical_E-CARD\authority\amr\qrmask.php</b> on line <b>154</b><br />
<br />
<b>Warning</b>:  file_put_contents(C:\xampp\htdocs\Medical_E-CARD\authority\amr\cache\mask_5\mask_21_5.dat): failed to open stream: No such file or directory in <b>C:\xampp\htdocs\Medical_E-CARD\authority\amr\qrmask.php</b> on line <b>155</b><br />
<br />
<b>Warning</b>:  mkdir(): No such file or directory in <b>C:\xampp\htdocs\Medical_E-CARD\authority\amr\qrmask.php</b> on line <b>154</b><br />
<br />
<b>Warning</b>:  file_put_contents(C:\xampp\htdocs\Medical_E-CARD\authority\amr\cache\mask_6\mask_21_6.dat): failed to open stream: No such file or directory in <b>C:\xampp\htdocs\Medical_E-CARD\authority\amr\qrmask.php</b> on line <b>155</b><br />
<br />
<b>Warning</b>:  mkdir(): No such file or directory in <b>C:\xampp\htdocs\Medical_E-CARD\authority\amr\qrmask.php</b> on line <b>154</b><br />
<br />
<b>Warning</b>:  file_put_contents(C:\xampp\htdocs\Medical_E-CARD\authority\amr\cache\mask_7\mask_21_7.dat): failed to open stream: No such file or directory in <b>C:\xampp\htdocs\Medical_E-CARD\authority\amr\qrmask.php</b> on line <b>155</b><br />
2016-11-18 12:21:18: <br />
<b>Warning</b>:  file_put_contents(C:\xampp\htdocs\Medical_E-CARD\authority\amr\cache\frame_1.dat): failed to open stream: No such file or directory in <b>C:\xampp\htdocs\Medical_E-CARD\authority\amr\qrspec.php</b> on line <b>568</b><br />
<br />
<b>Warning</b>:  mkdir(): No such file or directory in <b>C:\xampp\htdocs\Medical_E-CARD\authority\amr\qrmask.php</b> on line <b>154</b><br />
<br />
<b>Warning</b>:  file_put_contents(C:\xampp\htdocs\Medical_E-CARD\authority\amr\cache\mask_0\mask_21_0.dat): failed to open stream: No such file or directory in <b>C:\xampp\htdocs\Medical_E-CARD\authority\amr\qrmask.php</b> on line <b>155</b><br />
<br />
<b>Warning</b>:  mkdir(): No such file or directory in <b>C:\xampp\htdocs\Medical_E-CARD\authority\amr\qrmask.php</b> on line <b>154</b><br />
<br />
<b>Warning</b>:  file_put_contents(C:\xampp\htdocs\Medical_E-CARD\authority\amr\cache\mask_1\mask_21_1.dat): failed to open stream: No such file or directory in <b>C:\xampp\htdocs\Medical_E-CARD\authority\amr\qrmask.php</b> on line <b>155</b><br />
<br />
<b>Warning</b>:  mkdir(): No such file or directory in <b>C:\xampp\htdocs\Medical_E-CARD\authority\amr\qrmask.php</b> on line <b>154</b><br />
<br />
<b>Warning</b>:  file_put_contents(C:\xampp\htdocs\Medical_E-CARD\authority\amr\cache\mask_2\mask_21_2.dat): failed to open stream: No such file or directory in <b>C:\xampp\htdocs\Medical_E-CARD\authority\amr\qrmask.php</b> on line <b>155</b><br />
<br />
<b>Warning</b>:  mkdir(): No such file or directory in <b>C:\xampp\htdocs\Medical_E-CARD\authority\amr\qrmask.php</b> on line <b>154</b><br />
<br />
<b>Warning</b>:  file_put_contents(C:\xampp\htdocs\Medical_E-CARD\authority\amr\cache\mask_3\mask_21_3.dat): failed to open stream: No such file or directory in <b>C:\xampp\htdocs\Medical_E-CARD\authority\amr\qrmask.php</b> on line <b>155</b><br />
<br />
<b>Warning</b>:  mkdir(): No such file or directory in <b>C:\xampp\htdocs\Medical_E-CARD\authority\amr\qrmask.php</b> on line <b>154</b><br />
<br />
<b>Warning</b>:  file_put_contents(C:\xampp\htdocs\Medical_E-CARD\authority\amr\cache\mask_4\mask_21_4.dat): failed to open stream: No such file or directory in <b>C:\xampp\htdocs\Medical_E-CARD\authority\amr\qrmask.php</b> on line <b>155</b><br />
<br />
<b>Warning</b>:  mkdir(): No such file or directory in <b>C:\xampp\htdocs\Medical_E-CARD\authority\amr\qrmask.php</b> on line <b>154</b><br />
<br />
<b>Warning</b>:  file_put_contents(C:\xampp\htdocs\Medical_E-CARD\authority\amr\cache\mask_5\mask_21_5.dat): failed to open stream: No such file or directory in <b>C:\xampp\htdocs\Medical_E-CARD\authority\amr\qrmask.php</b> on line <b>155</b><br />
<br />
<b>Warning</b>:  mkdir(): No such file or directory in <b>C:\xampp\htdocs\Medical_E-CARD\authority\amr\qrmask.php</b> on line <b>154</b><br />
<br />
<b>Warning</b>:  file_put_contents(C:\xampp\htdocs\Medical_E-CARD\authority\amr\cache\mask_6\mask_21_6.dat): failed to open stream: No such file or directory in <b>C:\xampp\htdocs\Medical_E-CARD\authority\amr\qrmask.php</b> on line <b>155</b><br />
<br />
<b>Warning</b>:  mkdir(): No such file or directory in <b>C:\xampp\htdocs\Medical_E-CARD\authority\amr\qrmask.php</b> on line <b>154</b><br />
<br />
<b>Warning</b>:  file_put_contents(C:\xampp\htdocs\Medical_E-CARD\authority\amr\cache\mask_7\mask_21_7.dat): failed to open stream: No such file or directory in <b>C:\xampp\htdocs\Medical_E-CARD\authority\amr\qrmask.php</b> on line <b>155</b><br />
2016-11-18 12:21:28: <br />
<b>Warning</b>:  file_put_contents(C:\xampp\htdocs\Medical_E-CARD\authority\amr\cache\frame_1.dat): failed to open stream: No such file or directory in <b>C:\xampp\htdocs\Medical_E-CARD\authority\amr\qrspec.php</b> on line <b>568</b><br />
<br />
<b>Warning</b>:  mkdir(): No such file or directory in <b>C:\xampp\htdocs\Medical_E-CARD\authority\amr\qrmask.php</b> on line <b>154</b><br />
<br />
<b>Warning</b>:  file_put_contents(C:\xampp\htdocs\Medical_E-CARD\authority\amr\cache\mask_0\mask_21_0.dat): failed to open stream: No such file or directory in <b>C:\xampp\htdocs\Medical_E-CARD\authority\amr\qrmask.php</b> on line <b>155</b><br />
<br />
<b>Warning</b>:  mkdir(): No such file or directory in <b>C:\xampp\htdocs\Medical_E-CARD\authority\amr\qrmask.php</b> on line <b>154</b><br />
<br />
<b>Warning</b>:  file_put_contents(C:\xampp\htdocs\Medical_E-CARD\authority\amr\cache\mask_1\mask_21_1.dat): failed to open stream: No such file or directory in <b>C:\xampp\htdocs\Medical_E-CARD\authority\amr\qrmask.php</b> on line <b>155</b><br />
<br />
<b>Warning</b>:  mkdir(): No such file or directory in <b>C:\xampp\htdocs\Medical_E-CARD\authority\amr\qrmask.php</b> on line <b>154</b><br />
<br />
<b>Warning</b>:  file_put_contents(C:\xampp\htdocs\Medical_E-CARD\authority\amr\cache\mask_2\mask_21_2.dat): failed to open stream: No such file or directory in <b>C:\xampp\htdocs\Medical_E-CARD\authority\amr\qrmask.php</b> on line <b>155</b><br />
<br />
<b>Warning</b>:  mkdir(): No such file or directory in <b>C:\xampp\htdocs\Medical_E-CARD\authority\amr\qrmask.php</b> on line <b>154</b><br />
<br />
<b>Warning</b>:  file_put_contents(C:\xampp\htdocs\Medical_E-CARD\authority\amr\cache\mask_3\mask_21_3.dat): failed to open stream: No such file or directory in <b>C:\xampp\htdocs\Medical_E-CARD\authority\amr\qrmask.php</b> on line <b>155</b><br />
<br />
<b>Warning</b>:  mkdir(): No such file or directory in <b>C:\xampp\htdocs\Medical_E-CARD\authority\amr\qrmask.php</b> on line <b>154</b><br />
<br />
<b>Warning</b>:  file_put_contents(C:\xampp\htdocs\Medical_E-CARD\authority\amr\cache\mask_4\mask_21_4.dat): failed to open stream: No such file or directory in <b>C:\xampp\htdocs\Medical_E-CARD\authority\amr\qrmask.php</b> on line <b>155</b><br />
<br />
<b>Warning</b>:  mkdir(): No such file or directory in <b>C:\xampp\htdocs\Medical_E-CARD\authority\amr\qrmask.php</b> on line <b>154</b><br />
<br />
<b>Warning</b>:  file_put_contents(C:\xampp\htdocs\Medical_E-CARD\authority\amr\cache\mask_5\mask_21_5.dat): failed to open stream: No such file or directory in <b>C:\xampp\htdocs\Medical_E-CARD\authority\amr\qrmask.php</b> on line <b>155</b><br />
<br />
<b>Warning</b>:  mkdir(): No such file or directory in <b>C:\xampp\htdocs\Medical_E-CARD\authority\amr\qrmask.php</b> on line <b>154</b><br />
<br />
<b>Warning</b>:  file_put_contents(C:\xampp\htdocs\Medical_E-CARD\authority\amr\cache\mask_6\mask_21_6.dat): failed to open stream: No such file or directory in <b>C:\xampp\htdocs\Medical_E-CARD\authority\amr\qrmask.php</b> on line <b>155</b><br />
<br />
<b>Warning</b>:  mkdir(): No such file or directory in <b>C:\xampp\htdocs\Medical_E-CARD\authority\amr\qrmask.php</b> on line <b>154</b><br />
<br />
<b>Warning</b>:  file_put_contents(C:\xampp\htdocs\Medical_E-CARD\authority\amr\cache\mask_7\mask_21_7.dat): failed to open stream: No such file or directory in <b>C:\xampp\htdocs\Medical_E-CARD\authority\amr\qrmask.php</b> on line <b>155</b><br />
2016-11-18 12:22:08: <br />
<b>Warning</b>:  file_put_contents(C:\xampp\htdocs\Medical_E-CARD\authority\amr\cache\frame_1.dat): failed to open stream: No such file or directory in <b>C:\xampp\htdocs\Medical_E-CARD\authority\amr\qrspec.php</b> on line <b>568</b><br />
<br />
<b>Warning</b>:  mkdir(): No such file or directory in <b>C:\xampp\htdocs\Medical_E-CARD\authority\amr\qrmask.php</b> on line <b>154</b><br />
<br />
<b>Warning</b>:  file_put_contents(C:\xampp\htdocs\Medical_E-CARD\authority\amr\cache\mask_0\mask_21_0.dat): failed to open stream: No such file or directory in <b>C:\xampp\htdocs\Medical_E-CARD\authority\amr\qrmask.php</b> on line <b>155</b><br />
<br />
<b>Warning</b>:  mkdir(): No such file or directory in <b>C:\xampp\htdocs\Medical_E-CARD\authority\amr\qrmask.php</b> on line <b>154</b><br />
<br />
<b>Warning</b>:  file_put_contents(C:\xampp\htdocs\Medical_E-CARD\authority\amr\cache\mask_1\mask_21_1.dat): failed to open stream: No such file or directory in <b>C:\xampp\htdocs\Medical_E-CARD\authority\amr\qrmask.php</b> on line <b>155</b><br />
<br />
<b>Warning</b>:  mkdir(): No such file or directory in <b>C:\xampp\htdocs\Medical_E-CARD\authority\amr\qrmask.php</b> on line <b>154</b><br />
<br />
<b>Warning</b>:  file_put_contents(C:\xampp\htdocs\Medical_E-CARD\authority\amr\cache\mask_2\mask_21_2.dat): failed to open stream: No such file or directory in <b>C:\xampp\htdocs\Medical_E-CARD\authority\amr\qrmask.php</b> on line <b>155</b><br />
<br />
<b>Warning</b>:  mkdir(): No such file or directory in <b>C:\xampp\htdocs\Medical_E-CARD\authority\amr\qrmask.php</b> on line <b>154</b><br />
<br />
<b>Warning</b>:  file_put_contents(C:\xampp\htdocs\Medical_E-CARD\authority\amr\cache\mask_3\mask_21_3.dat): failed to open stream: No such file or directory in <b>C:\xampp\htdocs\Medical_E-CARD\authority\amr\qrmask.php</b> on line <b>155</b><br />
<br />
<b>Warning</b>:  mkdir(): No such file or directory in <b>C:\xampp\htdocs\Medical_E-CARD\authority\amr\qrmask.php</b> on line <b>154</b><br />
<br />
<b>Warning</b>:  file_put_contents(C:\xampp\htdocs\Medical_E-CARD\authority\amr\cache\mask_4\mask_21_4.dat): failed to open stream: No such file or directory in <b>C:\xampp\htdocs\Medical_E-CARD\authority\amr\qrmask.php</b> on line <b>155</b><br />
<br />
<b>Warning</b>:  mkdir(): No such file or directory in <b>C:\xampp\htdocs\Medical_E-CARD\authority\amr\qrmask.php</b> on line <b>154</b><br />
<br />
<b>Warning</b>:  file_put_contents(C:\xampp\htdocs\Medical_E-CARD\authority\amr\cache\mask_5\mask_21_5.dat): failed to open stream: No such file or directory in <b>C:\xampp\htdocs\Medical_E-CARD\authority\amr\qrmask.php</b> on line <b>155</b><br />
<br />
<b>Warning</b>:  mkdir(): No such file or directory in <b>C:\xampp\htdocs\Medical_E-CARD\authority\amr\qrmask.php</b> on line <b>154</b><br />
<br />
<b>Warning</b>:  file_put_contents(C:\xampp\htdocs\Medical_E-CARD\authority\amr\cache\mask_6\mask_21_6.dat): failed to open stream: No such file or directory in <b>C:\xampp\htdocs\Medical_E-CARD\authority\amr\qrmask.php</b> on line <b>155</b><br />
<br />
<b>Warning</b>:  mkdir(): No such file or directory in <b>C:\xampp\htdocs\Medical_E-CARD\authority\amr\qrmask.php</b> on line <b>154</b><br />
<br />
<b>Warning</b>:  file_put_contents(C:\xampp\htdocs\Medical_E-CARD\authority\amr\cache\mask_7\mask_21_7.dat): failed to open stream: No such file or directory in <b>C:\xampp\htdocs\Medical_E-CARD\authority\amr\qrmask.php</b> on line <b>155</b><br />
2016-11-18 12:22:25: <br />
<b>Warning</b>:  file_put_contents(C:\xampp\htdocs\Medical_E-CARD\authority\amr\cache\frame_1.dat): failed to open stream: No such file or directory in <b>C:\xampp\htdocs\Medical_E-CARD\authority\amr\qrspec.php</b> on line <b>568</b><br />
<br />
<b>Warning</b>:  mkdir(): No such file or directory in <b>C:\xampp\htdocs\Medical_E-CARD\authority\amr\qrmask.php</b> on line <b>154</b><br />
<br />
<b>Warning</b>:  file_put_contents(C:\xampp\htdocs\Medical_E-CARD\authority\amr\cache\mask_0\mask_21_0.dat): failed to open stream: No such file or directory in <b>C:\xampp\htdocs\Medical_E-CARD\authority\amr\qrmask.php</b> on line <b>155</b><br />
<br />
<b>Warning</b>:  mkdir(): No such file or directory in <b>C:\xampp\htdocs\Medical_E-CARD\authority\amr\qrmask.php</b> on line <b>154</b><br />
<br />
<b>Warning</b>:  file_put_contents(C:\xampp\htdocs\Medical_E-CARD\authority\amr\cache\mask_1\mask_21_1.dat): failed to open stream: No such file or directory in <b>C:\xampp\htdocs\Medical_E-CARD\authority\amr\qrmask.php</b> on line <b>155</b><br />
<br />
<b>Warning</b>:  mkdir(): No such file or directory in <b>C:\xampp\htdocs\Medical_E-CARD\authority\amr\qrmask.php</b> on line <b>154</b><br />
<br />
<b>Warning</b>:  file_put_contents(C:\xampp\htdocs\Medical_E-CARD\authority\amr\cache\mask_2\mask_21_2.dat): failed to open stream: No such file or directory in <b>C:\xampp\htdocs\Medical_E-CARD\authority\amr\qrmask.php</b> on line <b>155</b><br />
<br />
<b>Warning</b>:  mkdir(): No such file or directory in <b>C:\xampp\htdocs\Medical_E-CARD\authority\amr\qrmask.php</b> on line <b>154</b><br />
<br />
<b>Warning</b>:  file_put_contents(C:\xampp\htdocs\Medical_E-CARD\authority\amr\cache\mask_3\mask_21_3.dat): failed to open stream: No such file or directory in <b>C:\xampp\htdocs\Medical_E-CARD\authority\amr\qrmask.php</b> on line <b>155</b><br />
<br />
<b>Warning</b>:  mkdir(): No such file or directory in <b>C:\xampp\htdocs\Medical_E-CARD\authority\amr\qrmask.php</b> on line <b>154</b><br />
<br />
<b>Warning</b>:  file_put_contents(C:\xampp\htdocs\Medical_E-CARD\authority\amr\cache\mask_4\mask_21_4.dat): failed to open stream: No such file or directory in <b>C:\xampp\htdocs\Medical_E-CARD\authority\amr\qrmask.php</b> on line <b>155</b><br />
<br />
<b>Warning</b>:  mkdir(): No such file or directory in <b>C:\xampp\htdocs\Medical_E-CARD\authority\amr\qrmask.php</b> on line <b>154</b><br />
<br />
<b>Warning</b>:  file_put_contents(C:\xampp\htdocs\Medical_E-CARD\authority\amr\cache\mask_5\mask_21_5.dat): failed to open stream: No such file or directory in <b>C:\xampp\htdocs\Medical_E-CARD\authority\amr\qrmask.php</b> on line <b>155</b><br />
<br />
<b>Warning</b>:  mkdir(): No such file or directory in <b>C:\xampp\htdocs\Medical_E-CARD\authority\amr\qrmask.php</b> on line <b>154</b><br />
<br />
<b>Warning</b>:  file_put_contents(C:\xampp\htdocs\Medical_E-CARD\authority\amr\cache\mask_6\mask_21_6.dat): failed to open stream: No such file or directory in <b>C:\xampp\htdocs\Medical_E-CARD\authority\amr\qrmask.php</b> on line <b>155</b><br />
<br />
<b>Warning</b>:  mkdir(): No such file or directory in <b>C:\xampp\htdocs\Medical_E-CARD\authority\amr\qrmask.php</b> on line <b>154</b><br />
<br />
<b>Warning</b>:  file_put_contents(C:\xampp\htdocs\Medical_E-CARD\authority\amr\cache\mask_7\mask_21_7.dat): failed to open stream: No such file or directory in <b>C:\xampp\htdocs\Medical_E-CARD\authority\amr\qrmask.php</b> on line <b>155</b><br />
2016-11-18 12:22:58: <br />
<b>Warning</b>:  file_put_contents(C:\xampp\htdocs\Medical_E-CARD\authority\amr\cache\frame_1.dat): failed to open stream: No such file or directory in <b>C:\xampp\htdocs\Medical_E-CARD\authority\amr\qrspec.php</b> on line <b>568</b><br />
<br />
<b>Warning</b>:  mkdir(): No such file or directory in <b>C:\xampp\htdocs\Medical_E-CARD\authority\amr\qrmask.php</b> on line <b>154</b><br />
<br />
<b>Warning</b>:  file_put_contents(C:\xampp\htdocs\Medical_E-CARD\authority\amr\cache\mask_0\mask_21_0.dat): failed to open stream: No such file or directory in <b>C:\xampp\htdocs\Medical_E-CARD\authority\amr\qrmask.php</b> on line <b>155</b><br />
<br />
<b>Warning</b>:  mkdir(): No such file or directory in <b>C:\xampp\htdocs\Medical_E-CARD\authority\amr\qrmask.php</b> on line <b>154</b><br />
<br />
<b>Warning</b>:  file_put_contents(C:\xampp\htdocs\Medical_E-CARD\authority\amr\cache\mask_1\mask_21_1.dat): failed to open stream: No such file or directory in <b>C:\xampp\htdocs\Medical_E-CARD\authority\amr\qrmask.php</b> on line <b>155</b><br />
<br />
<b>Warning</b>:  mkdir(): No such file or directory in <b>C:\xampp\htdocs\Medical_E-CARD\authority\amr\qrmask.php</b> on line <b>154</b><br />
<br />
<b>Warning</b>:  file_put_contents(C:\xampp\htdocs\Medical_E-CARD\authority\amr\cache\mask_2\mask_21_2.dat): failed to open stream: No such file or directory in <b>C:\xampp\htdocs\Medical_E-CARD\authority\amr\qrmask.php</b> on line <b>155</b><br />
<br />
<b>Warning</b>:  mkdir(): No such file or directory in <b>C:\xampp\htdocs\Medical_E-CARD\authority\amr\qrmask.php</b> on line <b>154</b><br />
<br />
<b>Warning</b>:  file_put_contents(C:\xampp\htdocs\Medical_E-CARD\authority\amr\cache\mask_3\mask_21_3.dat): failed to open stream: No such file or directory in <b>C:\xampp\htdocs\Medical_E-CARD\authority\amr\qrmask.php</b> on line <b>155</b><br />
<br />
<b>Warning</b>:  mkdir(): No such file or directory in <b>C:\xampp\htdocs\Medical_E-CARD\authority\amr\qrmask.php</b> on line <b>154</b><br />
<br />
<b>Warning</b>:  file_put_contents(C:\xampp\htdocs\Medical_E-CARD\authority\amr\cache\mask_4\mask_21_4.dat): failed to open stream: No such file or directory in <b>C:\xampp\htdocs\Medical_E-CARD\authority\amr\qrmask.php</b> on line <b>155</b><br />
<br />
<b>Warning</b>:  mkdir(): No such file or directory in <b>C:\xampp\htdocs\Medical_E-CARD\authority\amr\qrmask.php</b> on line <b>154</b><br />
<br />
<b>Warning</b>:  file_put_contents(C:\xampp\htdocs\Medical_E-CARD\authority\amr\cache\mask_5\mask_21_5.dat): failed to open stream: No such file or directory in <b>C:\xampp\htdocs\Medical_E-CARD\authority\amr\qrmask.php</b> on line <b>155</b><br />
<br />
<b>Warning</b>:  mkdir(): No such file or directory in <b>C:\xampp\htdocs\Medical_E-CARD\authority\amr\qrmask.php</b> on line <b>154</b><br />
<br />
<b>Warning</b>:  file_put_contents(C:\xampp\htdocs\Medical_E-CARD\authority\amr\cache\mask_6\mask_21_6.dat): failed to open stream: No such file or directory in <b>C:\xampp\htdocs\Medical_E-CARD\authority\amr\qrmask.php</b> on line <b>155</b><br />
<br />
<b>Warning</b>:  mkdir(): No such file or directory in <b>C:\xampp\htdocs\Medical_E-CARD\authority\amr\qrmask.php</b> on line <b>154</b><br />
<br />
<b>Warning</b>:  file_put_contents(C:\xampp\htdocs\Medical_E-CARD\authority\amr\cache\mask_7\mask_21_7.dat): failed to open stream: No such file or directory in <b>C:\xampp\htdocs\Medical_E-CARD\authority\amr\qrmask.php</b> on line <b>155</b><br />
2016-11-18 12:23:15: <br />
<b>Warning</b>:  file_put_contents(C:\xampp\htdocs\Medical_E-CARD\authority\amr\cache\frame_1.dat): failed to open stream: No such file or directory in <b>C:\xampp\htdocs\Medical_E-CARD\authority\amr\qrspec.php</b> on line <b>568</b><br />
<br />
<b>Warning</b>:  mkdir(): No such file or directory in <b>C:\xampp\htdocs\Medical_E-CARD\authority\amr\qrmask.php</b> on line <b>154</b><br />
<br />
<b>Warning</b>:  file_put_contents(C:\xampp\htdocs\Medical_E-CARD\authority\amr\cache\mask_0\mask_21_0.dat): failed to open stream: No such file or directory in <b>C:\xampp\htdocs\Medical_E-CARD\authority\amr\qrmask.php</b> on line <b>155</b><br />
<br />
<b>Warning</b>:  mkdir(): No such file or directory in <b>C:\xampp\htdocs\Medical_E-CARD\authority\amr\qrmask.php</b> on line <b>154</b><br />
<br />
<b>Warning</b>:  file_put_contents(C:\xampp\htdocs\Medical_E-CARD\authority\amr\cache\mask_1\mask_21_1.dat): failed to open stream: No such file or directory in <b>C:\xampp\htdocs\Medical_E-CARD\authority\amr\qrmask.php</b> on line <b>155</b><br />
<br />
<b>Warning</b>:  mkdir(): No such file or directory in <b>C:\xampp\htdocs\Medical_E-CARD\authority\amr\qrmask.php</b> on line <b>154</b><br />
<br />
<b>Warning</b>:  file_put_contents(C:\xampp\htdocs\Medical_E-CARD\authority\amr\cache\mask_2\mask_21_2.dat): failed to open stream: No such file or directory in <b>C:\xampp\htdocs\Medical_E-CARD\authority\amr\qrmask.php</b> on line <b>155</b><br />
<br />
<b>Warning</b>:  mkdir(): No such file or directory in <b>C:\xampp\htdocs\Medical_E-CARD\authority\amr\qrmask.php</b> on line <b>154</b><br />
<br />
<b>Warning</b>:  file_put_contents(C:\xampp\htdocs\Medical_E-CARD\authority\amr\cache\mask_3\mask_21_3.dat): failed to open stream: No such file or directory in <b>C:\xampp\htdocs\Medical_E-CARD\authority\amr\qrmask.php</b> on line <b>155</b><br />
<br />
<b>Warning</b>:  mkdir(): No such file or directory in <b>C:\xampp\htdocs\Medical_E-CARD\authority\amr\qrmask.php</b> on line <b>154</b><br />
<br />
<b>Warning</b>:  file_put_contents(C:\xampp\htdocs\Medical_E-CARD\authority\amr\cache\mask_4\mask_21_4.dat): failed to open stream: No such file or directory in <b>C:\xampp\htdocs\Medical_E-CARD\authority\amr\qrmask.php</b> on line <b>155</b><br />
<br />
<b>Warning</b>:  mkdir(): No such file or directory in <b>C:\xampp\htdocs\Medical_E-CARD\authority\amr\qrmask.php</b> on line <b>154</b><br />
<br />
<b>Warning</b>:  file_put_contents(C:\xampp\htdocs\Medical_E-CARD\authority\amr\cache\mask_5\mask_21_5.dat): failed to open stream: No such file or directory in <b>C:\xampp\htdocs\Medical_E-CARD\authority\amr\qrmask.php</b> on line <b>155</b><br />
<br />
<b>Warning</b>:  mkdir(): No such file or directory in <b>C:\xampp\htdocs\Medical_E-CARD\authority\amr\qrmask.php</b> on line <b>154</b><br />
<br />
<b>Warning</b>:  file_put_contents(C:\xampp\htdocs\Medical_E-CARD\authority\amr\cache\mask_6\mask_21_6.dat): failed to open stream: No such file or directory in <b>C:\xampp\htdocs\Medical_E-CARD\authority\amr\qrmask.php</b> on line <b>155</b><br />
<br />
<b>Warning</b>:  mkdir(): No such file or directory in <b>C:\xampp\htdocs\Medical_E-CARD\authority\amr\qrmask.php</b> on line <b>154</b><br />
<br />
<b>Warning</b>:  file_put_contents(C:\xampp\htdocs\Medical_E-CARD\authority\amr\cache\mask_7\mask_21_7.dat): failed to open stream: No such file or directory in <b>C:\xampp\htdocs\Medical_E-CARD\authority\amr\qrmask.php</b> on line <b>155</b><br />
2016-11-18 12:23:27: <br />
<b>Warning</b>:  file_put_contents(C:\xampp\htdocs\Medical_E-CARD\authority\amr\cache\frame_1.dat): failed to open stream: No such file or directory in <b>C:\xampp\htdocs\Medical_E-CARD\authority\amr\qrspec.php</b> on line <b>568</b><br />
<br />
<b>Warning</b>:  mkdir(): No such file or directory in <b>C:\xampp\htdocs\Medical_E-CARD\authority\amr\qrmask.php</b> on line <b>154</b><br />
<br />
<b>Warning</b>:  file_put_contents(C:\xampp\htdocs\Medical_E-CARD\authority\amr\cache\mask_0\mask_21_0.dat): failed to open stream: No such file or directory in <b>C:\xampp\htdocs\Medical_E-CARD\authority\amr\qrmask.php</b> on line <b>155</b><br />
<br />
<b>Warning</b>:  mkdir(): No such file or directory in <b>C:\xampp\htdocs\Medical_E-CARD\authority\amr\qrmask.php</b> on line <b>154</b><br />
<br />
<b>Warning</b>:  file_put_contents(C:\xampp\htdocs\Medical_E-CARD\authority\amr\cache\mask_1\mask_21_1.dat): failed to open stream: No such file or directory in <b>C:\xampp\htdocs\Medical_E-CARD\authority\amr\qrmask.php</b> on line <b>155</b><br />
<br />
<b>Warning</b>:  mkdir(): No such file or directory in <b>C:\xampp\htdocs\Medical_E-CARD\authority\amr\qrmask.php</b> on line <b>154</b><br />
<br />
<b>Warning</b>:  file_put_contents(C:\xampp\htdocs\Medical_E-CARD\authority\amr\cache\mask_2\mask_21_2.dat): failed to open stream: No such file or directory in <b>C:\xampp\htdocs\Medical_E-CARD\authority\amr\qrmask.php</b> on line <b>155</b><br />
<br />
<b>Warning</b>:  mkdir(): No such file or directory in <b>C:\xampp\htdocs\Medical_E-CARD\authority\amr\qrmask.php</b> on line <b>154</b><br />
<br />
<b>Warning</b>:  file_put_contents(C:\xampp\htdocs\Medical_E-CARD\authority\amr\cache\mask_3\mask_21_3.dat): failed to open stream: No such file or directory in <b>C:\xampp\htdocs\Medical_E-CARD\authority\amr\qrmask.php</b> on line <b>155</b><br />
<br />
<b>Warning</b>:  mkdir(): No such file or directory in <b>C:\xampp\htdocs\Medical_E-CARD\authority\amr\qrmask.php</b> on line <b>154</b><br />
<br />
<b>Warning</b>:  file_put_contents(C:\xampp\htdocs\Medical_E-CARD\authority\amr\cache\mask_4\mask_21_4.dat): failed to open stream: No such file or directory in <b>C:\xampp\htdocs\Medical_E-CARD\authority\amr\qrmask.php</b> on line <b>155</b><br />
<br />
<b>Warning</b>:  mkdir(): No such file or directory in <b>C:\xampp\htdocs\Medical_E-CARD\authority\amr\qrmask.php</b> on line <b>154</b><br />
<br />
<b>Warning</b>:  file_put_contents(C:\xampp\htdocs\Medical_E-CARD\authority\amr\cache\mask_5\mask_21_5.dat): failed to open stream: No such file or directory in <b>C:\xampp\htdocs\Medical_E-CARD\authority\amr\qrmask.php</b> on line <b>155</b><br />
<br />
<b>Warning</b>:  mkdir(): No such file or directory in <b>C:\xampp\htdocs\Medical_E-CARD\authority\amr\qrmask.php</b> on line <b>154</b><br />
<br />
<b>Warning</b>:  file_put_contents(C:\xampp\htdocs\Medical_E-CARD\authority\amr\cache\mask_6\mask_21_6.dat): failed to open stream: No such file or directory in <b>C:\xampp\htdocs\Medical_E-CARD\authority\amr\qrmask.php</b> on line <b>155</b><br />
<br />
<b>Warning</b>:  mkdir(): No such file or directory in <b>C:\xampp\htdocs\Medical_E-CARD\authority\amr\qrmask.php</b> on line <b>154</b><br />
<br />
<b>Warning</b>:  file_put_contents(C:\xampp\htdocs\Medical_E-CARD\authority\amr\cache\mask_7\mask_21_7.dat): failed to open stream: No such file or directory in <b>C:\xampp\htdocs\Medical_E-CARD\authority\amr\qrmask.php</b> on line <b>155</b><br />
2016-11-18 12:23:39: <br />
<b>Warning</b>:  file_put_contents(C:\xampp\htdocs\Medical_E-CARD\authority\amr\cache\frame_1.dat): failed to open stream: No such file or directory in <b>C:\xampp\htdocs\Medical_E-CARD\authority\amr\qrspec.php</b> on line <b>568</b><br />
<br />
<b>Warning</b>:  mkdir(): No such file or directory in <b>C:\xampp\htdocs\Medical_E-CARD\authority\amr\qrmask.php</b> on line <b>154</b><br />
<br />
<b>Warning</b>:  file_put_contents(C:\xampp\htdocs\Medical_E-CARD\authority\amr\cache\mask_0\mask_21_0.dat): failed to open stream: No such file or directory in <b>C:\xampp\htdocs\Medical_E-CARD\authority\amr\qrmask.php</b> on line <b>155</b><br />
<br />
<b>Warning</b>:  mkdir(): No such file or directory in <b>C:\xampp\htdocs\Medical_E-CARD\authority\amr\qrmask.php</b> on line <b>154</b><br />
<br />
<b>Warning</b>:  file_put_contents(C:\xampp\htdocs\Medical_E-CARD\authority\amr\cache\mask_1\mask_21_1.dat): failed to open stream: No such file or directory in <b>C:\xampp\htdocs\Medical_E-CARD\authority\amr\qrmask.php</b> on line <b>155</b><br />
<br />
<b>Warning</b>:  mkdir(): No such file or directory in <b>C:\xampp\htdocs\Medical_E-CARD\authority\amr\qrmask.php</b> on line <b>154</b><br />
<br />
<b>Warning</b>:  file_put_contents(C:\xampp\htdocs\Medical_E-CARD\authority\amr\cache\mask_2\mask_21_2.dat): failed to open stream: No such file or directory in <b>C:\xampp\htdocs\Medical_E-CARD\authority\amr\qrmask.php</b> on line <b>155</b><br />
<br />
<b>Warning</b>:  mkdir(): No such file or directory in <b>C:\xampp\htdocs\Medical_E-CARD\authority\amr\qrmask.php</b> on line <b>154</b><br />
<br />
<b>Warning</b>:  file_put_contents(C:\xampp\htdocs\Medical_E-CARD\authority\amr\cache\mask_3\mask_21_3.dat): failed to open stream: No such file or directory in <b>C:\xampp\htdocs\Medical_E-CARD\authority\amr\qrmask.php</b> on line <b>155</b><br />
<br />
<b>Warning</b>:  mkdir(): No such file or directory in <b>C:\xampp\htdocs\Medical_E-CARD\authority\amr\qrmask.php</b> on line <b>154</b><br />
<br />
<b>Warning</b>:  file_put_contents(C:\xampp\htdocs\Medical_E-CARD\authority\amr\cache\mask_4\mask_21_4.dat): failed to open stream: No such file or directory in <b>C:\xampp\htdocs\Medical_E-CARD\authority\amr\qrmask.php</b> on line <b>155</b><br />
<br />
<b>Warning</b>:  mkdir(): No such file or directory in <b>C:\xampp\htdocs\Medical_E-CARD\authority\amr\qrmask.php</b> on line <b>154</b><br />
<br />
<b>Warning</b>:  file_put_contents(C:\xampp\htdocs\Medical_E-CARD\authority\amr\cache\mask_5\mask_21_5.dat): failed to open stream: No such file or directory in <b>C:\xampp\htdocs\Medical_E-CARD\authority\amr\qrmask.php</b> on line <b>155</b><br />
<br />
<b>Warning</b>:  mkdir(): No such file or directory in <b>C:\xampp\htdocs\Medical_E-CARD\authority\amr\qrmask.php</b> on line <b>154</b><br />
<br />
<b>Warning</b>:  file_put_contents(C:\xampp\htdocs\Medical_E-CARD\authority\amr\cache\mask_6\mask_21_6.dat): failed to open stream: No such file or directory in <b>C:\xampp\htdocs\Medical_E-CARD\authority\amr\qrmask.php</b> on line <b>155</b><br />
<br />
<b>Warning</b>:  mkdir(): No such file or directory in <b>C:\xampp\htdocs\Medical_E-CARD\authority\amr\qrmask.php</b> on line <b>154</b><br />
<br />
<b>Warning</b>:  file_put_contents(C:\xampp\htdocs\Medical_E-CARD\authority\amr\cache\mask_7\mask_21_7.dat): failed to open stream: No such file or directory in <b>C:\xampp\htdocs\Medical_E-CARD\authority\amr\qrmask.php</b> on line <b>155</b><br />
2016-11-18 12:26:00: <br />
<b>Warning</b>:  file_put_contents(C:\xampp\htdocs\Medical_E-CARD\authority\amr\cache\frame_1.dat): failed to open stream: No such file or directory in <b>C:\xampp\htdocs\Medical_E-CARD\authority\amr\qrspec.php</b> on line <b>568</b><br />
<br />
<b>Warning</b>:  mkdir(): No such file or directory in <b>C:\xampp\htdocs\Medical_E-CARD\authority\amr\qrmask.php</b> on line <b>154</b><br />
<br />
<b>Warning</b>:  file_put_contents(C:\xampp\htdocs\Medical_E-CARD\authority\amr\cache\mask_0\mask_21_0.dat): failed to open stream: No such file or directory in <b>C:\xampp\htdocs\Medical_E-CARD\authority\amr\qrmask.php</b> on line <b>155</b><br />
<br />
<b>Warning</b>:  mkdir(): No such file or directory in <b>C:\xampp\htdocs\Medical_E-CARD\authority\amr\qrmask.php</b> on line <b>154</b><br />
<br />
<b>Warning</b>:  file_put_contents(C:\xampp\htdocs\Medical_E-CARD\authority\amr\cache\mask_1\mask_21_1.dat): failed to open stream: No such file or directory in <b>C:\xampp\htdocs\Medical_E-CARD\authority\amr\qrmask.php</b> on line <b>155</b><br />
<br />
<b>Warning</b>:  mkdir(): No such file or directory in <b>C:\xampp\htdocs\Medical_E-CARD\authority\amr\qrmask.php</b> on line <b>154</b><br />
<br />
<b>Warning</b>:  file_put_contents(C:\xampp\htdocs\Medical_E-CARD\authority\amr\cache\mask_2\mask_21_2.dat): failed to open stream: No such file or directory in <b>C:\xampp\htdocs\Medical_E-CARD\authority\amr\qrmask.php</b> on line <b>155</b><br />
<br />
<b>Warning</b>:  mkdir(): No such file or directory in <b>C:\xampp\htdocs\Medical_E-CARD\authority\amr\qrmask.php</b> on line <b>154</b><br />
<br />
<b>Warning</b>:  file_put_contents(C:\xampp\htdocs\Medical_E-CARD\authority\amr\cache\mask_3\mask_21_3.dat): failed to open stream: No such file or directory in <b>C:\xampp\htdocs\Medical_E-CARD\authority\amr\qrmask.php</b> on line <b>155</b><br />
<br />
<b>Warning</b>:  mkdir(): No such file or directory in <b>C:\xampp\htdocs\Medical_E-CARD\authority\amr\qrmask.php</b> on line <b>154</b><br />
<br />
<b>Warning</b>:  file_put_contents(C:\xampp\htdocs\Medical_E-CARD\authority\amr\cache\mask_4\mask_21_4.dat): failed to open stream: No such file or directory in <b>C:\xampp\htdocs\Medical_E-CARD\authority\amr\qrmask.php</b> on line <b>155</b><br />
<br />
<b>Warning</b>:  mkdir(): No such file or directory in <b>C:\xampp\htdocs\Medical_E-CARD\authority\amr\qrmask.php</b> on line <b>154</b><br />
<br />
<b>Warning</b>:  file_put_contents(C:\xampp\htdocs\Medical_E-CARD\authority\amr\cache\mask_5\mask_21_5.dat): failed to open stream: No such file or directory in <b>C:\xampp\htdocs\Medical_E-CARD\authority\amr\qrmask.php</b> on line <b>155</b><br />
<br />
<b>Warning</b>:  mkdir(): No such file or directory in <b>C:\xampp\htdocs\Medical_E-CARD\authority\amr\qrmask.php</b> on line <b>154</b><br />
<br />
<b>Warning</b>:  file_put_contents(C:\xampp\htdocs\Medical_E-CARD\authority\amr\cache\mask_6\mask_21_6.dat): failed to open stream: No such file or directory in <b>C:\xampp\htdocs\Medical_E-CARD\authority\amr\qrmask.php</b> on line <b>155</b><br />
<br />
<b>Warning</b>:  mkdir(): No such file or directory in <b>C:\xampp\htdocs\Medical_E-CARD\authority\amr\qrmask.php</b> on line <b>154</b><br />
<br />
<b>Warning</b>:  file_put_contents(C:\xampp\htdocs\Medical_E-CARD\authority\amr\cache\mask_7\mask_21_7.dat): failed to open stream: No such file or directory in <b>C:\xampp\htdocs\Medical_E-CARD\authority\amr\qrmask.php</b> on line <b>155</b><br />
2016-11-18 12:26:31: <br />
<b>Warning</b>:  file_put_contents(C:\xampp\htdocs\Medical_E-CARD\authority\amr\cache\frame_1.dat): failed to open stream: No such file or directory in <b>C:\xampp\htdocs\Medical_E-CARD\authority\amr\qrspec.php</b> on line <b>568</b><br />
<br />
<b>Warning</b>:  mkdir(): No such file or directory in <b>C:\xampp\htdocs\Medical_E-CARD\authority\amr\qrmask.php</b> on line <b>154</b><br />
<br />
<b>Warning</b>:  file_put_contents(C:\xampp\htdocs\Medical_E-CARD\authority\amr\cache\mask_0\mask_21_0.dat): failed to open stream: No such file or directory in <b>C:\xampp\htdocs\Medical_E-CARD\authority\amr\qrmask.php</b> on line <b>155</b><br />
<br />
<b>Warning</b>:  mkdir(): No such file or directory in <b>C:\xampp\htdocs\Medical_E-CARD\authority\amr\qrmask.php</b> on line <b>154</b><br />
<br />
<b>Warning</b>:  file_put_contents(C:\xampp\htdocs\Medical_E-CARD\authority\amr\cache\mask_1\mask_21_1.dat): failed to open stream: No such file or directory in <b>C:\xampp\htdocs\Medical_E-CARD\authority\amr\qrmask.php</b> on line <b>155</b><br />
<br />
<b>Warning</b>:  mkdir(): No such file or directory in <b>C:\xampp\htdocs\Medical_E-CARD\authority\amr\qrmask.php</b> on line <b>154</b><br />
<br />
<b>Warning</b>:  file_put_contents(C:\xampp\htdocs\Medical_E-CARD\authority\amr\cache\mask_2\mask_21_2.dat): failed to open stream: No such file or directory in <b>C:\xampp\htdocs\Medical_E-CARD\authority\amr\qrmask.php</b> on line <b>155</b><br />
<br />
<b>Warning</b>:  mkdir(): No such file or directory in <b>C:\xampp\htdocs\Medical_E-CARD\authority\amr\qrmask.php</b> on line <b>154</b><br />
<br />
<b>Warning</b>:  file_put_contents(C:\xampp\htdocs\Medical_E-CARD\authority\amr\cache\mask_3\mask_21_3.dat): failed to open stream: No such file or directory in <b>C:\xampp\htdocs\Medical_E-CARD\authority\amr\qrmask.php</b> on line <b>155</b><br />
<br />
<b>Warning</b>:  mkdir(): No such file or directory in <b>C:\xampp\htdocs\Medical_E-CARD\authority\amr\qrmask.php</b> on line <b>154</b><br />
<br />
<b>Warning</b>:  file_put_contents(C:\xampp\htdocs\Medical_E-CARD\authority\amr\cache\mask_4\mask_21_4.dat): failed to open stream: No such file or directory in <b>C:\xampp\htdocs\Medical_E-CARD\authority\amr\qrmask.php</b> on line <b>155</b><br />
<br />
<b>Warning</b>:  mkdir(): No such file or directory in <b>C:\xampp\htdocs\Medical_E-CARD\authority\amr\qrmask.php</b> on line <b>154</b><br />
<br />
<b>Warning</b>:  file_put_contents(C:\xampp\htdocs\Medical_E-CARD\authority\amr\cache\mask_5\mask_21_5.dat): failed to open stream: No such file or directory in <b>C:\xampp\htdocs\Medical_E-CARD\authority\amr\qrmask.php</b> on line <b>155</b><br />
<br />
<b>Warning</b>:  mkdir(): No such file or directory in <b>C:\xampp\htdocs\Medical_E-CARD\authority\amr\qrmask.php</b> on line <b>154</b><br />
<br />
<b>Warning</b>:  file_put_contents(C:\xampp\htdocs\Medical_E-CARD\authority\amr\cache\mask_6\mask_21_6.dat): failed to open stream: No such file or directory in <b>C:\xampp\htdocs\Medical_E-CARD\authority\amr\qrmask.php</b> on line <b>155</b><br />
<br />
<b>Warning</b>:  mkdir(): No such file or directory in <b>C:\xampp\htdocs\Medical_E-CARD\authority\amr\qrmask.php</b> on line <b>154</b><br />
<br />
<b>Warning</b>:  file_put_contents(C:\xampp\htdocs\Medical_E-CARD\authority\amr\cache\mask_7\mask_21_7.dat): failed to open stream: No such file or directory in <b>C:\xampp\htdocs\Medical_E-CARD\authority\amr\qrmask.php</b> on line <b>155</b><br />
2016-11-18 12:26:35: <br />
<b>Warning</b>:  file_put_contents(C:\xampp\htdocs\Medical_E-CARD\authority\amr\cache\frame_1.dat): failed to open stream: No such file or directory in <b>C:\xampp\htdocs\Medical_E-CARD\authority\amr\qrspec.php</b> on line <b>568</b><br />
<br />
<b>Warning</b>:  mkdir(): No such file or directory in <b>C:\xampp\htdocs\Medical_E-CARD\authority\amr\qrmask.php</b> on line <b>154</b><br />
<br />
<b>Warning</b>:  file_put_contents(C:\xampp\htdocs\Medical_E-CARD\authority\amr\cache\mask_0\mask_21_0.dat): failed to open stream: No such file or directory in <b>C:\xampp\htdocs\Medical_E-CARD\authority\amr\qrmask.php</b> on line <b>155</b><br />
<br />
<b>Warning</b>:  mkdir(): No such file or directory in <b>C:\xampp\htdocs\Medical_E-CARD\authority\amr\qrmask.php</b> on line <b>154</b><br />
<br />
<b>Warning</b>:  file_put_contents(C:\xampp\htdocs\Medical_E-CARD\authority\amr\cache\mask_1\mask_21_1.dat): failed to open stream: No such file or directory in <b>C:\xampp\htdocs\Medical_E-CARD\authority\amr\qrmask.php</b> on line <b>155</b><br />
<br />
<b>Warning</b>:  mkdir(): No such file or directory in <b>C:\xampp\htdocs\Medical_E-CARD\authority\amr\qrmask.php</b> on line <b>154</b><br />
<br />
<b>Warning</b>:  file_put_contents(C:\xampp\htdocs\Medical_E-CARD\authority\amr\cache\mask_2\mask_21_2.dat): failed to open stream: No such file or directory in <b>C:\xampp\htdocs\Medical_E-CARD\authority\amr\qrmask.php</b> on line <b>155</b><br />
<br />
<b>Warning</b>:  mkdir(): No such file or directory in <b>C:\xampp\htdocs\Medical_E-CARD\authority\amr\qrmask.php</b> on line <b>154</b><br />
<br />
<b>Warning</b>:  file_put_contents(C:\xampp\htdocs\Medical_E-CARD\authority\amr\cache\mask_3\mask_21_3.dat): failed to open stream: No such file or directory in <b>C:\xampp\htdocs\Medical_E-CARD\authority\amr\qrmask.php</b> on line <b>155</b><br />
<br />
<b>Warning</b>:  mkdir(): No such file or directory in <b>C:\xampp\htdocs\Medical_E-CARD\authority\amr\qrmask.php</b> on line <b>154</b><br />
<br />
<b>Warning</b>:  file_put_contents(C:\xampp\htdocs\Medical_E-CARD\authority\amr\cache\mask_4\mask_21_4.dat): failed to open stream: No such file or directory in <b>C:\xampp\htdocs\Medical_E-CARD\authority\amr\qrmask.php</b> on line <b>155</b><br />
<br />
<b>Warning</b>:  mkdir(): No such file or directory in <b>C:\xampp\htdocs\Medical_E-CARD\authority\amr\qrmask.php</b> on line <b>154</b><br />
<br />
<b>Warning</b>:  file_put_contents(C:\xampp\htdocs\Medical_E-CARD\authority\amr\cache\mask_5\mask_21_5.dat): failed to open stream: No such file or directory in <b>C:\xampp\htdocs\Medical_E-CARD\authority\amr\qrmask.php</b> on line <b>155</b><br />
<br />
<b>Warning</b>:  mkdir(): No such file or directory in <b>C:\xampp\htdocs\Medical_E-CARD\authority\amr\qrmask.php</b> on line <b>154</b><br />
<br />
<b>Warning</b>:  file_put_contents(C:\xampp\htdocs\Medical_E-CARD\authority\amr\cache\mask_6\mask_21_6.dat): failed to open stream: No such file or directory in <b>C:\xampp\htdocs\Medical_E-CARD\authority\amr\qrmask.php</b> on line <b>155</b><br />
<br />
<b>Warning</b>:  mkdir(): No such file or directory in <b>C:\xampp\htdocs\Medical_E-CARD\authority\amr\qrmask.php</b> on line <b>154</b><br />
<br />
<b>Warning</b>:  file_put_contents(C:\xampp\htdocs\Medical_E-CARD\authority\amr\cache\mask_7\mask_21_7.dat): failed to open stream: No such file or directory in <b>C:\xampp\htdocs\Medical_E-CARD\authority\amr\qrmask.php</b> on line <b>155</b><br />
2016-11-18 12:26:57: <br />
<b>Warning</b>:  file_put_contents(C:\xampp\htdocs\Medical_E-CARD\authority\amr\cache\frame_1.dat): failed to open stream: No such file or directory in <b>C:\xampp\htdocs\Medical_E-CARD\authority\amr\qrspec.php</b> on line <b>568</b><br />
<br />
<b>Warning</b>:  mkdir(): No such file or directory in <b>C:\xampp\htdocs\Medical_E-CARD\authority\amr\qrmask.php</b> on line <b>154</b><br />
<br />
<b>Warning</b>:  file_put_contents(C:\xampp\htdocs\Medical_E-CARD\authority\amr\cache\mask_0\mask_21_0.dat): failed to open stream: No such file or directory in <b>C:\xampp\htdocs\Medical_E-CARD\authority\amr\qrmask.php</b> on line <b>155</b><br />
<br />
<b>Warning</b>:  mkdir(): No such file or directory in <b>C:\xampp\htdocs\Medical_E-CARD\authority\amr\qrmask.php</b> on line <b>154</b><br />
<br />
<b>Warning</b>:  file_put_contents(C:\xampp\htdocs\Medical_E-CARD\authority\amr\cache\mask_1\mask_21_1.dat): failed to open stream: No such file or directory in <b>C:\xampp\htdocs\Medical_E-CARD\authority\amr\qrmask.php</b> on line <b>155</b><br />
<br />
<b>Warning</b>:  mkdir(): No such file or directory in <b>C:\xampp\htdocs\Medical_E-CARD\authority\amr\qrmask.php</b> on line <b>154</b><br />
<br />
<b>Warning</b>:  file_put_contents(C:\xampp\htdocs\Medical_E-CARD\authority\amr\cache\mask_2\mask_21_2.dat): failed to open stream: No such file or directory in <b>C:\xampp\htdocs\Medical_E-CARD\authority\amr\qrmask.php</b> on line <b>155</b><br />
<br />
<b>Warning</b>:  mkdir(): No such file or directory in <b>C:\xampp\htdocs\Medical_E-CARD\authority\amr\qrmask.php</b> on line <b>154</b><br />
<br />
<b>Warning</b>:  file_put_contents(C:\xampp\htdocs\Medical_E-CARD\authority\amr\cache\mask_3\mask_21_3.dat): failed to open stream: No such file or directory in <b>C:\xampp\htdocs\Medical_E-CARD\authority\amr\qrmask.php</b> on line <b>155</b><br />
<br />
<b>Warning</b>:  mkdir(): No such file or directory in <b>C:\xampp\htdocs\Medical_E-CARD\authority\amr\qrmask.php</b> on line <b>154</b><br />
<br />
<b>Warning</b>:  file_put_contents(C:\xampp\htdocs\Medical_E-CARD\authority\amr\cache\mask_4\mask_21_4.dat): failed to open stream: No such file or directory in <b>C:\xampp\htdocs\Medical_E-CARD\authority\amr\qrmask.php</b> on line <b>155</b><br />
<br />
<b>Warning</b>:  mkdir(): No such file or directory in <b>C:\xampp\htdocs\Medical_E-CARD\authority\amr\qrmask.php</b> on line <b>154</b><br />
<br />
<b>Warning</b>:  file_put_contents(C:\xampp\htdocs\Medical_E-CARD\authority\amr\cache\mask_5\mask_21_5.dat): failed to open stream: No such file or directory in <b>C:\xampp\htdocs\Medical_E-CARD\authority\amr\qrmask.php</b> on line <b>155</b><br />
<br />
<b>Warning</b>:  mkdir(): No such file or directory in <b>C:\xampp\htdocs\Medical_E-CARD\authority\amr\qrmask.php</b> on line <b>154</b><br />
<br />
<b>Warning</b>:  file_put_contents(C:\xampp\htdocs\Medical_E-CARD\authority\amr\cache\mask_6\mask_21_6.dat): failed to open stream: No such file or directory in <b>C:\xampp\htdocs\Medical_E-CARD\authority\amr\qrmask.php</b> on line <b>155</b><br />
<br />
<b>Warning</b>:  mkdir(): No such file or directory in <b>C:\xampp\htdocs\Medical_E-CARD\authority\amr\qrmask.php</b> on line <b>154</b><br />
<br />
<b>Warning</b>:  file_put_contents(C:\xampp\htdocs\Medical_E-CARD\authority\amr\cache\mask_7\mask_21_7.dat): failed to open stream: No such file or directory in <b>C:\xampp\htdocs\Medical_E-CARD\authority\amr\qrmask.php</b> on line <b>155</b><br />
2016-11-18 12:28:07: <br />
<b>Warning</b>:  file_put_contents(C:\xampp\htdocs\Medical_E-CARD\authority\amr\cache\frame_1.dat): failed to open stream: No such file or directory in <b>C:\xampp\htdocs\Medical_E-CARD\authority\amr\qrspec.php</b> on line <b>568</b><br />
<br />
<b>Warning</b>:  mkdir(): No such file or directory in <b>C:\xampp\htdocs\Medical_E-CARD\authority\amr\qrmask.php</b> on line <b>154</b><br />
<br />
<b>Warning</b>:  file_put_contents(C:\xampp\htdocs\Medical_E-CARD\authority\amr\cache\mask_0\mask_21_0.dat): failed to open stream: No such file or directory in <b>C:\xampp\htdocs\Medical_E-CARD\authority\amr\qrmask.php</b> on line <b>155</b><br />
<br />
<b>Warning</b>:  mkdir(): No such file or directory in <b>C:\xampp\htdocs\Medical_E-CARD\authority\amr\qrmask.php</b> on line <b>154</b><br />
<br />
<b>Warning</b>:  file_put_contents(C:\xampp\htdocs\Medical_E-CARD\authority\amr\cache\mask_1\mask_21_1.dat): failed to open stream: No such file or directory in <b>C:\xampp\htdocs\Medical_E-CARD\authority\amr\qrmask.php</b> on line <b>155</b><br />
<br />
<b>Warning</b>:  mkdir(): No such file or directory in <b>C:\xampp\htdocs\Medical_E-CARD\authority\amr\qrmask.php</b> on line <b>154</b><br />
<br />
<b>Warning</b>:  file_put_contents(C:\xampp\htdocs\Medical_E-CARD\authority\amr\cache\mask_2\mask_21_2.dat): failed to open stream: No such file or directory in <b>C:\xampp\htdocs\Medical_E-CARD\authority\amr\qrmask.php</b> on line <b>155</b><br />
<br />
<b>Warning</b>:  mkdir(): No such file or directory in <b>C:\xampp\htdocs\Medical_E-CARD\authority\amr\qrmask.php</b> on line <b>154</b><br />
<br />
<b>Warning</b>:  file_put_contents(C:\xampp\htdocs\Medical_E-CARD\authority\amr\cache\mask_3\mask_21_3.dat): failed to open stream: No such file or directory in <b>C:\xampp\htdocs\Medical_E-CARD\authority\amr\qrmask.php</b> on line <b>155</b><br />
<br />
<b>Warning</b>:  mkdir(): No such file or directory in <b>C:\xampp\htdocs\Medical_E-CARD\authority\amr\qrmask.php</b> on line <b>154</b><br />
<br />
<b>Warning</b>:  file_put_contents(C:\xampp\htdocs\Medical_E-CARD\authority\amr\cache\mask_4\mask_21_4.dat): failed to open stream: No such file or directory in <b>C:\xampp\htdocs\Medical_E-CARD\authority\amr\qrmask.php</b> on line <b>155</b><br />
<br />
<b>Warning</b>:  mkdir(): No such file or directory in <b>C:\xampp\htdocs\Medical_E-CARD\authority\amr\qrmask.php</b> on line <b>154</b><br />
<br />
<b>Warning</b>:  file_put_contents(C:\xampp\htdocs\Medical_E-CARD\authority\amr\cache\mask_5\mask_21_5.dat): failed to open stream: No such file or directory in <b>C:\xampp\htdocs\Medical_E-CARD\authority\amr\qrmask.php</b> on line <b>155</b><br />
<br />
<b>Warning</b>:  mkdir(): No such file or directory in <b>C:\xampp\htdocs\Medical_E-CARD\authority\amr\qrmask.php</b> on line <b>154</b><br />
<br />
<b>Warning</b>:  file_put_contents(C:\xampp\htdocs\Medical_E-CARD\authority\amr\cache\mask_6\mask_21_6.dat): failed to open stream: No such file or directory in <b>C:\xampp\htdocs\Medical_E-CARD\authority\amr\qrmask.php</b> on line <b>155</b><br />
<br />
<b>Warning</b>:  mkdir(): No such file or directory in <b>C:\xampp\htdocs\Medical_E-CARD\authority\amr\qrmask.php</b> on line <b>154</b><br />
<br />
<b>Warning</b>:  file_put_contents(C:\xampp\htdocs\Medical_E-CARD\authority\amr\cache\mask_7\mask_21_7.dat): failed to open stream: No such file or directory in <b>C:\xampp\htdocs\Medical_E-CARD\authority\amr\qrmask.php</b> on line <b>155</b><br />
2016-11-18 12:28:22: <br />
<b>Warning</b>:  file_put_contents(C:\xampp\htdocs\Medical_E-CARD\authority\amr\cache\frame_1.dat): failed to open stream: No such file or directory in <b>C:\xampp\htdocs\Medical_E-CARD\authority\amr\qrspec.php</b> on line <b>568</b><br />
<br />
<b>Warning</b>:  mkdir(): No such file or directory in <b>C:\xampp\htdocs\Medical_E-CARD\authority\amr\qrmask.php</b> on line <b>154</b><br />
<br />
<b>Warning</b>:  file_put_contents(C:\xampp\htdocs\Medical_E-CARD\authority\amr\cache\mask_0\mask_21_0.dat): failed to open stream: No such file or directory in <b>C:\xampp\htdocs\Medical_E-CARD\authority\amr\qrmask.php</b> on line <b>155</b><br />
<br />
<b>Warning</b>:  mkdir(): No such file or directory in <b>C:\xampp\htdocs\Medical_E-CARD\authority\amr\qrmask.php</b> on line <b>154</b><br />
<br />
<b>Warning</b>:  file_put_contents(C:\xampp\htdocs\Medical_E-CARD\authority\amr\cache\mask_1\mask_21_1.dat): failed to open stream: No such file or directory in <b>C:\xampp\htdocs\Medical_E-CARD\authority\amr\qrmask.php</b> on line <b>155</b><br />
<br />
<b>Warning</b>:  mkdir(): No such file or directory in <b>C:\xampp\htdocs\Medical_E-CARD\authority\amr\qrmask.php</b> on line <b>154</b><br />
<br />
<b>Warning</b>:  file_put_contents(C:\xampp\htdocs\Medical_E-CARD\authority\amr\cache\mask_2\mask_21_2.dat): failed to open stream: No such file or directory in <b>C:\xampp\htdocs\Medical_E-CARD\authority\amr\qrmask.php</b> on line <b>155</b><br />
<br />
<b>Warning</b>:  mkdir(): No such file or directory in <b>C:\xampp\htdocs\Medical_E-CARD\authority\amr\qrmask.php</b> on line <b>154</b><br />
<br />
<b>Warning</b>:  file_put_contents(C:\xampp\htdocs\Medical_E-CARD\authority\amr\cache\mask_3\mask_21_3.dat): failed to open stream: No such file or directory in <b>C:\xampp\htdocs\Medical_E-CARD\authority\amr\qrmask.php</b> on line <b>155</b><br />
<br />
<b>Warning</b>:  mkdir(): No such file or directory in <b>C:\xampp\htdocs\Medical_E-CARD\authority\amr\qrmask.php</b> on line <b>154</b><br />
<br />
<b>Warning</b>:  file_put_contents(C:\xampp\htdocs\Medical_E-CARD\authority\amr\cache\mask_4\mask_21_4.dat): failed to open stream: No such file or directory in <b>C:\xampp\htdocs\Medical_E-CARD\authority\amr\qrmask.php</b> on line <b>155</b><br />
<br />
<b>Warning</b>:  mkdir(): No such file or directory in <b>C:\xampp\htdocs\Medical_E-CARD\authority\amr\qrmask.php</b> on line <b>154</b><br />
<br />
<b>Warning</b>:  file_put_contents(C:\xampp\htdocs\Medical_E-CARD\authority\amr\cache\mask_5\mask_21_5.dat): failed to open stream: No such file or directory in <b>C:\xampp\htdocs\Medical_E-CARD\authority\amr\qrmask.php</b> on line <b>155</b><br />
<br />
<b>Warning</b>:  mkdir(): No such file or directory in <b>C:\xampp\htdocs\Medical_E-CARD\authority\amr\qrmask.php</b> on line <b>154</b><br />
<br />
<b>Warning</b>:  file_put_contents(C:\xampp\htdocs\Medical_E-CARD\authority\amr\cache\mask_6\mask_21_6.dat): failed to open stream: No such file or directory in <b>C:\xampp\htdocs\Medical_E-CARD\authority\amr\qrmask.php</b> on line <b>155</b><br />
<br />
<b>Warning</b>:  mkdir(): No such file or directory in <b>C:\xampp\htdocs\Medical_E-CARD\authority\amr\qrmask.php</b> on line <b>154</b><br />
<br />
<b>Warning</b>:  file_put_contents(C:\xampp\htdocs\Medical_E-CARD\authority\amr\cache\mask_7\mask_21_7.dat): failed to open stream: No such file or directory in <b>C:\xampp\htdocs\Medical_E-CARD\authority\amr\qrmask.php</b> on line <b>155</b><br />
2016-11-19 04:23:05: <br />
<b>Warning</b>:  file_put_contents(C:\xampp\htdocs\Medical_E-CARD\authority\amr\cache\frame_1.dat): failed to open stream: No such file or directory in <b>C:\xampp\htdocs\Medical_E-CARD\authority\amr\qrspec.php</b> on line <b>568</b><br />
<br />
<b>Warning</b>:  mkdir(): No such file or directory in <b>C:\xampp\htdocs\Medical_E-CARD\authority\amr\qrmask.php</b> on line <b>154</b><br />
<br />
<b>Warning</b>:  file_put_contents(C:\xampp\htdocs\Medical_E-CARD\authority\amr\cache\mask_0\mask_21_0.dat): failed to open stream: No such file or directory in <b>C:\xampp\htdocs\Medical_E-CARD\authority\amr\qrmask.php</b> on line <b>155</b><br />
<br />
<b>Warning</b>:  mkdir(): No such file or directory in <b>C:\xampp\htdocs\Medical_E-CARD\authority\amr\qrmask.php</b> on line <b>154</b><br />
<br />
<b>Warning</b>:  file_put_contents(C:\xampp\htdocs\Medical_E-CARD\authority\amr\cache\mask_1\mask_21_1.dat): failed to open stream: No such file or directory in <b>C:\xampp\htdocs\Medical_E-CARD\authority\amr\qrmask.php</b> on line <b>155</b><br />
<br />
<b>Warning</b>:  mkdir(): No such file or directory in <b>C:\xampp\htdocs\Medical_E-CARD\authority\amr\qrmask.php</b> on line <b>154</b><br />
<br />
<b>Warning</b>:  file_put_contents(C:\xampp\htdocs\Medical_E-CARD\authority\amr\cache\mask_2\mask_21_2.dat): failed to open stream: No such file or directory in <b>C:\xampp\htdocs\Medical_E-CARD\authority\amr\qrmask.php</b> on line <b>155</b><br />
<br />
<b>Warning</b>:  mkdir(): No such file or directory in <b>C:\xampp\htdocs\Medical_E-CARD\authority\amr\qrmask.php</b> on line <b>154</b><br />
<br />
<b>Warning</b>:  file_put_contents(C:\xampp\htdocs\Medical_E-CARD\authority\amr\cache\mask_3\mask_21_3.dat): failed to open stream: No such file or directory in <b>C:\xampp\htdocs\Medical_E-CARD\authority\amr\qrmask.php</b> on line <b>155</b><br />
<br />
<b>Warning</b>:  mkdir(): No such file or directory in <b>C:\xampp\htdocs\Medical_E-CARD\authority\amr\qrmask.php</b> on line <b>154</b><br />
<br />
<b>Warning</b>:  file_put_contents(C:\xampp\htdocs\Medical_E-CARD\authority\amr\cache\mask_4\mask_21_4.dat): failed to open stream: No such file or directory in <b>C:\xampp\htdocs\Medical_E-CARD\authority\amr\qrmask.php</b> on line <b>155</b><br />
<br />
<b>Warning</b>:  mkdir(): No such file or directory in <b>C:\xampp\htdocs\Medical_E-CARD\authority\amr\qrmask.php</b> on line <b>154</b><br />
<br />
<b>Warning</b>:  file_put_contents(C:\xampp\htdocs\Medical_E-CARD\authority\amr\cache\mask_5\mask_21_5.dat): failed to open stream: No such file or directory in <b>C:\xampp\htdocs\Medical_E-CARD\authority\amr\qrmask.php</b> on line <b>155</b><br />
<br />
<b>Warning</b>:  mkdir(): No such file or directory in <b>C:\xampp\htdocs\Medical_E-CARD\authority\amr\qrmask.php</b> on line <b>154</b><br />
<br />
<b>Warning</b>:  file_put_contents(C:\xampp\htdocs\Medical_E-CARD\authority\amr\cache\mask_6\mask_21_6.dat): failed to open stream: No such file or directory in <b>C:\xampp\htdocs\Medical_E-CARD\authority\amr\qrmask.php</b> on line <b>155</b><br />
<br />
<b>Warning</b>:  mkdir(): No such file or directory in <b>C:\xampp\htdocs\Medical_E-CARD\authority\amr\qrmask.php</b> on line <b>154</b><br />
<br />
<b>Warning</b>:  file_put_contents(C:\xampp\htdocs\Medical_E-CARD\authority\amr\cache\mask_7\mask_21_7.dat): failed to open stream: No such file or directory in <b>C:\xampp\htdocs\Medical_E-CARD\authority\amr\qrmask.php</b> on line <b>155</b><br />
2016-11-19 04:23:28: <br />
<b>Warning</b>:  file_put_contents(C:\xampp\htdocs\Medical_E-CARD\authority\amr\cache\frame_1.dat): failed to open stream: No such file or directory in <b>C:\xampp\htdocs\Medical_E-CARD\authority\amr\qrspec.php</b> on line <b>568</b><br />
<br />
<b>Warning</b>:  mkdir(): No such file or directory in <b>C:\xampp\htdocs\Medical_E-CARD\authority\amr\qrmask.php</b> on line <b>154</b><br />
<br />
<b>Warning</b>:  file_put_contents(C:\xampp\htdocs\Medical_E-CARD\authority\amr\cache\mask_0\mask_21_0.dat): failed to open stream: No such file or directory in <b>C:\xampp\htdocs\Medical_E-CARD\authority\amr\qrmask.php</b> on line <b>155</b><br />
<br />
<b>Warning</b>:  mkdir(): No such file or directory in <b>C:\xampp\htdocs\Medical_E-CARD\authority\amr\qrmask.php</b> on line <b>154</b><br />
<br />
<b>Warning</b>:  file_put_contents(C:\xampp\htdocs\Medical_E-CARD\authority\amr\cache\mask_1\mask_21_1.dat): failed to open stream: No such file or directory in <b>C:\xampp\htdocs\Medical_E-CARD\authority\amr\qrmask.php</b> on line <b>155</b><br />
<br />
<b>Warning</b>:  mkdir(): No such file or directory in <b>C:\xampp\htdocs\Medical_E-CARD\authority\amr\qrmask.php</b> on line <b>154</b><br />
<br />
<b>Warning</b>:  file_put_contents(C:\xampp\htdocs\Medical_E-CARD\authority\amr\cache\mask_2\mask_21_2.dat): failed to open stream: No such file or directory in <b>C:\xampp\htdocs\Medical_E-CARD\authority\amr\qrmask.php</b> on line <b>155</b><br />
<br />
<b>Warning</b>:  mkdir(): No such file or directory in <b>C:\xampp\htdocs\Medical_E-CARD\authority\amr\qrmask.php</b> on line <b>154</b><br />
<br />
<b>Warning</b>:  file_put_contents(C:\xampp\htdocs\Medical_E-CARD\authority\amr\cache\mask_3\mask_21_3.dat): failed to open stream: No such file or directory in <b>C:\xampp\htdocs\Medical_E-CARD\authority\amr\qrmask.php</b> on line <b>155</b><br />
<br />
<b>Warning</b>:  mkdir(): No such file or directory in <b>C:\xampp\htdocs\Medical_E-CARD\authority\amr\qrmask.php</b> on line <b>154</b><br />
<br />
<b>Warning</b>:  file_put_contents(C:\xampp\htdocs\Medical_E-CARD\authority\amr\cache\mask_4\mask_21_4.dat): failed to open stream: No such file or directory in <b>C:\xampp\htdocs\Medical_E-CARD\authority\amr\qrmask.php</b> on line <b>155</b><br />
<br />
<b>Warning</b>:  mkdir(): No such file or directory in <b>C:\xampp\htdocs\Medical_E-CARD\authority\amr\qrmask.php</b> on line <b>154</b><br />
<br />
<b>Warning</b>:  file_put_contents(C:\xampp\htdocs\Medical_E-CARD\authority\amr\cache\mask_5\mask_21_5.dat): failed to open stream: No such file or directory in <b>C:\xampp\htdocs\Medical_E-CARD\authority\amr\qrmask.php</b> on line <b>155</b><br />
<br />
<b>Warning</b>:  mkdir(): No such file or directory in <b>C:\xampp\htdocs\Medical_E-CARD\authority\amr\qrmask.php</b> on line <b>154</b><br />
<br />
<b>Warning</b>:  file_put_contents(C:\xampp\htdocs\Medical_E-CARD\authority\amr\cache\mask_6\mask_21_6.dat): failed to open stream: No such file or directory in <b>C:\xampp\htdocs\Medical_E-CARD\authority\amr\qrmask.php</b> on line <b>155</b><br />
<br />
<b>Warning</b>:  mkdir(): No such file or directory in <b>C:\xampp\htdocs\Medical_E-CARD\authority\amr\qrmask.php</b> on line <b>154</b><br />
<br />
<b>Warning</b>:  file_put_contents(C:\xampp\htdocs\Medical_E-CARD\authority\amr\cache\mask_7\mask_21_7.dat): failed to open stream: No such file or directory in <b>C:\xampp\htdocs\Medical_E-CARD\authority\amr\qrmask.php</b> on line <b>155</b><br />
2016-11-19 04:24:52: <br />
<b>Warning</b>:  file_put_contents(C:\xampp\htdocs\Medical_E-CARD\authority\amr\cache\frame_1.dat): failed to open stream: No such file or directory in <b>C:\xampp\htdocs\Medical_E-CARD\authority\amr\qrspec.php</b> on line <b>568</b><br />
<br />
<b>Warning</b>:  mkdir(): No such file or directory in <b>C:\xampp\htdocs\Medical_E-CARD\authority\amr\qrmask.php</b> on line <b>154</b><br />
<br />
<b>Warning</b>:  file_put_contents(C:\xampp\htdocs\Medical_E-CARD\authority\amr\cache\mask_0\mask_21_0.dat): failed to open stream: No such file or directory in <b>C:\xampp\htdocs\Medical_E-CARD\authority\amr\qrmask.php</b> on line <b>155</b><br />
<br />
<b>Warning</b>:  mkdir(): No such file or directory in <b>C:\xampp\htdocs\Medical_E-CARD\authority\amr\qrmask.php</b> on line <b>154</b><br />
<br />
<b>Warning</b>:  file_put_contents(C:\xampp\htdocs\Medical_E-CARD\authority\amr\cache\mask_1\mask_21_1.dat): failed to open stream: No such file or directory in <b>C:\xampp\htdocs\Medical_E-CARD\authority\amr\qrmask.php</b> on line <b>155</b><br />
<br />
<b>Warning</b>:  mkdir(): No such file or directory in <b>C:\xampp\htdocs\Medical_E-CARD\authority\amr\qrmask.php</b> on line <b>154</b><br />
<br />
<b>Warning</b>:  file_put_contents(C:\xampp\htdocs\Medical_E-CARD\authority\amr\cache\mask_2\mask_21_2.dat): failed to open stream: No such file or directory in <b>C:\xampp\htdocs\Medical_E-CARD\authority\amr\qrmask.php</b> on line <b>155</b><br />
<br />
<b>Warning</b>:  mkdir(): No such file or directory in <b>C:\xampp\htdocs\Medical_E-CARD\authority\amr\qrmask.php</b> on line <b>154</b><br />
<br />
<b>Warning</b>:  file_put_contents(C:\xampp\htdocs\Medical_E-CARD\authority\amr\cache\mask_3\mask_21_3.dat): failed to open stream: No such file or directory in <b>C:\xampp\htdocs\Medical_E-CARD\authority\amr\qrmask.php</b> on line <b>155</b><br />
<br />
<b>Warning</b>:  mkdir(): No such file or directory in <b>C:\xampp\htdocs\Medical_E-CARD\authority\amr\qrmask.php</b> on line <b>154</b><br />
<br />
<b>Warning</b>:  file_put_contents(C:\xampp\htdocs\Medical_E-CARD\authority\amr\cache\mask_4\mask_21_4.dat): failed to open stream: No such file or directory in <b>C:\xampp\htdocs\Medical_E-CARD\authority\amr\qrmask.php</b> on line <b>155</b><br />
<br />
<b>Warning</b>:  mkdir(): No such file or directory in <b>C:\xampp\htdocs\Medical_E-CARD\authority\amr\qrmask.php</b> on line <b>154</b><br />
<br />
<b>Warning</b>:  file_put_contents(C:\xampp\htdocs\Medical_E-CARD\authority\amr\cache\mask_5\mask_21_5.dat): failed to open stream: No such file or directory in <b>C:\xampp\htdocs\Medical_E-CARD\authority\amr\qrmask.php</b> on line <b>155</b><br />
<br />
<b>Warning</b>:  mkdir(): No such file or directory in <b>C:\xampp\htdocs\Medical_E-CARD\authority\amr\qrmask.php</b> on line <b>154</b><br />
<br />
<b>Warning</b>:  file_put_contents(C:\xampp\htdocs\Medical_E-CARD\authority\amr\cache\mask_6\mask_21_6.dat): failed to open stream: No such file or directory in <b>C:\xampp\htdocs\Medical_E-CARD\authority\amr\qrmask.php</b> on line <b>155</b><br />
<br />
<b>Warning</b>:  mkdir(): No such file or directory in <b>C:\xampp\htdocs\Medical_E-CARD\authority\amr\qrmask.php</b> on line <b>154</b><br />
<br />
<b>Warning</b>:  file_put_contents(C:\xampp\htdocs\Medical_E-CARD\authority\amr\cache\mask_7\mask_21_7.dat): failed to open stream: No such file or directory in <b>C:\xampp\htdocs\Medical_E-CARD\authority\amr\qrmask.php</b> on line <b>155</b><br />
2016-11-19 04:39:25: <br />
<b>Warning</b>:  file_put_contents(C:\xampp\htdocs\Medical_E-CARD\authority\amr\cache\frame_1.dat): failed to open stream: No such file or directory in <b>C:\xampp\htdocs\Medical_E-CARD\authority\amr\qrspec.php</b> on line <b>568</b><br />
<br />
<b>Warning</b>:  mkdir(): No such file or directory in <b>C:\xampp\htdocs\Medical_E-CARD\authority\amr\qrmask.php</b> on line <b>154</b><br />
<br />
<b>Warning</b>:  file_put_contents(C:\xampp\htdocs\Medical_E-CARD\authority\amr\cache\mask_0\mask_21_0.dat): failed to open stream: No such file or directory in <b>C:\xampp\htdocs\Medical_E-CARD\authority\amr\qrmask.php</b> on line <b>155</b><br />
<br />
<b>Warning</b>:  mkdir(): No such file or directory in <b>C:\xampp\htdocs\Medical_E-CARD\authority\amr\qrmask.php</b> on line <b>154</b><br />
<br />
<b>Warning</b>:  file_put_contents(C:\xampp\htdocs\Medical_E-CARD\authority\amr\cache\mask_1\mask_21_1.dat): failed to open stream: No such file or directory in <b>C:\xampp\htdocs\Medical_E-CARD\authority\amr\qrmask.php</b> on line <b>155</b><br />
<br />
<b>Warning</b>:  mkdir(): No such file or directory in <b>C:\xampp\htdocs\Medical_E-CARD\authority\amr\qrmask.php</b> on line <b>154</b><br />
<br />
<b>Warning</b>:  file_put_contents(C:\xampp\htdocs\Medical_E-CARD\authority\amr\cache\mask_2\mask_21_2.dat): failed to open stream: No such file or directory in <b>C:\xampp\htdocs\Medical_E-CARD\authority\amr\qrmask.php</b> on line <b>155</b><br />
<br />
<b>Warning</b>:  mkdir(): No such file or directory in <b>C:\xampp\htdocs\Medical_E-CARD\authority\amr\qrmask.php</b> on line <b>154</b><br />
<br />
<b>Warning</b>:  file_put_contents(C:\xampp\htdocs\Medical_E-CARD\authority\amr\cache\mask_3\mask_21_3.dat): failed to open stream: No such file or directory in <b>C:\xampp\htdocs\Medical_E-CARD\authority\amr\qrmask.php</b> on line <b>155</b><br />
<br />
<b>Warning</b>:  mkdir(): No such file or directory in <b>C:\xampp\htdocs\Medical_E-CARD\authority\amr\qrmask.php</b> on line <b>154</b><br />
<br />
<b>Warning</b>:  file_put_contents(C:\xampp\htdocs\Medical_E-CARD\authority\amr\cache\mask_4\mask_21_4.dat): failed to open stream: No such file or directory in <b>C:\xampp\htdocs\Medical_E-CARD\authority\amr\qrmask.php</b> on line <b>155</b><br />
<br />
<b>Warning</b>:  mkdir(): No such file or directory in <b>C:\xampp\htdocs\Medical_E-CARD\authority\amr\qrmask.php</b> on line <b>154</b><br />
<br />
<b>Warning</b>:  file_put_contents(C:\xampp\htdocs\Medical_E-CARD\authority\amr\cache\mask_5\mask_21_5.dat): failed to open stream: No such file or directory in <b>C:\xampp\htdocs\Medical_E-CARD\authority\amr\qrmask.php</b> on line <b>155</b><br />
<br />
<b>Warning</b>:  mkdir(): No such file or directory in <b>C:\xampp\htdocs\Medical_E-CARD\authority\amr\qrmask.php</b> on line <b>154</b><br />
<br />
<b>Warning</b>:  file_put_contents(C:\xampp\htdocs\Medical_E-CARD\authority\amr\cache\mask_6\mask_21_6.dat): failed to open stream: No such file or directory in <b>C:\xampp\htdocs\Medical_E-CARD\authority\amr\qrmask.php</b> on line <b>155</b><br />
<br />
<b>Warning</b>:  mkdir(): No such file or directory in <b>C:\xampp\htdocs\Medical_E-CARD\authority\amr\qrmask.php</b> on line <b>154</b><br />
<br />
<b>Warning</b>:  file_put_contents(C:\xampp\htdocs\Medical_E-CARD\authority\amr\cache\mask_7\mask_21_7.dat): failed to open stream: No such file or directory in <b>C:\xampp\htdocs\Medical_E-CARD\authority\amr\qrmask.php</b> on line <b>155</b><br />
2016-11-19 04:40:10: <br />
<b>Warning</b>:  file_put_contents(C:\xampp\htdocs\Medical_E-CARD\authority\amr\cache\frame_1.dat): failed to open stream: No such file or directory in <b>C:\xampp\htdocs\Medical_E-CARD\authority\amr\qrspec.php</b> on line <b>568</b><br />
<br />
<b>Warning</b>:  mkdir(): No such file or directory in <b>C:\xampp\htdocs\Medical_E-CARD\authority\amr\qrmask.php</b> on line <b>154</b><br />
<br />
<b>Warning</b>:  file_put_contents(C:\xampp\htdocs\Medical_E-CARD\authority\amr\cache\mask_0\mask_21_0.dat): failed to open stream: No such file or directory in <b>C:\xampp\htdocs\Medical_E-CARD\authority\amr\qrmask.php</b> on line <b>155</b><br />
<br />
<b>Warning</b>:  mkdir(): No such file or directory in <b>C:\xampp\htdocs\Medical_E-CARD\authority\amr\qrmask.php</b> on line <b>154</b><br />
<br />
<b>Warning</b>:  file_put_contents(C:\xampp\htdocs\Medical_E-CARD\authority\amr\cache\mask_1\mask_21_1.dat): failed to open stream: No such file or directory in <b>C:\xampp\htdocs\Medical_E-CARD\authority\amr\qrmask.php</b> on line <b>155</b><br />
<br />
<b>Warning</b>:  mkdir(): No such file or directory in <b>C:\xampp\htdocs\Medical_E-CARD\authority\amr\qrmask.php</b> on line <b>154</b><br />
<br />
<b>Warning</b>:  file_put_contents(C:\xampp\htdocs\Medical_E-CARD\authority\amr\cache\mask_2\mask_21_2.dat): failed to open stream: No such file or directory in <b>C:\xampp\htdocs\Medical_E-CARD\authority\amr\qrmask.php</b> on line <b>155</b><br />
<br />
<b>Warning</b>:  mkdir(): No such file or directory in <b>C:\xampp\htdocs\Medical_E-CARD\authority\amr\qrmask.php</b> on line <b>154</b><br />
<br />
<b>Warning</b>:  file_put_contents(C:\xampp\htdocs\Medical_E-CARD\authority\amr\cache\mask_3\mask_21_3.dat): failed to open stream: No such file or directory in <b>C:\xampp\htdocs\Medical_E-CARD\authority\amr\qrmask.php</b> on line <b>155</b><br />
<br />
<b>Warning</b>:  mkdir(): No such file or directory in <b>C:\xampp\htdocs\Medical_E-CARD\authority\amr\qrmask.php</b> on line <b>154</b><br />
<br />
<b>Warning</b>:  file_put_contents(C:\xampp\htdocs\Medical_E-CARD\authority\amr\cache\mask_4\mask_21_4.dat): failed to open stream: No such file or directory in <b>C:\xampp\htdocs\Medical_E-CARD\authority\amr\qrmask.php</b> on line <b>155</b><br />
<br />
<b>Warning</b>:  mkdir(): No such file or directory in <b>C:\xampp\htdocs\Medical_E-CARD\authority\amr\qrmask.php</b> on line <b>154</b><br />
<br />
<b>Warning</b>:  file_put_contents(C:\xampp\htdocs\Medical_E-CARD\authority\amr\cache\mask_5\mask_21_5.dat): failed to open stream: No such file or directory in <b>C:\xampp\htdocs\Medical_E-CARD\authority\amr\qrmask.php</b> on line <b>155</b><br />
<br />
<b>Warning</b>:  mkdir(): No such file or directory in <b>C:\xampp\htdocs\Medical_E-CARD\authority\amr\qrmask.php</b> on line <b>154</b><br />
<br />
<b>Warning</b>:  file_put_contents(C:\xampp\htdocs\Medical_E-CARD\authority\amr\cache\mask_6\mask_21_6.dat): failed to open stream: No such file or directory in <b>C:\xampp\htdocs\Medical_E-CARD\authority\amr\qrmask.php</b> on line <b>155</b><br />
<br />
<b>Warning</b>:  mkdir(): No such file or directory in <b>C:\xampp\htdocs\Medical_E-CARD\authority\amr\qrmask.php</b> on line <b>154</b><br />
<br />
<b>Warning</b>:  file_put_contents(C:\xampp\htdocs\Medical_E-CARD\authority\amr\cache\mask_7\mask_21_7.dat): failed to open stream: No such file or directory in <b>C:\xampp\htdocs\Medical_E-CARD\authority\amr\qrmask.php</b> on line <b>155</b><br />
2016-11-19 04:40:37: <br />
<b>Warning</b>:  file_put_contents(C:\xampp\htdocs\Medical_E-CARD\authority\amr\cache\frame_1.dat): failed to open stream: No such file or directory in <b>C:\xampp\htdocs\Medical_E-CARD\authority\amr\qrspec.php</b> on line <b>568</b><br />
<br />
<b>Warning</b>:  mkdir(): No such file or directory in <b>C:\xampp\htdocs\Medical_E-CARD\authority\amr\qrmask.php</b> on line <b>154</b><br />
<br />
<b>Warning</b>:  file_put_contents(C:\xampp\htdocs\Medical_E-CARD\authority\amr\cache\mask_0\mask_21_0.dat): failed to open stream: No such file or directory in <b>C:\xampp\htdocs\Medical_E-CARD\authority\amr\qrmask.php</b> on line <b>155</b><br />
<br />
<b>Warning</b>:  mkdir(): No such file or directory in <b>C:\xampp\htdocs\Medical_E-CARD\authority\amr\qrmask.php</b> on line <b>154</b><br />
<br />
<b>Warning</b>:  file_put_contents(C:\xampp\htdocs\Medical_E-CARD\authority\amr\cache\mask_1\mask_21_1.dat): failed to open stream: No such file or directory in <b>C:\xampp\htdocs\Medical_E-CARD\authority\amr\qrmask.php</b> on line <b>155</b><br />
<br />
<b>Warning</b>:  mkdir(): No such file or directory in <b>C:\xampp\htdocs\Medical_E-CARD\authority\amr\qrmask.php</b> on line <b>154</b><br />
<br />
<b>Warning</b>:  file_put_contents(C:\xampp\htdocs\Medical_E-CARD\authority\amr\cache\mask_2\mask_21_2.dat): failed to open stream: No such file or directory in <b>C:\xampp\htdocs\Medical_E-CARD\authority\amr\qrmask.php</b> on line <b>155</b><br />
<br />
<b>Warning</b>:  mkdir(): No such file or directory in <b>C:\xampp\htdocs\Medical_E-CARD\authority\amr\qrmask.php</b> on line <b>154</b><br />
<br />
<b>Warning</b>:  file_put_contents(C:\xampp\htdocs\Medical_E-CARD\authority\amr\cache\mask_3\mask_21_3.dat): failed to open stream: No such file or directory in <b>C:\xampp\htdocs\Medical_E-CARD\authority\amr\qrmask.php</b> on line <b>155</b><br />
<br />
<b>Warning</b>:  mkdir(): No such file or directory in <b>C:\xampp\htdocs\Medical_E-CARD\authority\amr\qrmask.php</b> on line <b>154</b><br />
<br />
<b>Warning</b>:  file_put_contents(C:\xampp\htdocs\Medical_E-CARD\authority\amr\cache\mask_4\mask_21_4.dat): failed to open stream: No such file or directory in <b>C:\xampp\htdocs\Medical_E-CARD\authority\amr\qrmask.php</b> on line <b>155</b><br />
<br />
<b>Warning</b>:  mkdir(): No such file or directory in <b>C:\xampp\htdocs\Medical_E-CARD\authority\amr\qrmask.php</b> on line <b>154</b><br />
<br />
<b>Warning</b>:  file_put_contents(C:\xampp\htdocs\Medical_E-CARD\authority\amr\cache\mask_5\mask_21_5.dat): failed to open stream: No such file or directory in <b>C:\xampp\htdocs\Medical_E-CARD\authority\amr\qrmask.php</b> on line <b>155</b><br />
<br />
<b>Warning</b>:  mkdir(): No such file or directory in <b>C:\xampp\htdocs\Medical_E-CARD\authority\amr\qrmask.php</b> on line <b>154</b><br />
<br />
<b>Warning</b>:  file_put_contents(C:\xampp\htdocs\Medical_E-CARD\authority\amr\cache\mask_6\mask_21_6.dat): failed to open stream: No such file or directory in <b>C:\xampp\htdocs\Medical_E-CARD\authority\amr\qrmask.php</b> on line <b>155</b><br />
<br />
<b>Warning</b>:  mkdir(): No such file or directory in <b>C:\xampp\htdocs\Medical_E-CARD\authority\amr\qrmask.php</b> on line <b>154</b><br />
<br />
<b>Warning</b>:  file_put_contents(C:\xampp\htdocs\Medical_E-CARD\authority\amr\cache\mask_7\mask_21_7.dat): failed to open stream: No such file or directory in <b>C:\xampp\htdocs\Medical_E-CARD\authority\amr\qrmask.php</b> on line <b>155</b><br />
2016-11-19 04:56:05: <br />
<b>Warning</b>:  file_put_contents(C:\xampp\htdocs\Medical_E-CARD\authority\amr\cache\frame_1.dat): failed to open stream: No such file or directory in <b>C:\xampp\htdocs\Medical_E-CARD\authority\amr\qrspec.php</b> on line <b>568</b><br />
<br />
<b>Warning</b>:  mkdir(): No such file or directory in <b>C:\xampp\htdocs\Medical_E-CARD\authority\amr\qrmask.php</b> on line <b>154</b><br />
<br />
<b>Warning</b>:  file_put_contents(C:\xampp\htdocs\Medical_E-CARD\authority\amr\cache\mask_0\mask_21_0.dat): failed to open stream: No such file or directory in <b>C:\xampp\htdocs\Medical_E-CARD\authority\amr\qrmask.php</b> on line <b>155</b><br />
<br />
<b>Warning</b>:  mkdir(): No such file or directory in <b>C:\xampp\htdocs\Medical_E-CARD\authority\amr\qrmask.php</b> on line <b>154</b><br />
<br />
<b>Warning</b>:  file_put_contents(C:\xampp\htdocs\Medical_E-CARD\authority\amr\cache\mask_1\mask_21_1.dat): failed to open stream: No such file or directory in <b>C:\xampp\htdocs\Medical_E-CARD\authority\amr\qrmask.php</b> on line <b>155</b><br />
<br />
<b>Warning</b>:  mkdir(): No such file or directory in <b>C:\xampp\htdocs\Medical_E-CARD\authority\amr\qrmask.php</b> on line <b>154</b><br />
<br />
<b>Warning</b>:  file_put_contents(C:\xampp\htdocs\Medical_E-CARD\authority\amr\cache\mask_2\mask_21_2.dat): failed to open stream: No such file or directory in <b>C:\xampp\htdocs\Medical_E-CARD\authority\amr\qrmask.php</b> on line <b>155</b><br />
<br />
<b>Warning</b>:  mkdir(): No such file or directory in <b>C:\xampp\htdocs\Medical_E-CARD\authority\amr\qrmask.php</b> on line <b>154</b><br />
<br />
<b>Warning</b>:  file_put_contents(C:\xampp\htdocs\Medical_E-CARD\authority\amr\cache\mask_3\mask_21_3.dat): failed to open stream: No such file or directory in <b>C:\xampp\htdocs\Medical_E-CARD\authority\amr\qrmask.php</b> on line <b>155</b><br />
<br />
<b>Warning</b>:  mkdir(): No such file or directory in <b>C:\xampp\htdocs\Medical_E-CARD\authority\amr\qrmask.php</b> on line <b>154</b><br />
<br />
<b>Warning</b>:  file_put_contents(C:\xampp\htdocs\Medical_E-CARD\authority\amr\cache\mask_4\mask_21_4.dat): failed to open stream: No such file or directory in <b>C:\xampp\htdocs\Medical_E-CARD\authority\amr\qrmask.php</b> on line <b>155</b><br />
<br />
<b>Warning</b>:  mkdir(): No such file or directory in <b>C:\xampp\htdocs\Medical_E-CARD\authority\amr\qrmask.php</b> on line <b>154</b><br />
<br />
<b>Warning</b>:  file_put_contents(C:\xampp\htdocs\Medical_E-CARD\authority\amr\cache\mask_5\mask_21_5.dat): failed to open stream: No such file or directory in <b>C:\xampp\htdocs\Medical_E-CARD\authority\amr\qrmask.php</b> on line <b>155</b><br />
<br />
<b>Warning</b>:  mkdir(): No such file or directory in <b>C:\xampp\htdocs\Medical_E-CARD\authority\amr\qrmask.php</b> on line <b>154</b><br />
<br />
<b>Warning</b>:  file_put_contents(C:\xampp\htdocs\Medical_E-CARD\authority\amr\cache\mask_6\mask_21_6.dat): failed to open stream: No such file or directory in <b>C:\xampp\htdocs\Medical_E-CARD\authority\amr\qrmask.php</b> on line <b>155</b><br />
<br />
<b>Warning</b>:  mkdir(): No such file or directory in <b>C:\xampp\htdocs\Medical_E-CARD\authority\amr\qrmask.php</b> on line <b>154</b><br />
<br />
<b>Warning</b>:  file_put_contents(C:\xampp\htdocs\Medical_E-CARD\authority\amr\cache\mask_7\mask_21_7.dat): failed to open stream: No such file or directory in <b>C:\xampp\htdocs\Medical_E-CARD\authority\amr\qrmask.php</b> on line <b>155</b><br />
2016-11-19 04:56:37: <br />
<b>Warning</b>:  file_put_contents(C:\xampp\htdocs\Medical_E-CARD\authority\amr\cache\frame_1.dat): failed to open stream: No such file or directory in <b>C:\xampp\htdocs\Medical_E-CARD\authority\amr\qrspec.php</b> on line <b>568</b><br />
<br />
<b>Warning</b>:  mkdir(): No such file or directory in <b>C:\xampp\htdocs\Medical_E-CARD\authority\amr\qrmask.php</b> on line <b>154</b><br />
<br />
<b>Warning</b>:  file_put_contents(C:\xampp\htdocs\Medical_E-CARD\authority\amr\cache\mask_0\mask_21_0.dat): failed to open stream: No such file or directory in <b>C:\xampp\htdocs\Medical_E-CARD\authority\amr\qrmask.php</b> on line <b>155</b><br />
<br />
<b>Warning</b>:  mkdir(): No such file or directory in <b>C:\xampp\htdocs\Medical_E-CARD\authority\amr\qrmask.php</b> on line <b>154</b><br />
<br />
<b>Warning</b>:  file_put_contents(C:\xampp\htdocs\Medical_E-CARD\authority\amr\cache\mask_1\mask_21_1.dat): failed to open stream: No such file or directory in <b>C:\xampp\htdocs\Medical_E-CARD\authority\amr\qrmask.php</b> on line <b>155</b><br />
<br />
<b>Warning</b>:  mkdir(): No such file or directory in <b>C:\xampp\htdocs\Medical_E-CARD\authority\amr\qrmask.php</b> on line <b>154</b><br />
<br />
<b>Warning</b>:  file_put_contents(C:\xampp\htdocs\Medical_E-CARD\authority\amr\cache\mask_2\mask_21_2.dat): failed to open stream: No such file or directory in <b>C:\xampp\htdocs\Medical_E-CARD\authority\amr\qrmask.php</b> on line <b>155</b><br />
<br />
<b>Warning</b>:  mkdir(): No such file or directory in <b>C:\xampp\htdocs\Medical_E-CARD\authority\amr\qrmask.php</b> on line <b>154</b><br />
<br />
<b>Warning</b>:  file_put_contents(C:\xampp\htdocs\Medical_E-CARD\authority\amr\cache\mask_3\mask_21_3.dat): failed to open stream: No such file or directory in <b>C:\xampp\htdocs\Medical_E-CARD\authority\amr\qrmask.php</b> on line <b>155</b><br />
<br />
<b>Warning</b>:  mkdir(): No such file or directory in <b>C:\xampp\htdocs\Medical_E-CARD\authority\amr\qrmask.php</b> on line <b>154</b><br />
<br />
<b>Warning</b>:  file_put_contents(C:\xampp\htdocs\Medical_E-CARD\authority\amr\cache\mask_4\mask_21_4.dat): failed to open stream: No such file or directory in <b>C:\xampp\htdocs\Medical_E-CARD\authority\amr\qrmask.php</b> on line <b>155</b><br />
<br />
<b>Warning</b>:  mkdir(): No such file or directory in <b>C:\xampp\htdocs\Medical_E-CARD\authority\amr\qrmask.php</b> on line <b>154</b><br />
<br />
<b>Warning</b>:  file_put_contents(C:\xampp\htdocs\Medical_E-CARD\authority\amr\cache\mask_5\mask_21_5.dat): failed to open stream: No such file or directory in <b>C:\xampp\htdocs\Medical_E-CARD\authority\amr\qrmask.php</b> on line <b>155</b><br />
<br />
<b>Warning</b>:  mkdir(): No such file or directory in <b>C:\xampp\htdocs\Medical_E-CARD\authority\amr\qrmask.php</b> on line <b>154</b><br />
<br />
<b>Warning</b>:  file_put_contents(C:\xampp\htdocs\Medical_E-CARD\authority\amr\cache\mask_6\mask_21_6.dat): failed to open stream: No such file or directory in <b>C:\xampp\htdocs\Medical_E-CARD\authority\amr\qrmask.php</b> on line <b>155</b><br />
<br />
<b>Warning</b>:  mkdir(): No such file or directory in <b>C:\xampp\htdocs\Medical_E-CARD\authority\amr\qrmask.php</b> on line <b>154</b><br />
<br />
<b>Warning</b>:  file_put_contents(C:\xampp\htdocs\Medical_E-CARD\authority\amr\cache\mask_7\mask_21_7.dat): failed to open stream: No such file or directory in <b>C:\xampp\htdocs\Medical_E-CARD\authority\amr\qrmask.php</b> on line <b>155</b><br />
2016-11-19 05:07:08: <br />
<b>Warning</b>:  file_put_contents(C:\xampp\htdocs\Medical_E-CARD\authority\amr\cache\frame_1.dat): failed to open stream: No such file or directory in <b>C:\xampp\htdocs\Medical_E-CARD\authority\amr\qrspec.php</b> on line <b>568</b><br />
<br />
<b>Warning</b>:  mkdir(): No such file or directory in <b>C:\xampp\htdocs\Medical_E-CARD\authority\amr\qrmask.php</b> on line <b>154</b><br />
<br />
<b>Warning</b>:  file_put_contents(C:\xampp\htdocs\Medical_E-CARD\authority\amr\cache\mask_0\mask_21_0.dat): failed to open stream: No such file or directory in <b>C:\xampp\htdocs\Medical_E-CARD\authority\amr\qrmask.php</b> on line <b>155</b><br />
<br />
<b>Warning</b>:  mkdir(): No such file or directory in <b>C:\xampp\htdocs\Medical_E-CARD\authority\amr\qrmask.php</b> on line <b>154</b><br />
<br />
<b>Warning</b>:  file_put_contents(C:\xampp\htdocs\Medical_E-CARD\authority\amr\cache\mask_1\mask_21_1.dat): failed to open stream: No such file or directory in <b>C:\xampp\htdocs\Medical_E-CARD\authority\amr\qrmask.php</b> on line <b>155</b><br />
<br />
<b>Warning</b>:  mkdir(): No such file or directory in <b>C:\xampp\htdocs\Medical_E-CARD\authority\amr\qrmask.php</b> on line <b>154</b><br />
<br />
<b>Warning</b>:  file_put_contents(C:\xampp\htdocs\Medical_E-CARD\authority\amr\cache\mask_2\mask_21_2.dat): failed to open stream: No such file or directory in <b>C:\xampp\htdocs\Medical_E-CARD\authority\amr\qrmask.php</b> on line <b>155</b><br />
<br />
<b>Warning</b>:  mkdir(): No such file or directory in <b>C:\xampp\htdocs\Medical_E-CARD\authority\amr\qrmask.php</b> on line <b>154</b><br />
<br />
<b>Warning</b>:  file_put_contents(C:\xampp\htdocs\Medical_E-CARD\authority\amr\cache\mask_3\mask_21_3.dat): failed to open stream: No such file or directory in <b>C:\xampp\htdocs\Medical_E-CARD\authority\amr\qrmask.php</b> on line <b>155</b><br />
<br />
<b>Warning</b>:  mkdir(): No such file or directory in <b>C:\xampp\htdocs\Medical_E-CARD\authority\amr\qrmask.php</b> on line <b>154</b><br />
<br />
<b>Warning</b>:  file_put_contents(C:\xampp\htdocs\Medical_E-CARD\authority\amr\cache\mask_4\mask_21_4.dat): failed to open stream: No such file or directory in <b>C:\xampp\htdocs\Medical_E-CARD\authority\amr\qrmask.php</b> on line <b>155</b><br />
<br />
<b>Warning</b>:  mkdir(): No such file or directory in <b>C:\xampp\htdocs\Medical_E-CARD\authority\amr\qrmask.php</b> on line <b>154</b><br />
<br />
<b>Warning</b>:  file_put_contents(C:\xampp\htdocs\Medical_E-CARD\authority\amr\cache\mask_5\mask_21_5.dat): failed to open stream: No such file or directory in <b>C:\xampp\htdocs\Medical_E-CARD\authority\amr\qrmask.php</b> on line <b>155</b><br />
<br />
<b>Warning</b>:  mkdir(): No such file or directory in <b>C:\xampp\htdocs\Medical_E-CARD\authority\amr\qrmask.php</b> on line <b>154</b><br />
<br />
<b>Warning</b>:  file_put_contents(C:\xampp\htdocs\Medical_E-CARD\authority\amr\cache\mask_6\mask_21_6.dat): failed to open stream: No such file or directory in <b>C:\xampp\htdocs\Medical_E-CARD\authority\amr\qrmask.php</b> on line <b>155</b><br />
<br />
<b>Warning</b>:  mkdir(): No such file or directory in <b>C:\xampp\htdocs\Medical_E-CARD\authority\amr\qrmask.php</b> on line <b>154</b><br />
<br />
<b>Warning</b>:  file_put_contents(C:\xampp\htdocs\Medical_E-CARD\authority\amr\cache\mask_7\mask_21_7.dat): failed to open stream: No such file or directory in <b>C:\xampp\htdocs\Medical_E-CARD\authority\amr\qrmask.php</b> on line <b>155</b><br />
2016-11-19 05:07:51: <br />
<b>Warning</b>:  file_put_contents(C:\xampp\htdocs\Medical_E-CARD\authority\amr\cache\frame_1.dat): failed to open stream: No such file or directory in <b>C:\xampp\htdocs\Medical_E-CARD\authority\amr\qrspec.php</b> on line <b>568</b><br />
<br />
<b>Warning</b>:  mkdir(): No such file or directory in <b>C:\xampp\htdocs\Medical_E-CARD\authority\amr\qrmask.php</b> on line <b>154</b><br />
<br />
<b>Warning</b>:  file_put_contents(C:\xampp\htdocs\Medical_E-CARD\authority\amr\cache\mask_0\mask_21_0.dat): failed to open stream: No such file or directory in <b>C:\xampp\htdocs\Medical_E-CARD\authority\amr\qrmask.php</b> on line <b>155</b><br />
<br />
<b>Warning</b>:  mkdir(): No such file or directory in <b>C:\xampp\htdocs\Medical_E-CARD\authority\amr\qrmask.php</b> on line <b>154</b><br />
<br />
<b>Warning</b>:  file_put_contents(C:\xampp\htdocs\Medical_E-CARD\authority\amr\cache\mask_1\mask_21_1.dat): failed to open stream: No such file or directory in <b>C:\xampp\htdocs\Medical_E-CARD\authority\amr\qrmask.php</b> on line <b>155</b><br />
<br />
<b>Warning</b>:  mkdir(): No such file or directory in <b>C:\xampp\htdocs\Medical_E-CARD\authority\amr\qrmask.php</b> on line <b>154</b><br />
<br />
<b>Warning</b>:  file_put_contents(C:\xampp\htdocs\Medical_E-CARD\authority\amr\cache\mask_2\mask_21_2.dat): failed to open stream: No such file or directory in <b>C:\xampp\htdocs\Medical_E-CARD\authority\amr\qrmask.php</b> on line <b>155</b><br />
<br />
<b>Warning</b>:  mkdir(): No such file or directory in <b>C:\xampp\htdocs\Medical_E-CARD\authority\amr\qrmask.php</b> on line <b>154</b><br />
<br />
<b>Warning</b>:  file_put_contents(C:\xampp\htdocs\Medical_E-CARD\authority\amr\cache\mask_3\mask_21_3.dat): failed to open stream: No such file or directory in <b>C:\xampp\htdocs\Medical_E-CARD\authority\amr\qrmask.php</b> on line <b>155</b><br />
<br />
<b>Warning</b>:  mkdir(): No such file or directory in <b>C:\xampp\htdocs\Medical_E-CARD\authority\amr\qrmask.php</b> on line <b>154</b><br />
<br />
<b>Warning</b>:  file_put_contents(C:\xampp\htdocs\Medical_E-CARD\authority\amr\cache\mask_4\mask_21_4.dat): failed to open stream: No such file or directory in <b>C:\xampp\htdocs\Medical_E-CARD\authority\amr\qrmask.php</b> on line <b>155</b><br />
<br />
<b>Warning</b>:  mkdir(): No such file or directory in <b>C:\xampp\htdocs\Medical_E-CARD\authority\amr\qrmask.php</b> on line <b>154</b><br />
<br />
<b>Warning</b>:  file_put_contents(C:\xampp\htdocs\Medical_E-CARD\authority\amr\cache\mask_5\mask_21_5.dat): failed to open stream: No such file or directory in <b>C:\xampp\htdocs\Medical_E-CARD\authority\amr\qrmask.php</b> on line <b>155</b><br />
<br />
<b>Warning</b>:  mkdir(): No such file or directory in <b>C:\xampp\htdocs\Medical_E-CARD\authority\amr\qrmask.php</b> on line <b>154</b><br />
<br />
<b>Warning</b>:  file_put_contents(C:\xampp\htdocs\Medical_E-CARD\authority\amr\cache\mask_6\mask_21_6.dat): failed to open stream: No such file or directory in <b>C:\xampp\htdocs\Medical_E-CARD\authority\amr\qrmask.php</b> on line <b>155</b><br />
<br />
<b>Warning</b>:  mkdir(): No such file or directory in <b>C:\xampp\htdocs\Medical_E-CARD\authority\amr\qrmask.php</b> on line <b>154</b><br />
<br />
<b>Warning</b>:  file_put_contents(C:\xampp\htdocs\Medical_E-CARD\authority\amr\cache\mask_7\mask_21_7.dat): failed to open stream: No such file or directory in <b>C:\xampp\htdocs\Medical_E-CARD\authority\amr\qrmask.php</b> on line <b>155</b><br />
2016-11-19 05:08:22: <br />
<b>Warning</b>:  file_put_contents(C:\xampp\htdocs\Medical_E-CARD\authority\amr\cache\frame_1.dat): failed to open stream: No such file or directory in <b>C:\xampp\htdocs\Medical_E-CARD\authority\amr\qrspec.php</b> on line <b>568</b><br />
<br />
<b>Warning</b>:  mkdir(): No such file or directory in <b>C:\xampp\htdocs\Medical_E-CARD\authority\amr\qrmask.php</b> on line <b>154</b><br />
<br />
<b>Warning</b>:  file_put_contents(C:\xampp\htdocs\Medical_E-CARD\authority\amr\cache\mask_0\mask_21_0.dat): failed to open stream: No such file or directory in <b>C:\xampp\htdocs\Medical_E-CARD\authority\amr\qrmask.php</b> on line <b>155</b><br />
<br />
<b>Warning</b>:  mkdir(): No such file or directory in <b>C:\xampp\htdocs\Medical_E-CARD\authority\amr\qrmask.php</b> on line <b>154</b><br />
<br />
<b>Warning</b>:  file_put_contents(C:\xampp\htdocs\Medical_E-CARD\authority\amr\cache\mask_1\mask_21_1.dat): failed to open stream: No such file or directory in <b>C:\xampp\htdocs\Medical_E-CARD\authority\amr\qrmask.php</b> on line <b>155</b><br />
<br />
<b>Warning</b>:  mkdir(): No such file or directory in <b>C:\xampp\htdocs\Medical_E-CARD\authority\amr\qrmask.php</b> on line <b>154</b><br />
<br />
<b>Warning</b>:  file_put_contents(C:\xampp\htdocs\Medical_E-CARD\authority\amr\cache\mask_2\mask_21_2.dat): failed to open stream: No such file or directory in <b>C:\xampp\htdocs\Medical_E-CARD\authority\amr\qrmask.php</b> on line <b>155</b><br />
<br />
<b>Warning</b>:  mkdir(): No such file or directory in <b>C:\xampp\htdocs\Medical_E-CARD\authority\amr\qrmask.php</b> on line <b>154</b><br />
<br />
<b>Warning</b>:  file_put_contents(C:\xampp\htdocs\Medical_E-CARD\authority\amr\cache\mask_3\mask_21_3.dat): failed to open stream: No such file or directory in <b>C:\xampp\htdocs\Medical_E-CARD\authority\amr\qrmask.php</b> on line <b>155</b><br />
<br />
<b>Warning</b>:  mkdir(): No such file or directory in <b>C:\xampp\htdocs\Medical_E-CARD\authority\amr\qrmask.php</b> on line <b>154</b><br />
<br />
<b>Warning</b>:  file_put_contents(C:\xampp\htdocs\Medical_E-CARD\authority\amr\cache\mask_4\mask_21_4.dat): failed to open stream: No such file or directory in <b>C:\xampp\htdocs\Medical_E-CARD\authority\amr\qrmask.php</b> on line <b>155</b><br />
<br />
<b>Warning</b>:  mkdir(): No such file or directory in <b>C:\xampp\htdocs\Medical_E-CARD\authority\amr\qrmask.php</b> on line <b>154</b><br />
<br />
<b>Warning</b>:  file_put_contents(C:\xampp\htdocs\Medical_E-CARD\authority\amr\cache\mask_5\mask_21_5.dat): failed to open stream: No such file or directory in <b>C:\xampp\htdocs\Medical_E-CARD\authority\amr\qrmask.php</b> on line <b>155</b><br />
<br />
<b>Warning</b>:  mkdir(): No such file or directory in <b>C:\xampp\htdocs\Medical_E-CARD\authority\amr\qrmask.php</b> on line <b>154</b><br />
<br />
<b>Warning</b>:  file_put_contents(C:\xampp\htdocs\Medical_E-CARD\authority\amr\cache\mask_6\mask_21_6.dat): failed to open stream: No such file or directory in <b>C:\xampp\htdocs\Medical_E-CARD\authority\amr\qrmask.php</b> on line <b>155</b><br />
<br />
<b>Warning</b>:  mkdir(): No such file or directory in <b>C:\xampp\htdocs\Medical_E-CARD\authority\amr\qrmask.php</b> on line <b>154</b><br />
<br />
<b>Warning</b>:  file_put_contents(C:\xampp\htdocs\Medical_E-CARD\authority\amr\cache\mask_7\mask_21_7.dat): failed to open stream: No such file or directory in <b>C:\xampp\htdocs\Medical_E-CARD\authority\amr\qrmask.php</b> on line <b>155</b><br />
2016-11-19 05:08:37: <br />
<b>Warning</b>:  file_put_contents(C:\xampp\htdocs\Medical_E-CARD\authority\amr\cache\frame_1.dat): failed to open stream: No such file or directory in <b>C:\xampp\htdocs\Medical_E-CARD\authority\amr\qrspec.php</b> on line <b>568</b><br />
<br />
<b>Warning</b>:  mkdir(): No such file or directory in <b>C:\xampp\htdocs\Medical_E-CARD\authority\amr\qrmask.php</b> on line <b>154</b><br />
<br />
<b>Warning</b>:  file_put_contents(C:\xampp\htdocs\Medical_E-CARD\authority\amr\cache\mask_0\mask_21_0.dat): failed to open stream: No such file or directory in <b>C:\xampp\htdocs\Medical_E-CARD\authority\amr\qrmask.php</b> on line <b>155</b><br />
<br />
<b>Warning</b>:  mkdir(): No such file or directory in <b>C:\xampp\htdocs\Medical_E-CARD\authority\amr\qrmask.php</b> on line <b>154</b><br />
<br />
<b>Warning</b>:  file_put_contents(C:\xampp\htdocs\Medical_E-CARD\authority\amr\cache\mask_1\mask_21_1.dat): failed to open stream: No such file or directory in <b>C:\xampp\htdocs\Medical_E-CARD\authority\amr\qrmask.php</b> on line <b>155</b><br />
<br />
<b>Warning</b>:  mkdir(): No such file or directory in <b>C:\xampp\htdocs\Medical_E-CARD\authority\amr\qrmask.php</b> on line <b>154</b><br />
<br />
<b>Warning</b>:  file_put_contents(C:\xampp\htdocs\Medical_E-CARD\authority\amr\cache\mask_2\mask_21_2.dat): failed to open stream: No such file or directory in <b>C:\xampp\htdocs\Medical_E-CARD\authority\amr\qrmask.php</b> on line <b>155</b><br />
<br />
<b>Warning</b>:  mkdir(): No such file or directory in <b>C:\xampp\htdocs\Medical_E-CARD\authority\amr\qrmask.php</b> on line <b>154</b><br />
<br />
<b>Warning</b>:  file_put_contents(C:\xampp\htdocs\Medical_E-CARD\authority\amr\cache\mask_3\mask_21_3.dat): failed to open stream: No such file or directory in <b>C:\xampp\htdocs\Medical_E-CARD\authority\amr\qrmask.php</b> on line <b>155</b><br />
<br />
<b>Warning</b>:  mkdir(): No such file or directory in <b>C:\xampp\htdocs\Medical_E-CARD\authority\amr\qrmask.php</b> on line <b>154</b><br />
<br />
<b>Warning</b>:  file_put_contents(C:\xampp\htdocs\Medical_E-CARD\authority\amr\cache\mask_4\mask_21_4.dat): failed to open stream: No such file or directory in <b>C:\xampp\htdocs\Medical_E-CARD\authority\amr\qrmask.php</b> on line <b>155</b><br />
<br />
<b>Warning</b>:  mkdir(): No such file or directory in <b>C:\xampp\htdocs\Medical_E-CARD\authority\amr\qrmask.php</b> on line <b>154</b><br />
<br />
<b>Warning</b>:  file_put_contents(C:\xampp\htdocs\Medical_E-CARD\authority\amr\cache\mask_5\mask_21_5.dat): failed to open stream: No such file or directory in <b>C:\xampp\htdocs\Medical_E-CARD\authority\amr\qrmask.php</b> on line <b>155</b><br />
<br />
<b>Warning</b>:  mkdir(): No such file or directory in <b>C:\xampp\htdocs\Medical_E-CARD\authority\amr\qrmask.php</b> on line <b>154</b><br />
<br />
<b>Warning</b>:  file_put_contents(C:\xampp\htdocs\Medical_E-CARD\authority\amr\cache\mask_6\mask_21_6.dat): failed to open stream: No such file or directory in <b>C:\xampp\htdocs\Medical_E-CARD\authority\amr\qrmask.php</b> on line <b>155</b><br />
<br />
<b>Warning</b>:  mkdir(): No such file or directory in <b>C:\xampp\htdocs\Medical_E-CARD\authority\amr\qrmask.php</b> on line <b>154</b><br />
<br />
<b>Warning</b>:  file_put_contents(C:\xampp\htdocs\Medical_E-CARD\authority\amr\cache\mask_7\mask_21_7.dat): failed to open stream: No such file or directory in <b>C:\xampp\htdocs\Medical_E-CARD\authority\amr\qrmask.php</b> on line <b>155</b><br />
2016-11-19 05:08:44: <br />
<b>Warning</b>:  file_put_contents(C:\xampp\htdocs\Medical_E-CARD\authority\amr\cache\frame_1.dat): failed to open stream: No such file or directory in <b>C:\xampp\htdocs\Medical_E-CARD\authority\amr\qrspec.php</b> on line <b>568</b><br />
<br />
<b>Warning</b>:  mkdir(): No such file or directory in <b>C:\xampp\htdocs\Medical_E-CARD\authority\amr\qrmask.php</b> on line <b>154</b><br />
<br />
<b>Warning</b>:  file_put_contents(C:\xampp\htdocs\Medical_E-CARD\authority\amr\cache\mask_0\mask_21_0.dat): failed to open stream: No such file or directory in <b>C:\xampp\htdocs\Medical_E-CARD\authority\amr\qrmask.php</b> on line <b>155</b><br />
<br />
<b>Warning</b>:  mkdir(): No such file or directory in <b>C:\xampp\htdocs\Medical_E-CARD\authority\amr\qrmask.php</b> on line <b>154</b><br />
<br />
<b>Warning</b>:  file_put_contents(C:\xampp\htdocs\Medical_E-CARD\authority\amr\cache\mask_1\mask_21_1.dat): failed to open stream: No such file or directory in <b>C:\xampp\htdocs\Medical_E-CARD\authority\amr\qrmask.php</b> on line <b>155</b><br />
<br />
<b>Warning</b>:  mkdir(): No such file or directory in <b>C:\xampp\htdocs\Medical_E-CARD\authority\amr\qrmask.php</b> on line <b>154</b><br />
<br />
<b>Warning</b>:  file_put_contents(C:\xampp\htdocs\Medical_E-CARD\authority\amr\cache\mask_2\mask_21_2.dat): failed to open stream: No such file or directory in <b>C:\xampp\htdocs\Medical_E-CARD\authority\amr\qrmask.php</b> on line <b>155</b><br />
<br />
<b>Warning</b>:  mkdir(): No such file or directory in <b>C:\xampp\htdocs\Medical_E-CARD\authority\amr\qrmask.php</b> on line <b>154</b><br />
<br />
<b>Warning</b>:  file_put_contents(C:\xampp\htdocs\Medical_E-CARD\authority\amr\cache\mask_3\mask_21_3.dat): failed to open stream: No such file or directory in <b>C:\xampp\htdocs\Medical_E-CARD\authority\amr\qrmask.php</b> on line <b>155</b><br />
<br />
<b>Warning</b>:  mkdir(): No such file or directory in <b>C:\xampp\htdocs\Medical_E-CARD\authority\amr\qrmask.php</b> on line <b>154</b><br />
<br />
<b>Warning</b>:  file_put_contents(C:\xampp\htdocs\Medical_E-CARD\authority\amr\cache\mask_4\mask_21_4.dat): failed to open stream: No such file or directory in <b>C:\xampp\htdocs\Medical_E-CARD\authority\amr\qrmask.php</b> on line <b>155</b><br />
<br />
<b>Warning</b>:  mkdir(): No such file or directory in <b>C:\xampp\htdocs\Medical_E-CARD\authority\amr\qrmask.php</b> on line <b>154</b><br />
<br />
<b>Warning</b>:  file_put_contents(C:\xampp\htdocs\Medical_E-CARD\authority\amr\cache\mask_5\mask_21_5.dat): failed to open stream: No such file or directory in <b>C:\xampp\htdocs\Medical_E-CARD\authority\amr\qrmask.php</b> on line <b>155</b><br />
<br />
<b>Warning</b>:  mkdir(): No such file or directory in <b>C:\xampp\htdocs\Medical_E-CARD\authority\amr\qrmask.php</b> on line <b>154</b><br />
<br />
<b>Warning</b>:  file_put_contents(C:\xampp\htdocs\Medical_E-CARD\authority\amr\cache\mask_6\mask_21_6.dat): failed to open stream: No such file or directory in <b>C:\xampp\htdocs\Medical_E-CARD\authority\amr\qrmask.php</b> on line <b>155</b><br />
<br />
<b>Warning</b>:  mkdir(): No such file or directory in <b>C:\xampp\htdocs\Medical_E-CARD\authority\amr\qrmask.php</b> on line <b>154</b><br />
<br />
<b>Warning</b>:  file_put_contents(C:\xampp\htdocs\Medical_E-CARD\authority\amr\cache\mask_7\mask_21_7.dat): failed to open stream: No such file or directory in <b>C:\xampp\htdocs\Medical_E-CARD\authority\amr\qrmask.php</b> on line <b>155</b><br />
2016-11-19 05:08:46: <br />
<b>Warning</b>:  file_put_contents(C:\xampp\htdocs\Medical_E-CARD\authority\amr\cache\frame_1.dat): failed to open stream: No such file or directory in <b>C:\xampp\htdocs\Medical_E-CARD\authority\amr\qrspec.php</b> on line <b>568</b><br />
<br />
<b>Warning</b>:  mkdir(): No such file or directory in <b>C:\xampp\htdocs\Medical_E-CARD\authority\amr\qrmask.php</b> on line <b>154</b><br />
<br />
<b>Warning</b>:  file_put_contents(C:\xampp\htdocs\Medical_E-CARD\authority\amr\cache\mask_0\mask_21_0.dat): failed to open stream: No such file or directory in <b>C:\xampp\htdocs\Medical_E-CARD\authority\amr\qrmask.php</b> on line <b>155</b><br />
<br />
<b>Warning</b>:  mkdir(): No such file or directory in <b>C:\xampp\htdocs\Medical_E-CARD\authority\amr\qrmask.php</b> on line <b>154</b><br />
<br />
<b>Warning</b>:  file_put_contents(C:\xampp\htdocs\Medical_E-CARD\authority\amr\cache\mask_1\mask_21_1.dat): failed to open stream: No such file or directory in <b>C:\xampp\htdocs\Medical_E-CARD\authority\amr\qrmask.php</b> on line <b>155</b><br />
<br />
<b>Warning</b>:  mkdir(): No such file or directory in <b>C:\xampp\htdocs\Medical_E-CARD\authority\amr\qrmask.php</b> on line <b>154</b><br />
<br />
<b>Warning</b>:  file_put_contents(C:\xampp\htdocs\Medical_E-CARD\authority\amr\cache\mask_2\mask_21_2.dat): failed to open stream: No such file or directory in <b>C:\xampp\htdocs\Medical_E-CARD\authority\amr\qrmask.php</b> on line <b>155</b><br />
<br />
<b>Warning</b>:  mkdir(): No such file or directory in <b>C:\xampp\htdocs\Medical_E-CARD\authority\amr\qrmask.php</b> on line <b>154</b><br />
<br />
<b>Warning</b>:  file_put_contents(C:\xampp\htdocs\Medical_E-CARD\authority\amr\cache\mask_3\mask_21_3.dat): failed to open stream: No such file or directory in <b>C:\xampp\htdocs\Medical_E-CARD\authority\amr\qrmask.php</b> on line <b>155</b><br />
<br />
<b>Warning</b>:  mkdir(): No such file or directory in <b>C:\xampp\htdocs\Medical_E-CARD\authority\amr\qrmask.php</b> on line <b>154</b><br />
<br />
<b>Warning</b>:  file_put_contents(C:\xampp\htdocs\Medical_E-CARD\authority\amr\cache\mask_4\mask_21_4.dat): failed to open stream: No such file or directory in <b>C:\xampp\htdocs\Medical_E-CARD\authority\amr\qrmask.php</b> on line <b>155</b><br />
<br />
<b>Warning</b>:  mkdir(): No such file or directory in <b>C:\xampp\htdocs\Medical_E-CARD\authority\amr\qrmask.php</b> on line <b>154</b><br />
<br />
<b>Warning</b>:  file_put_contents(C:\xampp\htdocs\Medical_E-CARD\authority\amr\cache\mask_5\mask_21_5.dat): failed to open stream: No such file or directory in <b>C:\xampp\htdocs\Medical_E-CARD\authority\amr\qrmask.php</b> on line <b>155</b><br />
<br />
<b>Warning</b>:  mkdir(): No such file or directory in <b>C:\xampp\htdocs\Medical_E-CARD\authority\amr\qrmask.php</b> on line <b>154</b><br />
<br />
<b>Warning</b>:  file_put_contents(C:\xampp\htdocs\Medical_E-CARD\authority\amr\cache\mask_6\mask_21_6.dat): failed to open stream: No such file or directory in <b>C:\xampp\htdocs\Medical_E-CARD\authority\amr\qrmask.php</b> on line <b>155</b><br />
<br />
<b>Warning</b>:  mkdir(): No such file or directory in <b>C:\xampp\htdocs\Medical_E-CARD\authority\amr\qrmask.php</b> on line <b>154</b><br />
<br />
<b>Warning</b>:  file_put_contents(C:\xampp\htdocs\Medical_E-CARD\authority\amr\cache\mask_7\mask_21_7.dat): failed to open stream: No such file or directory in <b>C:\xampp\htdocs\Medical_E-CARD\authority\amr\qrmask.php</b> on line <b>155</b><br />
2016-11-19 05:09:58: <br />
<b>Warning</b>:  file_put_contents(C:\xampp\htdocs\Medical_E-CARD\authority\amr\cache\frame_1.dat): failed to open stream: No such file or directory in <b>C:\xampp\htdocs\Medical_E-CARD\authority\amr\qrspec.php</b> on line <b>568</b><br />
<br />
<b>Warning</b>:  mkdir(): No such file or directory in <b>C:\xampp\htdocs\Medical_E-CARD\authority\amr\qrmask.php</b> on line <b>154</b><br />
<br />
<b>Warning</b>:  file_put_contents(C:\xampp\htdocs\Medical_E-CARD\authority\amr\cache\mask_0\mask_21_0.dat): failed to open stream: No such file or directory in <b>C:\xampp\htdocs\Medical_E-CARD\authority\amr\qrmask.php</b> on line <b>155</b><br />
<br />
<b>Warning</b>:  mkdir(): No such file or directory in <b>C:\xampp\htdocs\Medical_E-CARD\authority\amr\qrmask.php</b> on line <b>154</b><br />
<br />
<b>Warning</b>:  file_put_contents(C:\xampp\htdocs\Medical_E-CARD\authority\amr\cache\mask_1\mask_21_1.dat): failed to open stream: No such file or directory in <b>C:\xampp\htdocs\Medical_E-CARD\authority\amr\qrmask.php</b> on line <b>155</b><br />
<br />
<b>Warning</b>:  mkdir(): No such file or directory in <b>C:\xampp\htdocs\Medical_E-CARD\authority\amr\qrmask.php</b> on line <b>154</b><br />
<br />
<b>Warning</b>:  file_put_contents(C:\xampp\htdocs\Medical_E-CARD\authority\amr\cache\mask_2\mask_21_2.dat): failed to open stream: No such file or directory in <b>C:\xampp\htdocs\Medical_E-CARD\authority\amr\qrmask.php</b> on line <b>155</b><br />
<br />
<b>Warning</b>:  mkdir(): No such file or directory in <b>C:\xampp\htdocs\Medical_E-CARD\authority\amr\qrmask.php</b> on line <b>154</b><br />
<br />
<b>Warning</b>:  file_put_contents(C:\xampp\htdocs\Medical_E-CARD\authority\amr\cache\mask_3\mask_21_3.dat): failed to open stream: No such file or directory in <b>C:\xampp\htdocs\Medical_E-CARD\authority\amr\qrmask.php</b> on line <b>155</b><br />
<br />
<b>Warning</b>:  mkdir(): No such file or directory in <b>C:\xampp\htdocs\Medical_E-CARD\authority\amr\qrmask.php</b> on line <b>154</b><br />
<br />
<b>Warning</b>:  file_put_contents(C:\xampp\htdocs\Medical_E-CARD\authority\amr\cache\mask_4\mask_21_4.dat): failed to open stream: No such file or directory in <b>C:\xampp\htdocs\Medical_E-CARD\authority\amr\qrmask.php</b> on line <b>155</b><br />
<br />
<b>Warning</b>:  mkdir(): No such file or directory in <b>C:\xampp\htdocs\Medical_E-CARD\authority\amr\qrmask.php</b> on line <b>154</b><br />
<br />
<b>Warning</b>:  file_put_contents(C:\xampp\htdocs\Medical_E-CARD\authority\amr\cache\mask_5\mask_21_5.dat): failed to open stream: No such file or directory in <b>C:\xampp\htdocs\Medical_E-CARD\authority\amr\qrmask.php</b> on line <b>155</b><br />
<br />
<b>Warning</b>:  mkdir(): No such file or directory in <b>C:\xampp\htdocs\Medical_E-CARD\authority\amr\qrmask.php</b> on line <b>154</b><br />
<br />
<b>Warning</b>:  file_put_contents(C:\xampp\htdocs\Medical_E-CARD\authority\amr\cache\mask_6\mask_21_6.dat): failed to open stream: No such file or directory in <b>C:\xampp\htdocs\Medical_E-CARD\authority\amr\qrmask.php</b> on line <b>155</b><br />
<br />
<b>Warning</b>:  mkdir(): No such file or directory in <b>C:\xampp\htdocs\Medical_E-CARD\authority\amr\qrmask.php</b> on line <b>154</b><br />
<br />
<b>Warning</b>:  file_put_contents(C:\xampp\htdocs\Medical_E-CARD\authority\amr\cache\mask_7\mask_21_7.dat): failed to open stream: No such file or directory in <b>C:\xampp\htdocs\Medical_E-CARD\authority\amr\qrmask.php</b> on line <b>155</b><br />
2016-11-19 05:10:27: <br />
<b>Warning</b>:  file_put_contents(C:\xampp\htdocs\Medical_E-CARD\authority\amr\cache\frame_1.dat): failed to open stream: No such file or directory in <b>C:\xampp\htdocs\Medical_E-CARD\authority\amr\qrspec.php</b> on line <b>568</b><br />
<br />
<b>Warning</b>:  mkdir(): No such file or directory in <b>C:\xampp\htdocs\Medical_E-CARD\authority\amr\qrmask.php</b> on line <b>154</b><br />
<br />
<b>Warning</b>:  file_put_contents(C:\xampp\htdocs\Medical_E-CARD\authority\amr\cache\mask_0\mask_21_0.dat): failed to open stream: No such file or directory in <b>C:\xampp\htdocs\Medical_E-CARD\authority\amr\qrmask.php</b> on line <b>155</b><br />
<br />
<b>Warning</b>:  mkdir(): No such file or directory in <b>C:\xampp\htdocs\Medical_E-CARD\authority\amr\qrmask.php</b> on line <b>154</b><br />
<br />
<b>Warning</b>:  file_put_contents(C:\xampp\htdocs\Medical_E-CARD\authority\amr\cache\mask_1\mask_21_1.dat): failed to open stream: No such file or directory in <b>C:\xampp\htdocs\Medical_E-CARD\authority\amr\qrmask.php</b> on line <b>155</b><br />
<br />
<b>Warning</b>:  mkdir(): No such file or directory in <b>C:\xampp\htdocs\Medical_E-CARD\authority\amr\qrmask.php</b> on line <b>154</b><br />
<br />
<b>Warning</b>:  file_put_contents(C:\xampp\htdocs\Medical_E-CARD\authority\amr\cache\mask_2\mask_21_2.dat): failed to open stream: No such file or directory in <b>C:\xampp\htdocs\Medical_E-CARD\authority\amr\qrmask.php</b> on line <b>155</b><br />
<br />
<b>Warning</b>:  mkdir(): No such file or directory in <b>C:\xampp\htdocs\Medical_E-CARD\authority\amr\qrmask.php</b> on line <b>154</b><br />
<br />
<b>Warning</b>:  file_put_contents(C:\xampp\htdocs\Medical_E-CARD\authority\amr\cache\mask_3\mask_21_3.dat): failed to open stream: No such file or directory in <b>C:\xampp\htdocs\Medical_E-CARD\authority\amr\qrmask.php</b> on line <b>155</b><br />
<br />
<b>Warning</b>:  mkdir(): No such file or directory in <b>C:\xampp\htdocs\Medical_E-CARD\authority\amr\qrmask.php</b> on line <b>154</b><br />
<br />
<b>Warning</b>:  file_put_contents(C:\xampp\htdocs\Medical_E-CARD\authority\amr\cache\mask_4\mask_21_4.dat): failed to open stream: No such file or directory in <b>C:\xampp\htdocs\Medical_E-CARD\authority\amr\qrmask.php</b> on line <b>155</b><br />
<br />
<b>Warning</b>:  mkdir(): No such file or directory in <b>C:\xampp\htdocs\Medical_E-CARD\authority\amr\qrmask.php</b> on line <b>154</b><br />
<br />
<b>Warning</b>:  file_put_contents(C:\xampp\htdocs\Medical_E-CARD\authority\amr\cache\mask_5\mask_21_5.dat): failed to open stream: No such file or directory in <b>C:\xampp\htdocs\Medical_E-CARD\authority\amr\qrmask.php</b> on line <b>155</b><br />
<br />
<b>Warning</b>:  mkdir(): No such file or directory in <b>C:\xampp\htdocs\Medical_E-CARD\authority\amr\qrmask.php</b> on line <b>154</b><br />
<br />
<b>Warning</b>:  file_put_contents(C:\xampp\htdocs\Medical_E-CARD\authority\amr\cache\mask_6\mask_21_6.dat): failed to open stream: No such file or directory in <b>C:\xampp\htdocs\Medical_E-CARD\authority\amr\qrmask.php</b> on line <b>155</b><br />
<br />
<b>Warning</b>:  mkdir(): No such file or directory in <b>C:\xampp\htdocs\Medical_E-CARD\authority\amr\qrmask.php</b> on line <b>154</b><br />
<br />
<b>Warning</b>:  file_put_contents(C:\xampp\htdocs\Medical_E-CARD\authority\amr\cache\mask_7\mask_21_7.dat): failed to open stream: No such file or directory in <b>C:\xampp\htdocs\Medical_E-CARD\authority\amr\qrmask.php</b> on line <b>155</b><br />
2016-11-19 05:11:09: <br />
<b>Warning</b>:  file_put_contents(C:\xampp\htdocs\Medical_E-CARD\authority\amr\cache\frame_1.dat): failed to open stream: No such file or directory in <b>C:\xampp\htdocs\Medical_E-CARD\authority\amr\qrspec.php</b> on line <b>568</b><br />
<br />
<b>Warning</b>:  mkdir(): No such file or directory in <b>C:\xampp\htdocs\Medical_E-CARD\authority\amr\qrmask.php</b> on line <b>154</b><br />
<br />
<b>Warning</b>:  file_put_contents(C:\xampp\htdocs\Medical_E-CARD\authority\amr\cache\mask_0\mask_21_0.dat): failed to open stream: No such file or directory in <b>C:\xampp\htdocs\Medical_E-CARD\authority\amr\qrmask.php</b> on line <b>155</b><br />
<br />
<b>Warning</b>:  mkdir(): No such file or directory in <b>C:\xampp\htdocs\Medical_E-CARD\authority\amr\qrmask.php</b> on line <b>154</b><br />
<br />
<b>Warning</b>:  file_put_contents(C:\xampp\htdocs\Medical_E-CARD\authority\amr\cache\mask_1\mask_21_1.dat): failed to open stream: No such file or directory in <b>C:\xampp\htdocs\Medical_E-CARD\authority\amr\qrmask.php</b> on line <b>155</b><br />
<br />
<b>Warning</b>:  mkdir(): No such file or directory in <b>C:\xampp\htdocs\Medical_E-CARD\authority\amr\qrmask.php</b> on line <b>154</b><br />
<br />
<b>Warning</b>:  file_put_contents(C:\xampp\htdocs\Medical_E-CARD\authority\amr\cache\mask_2\mask_21_2.dat): failed to open stream: No such file or directory in <b>C:\xampp\htdocs\Medical_E-CARD\authority\amr\qrmask.php</b> on line <b>155</b><br />
<br />
<b>Warning</b>:  mkdir(): No such file or directory in <b>C:\xampp\htdocs\Medical_E-CARD\authority\amr\qrmask.php</b> on line <b>154</b><br />
<br />
<b>Warning</b>:  file_put_contents(C:\xampp\htdocs\Medical_E-CARD\authority\amr\cache\mask_3\mask_21_3.dat): failed to open stream: No such file or directory in <b>C:\xampp\htdocs\Medical_E-CARD\authority\amr\qrmask.php</b> on line <b>155</b><br />
<br />
<b>Warning</b>:  mkdir(): No such file or directory in <b>C:\xampp\htdocs\Medical_E-CARD\authority\amr\qrmask.php</b> on line <b>154</b><br />
<br />
<b>Warning</b>:  file_put_contents(C:\xampp\htdocs\Medical_E-CARD\authority\amr\cache\mask_4\mask_21_4.dat): failed to open stream: No such file or directory in <b>C:\xampp\htdocs\Medical_E-CARD\authority\amr\qrmask.php</b> on line <b>155</b><br />
<br />
<b>Warning</b>:  mkdir(): No such file or directory in <b>C:\xampp\htdocs\Medical_E-CARD\authority\amr\qrmask.php</b> on line <b>154</b><br />
<br />
<b>Warning</b>:  file_put_contents(C:\xampp\htdocs\Medical_E-CARD\authority\amr\cache\mask_5\mask_21_5.dat): failed to open stream: No such file or directory in <b>C:\xampp\htdocs\Medical_E-CARD\authority\amr\qrmask.php</b> on line <b>155</b><br />
<br />
<b>Warning</b>:  mkdir(): No such file or directory in <b>C:\xampp\htdocs\Medical_E-CARD\authority\amr\qrmask.php</b> on line <b>154</b><br />
<br />
<b>Warning</b>:  file_put_contents(C:\xampp\htdocs\Medical_E-CARD\authority\amr\cache\mask_6\mask_21_6.dat): failed to open stream: No such file or directory in <b>C:\xampp\htdocs\Medical_E-CARD\authority\amr\qrmask.php</b> on line <b>155</b><br />
<br />
<b>Warning</b>:  mkdir(): No such file or directory in <b>C:\xampp\htdocs\Medical_E-CARD\authority\amr\qrmask.php</b> on line <b>154</b><br />
<br />
<b>Warning</b>:  file_put_contents(C:\xampp\htdocs\Medical_E-CARD\authority\amr\cache\mask_7\mask_21_7.dat): failed to open stream: No such file or directory in <b>C:\xampp\htdocs\Medical_E-CARD\authority\amr\qrmask.php</b> on line <b>155</b><br />
2016-11-19 05:11:26: <br />
<b>Warning</b>:  file_put_contents(C:\xampp\htdocs\Medical_E-CARD\authority\amr\cache\frame_1.dat): failed to open stream: No such file or directory in <b>C:\xampp\htdocs\Medical_E-CARD\authority\amr\qrspec.php</b> on line <b>568</b><br />
<br />
<b>Warning</b>:  mkdir(): No such file or directory in <b>C:\xampp\htdocs\Medical_E-CARD\authority\amr\qrmask.php</b> on line <b>154</b><br />
<br />
<b>Warning</b>:  file_put_contents(C:\xampp\htdocs\Medical_E-CARD\authority\amr\cache\mask_0\mask_21_0.dat): failed to open stream: No such file or directory in <b>C:\xampp\htdocs\Medical_E-CARD\authority\amr\qrmask.php</b> on line <b>155</b><br />
<br />
<b>Warning</b>:  mkdir(): No such file or directory in <b>C:\xampp\htdocs\Medical_E-CARD\authority\amr\qrmask.php</b> on line <b>154</b><br />
<br />
<b>Warning</b>:  file_put_contents(C:\xampp\htdocs\Medical_E-CARD\authority\amr\cache\mask_1\mask_21_1.dat): failed to open stream: No such file or directory in <b>C:\xampp\htdocs\Medical_E-CARD\authority\amr\qrmask.php</b> on line <b>155</b><br />
<br />
<b>Warning</b>:  mkdir(): No such file or directory in <b>C:\xampp\htdocs\Medical_E-CARD\authority\amr\qrmask.php</b> on line <b>154</b><br />
<br />
<b>Warning</b>:  file_put_contents(C:\xampp\htdocs\Medical_E-CARD\authority\amr\cache\mask_2\mask_21_2.dat): failed to open stream: No such file or directory in <b>C:\xampp\htdocs\Medical_E-CARD\authority\amr\qrmask.php</b> on line <b>155</b><br />
<br />
<b>Warning</b>:  mkdir(): No such file or directory in <b>C:\xampp\htdocs\Medical_E-CARD\authority\amr\qrmask.php</b> on line <b>154</b><br />
<br />
<b>Warning</b>:  file_put_contents(C:\xampp\htdocs\Medical_E-CARD\authority\amr\cache\mask_3\mask_21_3.dat): failed to open stream: No such file or directory in <b>C:\xampp\htdocs\Medical_E-CARD\authority\amr\qrmask.php</b> on line <b>155</b><br />
<br />
<b>Warning</b>:  mkdir(): No such file or directory in <b>C:\xampp\htdocs\Medical_E-CARD\authority\amr\qrmask.php</b> on line <b>154</b><br />
<br />
<b>Warning</b>:  file_put_contents(C:\xampp\htdocs\Medical_E-CARD\authority\amr\cache\mask_4\mask_21_4.dat): failed to open stream: No such file or directory in <b>C:\xampp\htdocs\Medical_E-CARD\authority\amr\qrmask.php</b> on line <b>155</b><br />
<br />
<b>Warning</b>:  mkdir(): No such file or directory in <b>C:\xampp\htdocs\Medical_E-CARD\authority\amr\qrmask.php</b> on line <b>154</b><br />
<br />
<b>Warning</b>:  file_put_contents(C:\xampp\htdocs\Medical_E-CARD\authority\amr\cache\mask_5\mask_21_5.dat): failed to open stream: No such file or directory in <b>C:\xampp\htdocs\Medical_E-CARD\authority\amr\qrmask.php</b> on line <b>155</b><br />
<br />
<b>Warning</b>:  mkdir(): No such file or directory in <b>C:\xampp\htdocs\Medical_E-CARD\authority\amr\qrmask.php</b> on line <b>154</b><br />
<br />
<b>Warning</b>:  file_put_contents(C:\xampp\htdocs\Medical_E-CARD\authority\amr\cache\mask_6\mask_21_6.dat): failed to open stream: No such file or directory in <b>C:\xampp\htdocs\Medical_E-CARD\authority\amr\qrmask.php</b> on line <b>155</b><br />
<br />
<b>Warning</b>:  mkdir(): No such file or directory in <b>C:\xampp\htdocs\Medical_E-CARD\authority\amr\qrmask.php</b> on line <b>154</b><br />
<br />
<b>Warning</b>:  file_put_contents(C:\xampp\htdocs\Medical_E-CARD\authority\amr\cache\mask_7\mask_21_7.dat): failed to open stream: No such file or directory in <b>C:\xampp\htdocs\Medical_E-CARD\authority\amr\qrmask.php</b> on line <b>155</b><br />
2016-11-19 05:12:08: <br />
<b>Warning</b>:  file_put_contents(C:\xampp\htdocs\Medical_E-CARD\authority\amr\cache\frame_1.dat): failed to open stream: No such file or directory in <b>C:\xampp\htdocs\Medical_E-CARD\authority\amr\qrspec.php</b> on line <b>568</b><br />
<br />
<b>Warning</b>:  mkdir(): No such file or directory in <b>C:\xampp\htdocs\Medical_E-CARD\authority\amr\qrmask.php</b> on line <b>154</b><br />
<br />
<b>Warning</b>:  file_put_contents(C:\xampp\htdocs\Medical_E-CARD\authority\amr\cache\mask_0\mask_21_0.dat): failed to open stream: No such file or directory in <b>C:\xampp\htdocs\Medical_E-CARD\authority\amr\qrmask.php</b> on line <b>155</b><br />
<br />
<b>Warning</b>:  mkdir(): No such file or directory in <b>C:\xampp\htdocs\Medical_E-CARD\authority\amr\qrmask.php</b> on line <b>154</b><br />
<br />
<b>Warning</b>:  file_put_contents(C:\xampp\htdocs\Medical_E-CARD\authority\amr\cache\mask_1\mask_21_1.dat): failed to open stream: No such file or directory in <b>C:\xampp\htdocs\Medical_E-CARD\authority\amr\qrmask.php</b> on line <b>155</b><br />
<br />
<b>Warning</b>:  mkdir(): No such file or directory in <b>C:\xampp\htdocs\Medical_E-CARD\authority\amr\qrmask.php</b> on line <b>154</b><br />
<br />
<b>Warning</b>:  file_put_contents(C:\xampp\htdocs\Medical_E-CARD\authority\amr\cache\mask_2\mask_21_2.dat): failed to open stream: No such file or directory in <b>C:\xampp\htdocs\Medical_E-CARD\authority\amr\qrmask.php</b> on line <b>155</b><br />
<br />
<b>Warning</b>:  mkdir(): No such file or directory in <b>C:\xampp\htdocs\Medical_E-CARD\authority\amr\qrmask.php</b> on line <b>154</b><br />
<br />
<b>Warning</b>:  file_put_contents(C:\xampp\htdocs\Medical_E-CARD\authority\amr\cache\mask_3\mask_21_3.dat): failed to open stream: No such file or directory in <b>C:\xampp\htdocs\Medical_E-CARD\authority\amr\qrmask.php</b> on line <b>155</b><br />
<br />
<b>Warning</b>:  mkdir(): No such file or directory in <b>C:\xampp\htdocs\Medical_E-CARD\authority\amr\qrmask.php</b> on line <b>154</b><br />
<br />
<b>Warning</b>:  file_put_contents(C:\xampp\htdocs\Medical_E-CARD\authority\amr\cache\mask_4\mask_21_4.dat): failed to open stream: No such file or directory in <b>C:\xampp\htdocs\Medical_E-CARD\authority\amr\qrmask.php</b> on line <b>155</b><br />
<br />
<b>Warning</b>:  mkdir(): No such file or directory in <b>C:\xampp\htdocs\Medical_E-CARD\authority\amr\qrmask.php</b> on line <b>154</b><br />
<br />
<b>Warning</b>:  file_put_contents(C:\xampp\htdocs\Medical_E-CARD\authority\amr\cache\mask_5\mask_21_5.dat): failed to open stream: No such file or directory in <b>C:\xampp\htdocs\Medical_E-CARD\authority\amr\qrmask.php</b> on line <b>155</b><br />
<br />
<b>Warning</b>:  mkdir(): No such file or directory in <b>C:\xampp\htdocs\Medical_E-CARD\authority\amr\qrmask.php</b> on line <b>154</b><br />
<br />
<b>Warning</b>:  file_put_contents(C:\xampp\htdocs\Medical_E-CARD\authority\amr\cache\mask_6\mask_21_6.dat): failed to open stream: No such file or directory in <b>C:\xampp\htdocs\Medical_E-CARD\authority\amr\qrmask.php</b> on line <b>155</b><br />
<br />
<b>Warning</b>:  mkdir(): No such file or directory in <b>C:\xampp\htdocs\Medical_E-CARD\authority\amr\qrmask.php</b> on line <b>154</b><br />
<br />
<b>Warning</b>:  file_put_contents(C:\xampp\htdocs\Medical_E-CARD\authority\amr\cache\mask_7\mask_21_7.dat): failed to open stream: No such file or directory in <b>C:\xampp\htdocs\Medical_E-CARD\authority\amr\qrmask.php</b> on line <b>155</b><br />
2016-11-19 05:15:49: <br />
<b>Warning</b>:  file_put_contents(C:\xampp\htdocs\Medical_E-CARD\authority\amr\cache\frame_1.dat): failed to open stream: No such file or directory in <b>C:\xampp\htdocs\Medical_E-CARD\authority\amr\qrspec.php</b> on line <b>568</b><br />
<br />
<b>Warning</b>:  mkdir(): No such file or directory in <b>C:\xampp\htdocs\Medical_E-CARD\authority\amr\qrmask.php</b> on line <b>154</b><br />
<br />
<b>Warning</b>:  file_put_contents(C:\xampp\htdocs\Medical_E-CARD\authority\amr\cache\mask_0\mask_21_0.dat): failed to open stream: No such file or directory in <b>C:\xampp\htdocs\Medical_E-CARD\authority\amr\qrmask.php</b> on line <b>155</b><br />
<br />
<b>Warning</b>:  mkdir(): No such file or directory in <b>C:\xampp\htdocs\Medical_E-CARD\authority\amr\qrmask.php</b> on line <b>154</b><br />
<br />
<b>Warning</b>:  file_put_contents(C:\xampp\htdocs\Medical_E-CARD\authority\amr\cache\mask_1\mask_21_1.dat): failed to open stream: No such file or directory in <b>C:\xampp\htdocs\Medical_E-CARD\authority\amr\qrmask.php</b> on line <b>155</b><br />
<br />
<b>Warning</b>:  mkdir(): No such file or directory in <b>C:\xampp\htdocs\Medical_E-CARD\authority\amr\qrmask.php</b> on line <b>154</b><br />
<br />
<b>Warning</b>:  file_put_contents(C:\xampp\htdocs\Medical_E-CARD\authority\amr\cache\mask_2\mask_21_2.dat): failed to open stream: No such file or directory in <b>C:\xampp\htdocs\Medical_E-CARD\authority\amr\qrmask.php</b> on line <b>155</b><br />
<br />
<b>Warning</b>:  mkdir(): No such file or directory in <b>C:\xampp\htdocs\Medical_E-CARD\authority\amr\qrmask.php</b> on line <b>154</b><br />
<br />
<b>Warning</b>:  file_put_contents(C:\xampp\htdocs\Medical_E-CARD\authority\amr\cache\mask_3\mask_21_3.dat): failed to open stream: No such file or directory in <b>C:\xampp\htdocs\Medical_E-CARD\authority\amr\qrmask.php</b> on line <b>155</b><br />
<br />
<b>Warning</b>:  mkdir(): No such file or directory in <b>C:\xampp\htdocs\Medical_E-CARD\authority\amr\qrmask.php</b> on line <b>154</b><br />
<br />
<b>Warning</b>:  file_put_contents(C:\xampp\htdocs\Medical_E-CARD\authority\amr\cache\mask_4\mask_21_4.dat): failed to open stream: No such file or directory in <b>C:\xampp\htdocs\Medical_E-CARD\authority\amr\qrmask.php</b> on line <b>155</b><br />
<br />
<b>Warning</b>:  mkdir(): No such file or directory in <b>C:\xampp\htdocs\Medical_E-CARD\authority\amr\qrmask.php</b> on line <b>154</b><br />
<br />
<b>Warning</b>:  file_put_contents(C:\xampp\htdocs\Medical_E-CARD\authority\amr\cache\mask_5\mask_21_5.dat): failed to open stream: No such file or directory in <b>C:\xampp\htdocs\Medical_E-CARD\authority\amr\qrmask.php</b> on line <b>155</b><br />
<br />
<b>Warning</b>:  mkdir(): No such file or directory in <b>C:\xampp\htdocs\Medical_E-CARD\authority\amr\qrmask.php</b> on line <b>154</b><br />
<br />
<b>Warning</b>:  file_put_contents(C:\xampp\htdocs\Medical_E-CARD\authority\amr\cache\mask_6\mask_21_6.dat): failed to open stream: No such file or directory in <b>C:\xampp\htdocs\Medical_E-CARD\authority\amr\qrmask.php</b> on line <b>155</b><br />
<br />
<b>Warning</b>:  mkdir(): No such file or directory in <b>C:\xampp\htdocs\Medical_E-CARD\authority\amr\qrmask.php</b> on line <b>154</b><br />
<br />
<b>Warning</b>:  file_put_contents(C:\xampp\htdocs\Medical_E-CARD\authority\amr\cache\mask_7\mask_21_7.dat): failed to open stream: No such file or directory in <b>C:\xampp\htdocs\Medical_E-CARD\authority\amr\qrmask.php</b> on line <b>155</b><br />
2016-11-19 05:26:27: <br />
<b>Warning</b>:  file_put_contents(C:\xampp\htdocs\Medical_E-CARD\authority\amr\cache\frame_1.dat): failed to open stream: No such file or directory in <b>C:\xampp\htdocs\Medical_E-CARD\authority\amr\qrspec.php</b> on line <b>568</b><br />
<br />
<b>Warning</b>:  mkdir(): No such file or directory in <b>C:\xampp\htdocs\Medical_E-CARD\authority\amr\qrmask.php</b> on line <b>154</b><br />
<br />
<b>Warning</b>:  file_put_contents(C:\xampp\htdocs\Medical_E-CARD\authority\amr\cache\mask_0\mask_21_0.dat): failed to open stream: No such file or directory in <b>C:\xampp\htdocs\Medical_E-CARD\authority\amr\qrmask.php</b> on line <b>155</b><br />
<br />
<b>Warning</b>:  mkdir(): No such file or directory in <b>C:\xampp\htdocs\Medical_E-CARD\authority\amr\qrmask.php</b> on line <b>154</b><br />
<br />
<b>Warning</b>:  file_put_contents(C:\xampp\htdocs\Medical_E-CARD\authority\amr\cache\mask_1\mask_21_1.dat): failed to open stream: No such file or directory in <b>C:\xampp\htdocs\Medical_E-CARD\authority\amr\qrmask.php</b> on line <b>155</b><br />
<br />
<b>Warning</b>:  mkdir(): No such file or directory in <b>C:\xampp\htdocs\Medical_E-CARD\authority\amr\qrmask.php</b> on line <b>154</b><br />
<br />
<b>Warning</b>:  file_put_contents(C:\xampp\htdocs\Medical_E-CARD\authority\amr\cache\mask_2\mask_21_2.dat): failed to open stream: No such file or directory in <b>C:\xampp\htdocs\Medical_E-CARD\authority\amr\qrmask.php</b> on line <b>155</b><br />
<br />
<b>Warning</b>:  mkdir(): No such file or directory in <b>C:\xampp\htdocs\Medical_E-CARD\authority\amr\qrmask.php</b> on line <b>154</b><br />
<br />
<b>Warning</b>:  file_put_contents(C:\xampp\htdocs\Medical_E-CARD\authority\amr\cache\mask_3\mask_21_3.dat): failed to open stream: No such file or directory in <b>C:\xampp\htdocs\Medical_E-CARD\authority\amr\qrmask.php</b> on line <b>155</b><br />
<br />
<b>Warning</b>:  mkdir(): No such file or directory in <b>C:\xampp\htdocs\Medical_E-CARD\authority\amr\qrmask.php</b> on line <b>154</b><br />
<br />
<b>Warning</b>:  file_put_contents(C:\xampp\htdocs\Medical_E-CARD\authority\amr\cache\mask_4\mask_21_4.dat): failed to open stream: No such file or directory in <b>C:\xampp\htdocs\Medical_E-CARD\authority\amr\qrmask.php</b> on line <b>155</b><br />
<br />
<b>Warning</b>:  mkdir(): No such file or directory in <b>C:\xampp\htdocs\Medical_E-CARD\authority\amr\qrmask.php</b> on line <b>154</b><br />
<br />
<b>Warning</b>:  file_put_contents(C:\xampp\htdocs\Medical_E-CARD\authority\amr\cache\mask_5\mask_21_5.dat): failed to open stream: No such file or directory in <b>C:\xampp\htdocs\Medical_E-CARD\authority\amr\qrmask.php</b> on line <b>155</b><br />
<br />
<b>Warning</b>:  mkdir(): No such file or directory in <b>C:\xampp\htdocs\Medical_E-CARD\authority\amr\qrmask.php</b> on line <b>154</b><br />
<br />
<b>Warning</b>:  file_put_contents(C:\xampp\htdocs\Medical_E-CARD\authority\amr\cache\mask_6\mask_21_6.dat): failed to open stream: No such file or directory in <b>C:\xampp\htdocs\Medical_E-CARD\authority\amr\qrmask.php</b> on line <b>155</b><br />
<br />
<b>Warning</b>:  mkdir(): No such file or directory in <b>C:\xampp\htdocs\Medical_E-CARD\authority\amr\qrmask.php</b> on line <b>154</b><br />
<br />
<b>Warning</b>:  file_put_contents(C:\xampp\htdocs\Medical_E-CARD\authority\amr\cache\mask_7\mask_21_7.dat): failed to open stream: No such file or directory in <b>C:\xampp\htdocs\Medical_E-CARD\authority\amr\qrmask.php</b> on line <b>155</b><br />
2016-11-19 05:27:13: <br />
<b>Warning</b>:  file_put_contents(C:\xampp\htdocs\Medical_E-CARD\authority\amr\cache\frame_1.dat): failed to open stream: No such file or directory in <b>C:\xampp\htdocs\Medical_E-CARD\authority\amr\qrspec.php</b> on line <b>568</b><br />
<br />
<b>Warning</b>:  mkdir(): No such file or directory in <b>C:\xampp\htdocs\Medical_E-CARD\authority\amr\qrmask.php</b> on line <b>154</b><br />
<br />
<b>Warning</b>:  file_put_contents(C:\xampp\htdocs\Medical_E-CARD\authority\amr\cache\mask_0\mask_21_0.dat): failed to open stream: No such file or directory in <b>C:\xampp\htdocs\Medical_E-CARD\authority\amr\qrmask.php</b> on line <b>155</b><br />
<br />
<b>Warning</b>:  mkdir(): No such file or directory in <b>C:\xampp\htdocs\Medical_E-CARD\authority\amr\qrmask.php</b> on line <b>154</b><br />
<br />
<b>Warning</b>:  file_put_contents(C:\xampp\htdocs\Medical_E-CARD\authority\amr\cache\mask_1\mask_21_1.dat): failed to open stream: No such file or directory in <b>C:\xampp\htdocs\Medical_E-CARD\authority\amr\qrmask.php</b> on line <b>155</b><br />
<br />
<b>Warning</b>:  mkdir(): No such file or directory in <b>C:\xampp\htdocs\Medical_E-CARD\authority\amr\qrmask.php</b> on line <b>154</b><br />
<br />
<b>Warning</b>:  file_put_contents(C:\xampp\htdocs\Medical_E-CARD\authority\amr\cache\mask_2\mask_21_2.dat): failed to open stream: No such file or directory in <b>C:\xampp\htdocs\Medical_E-CARD\authority\amr\qrmask.php</b> on line <b>155</b><br />
<br />
<b>Warning</b>:  mkdir(): No such file or directory in <b>C:\xampp\htdocs\Medical_E-CARD\authority\amr\qrmask.php</b> on line <b>154</b><br />
<br />
<b>Warning</b>:  file_put_contents(C:\xampp\htdocs\Medical_E-CARD\authority\amr\cache\mask_3\mask_21_3.dat): failed to open stream: No such file or directory in <b>C:\xampp\htdocs\Medical_E-CARD\authority\amr\qrmask.php</b> on line <b>155</b><br />
<br />
<b>Warning</b>:  mkdir(): No such file or directory in <b>C:\xampp\htdocs\Medical_E-CARD\authority\amr\qrmask.php</b> on line <b>154</b><br />
<br />
<b>Warning</b>:  file_put_contents(C:\xampp\htdocs\Medical_E-CARD\authority\amr\cache\mask_4\mask_21_4.dat): failed to open stream: No such file or directory in <b>C:\xampp\htdocs\Medical_E-CARD\authority\amr\qrmask.php</b> on line <b>155</b><br />
<br />
<b>Warning</b>:  mkdir(): No such file or directory in <b>C:\xampp\htdocs\Medical_E-CARD\authority\amr\qrmask.php</b> on line <b>154</b><br />
<br />
<b>Warning</b>:  file_put_contents(C:\xampp\htdocs\Medical_E-CARD\authority\amr\cache\mask_5\mask_21_5.dat): failed to open stream: No such file or directory in <b>C:\xampp\htdocs\Medical_E-CARD\authority\amr\qrmask.php</b> on line <b>155</b><br />
<br />
<b>Warning</b>:  mkdir(): No such file or directory in <b>C:\xampp\htdocs\Medical_E-CARD\authority\amr\qrmask.php</b> on line <b>154</b><br />
<br />
<b>Warning</b>:  file_put_contents(C:\xampp\htdocs\Medical_E-CARD\authority\amr\cache\mask_6\mask_21_6.dat): failed to open stream: No such file or directory in <b>C:\xampp\htdocs\Medical_E-CARD\authority\amr\qrmask.php</b> on line <b>155</b><br />
<br />
<b>Warning</b>:  mkdir(): No such file or directory in <b>C:\xampp\htdocs\Medical_E-CARD\authority\amr\qrmask.php</b> on line <b>154</b><br />
<br />
<b>Warning</b>:  file_put_contents(C:\xampp\htdocs\Medical_E-CARD\authority\amr\cache\mask_7\mask_21_7.dat): failed to open stream: No such file or directory in <b>C:\xampp\htdocs\Medical_E-CARD\authority\amr\qrmask.php</b> on line <b>155</b><br />
2016-11-19 05:28:02: <br />
<b>Warning</b>:  file_put_contents(C:\xampp\htdocs\Medical_E-CARD\authority\amr\cache\frame_1.dat): failed to open stream: No such file or directory in <b>C:\xampp\htdocs\Medical_E-CARD\authority\amr\qrspec.php</b> on line <b>568</b><br />
<br />
<b>Warning</b>:  mkdir(): No such file or directory in <b>C:\xampp\htdocs\Medical_E-CARD\authority\amr\qrmask.php</b> on line <b>154</b><br />
<br />
<b>Warning</b>:  file_put_contents(C:\xampp\htdocs\Medical_E-CARD\authority\amr\cache\mask_0\mask_21_0.dat): failed to open stream: No such file or directory in <b>C:\xampp\htdocs\Medical_E-CARD\authority\amr\qrmask.php</b> on line <b>155</b><br />
<br />
<b>Warning</b>:  mkdir(): No such file or directory in <b>C:\xampp\htdocs\Medical_E-CARD\authority\amr\qrmask.php</b> on line <b>154</b><br />
<br />
<b>Warning</b>:  file_put_contents(C:\xampp\htdocs\Medical_E-CARD\authority\amr\cache\mask_1\mask_21_1.dat): failed to open stream: No such file or directory in <b>C:\xampp\htdocs\Medical_E-CARD\authority\amr\qrmask.php</b> on line <b>155</b><br />
<br />
<b>Warning</b>:  mkdir(): No such file or directory in <b>C:\xampp\htdocs\Medical_E-CARD\authority\amr\qrmask.php</b> on line <b>154</b><br />
<br />
<b>Warning</b>:  file_put_contents(C:\xampp\htdocs\Medical_E-CARD\authority\amr\cache\mask_2\mask_21_2.dat): failed to open stream: No such file or directory in <b>C:\xampp\htdocs\Medical_E-CARD\authority\amr\qrmask.php</b> on line <b>155</b><br />
<br />
<b>Warning</b>:  mkdir(): No such file or directory in <b>C:\xampp\htdocs\Medical_E-CARD\authority\amr\qrmask.php</b> on line <b>154</b><br />
<br />
<b>Warning</b>:  file_put_contents(C:\xampp\htdocs\Medical_E-CARD\authority\amr\cache\mask_3\mask_21_3.dat): failed to open stream: No such file or directory in <b>C:\xampp\htdocs\Medical_E-CARD\authority\amr\qrmask.php</b> on line <b>155</b><br />
<br />
<b>Warning</b>:  mkdir(): No such file or directory in <b>C:\xampp\htdocs\Medical_E-CARD\authority\amr\qrmask.php</b> on line <b>154</b><br />
<br />
<b>Warning</b>:  file_put_contents(C:\xampp\htdocs\Medical_E-CARD\authority\amr\cache\mask_4\mask_21_4.dat): failed to open stream: No such file or directory in <b>C:\xampp\htdocs\Medical_E-CARD\authority\amr\qrmask.php</b> on line <b>155</b><br />
<br />
<b>Warning</b>:  mkdir(): No such file or directory in <b>C:\xampp\htdocs\Medical_E-CARD\authority\amr\qrmask.php</b> on line <b>154</b><br />
<br />
<b>Warning</b>:  file_put_contents(C:\xampp\htdocs\Medical_E-CARD\authority\amr\cache\mask_5\mask_21_5.dat): failed to open stream: No such file or directory in <b>C:\xampp\htdocs\Medical_E-CARD\authority\amr\qrmask.php</b> on line <b>155</b><br />
<br />
<b>Warning</b>:  mkdir(): No such file or directory in <b>C:\xampp\htdocs\Medical_E-CARD\authority\amr\qrmask.php</b> on line <b>154</b><br />
<br />
<b>Warning</b>:  file_put_contents(C:\xampp\htdocs\Medical_E-CARD\authority\amr\cache\mask_6\mask_21_6.dat): failed to open stream: No such file or directory in <b>C:\xampp\htdocs\Medical_E-CARD\authority\amr\qrmask.php</b> on line <b>155</b><br />
<br />
<b>Warning</b>:  mkdir(): No such file or directory in <b>C:\xampp\htdocs\Medical_E-CARD\authority\amr\qrmask.php</b> on line <b>154</b><br />
<br />
<b>Warning</b>:  file_put_contents(C:\xampp\htdocs\Medical_E-CARD\authority\amr\cache\mask_7\mask_21_7.dat): failed to open stream: No such file or directory in <b>C:\xampp\htdocs\Medical_E-CARD\authority\amr\qrmask.php</b> on line <b>155</b><br />
2016-11-19 05:35:36: <br />
<b>Warning</b>:  file_put_contents(C:\xampp\htdocs\Medical_E-CARD\authority\amr\cache\frame_1.dat): failed to open stream: No such file or directory in <b>C:\xampp\htdocs\Medical_E-CARD\authority\amr\qrspec.php</b> on line <b>568</b><br />
<br />
<b>Warning</b>:  mkdir(): No such file or directory in <b>C:\xampp\htdocs\Medical_E-CARD\authority\amr\qrmask.php</b> on line <b>154</b><br />
<br />
<b>Warning</b>:  file_put_contents(C:\xampp\htdocs\Medical_E-CARD\authority\amr\cache\mask_0\mask_21_0.dat): failed to open stream: No such file or directory in <b>C:\xampp\htdocs\Medical_E-CARD\authority\amr\qrmask.php</b> on line <b>155</b><br />
<br />
<b>Warning</b>:  mkdir(): No such file or directory in <b>C:\xampp\htdocs\Medical_E-CARD\authority\amr\qrmask.php</b> on line <b>154</b><br />
<br />
<b>Warning</b>:  file_put_contents(C:\xampp\htdocs\Medical_E-CARD\authority\amr\cache\mask_1\mask_21_1.dat): failed to open stream: No such file or directory in <b>C:\xampp\htdocs\Medical_E-CARD\authority\amr\qrmask.php</b> on line <b>155</b><br />
<br />
<b>Warning</b>:  mkdir(): No such file or directory in <b>C:\xampp\htdocs\Medical_E-CARD\authority\amr\qrmask.php</b> on line <b>154</b><br />
<br />
<b>Warning</b>:  file_put_contents(C:\xampp\htdocs\Medical_E-CARD\authority\amr\cache\mask_2\mask_21_2.dat): failed to open stream: No such file or directory in <b>C:\xampp\htdocs\Medical_E-CARD\authority\amr\qrmask.php</b> on line <b>155</b><br />
<br />
<b>Warning</b>:  mkdir(): No such file or directory in <b>C:\xampp\htdocs\Medical_E-CARD\authority\amr\qrmask.php</b> on line <b>154</b><br />
<br />
<b>Warning</b>:  file_put_contents(C:\xampp\htdocs\Medical_E-CARD\authority\amr\cache\mask_3\mask_21_3.dat): failed to open stream: No such file or directory in <b>C:\xampp\htdocs\Medical_E-CARD\authority\amr\qrmask.php</b> on line <b>155</b><br />
<br />
<b>Warning</b>:  mkdir(): No such file or directory in <b>C:\xampp\htdocs\Medical_E-CARD\authority\amr\qrmask.php</b> on line <b>154</b><br />
<br />
<b>Warning</b>:  file_put_contents(C:\xampp\htdocs\Medical_E-CARD\authority\amr\cache\mask_4\mask_21_4.dat): failed to open stream: No such file or directory in <b>C:\xampp\htdocs\Medical_E-CARD\authority\amr\qrmask.php</b> on line <b>155</b><br />
<br />
<b>Warning</b>:  mkdir(): No such file or directory in <b>C:\xampp\htdocs\Medical_E-CARD\authority\amr\qrmask.php</b> on line <b>154</b><br />
<br />
<b>Warning</b>:  file_put_contents(C:\xampp\htdocs\Medical_E-CARD\authority\amr\cache\mask_5\mask_21_5.dat): failed to open stream: No such file or directory in <b>C:\xampp\htdocs\Medical_E-CARD\authority\amr\qrmask.php</b> on line <b>155</b><br />
<br />
<b>Warning</b>:  mkdir(): No such file or directory in <b>C:\xampp\htdocs\Medical_E-CARD\authority\amr\qrmask.php</b> on line <b>154</b><br />
<br />
<b>Warning</b>:  file_put_contents(C:\xampp\htdocs\Medical_E-CARD\authority\amr\cache\mask_6\mask_21_6.dat): failed to open stream: No such file or directory in <b>C:\xampp\htdocs\Medical_E-CARD\authority\amr\qrmask.php</b> on line <b>155</b><br />
<br />
<b>Warning</b>:  mkdir(): No such file or directory in <b>C:\xampp\htdocs\Medical_E-CARD\authority\amr\qrmask.php</b> on line <b>154</b><br />
<br />
<b>Warning</b>:  file_put_contents(C:\xampp\htdocs\Medical_E-CARD\authority\amr\cache\mask_7\mask_21_7.dat): failed to open stream: No such file or directory in <b>C:\xampp\htdocs\Medical_E-CARD\authority\amr\qrmask.php</b> on line <b>155</b><br />
2016-11-19 05:40:46: <br />
<b>Warning</b>:  file_put_contents(C:\xampp\htdocs\Medical_E-CARD\authority\amr\cache\frame_1.dat): failed to open stream: No such file or directory in <b>C:\xampp\htdocs\Medical_E-CARD\authority\amr\qrspec.php</b> on line <b>568</b><br />
<br />
<b>Warning</b>:  mkdir(): No such file or directory in <b>C:\xampp\htdocs\Medical_E-CARD\authority\amr\qrmask.php</b> on line <b>154</b><br />
<br />
<b>Warning</b>:  file_put_contents(C:\xampp\htdocs\Medical_E-CARD\authority\amr\cache\mask_0\mask_21_0.dat): failed to open stream: No such file or directory in <b>C:\xampp\htdocs\Medical_E-CARD\authority\amr\qrmask.php</b> on line <b>155</b><br />
<br />
<b>Warning</b>:  mkdir(): No such file or directory in <b>C:\xampp\htdocs\Medical_E-CARD\authority\amr\qrmask.php</b> on line <b>154</b><br />
<br />
<b>Warning</b>:  file_put_contents(C:\xampp\htdocs\Medical_E-CARD\authority\amr\cache\mask_1\mask_21_1.dat): failed to open stream: No such file or directory in <b>C:\xampp\htdocs\Medical_E-CARD\authority\amr\qrmask.php</b> on line <b>155</b><br />
<br />
<b>Warning</b>:  mkdir(): No such file or directory in <b>C:\xampp\htdocs\Medical_E-CARD\authority\amr\qrmask.php</b> on line <b>154</b><br />
<br />
<b>Warning</b>:  file_put_contents(C:\xampp\htdocs\Medical_E-CARD\authority\amr\cache\mask_2\mask_21_2.dat): failed to open stream: No such file or directory in <b>C:\xampp\htdocs\Medical_E-CARD\authority\amr\qrmask.php</b> on line <b>155</b><br />
<br />
<b>Warning</b>:  mkdir(): No such file or directory in <b>C:\xampp\htdocs\Medical_E-CARD\authority\amr\qrmask.php</b> on line <b>154</b><br />
<br />
<b>Warning</b>:  file_put_contents(C:\xampp\htdocs\Medical_E-CARD\authority\amr\cache\mask_3\mask_21_3.dat): failed to open stream: No such file or directory in <b>C:\xampp\htdocs\Medical_E-CARD\authority\amr\qrmask.php</b> on line <b>155</b><br />
<br />
<b>Warning</b>:  mkdir(): No such file or directory in <b>C:\xampp\htdocs\Medical_E-CARD\authority\amr\qrmask.php</b> on line <b>154</b><br />
<br />
<b>Warning</b>:  file_put_contents(C:\xampp\htdocs\Medical_E-CARD\authority\amr\cache\mask_4\mask_21_4.dat): failed to open stream: No such file or directory in <b>C:\xampp\htdocs\Medical_E-CARD\authority\amr\qrmask.php</b> on line <b>155</b><br />
<br />
<b>Warning</b>:  mkdir(): No such file or directory in <b>C:\xampp\htdocs\Medical_E-CARD\authority\amr\qrmask.php</b> on line <b>154</b><br />
<br />
<b>Warning</b>:  file_put_contents(C:\xampp\htdocs\Medical_E-CARD\authority\amr\cache\mask_5\mask_21_5.dat): failed to open stream: No such file or directory in <b>C:\xampp\htdocs\Medical_E-CARD\authority\amr\qrmask.php</b> on line <b>155</b><br />
<br />
<b>Warning</b>:  mkdir(): No such file or directory in <b>C:\xampp\htdocs\Medical_E-CARD\authority\amr\qrmask.php</b> on line <b>154</b><br />
<br />
<b>Warning</b>:  file_put_contents(C:\xampp\htdocs\Medical_E-CARD\authority\amr\cache\mask_6\mask_21_6.dat): failed to open stream: No such file or directory in <b>C:\xampp\htdocs\Medical_E-CARD\authority\amr\qrmask.php</b> on line <b>155</b><br />
<br />
<b>Warning</b>:  mkdir(): No such file or directory in <b>C:\xampp\htdocs\Medical_E-CARD\authority\amr\qrmask.php</b> on line <b>154</b><br />
<br />
<b>Warning</b>:  file_put_contents(C:\xampp\htdocs\Medical_E-CARD\authority\amr\cache\mask_7\mask_21_7.dat): failed to open stream: No such file or directory in <b>C:\xampp\htdocs\Medical_E-CARD\authority\amr\qrmask.php</b> on line <b>155</b><br />
2016-11-19 05:46:44: <br />
<b>Warning</b>:  file_put_contents(C:\xampp\htdocs\Medical_E-CARD\authority\amr\cache\frame_1.dat): failed to open stream: No such file or directory in <b>C:\xampp\htdocs\Medical_E-CARD\authority\amr\qrspec.php</b> on line <b>568</b><br />
<br />
<b>Warning</b>:  mkdir(): No such file or directory in <b>C:\xampp\htdocs\Medical_E-CARD\authority\amr\qrmask.php</b> on line <b>154</b><br />
<br />
<b>Warning</b>:  file_put_contents(C:\xampp\htdocs\Medical_E-CARD\authority\amr\cache\mask_0\mask_21_0.dat): failed to open stream: No such file or directory in <b>C:\xampp\htdocs\Medical_E-CARD\authority\amr\qrmask.php</b> on line <b>155</b><br />
<br />
<b>Warning</b>:  mkdir(): No such file or directory in <b>C:\xampp\htdocs\Medical_E-CARD\authority\amr\qrmask.php</b> on line <b>154</b><br />
<br />
<b>Warning</b>:  file_put_contents(C:\xampp\htdocs\Medical_E-CARD\authority\amr\cache\mask_1\mask_21_1.dat): failed to open stream: No such file or directory in <b>C:\xampp\htdocs\Medical_E-CARD\authority\amr\qrmask.php</b> on line <b>155</b><br />
<br />
<b>Warning</b>:  mkdir(): No such file or directory in <b>C:\xampp\htdocs\Medical_E-CARD\authority\amr\qrmask.php</b> on line <b>154</b><br />
<br />
<b>Warning</b>:  file_put_contents(C:\xampp\htdocs\Medical_E-CARD\authority\amr\cache\mask_2\mask_21_2.dat): failed to open stream: No such file or directory in <b>C:\xampp\htdocs\Medical_E-CARD\authority\amr\qrmask.php</b> on line <b>155</b><br />
<br />
<b>Warning</b>:  mkdir(): No such file or directory in <b>C:\xampp\htdocs\Medical_E-CARD\authority\amr\qrmask.php</b> on line <b>154</b><br />
<br />
<b>Warning</b>:  file_put_contents(C:\xampp\htdocs\Medical_E-CARD\authority\amr\cache\mask_3\mask_21_3.dat): failed to open stream: No such file or directory in <b>C:\xampp\htdocs\Medical_E-CARD\authority\amr\qrmask.php</b> on line <b>155</b><br />
<br />
<b>Warning</b>:  mkdir(): No such file or directory in <b>C:\xampp\htdocs\Medical_E-CARD\authority\amr\qrmask.php</b> on line <b>154</b><br />
<br />
<b>Warning</b>:  file_put_contents(C:\xampp\htdocs\Medical_E-CARD\authority\amr\cache\mask_4\mask_21_4.dat): failed to open stream: No such file or directory in <b>C:\xampp\htdocs\Medical_E-CARD\authority\amr\qrmask.php</b> on line <b>155</b><br />
<br />
<b>Warning</b>:  mkdir(): No such file or directory in <b>C:\xampp\htdocs\Medical_E-CARD\authority\amr\qrmask.php</b> on line <b>154</b><br />
<br />
<b>Warning</b>:  file_put_contents(C:\xampp\htdocs\Medical_E-CARD\authority\amr\cache\mask_5\mask_21_5.dat): failed to open stream: No such file or directory in <b>C:\xampp\htdocs\Medical_E-CARD\authority\amr\qrmask.php</b> on line <b>155</b><br />
<br />
<b>Warning</b>:  mkdir(): No such file or directory in <b>C:\xampp\htdocs\Medical_E-CARD\authority\amr\qrmask.php</b> on line <b>154</b><br />
<br />
<b>Warning</b>:  file_put_contents(C:\xampp\htdocs\Medical_E-CARD\authority\amr\cache\mask_6\mask_21_6.dat): failed to open stream: No such file or directory in <b>C:\xampp\htdocs\Medical_E-CARD\authority\amr\qrmask.php</b> on line <b>155</b><br />
<br />
<b>Warning</b>:  mkdir(): No such file or directory in <b>C:\xampp\htdocs\Medical_E-CARD\authority\amr\qrmask.php</b> on line <b>154</b><br />
<br />
<b>Warning</b>:  file_put_contents(C:\xampp\htdocs\Medical_E-CARD\authority\amr\cache\mask_7\mask_21_7.dat): failed to open stream: No such file or directory in <b>C:\xampp\htdocs\Medical_E-CARD\authority\amr\qrmask.php</b> on line <b>155</b><br />
2016-11-19 05:47:45: <br />
<b>Warning</b>:  file_put_contents(C:\xampp\htdocs\Medical_E-CARD\authority\amr\cache\frame_1.dat): failed to open stream: No such file or directory in <b>C:\xampp\htdocs\Medical_E-CARD\authority\amr\qrspec.php</b> on line <b>568</b><br />
<br />
<b>Warning</b>:  mkdir(): No such file or directory in <b>C:\xampp\htdocs\Medical_E-CARD\authority\amr\qrmask.php</b> on line <b>154</b><br />
<br />
<b>Warning</b>:  file_put_contents(C:\xampp\htdocs\Medical_E-CARD\authority\amr\cache\mask_0\mask_21_0.dat): failed to open stream: No such file or directory in <b>C:\xampp\htdocs\Medical_E-CARD\authority\amr\qrmask.php</b> on line <b>155</b><br />
<br />
<b>Warning</b>:  mkdir(): No such file or directory in <b>C:\xampp\htdocs\Medical_E-CARD\authority\amr\qrmask.php</b> on line <b>154</b><br />
<br />
<b>Warning</b>:  file_put_contents(C:\xampp\htdocs\Medical_E-CARD\authority\amr\cache\mask_1\mask_21_1.dat): failed to open stream: No such file or directory in <b>C:\xampp\htdocs\Medical_E-CARD\authority\amr\qrmask.php</b> on line <b>155</b><br />
<br />
<b>Warning</b>:  mkdir(): No such file or directory in <b>C:\xampp\htdocs\Medical_E-CARD\authority\amr\qrmask.php</b> on line <b>154</b><br />
<br />
<b>Warning</b>:  file_put_contents(C:\xampp\htdocs\Medical_E-CARD\authority\amr\cache\mask_2\mask_21_2.dat): failed to open stream: No such file or directory in <b>C:\xampp\htdocs\Medical_E-CARD\authority\amr\qrmask.php</b> on line <b>155</b><br />
<br />
<b>Warning</b>:  mkdir(): No such file or directory in <b>C:\xampp\htdocs\Medical_E-CARD\authority\amr\qrmask.php</b> on line <b>154</b><br />
<br />
<b>Warning</b>:  file_put_contents(C:\xampp\htdocs\Medical_E-CARD\authority\amr\cache\mask_3\mask_21_3.dat): failed to open stream: No such file or directory in <b>C:\xampp\htdocs\Medical_E-CARD\authority\amr\qrmask.php</b> on line <b>155</b><br />
<br />
<b>Warning</b>:  mkdir(): No such file or directory in <b>C:\xampp\htdocs\Medical_E-CARD\authority\amr\qrmask.php</b> on line <b>154</b><br />
<br />
<b>Warning</b>:  file_put_contents(C:\xampp\htdocs\Medical_E-CARD\authority\amr\cache\mask_4\mask_21_4.dat): failed to open stream: No such file or directory in <b>C:\xampp\htdocs\Medical_E-CARD\authority\amr\qrmask.php</b> on line <b>155</b><br />
<br />
<b>Warning</b>:  mkdir(): No such file or directory in <b>C:\xampp\htdocs\Medical_E-CARD\authority\amr\qrmask.php</b> on line <b>154</b><br />
<br />
<b>Warning</b>:  file_put_contents(C:\xampp\htdocs\Medical_E-CARD\authority\amr\cache\mask_5\mask_21_5.dat): failed to open stream: No such file or directory in <b>C:\xampp\htdocs\Medical_E-CARD\authority\amr\qrmask.php</b> on line <b>155</b><br />
<br />
<b>Warning</b>:  mkdir(): No such file or directory in <b>C:\xampp\htdocs\Medical_E-CARD\authority\amr\qrmask.php</b> on line <b>154</b><br />
<br />
<b>Warning</b>:  file_put_contents(C:\xampp\htdocs\Medical_E-CARD\authority\amr\cache\mask_6\mask_21_6.dat): failed to open stream: No such file or directory in <b>C:\xampp\htdocs\Medical_E-CARD\authority\amr\qrmask.php</b> on line <b>155</b><br />
<br />
<b>Warning</b>:  mkdir(): No such file or directory in <b>C:\xampp\htdocs\Medical_E-CARD\authority\amr\qrmask.php</b> on line <b>154</b><br />
<br />
<b>Warning</b>:  file_put_contents(C:\xampp\htdocs\Medical_E-CARD\authority\amr\cache\mask_7\mask_21_7.dat): failed to open stream: No such file or directory in <b>C:\xampp\htdocs\Medical_E-CARD\authority\amr\qrmask.php</b> on line <b>155</b><br />
2016-11-19 05:48:51: <br />
<b>Warning</b>:  file_put_contents(C:\xampp\htdocs\Medical_E-CARD\authority\amr\cache\frame_1.dat): failed to open stream: No such file or directory in <b>C:\xampp\htdocs\Medical_E-CARD\authority\amr\qrspec.php</b> on line <b>568</b><br />
<br />
<b>Warning</b>:  mkdir(): No such file or directory in <b>C:\xampp\htdocs\Medical_E-CARD\authority\amr\qrmask.php</b> on line <b>154</b><br />
<br />
<b>Warning</b>:  file_put_contents(C:\xampp\htdocs\Medical_E-CARD\authority\amr\cache\mask_0\mask_21_0.dat): failed to open stream: No such file or directory in <b>C:\xampp\htdocs\Medical_E-CARD\authority\amr\qrmask.php</b> on line <b>155</b><br />
<br />
<b>Warning</b>:  mkdir(): No such file or directory in <b>C:\xampp\htdocs\Medical_E-CARD\authority\amr\qrmask.php</b> on line <b>154</b><br />
<br />
<b>Warning</b>:  file_put_contents(C:\xampp\htdocs\Medical_E-CARD\authority\amr\cache\mask_1\mask_21_1.dat): failed to open stream: No such file or directory in <b>C:\xampp\htdocs\Medical_E-CARD\authority\amr\qrmask.php</b> on line <b>155</b><br />
<br />
<b>Warning</b>:  mkdir(): No such file or directory in <b>C:\xampp\htdocs\Medical_E-CARD\authority\amr\qrmask.php</b> on line <b>154</b><br />
<br />
<b>Warning</b>:  file_put_contents(C:\xampp\htdocs\Medical_E-CARD\authority\amr\cache\mask_2\mask_21_2.dat): failed to open stream: No such file or directory in <b>C:\xampp\htdocs\Medical_E-CARD\authority\amr\qrmask.php</b> on line <b>155</b><br />
<br />
<b>Warning</b>:  mkdir(): No such file or directory in <b>C:\xampp\htdocs\Medical_E-CARD\authority\amr\qrmask.php</b> on line <b>154</b><br />
<br />
<b>Warning</b>:  file_put_contents(C:\xampp\htdocs\Medical_E-CARD\authority\amr\cache\mask_3\mask_21_3.dat): failed to open stream: No such file or directory in <b>C:\xampp\htdocs\Medical_E-CARD\authority\amr\qrmask.php</b> on line <b>155</b><br />
<br />
<b>Warning</b>:  mkdir(): No such file or directory in <b>C:\xampp\htdocs\Medical_E-CARD\authority\amr\qrmask.php</b> on line <b>154</b><br />
<br />
<b>Warning</b>:  file_put_contents(C:\xampp\htdocs\Medical_E-CARD\authority\amr\cache\mask_4\mask_21_4.dat): failed to open stream: No such file or directory in <b>C:\xampp\htdocs\Medical_E-CARD\authority\amr\qrmask.php</b> on line <b>155</b><br />
<br />
<b>Warning</b>:  mkdir(): No such file or directory in <b>C:\xampp\htdocs\Medical_E-CARD\authority\amr\qrmask.php</b> on line <b>154</b><br />
<br />
<b>Warning</b>:  file_put_contents(C:\xampp\htdocs\Medical_E-CARD\authority\amr\cache\mask_5\mask_21_5.dat): failed to open stream: No such file or directory in <b>C:\xampp\htdocs\Medical_E-CARD\authority\amr\qrmask.php</b> on line <b>155</b><br />
<br />
<b>Warning</b>:  mkdir(): No such file or directory in <b>C:\xampp\htdocs\Medical_E-CARD\authority\amr\qrmask.php</b> on line <b>154</b><br />
<br />
<b>Warning</b>:  file_put_contents(C:\xampp\htdocs\Medical_E-CARD\authority\amr\cache\mask_6\mask_21_6.dat): failed to open stream: No such file or directory in <b>C:\xampp\htdocs\Medical_E-CARD\authority\amr\qrmask.php</b> on line <b>155</b><br />
<br />
<b>Warning</b>:  mkdir(): No such file or directory in <b>C:\xampp\htdocs\Medical_E-CARD\authority\amr\qrmask.php</b> on line <b>154</b><br />
<br />
<b>Warning</b>:  file_put_contents(C:\xampp\htdocs\Medical_E-CARD\authority\amr\cache\mask_7\mask_21_7.dat): failed to open stream: No such file or directory in <b>C:\xampp\htdocs\Medical_E-CARD\authority\amr\qrmask.php</b> on line <b>155</b><br />
2016-11-19 05:49:20: <br />
<b>Warning</b>:  file_put_contents(C:\xampp\htdocs\Medical_E-CARD\authority\amr\cache\frame_1.dat): failed to open stream: No such file or directory in <b>C:\xampp\htdocs\Medical_E-CARD\authority\amr\qrspec.php</b> on line <b>568</b><br />
<br />
<b>Warning</b>:  mkdir(): No such file or directory in <b>C:\xampp\htdocs\Medical_E-CARD\authority\amr\qrmask.php</b> on line <b>154</b><br />
<br />
<b>Warning</b>:  file_put_contents(C:\xampp\htdocs\Medical_E-CARD\authority\amr\cache\mask_0\mask_21_0.dat): failed to open stream: No such file or directory in <b>C:\xampp\htdocs\Medical_E-CARD\authority\amr\qrmask.php</b> on line <b>155</b><br />
<br />
<b>Warning</b>:  mkdir(): No such file or directory in <b>C:\xampp\htdocs\Medical_E-CARD\authority\amr\qrmask.php</b> on line <b>154</b><br />
<br />
<b>Warning</b>:  file_put_contents(C:\xampp\htdocs\Medical_E-CARD\authority\amr\cache\mask_1\mask_21_1.dat): failed to open stream: No such file or directory in <b>C:\xampp\htdocs\Medical_E-CARD\authority\amr\qrmask.php</b> on line <b>155</b><br />
<br />
<b>Warning</b>:  mkdir(): No such file or directory in <b>C:\xampp\htdocs\Medical_E-CARD\authority\amr\qrmask.php</b> on line <b>154</b><br />
<br />
<b>Warning</b>:  file_put_contents(C:\xampp\htdocs\Medical_E-CARD\authority\amr\cache\mask_2\mask_21_2.dat): failed to open stream: No such file or directory in <b>C:\xampp\htdocs\Medical_E-CARD\authority\amr\qrmask.php</b> on line <b>155</b><br />
<br />
<b>Warning</b>:  mkdir(): No such file or directory in <b>C:\xampp\htdocs\Medical_E-CARD\authority\amr\qrmask.php</b> on line <b>154</b><br />
<br />
<b>Warning</b>:  file_put_contents(C:\xampp\htdocs\Medical_E-CARD\authority\amr\cache\mask_3\mask_21_3.dat): failed to open stream: No such file or directory in <b>C:\xampp\htdocs\Medical_E-CARD\authority\amr\qrmask.php</b> on line <b>155</b><br />
<br />
<b>Warning</b>:  mkdir(): No such file or directory in <b>C:\xampp\htdocs\Medical_E-CARD\authority\amr\qrmask.php</b> on line <b>154</b><br />
<br />
<b>Warning</b>:  file_put_contents(C:\xampp\htdocs\Medical_E-CARD\authority\amr\cache\mask_4\mask_21_4.dat): failed to open stream: No such file or directory in <b>C:\xampp\htdocs\Medical_E-CARD\authority\amr\qrmask.php</b> on line <b>155</b><br />
<br />
<b>Warning</b>:  mkdir(): No such file or directory in <b>C:\xampp\htdocs\Medical_E-CARD\authority\amr\qrmask.php</b> on line <b>154</b><br />
<br />
<b>Warning</b>:  file_put_contents(C:\xampp\htdocs\Medical_E-CARD\authority\amr\cache\mask_5\mask_21_5.dat): failed to open stream: No such file or directory in <b>C:\xampp\htdocs\Medical_E-CARD\authority\amr\qrmask.php</b> on line <b>155</b><br />
<br />
<b>Warning</b>:  mkdir(): No such file or directory in <b>C:\xampp\htdocs\Medical_E-CARD\authority\amr\qrmask.php</b> on line <b>154</b><br />
<br />
<b>Warning</b>:  file_put_contents(C:\xampp\htdocs\Medical_E-CARD\authority\amr\cache\mask_6\mask_21_6.dat): failed to open stream: No such file or directory in <b>C:\xampp\htdocs\Medical_E-CARD\authority\amr\qrmask.php</b> on line <b>155</b><br />
<br />
<b>Warning</b>:  mkdir(): No such file or directory in <b>C:\xampp\htdocs\Medical_E-CARD\authority\amr\qrmask.php</b> on line <b>154</b><br />
<br />
<b>Warning</b>:  file_put_contents(C:\xampp\htdocs\Medical_E-CARD\authority\amr\cache\mask_7\mask_21_7.dat): failed to open stream: No such file or directory in <b>C:\xampp\htdocs\Medical_E-CARD\authority\amr\qrmask.php</b> on line <b>155</b><br />
2016-11-19 05:49:47: <br />
<b>Warning</b>:  file_put_contents(C:\xampp\htdocs\Medical_E-CARD\authority\amr\cache\frame_1.dat): failed to open stream: No such file or directory in <b>C:\xampp\htdocs\Medical_E-CARD\authority\amr\qrspec.php</b> on line <b>568</b><br />
<br />
<b>Warning</b>:  mkdir(): No such file or directory in <b>C:\xampp\htdocs\Medical_E-CARD\authority\amr\qrmask.php</b> on line <b>154</b><br />
<br />
<b>Warning</b>:  file_put_contents(C:\xampp\htdocs\Medical_E-CARD\authority\amr\cache\mask_0\mask_21_0.dat): failed to open stream: No such file or directory in <b>C:\xampp\htdocs\Medical_E-CARD\authority\amr\qrmask.php</b> on line <b>155</b><br />
<br />
<b>Warning</b>:  mkdir(): No such file or directory in <b>C:\xampp\htdocs\Medical_E-CARD\authority\amr\qrmask.php</b> on line <b>154</b><br />
<br />
<b>Warning</b>:  file_put_contents(C:\xampp\htdocs\Medical_E-CARD\authority\amr\cache\mask_1\mask_21_1.dat): failed to open stream: No such file or directory in <b>C:\xampp\htdocs\Medical_E-CARD\authority\amr\qrmask.php</b> on line <b>155</b><br />
<br />
<b>Warning</b>:  mkdir(): No such file or directory in <b>C:\xampp\htdocs\Medical_E-CARD\authority\amr\qrmask.php</b> on line <b>154</b><br />
<br />
<b>Warning</b>:  file_put_contents(C:\xampp\htdocs\Medical_E-CARD\authority\amr\cache\mask_2\mask_21_2.dat): failed to open stream: No such file or directory in <b>C:\xampp\htdocs\Medical_E-CARD\authority\amr\qrmask.php</b> on line <b>155</b><br />
<br />
<b>Warning</b>:  mkdir(): No such file or directory in <b>C:\xampp\htdocs\Medical_E-CARD\authority\amr\qrmask.php</b> on line <b>154</b><br />
<br />
<b>Warning</b>:  file_put_contents(C:\xampp\htdocs\Medical_E-CARD\authority\amr\cache\mask_3\mask_21_3.dat): failed to open stream: No such file or directory in <b>C:\xampp\htdocs\Medical_E-CARD\authority\amr\qrmask.php</b> on line <b>155</b><br />
<br />
<b>Warning</b>:  mkdir(): No such file or directory in <b>C:\xampp\htdocs\Medical_E-CARD\authority\amr\qrmask.php</b> on line <b>154</b><br />
<br />
<b>Warning</b>:  file_put_contents(C:\xampp\htdocs\Medical_E-CARD\authority\amr\cache\mask_4\mask_21_4.dat): failed to open stream: No such file or directory in <b>C:\xampp\htdocs\Medical_E-CARD\authority\amr\qrmask.php</b> on line <b>155</b><br />
<br />
<b>Warning</b>:  mkdir(): No such file or directory in <b>C:\xampp\htdocs\Medical_E-CARD\authority\amr\qrmask.php</b> on line <b>154</b><br />
<br />
<b>Warning</b>:  file_put_contents(C:\xampp\htdocs\Medical_E-CARD\authority\amr\cache\mask_5\mask_21_5.dat): failed to open stream: No such file or directory in <b>C:\xampp\htdocs\Medical_E-CARD\authority\amr\qrmask.php</b> on line <b>155</b><br />
<br />
<b>Warning</b>:  mkdir(): No such file or directory in <b>C:\xampp\htdocs\Medical_E-CARD\authority\amr\qrmask.php</b> on line <b>154</b><br />
<br />
<b>Warning</b>:  file_put_contents(C:\xampp\htdocs\Medical_E-CARD\authority\amr\cache\mask_6\mask_21_6.dat): failed to open stream: No such file or directory in <b>C:\xampp\htdocs\Medical_E-CARD\authority\amr\qrmask.php</b> on line <b>155</b><br />
<br />
<b>Warning</b>:  mkdir(): No such file or directory in <b>C:\xampp\htdocs\Medical_E-CARD\authority\amr\qrmask.php</b> on line <b>154</b><br />
<br />
<b>Warning</b>:  file_put_contents(C:\xampp\htdocs\Medical_E-CARD\authority\amr\cache\mask_7\mask_21_7.dat): failed to open stream: No such file or directory in <b>C:\xampp\htdocs\Medical_E-CARD\authority\amr\qrmask.php</b> on line <b>155</b><br />
2016-11-19 05:57:12: <br />
<b>Warning</b>:  file_put_contents(C:\xampp\htdocs\Medical_E-CARD\authority\amr\cache\frame_1.dat): failed to open stream: No such file or directory in <b>C:\xampp\htdocs\Medical_E-CARD\authority\amr\qrspec.php</b> on line <b>568</b><br />
<br />
<b>Warning</b>:  mkdir(): No such file or directory in <b>C:\xampp\htdocs\Medical_E-CARD\authority\amr\qrmask.php</b> on line <b>154</b><br />
<br />
<b>Warning</b>:  file_put_contents(C:\xampp\htdocs\Medical_E-CARD\authority\amr\cache\mask_0\mask_21_0.dat): failed to open stream: No such file or directory in <b>C:\xampp\htdocs\Medical_E-CARD\authority\amr\qrmask.php</b> on line <b>155</b><br />
<br />
<b>Warning</b>:  mkdir(): No such file or directory in <b>C:\xampp\htdocs\Medical_E-CARD\authority\amr\qrmask.php</b> on line <b>154</b><br />
<br />
<b>Warning</b>:  file_put_contents(C:\xampp\htdocs\Medical_E-CARD\authority\amr\cache\mask_1\mask_21_1.dat): failed to open stream: No such file or directory in <b>C:\xampp\htdocs\Medical_E-CARD\authority\amr\qrmask.php</b> on line <b>155</b><br />
<br />
<b>Warning</b>:  mkdir(): No such file or directory in <b>C:\xampp\htdocs\Medical_E-CARD\authority\amr\qrmask.php</b> on line <b>154</b><br />
<br />
<b>Warning</b>:  file_put_contents(C:\xampp\htdocs\Medical_E-CARD\authority\amr\cache\mask_2\mask_21_2.dat): failed to open stream: No such file or directory in <b>C:\xampp\htdocs\Medical_E-CARD\authority\amr\qrmask.php</b> on line <b>155</b><br />
<br />
<b>Warning</b>:  mkdir(): No such file or directory in <b>C:\xampp\htdocs\Medical_E-CARD\authority\amr\qrmask.php</b> on line <b>154</b><br />
<br />
<b>Warning</b>:  file_put_contents(C:\xampp\htdocs\Medical_E-CARD\authority\amr\cache\mask_3\mask_21_3.dat): failed to open stream: No such file or directory in <b>C:\xampp\htdocs\Medical_E-CARD\authority\amr\qrmask.php</b> on line <b>155</b><br />
<br />
<b>Warning</b>:  mkdir(): No such file or directory in <b>C:\xampp\htdocs\Medical_E-CARD\authority\amr\qrmask.php</b> on line <b>154</b><br />
<br />
<b>Warning</b>:  file_put_contents(C:\xampp\htdocs\Medical_E-CARD\authority\amr\cache\mask_4\mask_21_4.dat): failed to open stream: No such file or directory in <b>C:\xampp\htdocs\Medical_E-CARD\authority\amr\qrmask.php</b> on line <b>155</b><br />
<br />
<b>Warning</b>:  mkdir(): No such file or directory in <b>C:\xampp\htdocs\Medical_E-CARD\authority\amr\qrmask.php</b> on line <b>154</b><br />
<br />
<b>Warning</b>:  file_put_contents(C:\xampp\htdocs\Medical_E-CARD\authority\amr\cache\mask_5\mask_21_5.dat): failed to open stream: No such file or directory in <b>C:\xampp\htdocs\Medical_E-CARD\authority\amr\qrmask.php</b> on line <b>155</b><br />
<br />
<b>Warning</b>:  mkdir(): No such file or directory in <b>C:\xampp\htdocs\Medical_E-CARD\authority\amr\qrmask.php</b> on line <b>154</b><br />
<br />
<b>Warning</b>:  file_put_contents(C:\xampp\htdocs\Medical_E-CARD\authority\amr\cache\mask_6\mask_21_6.dat): failed to open stream: No such file or directory in <b>C:\xampp\htdocs\Medical_E-CARD\authority\amr\qrmask.php</b> on line <b>155</b><br />
<br />
<b>Warning</b>:  mkdir(): No such file or directory in <b>C:\xampp\htdocs\Medical_E-CARD\authority\amr\qrmask.php</b> on line <b>154</b><br />
<br />
<b>Warning</b>:  file_put_contents(C:\xampp\htdocs\Medical_E-CARD\authority\amr\cache\mask_7\mask_21_7.dat): failed to open stream: No such file or directory in <b>C:\xampp\htdocs\Medical_E-CARD\authority\amr\qrmask.php</b> on line <b>155</b><br />
2016-11-19 05:57:35: <br />
<b>Warning</b>:  file_put_contents(C:\xampp\htdocs\Medical_E-CARD\authority\amr\cache\frame_1.dat): failed to open stream: No such file or directory in <b>C:\xampp\htdocs\Medical_E-CARD\authority\amr\qrspec.php</b> on line <b>568</b><br />
<br />
<b>Warning</b>:  mkdir(): No such file or directory in <b>C:\xampp\htdocs\Medical_E-CARD\authority\amr\qrmask.php</b> on line <b>154</b><br />
<br />
<b>Warning</b>:  file_put_contents(C:\xampp\htdocs\Medical_E-CARD\authority\amr\cache\mask_0\mask_21_0.dat): failed to open stream: No such file or directory in <b>C:\xampp\htdocs\Medical_E-CARD\authority\amr\qrmask.php</b> on line <b>155</b><br />
<br />
<b>Warning</b>:  mkdir(): No such file or directory in <b>C:\xampp\htdocs\Medical_E-CARD\authority\amr\qrmask.php</b> on line <b>154</b><br />
<br />
<b>Warning</b>:  file_put_contents(C:\xampp\htdocs\Medical_E-CARD\authority\amr\cache\mask_1\mask_21_1.dat): failed to open stream: No such file or directory in <b>C:\xampp\htdocs\Medical_E-CARD\authority\amr\qrmask.php</b> on line <b>155</b><br />
<br />
<b>Warning</b>:  mkdir(): No such file or directory in <b>C:\xampp\htdocs\Medical_E-CARD\authority\amr\qrmask.php</b> on line <b>154</b><br />
<br />
<b>Warning</b>:  file_put_contents(C:\xampp\htdocs\Medical_E-CARD\authority\amr\cache\mask_2\mask_21_2.dat): failed to open stream: No such file or directory in <b>C:\xampp\htdocs\Medical_E-CARD\authority\amr\qrmask.php</b> on line <b>155</b><br />
<br />
<b>Warning</b>:  mkdir(): No such file or directory in <b>C:\xampp\htdocs\Medical_E-CARD\authority\amr\qrmask.php</b> on line <b>154</b><br />
<br />
<b>Warning</b>:  file_put_contents(C:\xampp\htdocs\Medical_E-CARD\authority\amr\cache\mask_3\mask_21_3.dat): failed to open stream: No such file or directory in <b>C:\xampp\htdocs\Medical_E-CARD\authority\amr\qrmask.php</b> on line <b>155</b><br />
<br />
<b>Warning</b>:  mkdir(): No such file or directory in <b>C:\xampp\htdocs\Medical_E-CARD\authority\amr\qrmask.php</b> on line <b>154</b><br />
<br />
<b>Warning</b>:  file_put_contents(C:\xampp\htdocs\Medical_E-CARD\authority\amr\cache\mask_4\mask_21_4.dat): failed to open stream: No such file or directory in <b>C:\xampp\htdocs\Medical_E-CARD\authority\amr\qrmask.php</b> on line <b>155</b><br />
<br />
<b>Warning</b>:  mkdir(): No such file or directory in <b>C:\xampp\htdocs\Medical_E-CARD\authority\amr\qrmask.php</b> on line <b>154</b><br />
<br />
<b>Warning</b>:  file_put_contents(C:\xampp\htdocs\Medical_E-CARD\authority\amr\cache\mask_5\mask_21_5.dat): failed to open stream: No such file or directory in <b>C:\xampp\htdocs\Medical_E-CARD\authority\amr\qrmask.php</b> on line <b>155</b><br />
<br />
<b>Warning</b>:  mkdir(): No such file or directory in <b>C:\xampp\htdocs\Medical_E-CARD\authority\amr\qrmask.php</b> on line <b>154</b><br />
<br />
<b>Warning</b>:  file_put_contents(C:\xampp\htdocs\Medical_E-CARD\authority\amr\cache\mask_6\mask_21_6.dat): failed to open stream: No such file or directory in <b>C:\xampp\htdocs\Medical_E-CARD\authority\amr\qrmask.php</b> on line <b>155</b><br />
<br />
<b>Warning</b>:  mkdir(): No such file or directory in <b>C:\xampp\htdocs\Medical_E-CARD\authority\amr\qrmask.php</b> on line <b>154</b><br />
<br />
<b>Warning</b>:  file_put_contents(C:\xampp\htdocs\Medical_E-CARD\authority\amr\cache\mask_7\mask_21_7.dat): failed to open stream: No such file or directory in <b>C:\xampp\htdocs\Medical_E-CARD\authority\amr\qrmask.php</b> on line <b>155</b><br />
2016-11-19 05:59:12: <br />
<b>Warning</b>:  file_put_contents(C:\xampp\htdocs\Medical_E-CARD\authority\amr\cache\frame_1.dat): failed to open stream: No such file or directory in <b>C:\xampp\htdocs\Medical_E-CARD\authority\amr\qrspec.php</b> on line <b>568</b><br />
<br />
<b>Warning</b>:  mkdir(): No such file or directory in <b>C:\xampp\htdocs\Medical_E-CARD\authority\amr\qrmask.php</b> on line <b>154</b><br />
<br />
<b>Warning</b>:  file_put_contents(C:\xampp\htdocs\Medical_E-CARD\authority\amr\cache\mask_0\mask_21_0.dat): failed to open stream: No such file or directory in <b>C:\xampp\htdocs\Medical_E-CARD\authority\amr\qrmask.php</b> on line <b>155</b><br />
<br />
<b>Warning</b>:  mkdir(): No such file or directory in <b>C:\xampp\htdocs\Medical_E-CARD\authority\amr\qrmask.php</b> on line <b>154</b><br />
<br />
<b>Warning</b>:  file_put_contents(C:\xampp\htdocs\Medical_E-CARD\authority\amr\cache\mask_1\mask_21_1.dat): failed to open stream: No such file or directory in <b>C:\xampp\htdocs\Medical_E-CARD\authority\amr\qrmask.php</b> on line <b>155</b><br />
<br />
<b>Warning</b>:  mkdir(): No such file or directory in <b>C:\xampp\htdocs\Medical_E-CARD\authority\amr\qrmask.php</b> on line <b>154</b><br />
<br />
<b>Warning</b>:  file_put_contents(C:\xampp\htdocs\Medical_E-CARD\authority\amr\cache\mask_2\mask_21_2.dat): failed to open stream: No such file or directory in <b>C:\xampp\htdocs\Medical_E-CARD\authority\amr\qrmask.php</b> on line <b>155</b><br />
<br />
<b>Warning</b>:  mkdir(): No such file or directory in <b>C:\xampp\htdocs\Medical_E-CARD\authority\amr\qrmask.php</b> on line <b>154</b><br />
<br />
<b>Warning</b>:  file_put_contents(C:\xampp\htdocs\Medical_E-CARD\authority\amr\cache\mask_3\mask_21_3.dat): failed to open stream: No such file or directory in <b>C:\xampp\htdocs\Medical_E-CARD\authority\amr\qrmask.php</b> on line <b>155</b><br />
<br />
<b>Warning</b>:  mkdir(): No such file or directory in <b>C:\xampp\htdocs\Medical_E-CARD\authority\amr\qrmask.php</b> on line <b>154</b><br />
<br />
<b>Warning</b>:  file_put_contents(C:\xampp\htdocs\Medical_E-CARD\authority\amr\cache\mask_4\mask_21_4.dat): failed to open stream: No such file or directory in <b>C:\xampp\htdocs\Medical_E-CARD\authority\amr\qrmask.php</b> on line <b>155</b><br />
<br />
<b>Warning</b>:  mkdir(): No such file or directory in <b>C:\xampp\htdocs\Medical_E-CARD\authority\amr\qrmask.php</b> on line <b>154</b><br />
<br />
<b>Warning</b>:  file_put_contents(C:\xampp\htdocs\Medical_E-CARD\authority\amr\cache\mask_5\mask_21_5.dat): failed to open stream: No such file or directory in <b>C:\xampp\htdocs\Medical_E-CARD\authority\amr\qrmask.php</b> on line <b>155</b><br />
<br />
<b>Warning</b>:  mkdir(): No such file or directory in <b>C:\xampp\htdocs\Medical_E-CARD\authority\amr\qrmask.php</b> on line <b>154</b><br />
<br />
<b>Warning</b>:  file_put_contents(C:\xampp\htdocs\Medical_E-CARD\authority\amr\cache\mask_6\mask_21_6.dat): failed to open stream: No such file or directory in <b>C:\xampp\htdocs\Medical_E-CARD\authority\amr\qrmask.php</b> on line <b>155</b><br />
<br />
<b>Warning</b>:  mkdir(): No such file or directory in <b>C:\xampp\htdocs\Medical_E-CARD\authority\amr\qrmask.php</b> on line <b>154</b><br />
<br />
<b>Warning</b>:  file_put_contents(C:\xampp\htdocs\Medical_E-CARD\authority\amr\cache\mask_7\mask_21_7.dat): failed to open stream: No such file or directory in <b>C:\xampp\htdocs\Medical_E-CARD\authority\amr\qrmask.php</b> on line <b>155</b><br />
2016-11-19 06:00:41: <br />
<b>Warning</b>:  file_put_contents(C:\xampp\htdocs\Medical_E-CARD\authority\amr\cache\frame_1.dat): failed to open stream: No such file or directory in <b>C:\xampp\htdocs\Medical_E-CARD\authority\amr\qrspec.php</b> on line <b>568</b><br />
<br />
<b>Warning</b>:  mkdir(): No such file or directory in <b>C:\xampp\htdocs\Medical_E-CARD\authority\amr\qrmask.php</b> on line <b>154</b><br />
<br />
<b>Warning</b>:  file_put_contents(C:\xampp\htdocs\Medical_E-CARD\authority\amr\cache\mask_0\mask_21_0.dat): failed to open stream: No such file or directory in <b>C:\xampp\htdocs\Medical_E-CARD\authority\amr\qrmask.php</b> on line <b>155</b><br />
<br />
<b>Warning</b>:  mkdir(): No such file or directory in <b>C:\xampp\htdocs\Medical_E-CARD\authority\amr\qrmask.php</b> on line <b>154</b><br />
<br />
<b>Warning</b>:  file_put_contents(C:\xampp\htdocs\Medical_E-CARD\authority\amr\cache\mask_1\mask_21_1.dat): failed to open stream: No such file or directory in <b>C:\xampp\htdocs\Medical_E-CARD\authority\amr\qrmask.php</b> on line <b>155</b><br />
<br />
<b>Warning</b>:  mkdir(): No such file or directory in <b>C:\xampp\htdocs\Medical_E-CARD\authority\amr\qrmask.php</b> on line <b>154</b><br />
<br />
<b>Warning</b>:  file_put_contents(C:\xampp\htdocs\Medical_E-CARD\authority\amr\cache\mask_2\mask_21_2.dat): failed to open stream: No such file or directory in <b>C:\xampp\htdocs\Medical_E-CARD\authority\amr\qrmask.php</b> on line <b>155</b><br />
<br />
<b>Warning</b>:  mkdir(): No such file or directory in <b>C:\xampp\htdocs\Medical_E-CARD\authority\amr\qrmask.php</b> on line <b>154</b><br />
<br />
<b>Warning</b>:  file_put_contents(C:\xampp\htdocs\Medical_E-CARD\authority\amr\cache\mask_3\mask_21_3.dat): failed to open stream: No such file or directory in <b>C:\xampp\htdocs\Medical_E-CARD\authority\amr\qrmask.php</b> on line <b>155</b><br />
<br />
<b>Warning</b>:  mkdir(): No such file or directory in <b>C:\xampp\htdocs\Medical_E-CARD\authority\amr\qrmask.php</b> on line <b>154</b><br />
<br />
<b>Warning</b>:  file_put_contents(C:\xampp\htdocs\Medical_E-CARD\authority\amr\cache\mask_4\mask_21_4.dat): failed to open stream: No such file or directory in <b>C:\xampp\htdocs\Medical_E-CARD\authority\amr\qrmask.php</b> on line <b>155</b><br />
<br />
<b>Warning</b>:  mkdir(): No such file or directory in <b>C:\xampp\htdocs\Medical_E-CARD\authority\amr\qrmask.php</b> on line <b>154</b><br />
<br />
<b>Warning</b>:  file_put_contents(C:\xampp\htdocs\Medical_E-CARD\authority\amr\cache\mask_5\mask_21_5.dat): failed to open stream: No such file or directory in <b>C:\xampp\htdocs\Medical_E-CARD\authority\amr\qrmask.php</b> on line <b>155</b><br />
<br />
<b>Warning</b>:  mkdir(): No such file or directory in <b>C:\xampp\htdocs\Medical_E-CARD\authority\amr\qrmask.php</b> on line <b>154</b><br />
<br />
<b>Warning</b>:  file_put_contents(C:\xampp\htdocs\Medical_E-CARD\authority\amr\cache\mask_6\mask_21_6.dat): failed to open stream: No such file or directory in <b>C:\xampp\htdocs\Medical_E-CARD\authority\amr\qrmask.php</b> on line <b>155</b><br />
<br />
<b>Warning</b>:  mkdir(): No such file or directory in <b>C:\xampp\htdocs\Medical_E-CARD\authority\amr\qrmask.php</b> on line <b>154</b><br />
<br />
<b>Warning</b>:  file_put_contents(C:\xampp\htdocs\Medical_E-CARD\authority\amr\cache\mask_7\mask_21_7.dat): failed to open stream: No such file or directory in <b>C:\xampp\htdocs\Medical_E-CARD\authority\amr\qrmask.php</b> on line <b>155</b><br />
2016-11-19 06:01:03: <br />
<b>Warning</b>:  file_put_contents(C:\xampp\htdocs\Medical_E-CARD\authority\amr\cache\frame_1.dat): failed to open stream: No such file or directory in <b>C:\xampp\htdocs\Medical_E-CARD\authority\amr\qrspec.php</b> on line <b>568</b><br />
<br />
<b>Warning</b>:  mkdir(): No such file or directory in <b>C:\xampp\htdocs\Medical_E-CARD\authority\amr\qrmask.php</b> on line <b>154</b><br />
<br />
<b>Warning</b>:  file_put_contents(C:\xampp\htdocs\Medical_E-CARD\authority\amr\cache\mask_0\mask_21_0.dat): failed to open stream: No such file or directory in <b>C:\xampp\htdocs\Medical_E-CARD\authority\amr\qrmask.php</b> on line <b>155</b><br />
<br />
<b>Warning</b>:  mkdir(): No such file or directory in <b>C:\xampp\htdocs\Medical_E-CARD\authority\amr\qrmask.php</b> on line <b>154</b><br />
<br />
<b>Warning</b>:  file_put_contents(C:\xampp\htdocs\Medical_E-CARD\authority\amr\cache\mask_1\mask_21_1.dat): failed to open stream: No such file or directory in <b>C:\xampp\htdocs\Medical_E-CARD\authority\amr\qrmask.php</b> on line <b>155</b><br />
<br />
<b>Warning</b>:  mkdir(): No such file or directory in <b>C:\xampp\htdocs\Medical_E-CARD\authority\amr\qrmask.php</b> on line <b>154</b><br />
<br />
<b>Warning</b>:  file_put_contents(C:\xampp\htdocs\Medical_E-CARD\authority\amr\cache\mask_2\mask_21_2.dat): failed to open stream: No such file or directory in <b>C:\xampp\htdocs\Medical_E-CARD\authority\amr\qrmask.php</b> on line <b>155</b><br />
<br />
<b>Warning</b>:  mkdir(): No such file or directory in <b>C:\xampp\htdocs\Medical_E-CARD\authority\amr\qrmask.php</b> on line <b>154</b><br />
<br />
<b>Warning</b>:  file_put_contents(C:\xampp\htdocs\Medical_E-CARD\authority\amr\cache\mask_3\mask_21_3.dat): failed to open stream: No such file or directory in <b>C:\xampp\htdocs\Medical_E-CARD\authority\amr\qrmask.php</b> on line <b>155</b><br />
<br />
<b>Warning</b>:  mkdir(): No such file or directory in <b>C:\xampp\htdocs\Medical_E-CARD\authority\amr\qrmask.php</b> on line <b>154</b><br />
<br />
<b>Warning</b>:  file_put_contents(C:\xampp\htdocs\Medical_E-CARD\authority\amr\cache\mask_4\mask_21_4.dat): failed to open stream: No such file or directory in <b>C:\xampp\htdocs\Medical_E-CARD\authority\amr\qrmask.php</b> on line <b>155</b><br />
<br />
<b>Warning</b>:  mkdir(): No such file or directory in <b>C:\xampp\htdocs\Medical_E-CARD\authority\amr\qrmask.php</b> on line <b>154</b><br />
<br />
<b>Warning</b>:  file_put_contents(C:\xampp\htdocs\Medical_E-CARD\authority\amr\cache\mask_5\mask_21_5.dat): failed to open stream: No such file or directory in <b>C:\xampp\htdocs\Medical_E-CARD\authority\amr\qrmask.php</b> on line <b>155</b><br />
<br />
<b>Warning</b>:  mkdir(): No such file or directory in <b>C:\xampp\htdocs\Medical_E-CARD\authority\amr\qrmask.php</b> on line <b>154</b><br />
<br />
<b>Warning</b>:  file_put_contents(C:\xampp\htdocs\Medical_E-CARD\authority\amr\cache\mask_6\mask_21_6.dat): failed to open stream: No such file or directory in <b>C:\xampp\htdocs\Medical_E-CARD\authority\amr\qrmask.php</b> on line <b>155</b><br />
<br />
<b>Warning</b>:  mkdir(): No such file or directory in <b>C:\xampp\htdocs\Medical_E-CARD\authority\amr\qrmask.php</b> on line <b>154</b><br />
<br />
<b>Warning</b>:  file_put_contents(C:\xampp\htdocs\Medical_E-CARD\authority\amr\cache\mask_7\mask_21_7.dat): failed to open stream: No such file or directory in <b>C:\xampp\htdocs\Medical_E-CARD\authority\amr\qrmask.php</b> on line <b>155</b><br />
2016-11-19 06:05:48: <br />
<b>Warning</b>:  file_put_contents(C:\xampp\htdocs\Medical_E-CARD\authority\amr\cache\frame_1.dat): failed to open stream: No such file or directory in <b>C:\xampp\htdocs\Medical_E-CARD\authority\amr\qrspec.php</b> on line <b>568</b><br />
<br />
<b>Warning</b>:  mkdir(): No such file or directory in <b>C:\xampp\htdocs\Medical_E-CARD\authority\amr\qrmask.php</b> on line <b>154</b><br />
<br />
<b>Warning</b>:  file_put_contents(C:\xampp\htdocs\Medical_E-CARD\authority\amr\cache\mask_0\mask_21_0.dat): failed to open stream: No such file or directory in <b>C:\xampp\htdocs\Medical_E-CARD\authority\amr\qrmask.php</b> on line <b>155</b><br />
<br />
<b>Warning</b>:  mkdir(): No such file or directory in <b>C:\xampp\htdocs\Medical_E-CARD\authority\amr\qrmask.php</b> on line <b>154</b><br />
<br />
<b>Warning</b>:  file_put_contents(C:\xampp\htdocs\Medical_E-CARD\authority\amr\cache\mask_1\mask_21_1.dat): failed to open stream: No such file or directory in <b>C:\xampp\htdocs\Medical_E-CARD\authority\amr\qrmask.php</b> on line <b>155</b><br />
<br />
<b>Warning</b>:  mkdir(): No such file or directory in <b>C:\xampp\htdocs\Medical_E-CARD\authority\amr\qrmask.php</b> on line <b>154</b><br />
<br />
<b>Warning</b>:  file_put_contents(C:\xampp\htdocs\Medical_E-CARD\authority\amr\cache\mask_2\mask_21_2.dat): failed to open stream: No such file or directory in <b>C:\xampp\htdocs\Medical_E-CARD\authority\amr\qrmask.php</b> on line <b>155</b><br />
<br />
<b>Warning</b>:  mkdir(): No such file or directory in <b>C:\xampp\htdocs\Medical_E-CARD\authority\amr\qrmask.php</b> on line <b>154</b><br />
<br />
<b>Warning</b>:  file_put_contents(C:\xampp\htdocs\Medical_E-CARD\authority\amr\cache\mask_3\mask_21_3.dat): failed to open stream: No such file or directory in <b>C:\xampp\htdocs\Medical_E-CARD\authority\amr\qrmask.php</b> on line <b>155</b><br />
<br />
<b>Warning</b>:  mkdir(): No such file or directory in <b>C:\xampp\htdocs\Medical_E-CARD\authority\amr\qrmask.php</b> on line <b>154</b><br />
<br />
<b>Warning</b>:  file_put_contents(C:\xampp\htdocs\Medical_E-CARD\authority\amr\cache\mask_4\mask_21_4.dat): failed to open stream: No such file or directory in <b>C:\xampp\htdocs\Medical_E-CARD\authority\amr\qrmask.php</b> on line <b>155</b><br />
<br />
<b>Warning</b>:  mkdir(): No such file or directory in <b>C:\xampp\htdocs\Medical_E-CARD\authority\amr\qrmask.php</b> on line <b>154</b><br />
<br />
<b>Warning</b>:  file_put_contents(C:\xampp\htdocs\Medical_E-CARD\authority\amr\cache\mask_5\mask_21_5.dat): failed to open stream: No such file or directory in <b>C:\xampp\htdocs\Medical_E-CARD\authority\amr\qrmask.php</b> on line <b>155</b><br />
<br />
<b>Warning</b>:  mkdir(): No such file or directory in <b>C:\xampp\htdocs\Medical_E-CARD\authority\amr\qrmask.php</b> on line <b>154</b><br />
<br />
<b>Warning</b>:  file_put_contents(C:\xampp\htdocs\Medical_E-CARD\authority\amr\cache\mask_6\mask_21_6.dat): failed to open stream: No such file or directory in <b>C:\xampp\htdocs\Medical_E-CARD\authority\amr\qrmask.php</b> on line <b>155</b><br />
<br />
<b>Warning</b>:  mkdir(): No such file or directory in <b>C:\xampp\htdocs\Medical_E-CARD\authority\amr\qrmask.php</b> on line <b>154</b><br />
<br />
<b>Warning</b>:  file_put_contents(C:\xampp\htdocs\Medical_E-CARD\authority\amr\cache\mask_7\mask_21_7.dat): failed to open stream: No such file or directory in <b>C:\xampp\htdocs\Medical_E-CARD\authority\amr\qrmask.php</b> on line <b>155</b><br />
2016-11-19 06:06:19: <br />
<b>Warning</b>:  file_put_contents(C:\xampp\htdocs\Medical_E-CARD\authority\amr\cache\frame_1.dat): failed to open stream: No such file or directory in <b>C:\xampp\htdocs\Medical_E-CARD\authority\amr\qrspec.php</b> on line <b>568</b><br />
<br />
<b>Warning</b>:  mkdir(): No such file or directory in <b>C:\xampp\htdocs\Medical_E-CARD\authority\amr\qrmask.php</b> on line <b>154</b><br />
<br />
<b>Warning</b>:  file_put_contents(C:\xampp\htdocs\Medical_E-CARD\authority\amr\cache\mask_0\mask_21_0.dat): failed to open stream: No such file or directory in <b>C:\xampp\htdocs\Medical_E-CARD\authority\amr\qrmask.php</b> on line <b>155</b><br />
<br />
<b>Warning</b>:  mkdir(): No such file or directory in <b>C:\xampp\htdocs\Medical_E-CARD\authority\amr\qrmask.php</b> on line <b>154</b><br />
<br />
<b>Warning</b>:  file_put_contents(C:\xampp\htdocs\Medical_E-CARD\authority\amr\cache\mask_1\mask_21_1.dat): failed to open stream: No such file or directory in <b>C:\xampp\htdocs\Medical_E-CARD\authority\amr\qrmask.php</b> on line <b>155</b><br />
<br />
<b>Warning</b>:  mkdir(): No such file or directory in <b>C:\xampp\htdocs\Medical_E-CARD\authority\amr\qrmask.php</b> on line <b>154</b><br />
<br />
<b>Warning</b>:  file_put_contents(C:\xampp\htdocs\Medical_E-CARD\authority\amr\cache\mask_2\mask_21_2.dat): failed to open stream: No such file or directory in <b>C:\xampp\htdocs\Medical_E-CARD\authority\amr\qrmask.php</b> on line <b>155</b><br />
<br />
<b>Warning</b>:  mkdir(): No such file or directory in <b>C:\xampp\htdocs\Medical_E-CARD\authority\amr\qrmask.php</b> on line <b>154</b><br />
<br />
<b>Warning</b>:  file_put_contents(C:\xampp\htdocs\Medical_E-CARD\authority\amr\cache\mask_3\mask_21_3.dat): failed to open stream: No such file or directory in <b>C:\xampp\htdocs\Medical_E-CARD\authority\amr\qrmask.php</b> on line <b>155</b><br />
<br />
<b>Warning</b>:  mkdir(): No such file or directory in <b>C:\xampp\htdocs\Medical_E-CARD\authority\amr\qrmask.php</b> on line <b>154</b><br />
<br />
<b>Warning</b>:  file_put_contents(C:\xampp\htdocs\Medical_E-CARD\authority\amr\cache\mask_4\mask_21_4.dat): failed to open stream: No such file or directory in <b>C:\xampp\htdocs\Medical_E-CARD\authority\amr\qrmask.php</b> on line <b>155</b><br />
<br />
<b>Warning</b>:  mkdir(): No such file or directory in <b>C:\xampp\htdocs\Medical_E-CARD\authority\amr\qrmask.php</b> on line <b>154</b><br />
<br />
<b>Warning</b>:  file_put_contents(C:\xampp\htdocs\Medical_E-CARD\authority\amr\cache\mask_5\mask_21_5.dat): failed to open stream: No such file or directory in <b>C:\xampp\htdocs\Medical_E-CARD\authority\amr\qrmask.php</b> on line <b>155</b><br />
<br />
<b>Warning</b>:  mkdir(): No such file or directory in <b>C:\xampp\htdocs\Medical_E-CARD\authority\amr\qrmask.php</b> on line <b>154</b><br />
<br />
<b>Warning</b>:  file_put_contents(C:\xampp\htdocs\Medical_E-CARD\authority\amr\cache\mask_6\mask_21_6.dat): failed to open stream: No such file or directory in <b>C:\xampp\htdocs\Medical_E-CARD\authority\amr\qrmask.php</b> on line <b>155</b><br />
<br />
<b>Warning</b>:  mkdir(): No such file or directory in <b>C:\xampp\htdocs\Medical_E-CARD\authority\amr\qrmask.php</b> on line <b>154</b><br />
<br />
<b>Warning</b>:  file_put_contents(C:\xampp\htdocs\Medical_E-CARD\authority\amr\cache\mask_7\mask_21_7.dat): failed to open stream: No such file or directory in <b>C:\xampp\htdocs\Medical_E-CARD\authority\amr\qrmask.php</b> on line <b>155</b><br />
2016-11-19 06:07:41: <br />
<b>Warning</b>:  file_put_contents(C:\xampp\htdocs\Medical_E-CARD\authority\amr\cache\frame_1.dat): failed to open stream: No such file or directory in <b>C:\xampp\htdocs\Medical_E-CARD\authority\amr\qrspec.php</b> on line <b>568</b><br />
<br />
<b>Warning</b>:  mkdir(): No such file or directory in <b>C:\xampp\htdocs\Medical_E-CARD\authority\amr\qrmask.php</b> on line <b>154</b><br />
<br />
<b>Warning</b>:  file_put_contents(C:\xampp\htdocs\Medical_E-CARD\authority\amr\cache\mask_0\mask_21_0.dat): failed to open stream: No such file or directory in <b>C:\xampp\htdocs\Medical_E-CARD\authority\amr\qrmask.php</b> on line <b>155</b><br />
<br />
<b>Warning</b>:  mkdir(): No such file or directory in <b>C:\xampp\htdocs\Medical_E-CARD\authority\amr\qrmask.php</b> on line <b>154</b><br />
<br />
<b>Warning</b>:  file_put_contents(C:\xampp\htdocs\Medical_E-CARD\authority\amr\cache\mask_1\mask_21_1.dat): failed to open stream: No such file or directory in <b>C:\xampp\htdocs\Medical_E-CARD\authority\amr\qrmask.php</b> on line <b>155</b><br />
<br />
<b>Warning</b>:  mkdir(): No such file or directory in <b>C:\xampp\htdocs\Medical_E-CARD\authority\amr\qrmask.php</b> on line <b>154</b><br />
<br />
<b>Warning</b>:  file_put_contents(C:\xampp\htdocs\Medical_E-CARD\authority\amr\cache\mask_2\mask_21_2.dat): failed to open stream: No such file or directory in <b>C:\xampp\htdocs\Medical_E-CARD\authority\amr\qrmask.php</b> on line <b>155</b><br />
<br />
<b>Warning</b>:  mkdir(): No such file or directory in <b>C:\xampp\htdocs\Medical_E-CARD\authority\amr\qrmask.php</b> on line <b>154</b><br />
<br />
<b>Warning</b>:  file_put_contents(C:\xampp\htdocs\Medical_E-CARD\authority\amr\cache\mask_3\mask_21_3.dat): failed to open stream: No such file or directory in <b>C:\xampp\htdocs\Medical_E-CARD\authority\amr\qrmask.php</b> on line <b>155</b><br />
<br />
<b>Warning</b>:  mkdir(): No such file or directory in <b>C:\xampp\htdocs\Medical_E-CARD\authority\amr\qrmask.php</b> on line <b>154</b><br />
<br />
<b>Warning</b>:  file_put_contents(C:\xampp\htdocs\Medical_E-CARD\authority\amr\cache\mask_4\mask_21_4.dat): failed to open stream: No such file or directory in <b>C:\xampp\htdocs\Medical_E-CARD\authority\amr\qrmask.php</b> on line <b>155</b><br />
<br />
<b>Warning</b>:  mkdir(): No such file or directory in <b>C:\xampp\htdocs\Medical_E-CARD\authority\amr\qrmask.php</b> on line <b>154</b><br />
<br />
<b>Warning</b>:  file_put_contents(C:\xampp\htdocs\Medical_E-CARD\authority\amr\cache\mask_5\mask_21_5.dat): failed to open stream: No such file or directory in <b>C:\xampp\htdocs\Medical_E-CARD\authority\amr\qrmask.php</b> on line <b>155</b><br />
<br />
<b>Warning</b>:  mkdir(): No such file or directory in <b>C:\xampp\htdocs\Medical_E-CARD\authority\amr\qrmask.php</b> on line <b>154</b><br />
<br />
<b>Warning</b>:  file_put_contents(C:\xampp\htdocs\Medical_E-CARD\authority\amr\cache\mask_6\mask_21_6.dat): failed to open stream: No such file or directory in <b>C:\xampp\htdocs\Medical_E-CARD\authority\amr\qrmask.php</b> on line <b>155</b><br />
<br />
<b>Warning</b>:  mkdir(): No such file or directory in <b>C:\xampp\htdocs\Medical_E-CARD\authority\amr\qrmask.php</b> on line <b>154</b><br />
<br />
<b>Warning</b>:  file_put_contents(C:\xampp\htdocs\Medical_E-CARD\authority\amr\cache\mask_7\mask_21_7.dat): failed to open stream: No such file or directory in <b>C:\xampp\htdocs\Medical_E-CARD\authority\amr\qrmask.php</b> on line <b>155</b><br />
2016-11-19 06:08:27: <br />
<b>Warning</b>:  file_put_contents(C:\xampp\htdocs\Medical_E-CARD\authority\amr\cache\frame_1.dat): failed to open stream: No such file or directory in <b>C:\xampp\htdocs\Medical_E-CARD\authority\amr\qrspec.php</b> on line <b>568</b><br />
<br />
<b>Warning</b>:  mkdir(): No such file or directory in <b>C:\xampp\htdocs\Medical_E-CARD\authority\amr\qrmask.php</b> on line <b>154</b><br />
<br />
<b>Warning</b>:  file_put_contents(C:\xampp\htdocs\Medical_E-CARD\authority\amr\cache\mask_0\mask_21_0.dat): failed to open stream: No such file or directory in <b>C:\xampp\htdocs\Medical_E-CARD\authority\amr\qrmask.php</b> on line <b>155</b><br />
<br />
<b>Warning</b>:  mkdir(): No such file or directory in <b>C:\xampp\htdocs\Medical_E-CARD\authority\amr\qrmask.php</b> on line <b>154</b><br />
<br />
<b>Warning</b>:  file_put_contents(C:\xampp\htdocs\Medical_E-CARD\authority\amr\cache\mask_1\mask_21_1.dat): failed to open stream: No such file or directory in <b>C:\xampp\htdocs\Medical_E-CARD\authority\amr\qrmask.php</b> on line <b>155</b><br />
<br />
<b>Warning</b>:  mkdir(): No such file or directory in <b>C:\xampp\htdocs\Medical_E-CARD\authority\amr\qrmask.php</b> on line <b>154</b><br />
<br />
<b>Warning</b>:  file_put_contents(C:\xampp\htdocs\Medical_E-CARD\authority\amr\cache\mask_2\mask_21_2.dat): failed to open stream: No such file or directory in <b>C:\xampp\htdocs\Medical_E-CARD\authority\amr\qrmask.php</b> on line <b>155</b><br />
<br />
<b>Warning</b>:  mkdir(): No such file or directory in <b>C:\xampp\htdocs\Medical_E-CARD\authority\amr\qrmask.php</b> on line <b>154</b><br />
<br />
<b>Warning</b>:  file_put_contents(C:\xampp\htdocs\Medical_E-CARD\authority\amr\cache\mask_3\mask_21_3.dat): failed to open stream: No such file or directory in <b>C:\xampp\htdocs\Medical_E-CARD\authority\amr\qrmask.php</b> on line <b>155</b><br />
<br />
<b>Warning</b>:  mkdir(): No such file or directory in <b>C:\xampp\htdocs\Medical_E-CARD\authority\amr\qrmask.php</b> on line <b>154</b><br />
<br />
<b>Warning</b>:  file_put_contents(C:\xampp\htdocs\Medical_E-CARD\authority\amr\cache\mask_4\mask_21_4.dat): failed to open stream: No such file or directory in <b>C:\xampp\htdocs\Medical_E-CARD\authority\amr\qrmask.php</b> on line <b>155</b><br />
<br />
<b>Warning</b>:  mkdir(): No such file or directory in <b>C:\xampp\htdocs\Medical_E-CARD\authority\amr\qrmask.php</b> on line <b>154</b><br />
<br />
<b>Warning</b>:  file_put_contents(C:\xampp\htdocs\Medical_E-CARD\authority\amr\cache\mask_5\mask_21_5.dat): failed to open stream: No such file or directory in <b>C:\xampp\htdocs\Medical_E-CARD\authority\amr\qrmask.php</b> on line <b>155</b><br />
<br />
<b>Warning</b>:  mkdir(): No such file or directory in <b>C:\xampp\htdocs\Medical_E-CARD\authority\amr\qrmask.php</b> on line <b>154</b><br />
<br />
<b>Warning</b>:  file_put_contents(C:\xampp\htdocs\Medical_E-CARD\authority\amr\cache\mask_6\mask_21_6.dat): failed to open stream: No such file or directory in <b>C:\xampp\htdocs\Medical_E-CARD\authority\amr\qrmask.php</b> on line <b>155</b><br />
<br />
<b>Warning</b>:  mkdir(): No such file or directory in <b>C:\xampp\htdocs\Medical_E-CARD\authority\amr\qrmask.php</b> on line <b>154</b><br />
<br />
<b>Warning</b>:  file_put_contents(C:\xampp\htdocs\Medical_E-CARD\authority\amr\cache\mask_7\mask_21_7.dat): failed to open stream: No such file or directory in <b>C:\xampp\htdocs\Medical_E-CARD\authority\amr\qrmask.php</b> on line <b>155</b><br />
2016-11-19 06:10:25: <br />
<b>Warning</b>:  file_put_contents(C:\xampp\htdocs\Medical_E-CARD\authority\amr\cache\frame_1.dat): failed to open stream: No such file or directory in <b>C:\xampp\htdocs\Medical_E-CARD\authority\amr\qrspec.php</b> on line <b>568</b><br />
<br />
<b>Warning</b>:  mkdir(): No such file or directory in <b>C:\xampp\htdocs\Medical_E-CARD\authority\amr\qrmask.php</b> on line <b>154</b><br />
<br />
<b>Warning</b>:  file_put_contents(C:\xampp\htdocs\Medical_E-CARD\authority\amr\cache\mask_0\mask_21_0.dat): failed to open stream: No such file or directory in <b>C:\xampp\htdocs\Medical_E-CARD\authority\amr\qrmask.php</b> on line <b>155</b><br />
<br />
<b>Warning</b>:  mkdir(): No such file or directory in <b>C:\xampp\htdocs\Medical_E-CARD\authority\amr\qrmask.php</b> on line <b>154</b><br />
<br />
<b>Warning</b>:  file_put_contents(C:\xampp\htdocs\Medical_E-CARD\authority\amr\cache\mask_1\mask_21_1.dat): failed to open stream: No such file or directory in <b>C:\xampp\htdocs\Medical_E-CARD\authority\amr\qrmask.php</b> on line <b>155</b><br />
<br />
<b>Warning</b>:  mkdir(): No such file or directory in <b>C:\xampp\htdocs\Medical_E-CARD\authority\amr\qrmask.php</b> on line <b>154</b><br />
<br />
<b>Warning</b>:  file_put_contents(C:\xampp\htdocs\Medical_E-CARD\authority\amr\cache\mask_2\mask_21_2.dat): failed to open stream: No such file or directory in <b>C:\xampp\htdocs\Medical_E-CARD\authority\amr\qrmask.php</b> on line <b>155</b><br />
<br />
<b>Warning</b>:  mkdir(): No such file or directory in <b>C:\xampp\htdocs\Medical_E-CARD\authority\amr\qrmask.php</b> on line <b>154</b><br />
<br />
<b>Warning</b>:  file_put_contents(C:\xampp\htdocs\Medical_E-CARD\authority\amr\cache\mask_3\mask_21_3.dat): failed to open stream: No such file or directory in <b>C:\xampp\htdocs\Medical_E-CARD\authority\amr\qrmask.php</b> on line <b>155</b><br />
<br />
<b>Warning</b>:  mkdir(): No such file or directory in <b>C:\xampp\htdocs\Medical_E-CARD\authority\amr\qrmask.php</b> on line <b>154</b><br />
<br />
<b>Warning</b>:  file_put_contents(C:\xampp\htdocs\Medical_E-CARD\authority\amr\cache\mask_4\mask_21_4.dat): failed to open stream: No such file or directory in <b>C:\xampp\htdocs\Medical_E-CARD\authority\amr\qrmask.php</b> on line <b>155</b><br />
<br />
<b>Warning</b>:  mkdir(): No such file or directory in <b>C:\xampp\htdocs\Medical_E-CARD\authority\amr\qrmask.php</b> on line <b>154</b><br />
<br />
<b>Warning</b>:  file_put_contents(C:\xampp\htdocs\Medical_E-CARD\authority\amr\cache\mask_5\mask_21_5.dat): failed to open stream: No such file or directory in <b>C:\xampp\htdocs\Medical_E-CARD\authority\amr\qrmask.php</b> on line <b>155</b><br />
<br />
<b>Warning</b>:  mkdir(): No such file or directory in <b>C:\xampp\htdocs\Medical_E-CARD\authority\amr\qrmask.php</b> on line <b>154</b><br />
<br />
<b>Warning</b>:  file_put_contents(C:\xampp\htdocs\Medical_E-CARD\authority\amr\cache\mask_6\mask_21_6.dat): failed to open stream: No such file or directory in <b>C:\xampp\htdocs\Medical_E-CARD\authority\amr\qrmask.php</b> on line <b>155</b><br />
<br />
<b>Warning</b>:  mkdir(): No such file or directory in <b>C:\xampp\htdocs\Medical_E-CARD\authority\amr\qrmask.php</b> on line <b>154</b><br />
<br />
<b>Warning</b>:  file_put_contents(C:\xampp\htdocs\Medical_E-CARD\authority\amr\cache\mask_7\mask_21_7.dat): failed to open stream: No such file or directory in <b>C:\xampp\htdocs\Medical_E-CARD\authority\amr\qrmask.php</b> on line <b>155</b><br />
2016-11-19 06:10:44: <br />
<b>Warning</b>:  file_put_contents(C:\xampp\htdocs\Medical_E-CARD\authority\amr\cache\frame_1.dat): failed to open stream: No such file or directory in <b>C:\xampp\htdocs\Medical_E-CARD\authority\amr\qrspec.php</b> on line <b>568</b><br />
<br />
<b>Warning</b>:  mkdir(): No such file or directory in <b>C:\xampp\htdocs\Medical_E-CARD\authority\amr\qrmask.php</b> on line <b>154</b><br />
<br />
<b>Warning</b>:  file_put_contents(C:\xampp\htdocs\Medical_E-CARD\authority\amr\cache\mask_0\mask_21_0.dat): failed to open stream: No such file or directory in <b>C:\xampp\htdocs\Medical_E-CARD\authority\amr\qrmask.php</b> on line <b>155</b><br />
<br />
<b>Warning</b>:  mkdir(): No such file or directory in <b>C:\xampp\htdocs\Medical_E-CARD\authority\amr\qrmask.php</b> on line <b>154</b><br />
<br />
<b>Warning</b>:  file_put_contents(C:\xampp\htdocs\Medical_E-CARD\authority\amr\cache\mask_1\mask_21_1.dat): failed to open stream: No such file or directory in <b>C:\xampp\htdocs\Medical_E-CARD\authority\amr\qrmask.php</b> on line <b>155</b><br />
<br />
<b>Warning</b>:  mkdir(): No such file or directory in <b>C:\xampp\htdocs\Medical_E-CARD\authority\amr\qrmask.php</b> on line <b>154</b><br />
<br />
<b>Warning</b>:  file_put_contents(C:\xampp\htdocs\Medical_E-CARD\authority\amr\cache\mask_2\mask_21_2.dat): failed to open stream: No such file or directory in <b>C:\xampp\htdocs\Medical_E-CARD\authority\amr\qrmask.php</b> on line <b>155</b><br />
<br />
<b>Warning</b>:  mkdir(): No such file or directory in <b>C:\xampp\htdocs\Medical_E-CARD\authority\amr\qrmask.php</b> on line <b>154</b><br />
<br />
<b>Warning</b>:  file_put_contents(C:\xampp\htdocs\Medical_E-CARD\authority\amr\cache\mask_3\mask_21_3.dat): failed to open stream: No such file or directory in <b>C:\xampp\htdocs\Medical_E-CARD\authority\amr\qrmask.php</b> on line <b>155</b><br />
<br />
<b>Warning</b>:  mkdir(): No such file or directory in <b>C:\xampp\htdocs\Medical_E-CARD\authority\amr\qrmask.php</b> on line <b>154</b><br />
<br />
<b>Warning</b>:  file_put_contents(C:\xampp\htdocs\Medical_E-CARD\authority\amr\cache\mask_4\mask_21_4.dat): failed to open stream: No such file or directory in <b>C:\xampp\htdocs\Medical_E-CARD\authority\amr\qrmask.php</b> on line <b>155</b><br />
<br />
<b>Warning</b>:  mkdir(): No such file or directory in <b>C:\xampp\htdocs\Medical_E-CARD\authority\amr\qrmask.php</b> on line <b>154</b><br />
<br />
<b>Warning</b>:  file_put_contents(C:\xampp\htdocs\Medical_E-CARD\authority\amr\cache\mask_5\mask_21_5.dat): failed to open stream: No such file or directory in <b>C:\xampp\htdocs\Medical_E-CARD\authority\amr\qrmask.php</b> on line <b>155</b><br />
<br />
<b>Warning</b>:  mkdir(): No such file or directory in <b>C:\xampp\htdocs\Medical_E-CARD\authority\amr\qrmask.php</b> on line <b>154</b><br />
<br />
<b>Warning</b>:  file_put_contents(C:\xampp\htdocs\Medical_E-CARD\authority\amr\cache\mask_6\mask_21_6.dat): failed to open stream: No such file or directory in <b>C:\xampp\htdocs\Medical_E-CARD\authority\amr\qrmask.php</b> on line <b>155</b><br />
<br />
<b>Warning</b>:  mkdir(): No such file or directory in <b>C:\xampp\htdocs\Medical_E-CARD\authority\amr\qrmask.php</b> on line <b>154</b><br />
<br />
<b>Warning</b>:  file_put_contents(C:\xampp\htdocs\Medical_E-CARD\authority\amr\cache\mask_7\mask_21_7.dat): failed to open stream: No such file or directory in <b>C:\xampp\htdocs\Medical_E-CARD\authority\amr\qrmask.php</b> on line <b>155</b><br />
2016-11-19 06:10:54: <br />
<b>Warning</b>:  file_put_contents(C:\xampp\htdocs\Medical_E-CARD\authority\amr\cache\frame_1.dat): failed to open stream: No such file or directory in <b>C:\xampp\htdocs\Medical_E-CARD\authority\amr\qrspec.php</b> on line <b>568</b><br />
<br />
<b>Warning</b>:  mkdir(): No such file or directory in <b>C:\xampp\htdocs\Medical_E-CARD\authority\amr\qrmask.php</b> on line <b>154</b><br />
<br />
<b>Warning</b>:  file_put_contents(C:\xampp\htdocs\Medical_E-CARD\authority\amr\cache\mask_0\mask_21_0.dat): failed to open stream: No such file or directory in <b>C:\xampp\htdocs\Medical_E-CARD\authority\amr\qrmask.php</b> on line <b>155</b><br />
<br />
<b>Warning</b>:  mkdir(): No such file or directory in <b>C:\xampp\htdocs\Medical_E-CARD\authority\amr\qrmask.php</b> on line <b>154</b><br />
<br />
<b>Warning</b>:  file_put_contents(C:\xampp\htdocs\Medical_E-CARD\authority\amr\cache\mask_1\mask_21_1.dat): failed to open stream: No such file or directory in <b>C:\xampp\htdocs\Medical_E-CARD\authority\amr\qrmask.php</b> on line <b>155</b><br />
<br />
<b>Warning</b>:  mkdir(): No such file or directory in <b>C:\xampp\htdocs\Medical_E-CARD\authority\amr\qrmask.php</b> on line <b>154</b><br />
<br />
<b>Warning</b>:  file_put_contents(C:\xampp\htdocs\Medical_E-CARD\authority\amr\cache\mask_2\mask_21_2.dat): failed to open stream: No such file or directory in <b>C:\xampp\htdocs\Medical_E-CARD\authority\amr\qrmask.php</b> on line <b>155</b><br />
<br />
<b>Warning</b>:  mkdir(): No such file or directory in <b>C:\xampp\htdocs\Medical_E-CARD\authority\amr\qrmask.php</b> on line <b>154</b><br />
<br />
<b>Warning</b>:  file_put_contents(C:\xampp\htdocs\Medical_E-CARD\authority\amr\cache\mask_3\mask_21_3.dat): failed to open stream: No such file or directory in <b>C:\xampp\htdocs\Medical_E-CARD\authority\amr\qrmask.php</b> on line <b>155</b><br />
<br />
<b>Warning</b>:  mkdir(): No such file or directory in <b>C:\xampp\htdocs\Medical_E-CARD\authority\amr\qrmask.php</b> on line <b>154</b><br />
<br />
<b>Warning</b>:  file_put_contents(C:\xampp\htdocs\Medical_E-CARD\authority\amr\cache\mask_4\mask_21_4.dat): failed to open stream: No such file or directory in <b>C:\xampp\htdocs\Medical_E-CARD\authority\amr\qrmask.php</b> on line <b>155</b><br />
<br />
<b>Warning</b>:  mkdir(): No such file or directory in <b>C:\xampp\htdocs\Medical_E-CARD\authority\amr\qrmask.php</b> on line <b>154</b><br />
<br />
<b>Warning</b>:  file_put_contents(C:\xampp\htdocs\Medical_E-CARD\authority\amr\cache\mask_5\mask_21_5.dat): failed to open stream: No such file or directory in <b>C:\xampp\htdocs\Medical_E-CARD\authority\amr\qrmask.php</b> on line <b>155</b><br />
<br />
<b>Warning</b>:  mkdir(): No such file or directory in <b>C:\xampp\htdocs\Medical_E-CARD\authority\amr\qrmask.php</b> on line <b>154</b><br />
<br />
<b>Warning</b>:  file_put_contents(C:\xampp\htdocs\Medical_E-CARD\authority\amr\cache\mask_6\mask_21_6.dat): failed to open stream: No such file or directory in <b>C:\xampp\htdocs\Medical_E-CARD\authority\amr\qrmask.php</b> on line <b>155</b><br />
<br />
<b>Warning</b>:  mkdir(): No such file or directory in <b>C:\xampp\htdocs\Medical_E-CARD\authority\amr\qrmask.php</b> on line <b>154</b><br />
<br />
<b>Warning</b>:  file_put_contents(C:\xampp\htdocs\Medical_E-CARD\authority\amr\cache\mask_7\mask_21_7.dat): failed to open stream: No such file or directory in <b>C:\xampp\htdocs\Medical_E-CARD\authority\amr\qrmask.php</b> on line <b>155</b><br />
2016-11-19 06:11:19: <br />
<b>Warning</b>:  file_put_contents(C:\xampp\htdocs\Medical_E-CARD\authority\amr\cache\frame_1.dat): failed to open stream: No such file or directory in <b>C:\xampp\htdocs\Medical_E-CARD\authority\amr\qrspec.php</b> on line <b>568</b><br />
<br />
<b>Warning</b>:  mkdir(): No such file or directory in <b>C:\xampp\htdocs\Medical_E-CARD\authority\amr\qrmask.php</b> on line <b>154</b><br />
<br />
<b>Warning</b>:  file_put_contents(C:\xampp\htdocs\Medical_E-CARD\authority\amr\cache\mask_0\mask_21_0.dat): failed to open stream: No such file or directory in <b>C:\xampp\htdocs\Medical_E-CARD\authority\amr\qrmask.php</b> on line <b>155</b><br />
<br />
<b>Warning</b>:  mkdir(): No such file or directory in <b>C:\xampp\htdocs\Medical_E-CARD\authority\amr\qrmask.php</b> on line <b>154</b><br />
<br />
<b>Warning</b>:  file_put_contents(C:\xampp\htdocs\Medical_E-CARD\authority\amr\cache\mask_1\mask_21_1.dat): failed to open stream: No such file or directory in <b>C:\xampp\htdocs\Medical_E-CARD\authority\amr\qrmask.php</b> on line <b>155</b><br />
<br />
<b>Warning</b>:  mkdir(): No such file or directory in <b>C:\xampp\htdocs\Medical_E-CARD\authority\amr\qrmask.php</b> on line <b>154</b><br />
<br />
<b>Warning</b>:  file_put_contents(C:\xampp\htdocs\Medical_E-CARD\authority\amr\cache\mask_2\mask_21_2.dat): failed to open stream: No such file or directory in <b>C:\xampp\htdocs\Medical_E-CARD\authority\amr\qrmask.php</b> on line <b>155</b><br />
<br />
<b>Warning</b>:  mkdir(): No such file or directory in <b>C:\xampp\htdocs\Medical_E-CARD\authority\amr\qrmask.php</b> on line <b>154</b><br />
<br />
<b>Warning</b>:  file_put_contents(C:\xampp\htdocs\Medical_E-CARD\authority\amr\cache\mask_3\mask_21_3.dat): failed to open stream: No such file or directory in <b>C:\xampp\htdocs\Medical_E-CARD\authority\amr\qrmask.php</b> on line <b>155</b><br />
<br />
<b>Warning</b>:  mkdir(): No such file or directory in <b>C:\xampp\htdocs\Medical_E-CARD\authority\amr\qrmask.php</b> on line <b>154</b><br />
<br />
<b>Warning</b>:  file_put_contents(C:\xampp\htdocs\Medical_E-CARD\authority\amr\cache\mask_4\mask_21_4.dat): failed to open stream: No such file or directory in <b>C:\xampp\htdocs\Medical_E-CARD\authority\amr\qrmask.php</b> on line <b>155</b><br />
<br />
<b>Warning</b>:  mkdir(): No such file or directory in <b>C:\xampp\htdocs\Medical_E-CARD\authority\amr\qrmask.php</b> on line <b>154</b><br />
<br />
<b>Warning</b>:  file_put_contents(C:\xampp\htdocs\Medical_E-CARD\authority\amr\cache\mask_5\mask_21_5.dat): failed to open stream: No such file or directory in <b>C:\xampp\htdocs\Medical_E-CARD\authority\amr\qrmask.php</b> on line <b>155</b><br />
<br />
<b>Warning</b>:  mkdir(): No such file or directory in <b>C:\xampp\htdocs\Medical_E-CARD\authority\amr\qrmask.php</b> on line <b>154</b><br />
<br />
<b>Warning</b>:  file_put_contents(C:\xampp\htdocs\Medical_E-CARD\authority\amr\cache\mask_6\mask_21_6.dat): failed to open stream: No such file or directory in <b>C:\xampp\htdocs\Medical_E-CARD\authority\amr\qrmask.php</b> on line <b>155</b><br />
<br />
<b>Warning</b>:  mkdir(): No such file or directory in <b>C:\xampp\htdocs\Medical_E-CARD\authority\amr\qrmask.php</b> on line <b>154</b><br />
<br />
<b>Warning</b>:  file_put_contents(C:\xampp\htdocs\Medical_E-CARD\authority\amr\cache\mask_7\mask_21_7.dat): failed to open stream: No such file or directory in <b>C:\xampp\htdocs\Medical_E-CARD\authority\amr\qrmask.php</b> on line <b>155</b><br />
2016-11-19 06:12:23: <br />
<b>Warning</b>:  file_put_contents(C:\xampp\htdocs\Medical_E-CARD\authority\amr\cache\frame_1.dat): failed to open stream: No such file or directory in <b>C:\xampp\htdocs\Medical_E-CARD\authority\amr\qrspec.php</b> on line <b>568</b><br />
<br />
<b>Warning</b>:  mkdir(): No such file or directory in <b>C:\xampp\htdocs\Medical_E-CARD\authority\amr\qrmask.php</b> on line <b>154</b><br />
<br />
<b>Warning</b>:  file_put_contents(C:\xampp\htdocs\Medical_E-CARD\authority\amr\cache\mask_0\mask_21_0.dat): failed to open stream: No such file or directory in <b>C:\xampp\htdocs\Medical_E-CARD\authority\amr\qrmask.php</b> on line <b>155</b><br />
<br />
<b>Warning</b>:  mkdir(): No such file or directory in <b>C:\xampp\htdocs\Medical_E-CARD\authority\amr\qrmask.php</b> on line <b>154</b><br />
<br />
<b>Warning</b>:  file_put_contents(C:\xampp\htdocs\Medical_E-CARD\authority\amr\cache\mask_1\mask_21_1.dat): failed to open stream: No such file or directory in <b>C:\xampp\htdocs\Medical_E-CARD\authority\amr\qrmask.php</b> on line <b>155</b><br />
<br />
<b>Warning</b>:  mkdir(): No such file or directory in <b>C:\xampp\htdocs\Medical_E-CARD\authority\amr\qrmask.php</b> on line <b>154</b><br />
<br />
<b>Warning</b>:  file_put_contents(C:\xampp\htdocs\Medical_E-CARD\authority\amr\cache\mask_2\mask_21_2.dat): failed to open stream: No such file or directory in <b>C:\xampp\htdocs\Medical_E-CARD\authority\amr\qrmask.php</b> on line <b>155</b><br />
<br />
<b>Warning</b>:  mkdir(): No such file or directory in <b>C:\xampp\htdocs\Medical_E-CARD\authority\amr\qrmask.php</b> on line <b>154</b><br />
<br />
<b>Warning</b>:  file_put_contents(C:\xampp\htdocs\Medical_E-CARD\authority\amr\cache\mask_3\mask_21_3.dat): failed to open stream: No such file or directory in <b>C:\xampp\htdocs\Medical_E-CARD\authority\amr\qrmask.php</b> on line <b>155</b><br />
<br />
<b>Warning</b>:  mkdir(): No such file or directory in <b>C:\xampp\htdocs\Medical_E-CARD\authority\amr\qrmask.php</b> on line <b>154</b><br />
<br />
<b>Warning</b>:  file_put_contents(C:\xampp\htdocs\Medical_E-CARD\authority\amr\cache\mask_4\mask_21_4.dat): failed to open stream: No such file or directory in <b>C:\xampp\htdocs\Medical_E-CARD\authority\amr\qrmask.php</b> on line <b>155</b><br />
<br />
<b>Warning</b>:  mkdir(): No such file or directory in <b>C:\xampp\htdocs\Medical_E-CARD\authority\amr\qrmask.php</b> on line <b>154</b><br />
<br />
<b>Warning</b>:  file_put_contents(C:\xampp\htdocs\Medical_E-CARD\authority\amr\cache\mask_5\mask_21_5.dat): failed to open stream: No such file or directory in <b>C:\xampp\htdocs\Medical_E-CARD\authority\amr\qrmask.php</b> on line <b>155</b><br />
<br />
<b>Warning</b>:  mkdir(): No such file or directory in <b>C:\xampp\htdocs\Medical_E-CARD\authority\amr\qrmask.php</b> on line <b>154</b><br />
<br />
<b>Warning</b>:  file_put_contents(C:\xampp\htdocs\Medical_E-CARD\authority\amr\cache\mask_6\mask_21_6.dat): failed to open stream: No such file or directory in <b>C:\xampp\htdocs\Medical_E-CARD\authority\amr\qrmask.php</b> on line <b>155</b><br />
<br />
<b>Warning</b>:  mkdir(): No such file or directory in <b>C:\xampp\htdocs\Medical_E-CARD\authority\amr\qrmask.php</b> on line <b>154</b><br />
<br />
<b>Warning</b>:  file_put_contents(C:\xampp\htdocs\Medical_E-CARD\authority\amr\cache\mask_7\mask_21_7.dat): failed to open stream: No such file or directory in <b>C:\xampp\htdocs\Medical_E-CARD\authority\amr\qrmask.php</b> on line <b>155</b><br />
2016-11-19 06:12:45: <br />
<b>Warning</b>:  file_put_contents(C:\xampp\htdocs\Medical_E-CARD\authority\amr\cache\frame_1.dat): failed to open stream: No such file or directory in <b>C:\xampp\htdocs\Medical_E-CARD\authority\amr\qrspec.php</b> on line <b>568</b><br />
<br />
<b>Warning</b>:  mkdir(): No such file or directory in <b>C:\xampp\htdocs\Medical_E-CARD\authority\amr\qrmask.php</b> on line <b>154</b><br />
<br />
<b>Warning</b>:  file_put_contents(C:\xampp\htdocs\Medical_E-CARD\authority\amr\cache\mask_0\mask_21_0.dat): failed to open stream: No such file or directory in <b>C:\xampp\htdocs\Medical_E-CARD\authority\amr\qrmask.php</b> on line <b>155</b><br />
<br />
<b>Warning</b>:  mkdir(): No such file or directory in <b>C:\xampp\htdocs\Medical_E-CARD\authority\amr\qrmask.php</b> on line <b>154</b><br />
<br />
<b>Warning</b>:  file_put_contents(C:\xampp\htdocs\Medical_E-CARD\authority\amr\cache\mask_1\mask_21_1.dat): failed to open stream: No such file or directory in <b>C:\xampp\htdocs\Medical_E-CARD\authority\amr\qrmask.php</b> on line <b>155</b><br />
<br />
<b>Warning</b>:  mkdir(): No such file or directory in <b>C:\xampp\htdocs\Medical_E-CARD\authority\amr\qrmask.php</b> on line <b>154</b><br />
<br />
<b>Warning</b>:  file_put_contents(C:\xampp\htdocs\Medical_E-CARD\authority\amr\cache\mask_2\mask_21_2.dat): failed to open stream: No such file or directory in <b>C:\xampp\htdocs\Medical_E-CARD\authority\amr\qrmask.php</b> on line <b>155</b><br />
<br />
<b>Warning</b>:  mkdir(): No such file or directory in <b>C:\xampp\htdocs\Medical_E-CARD\authority\amr\qrmask.php</b> on line <b>154</b><br />
<br />
<b>Warning</b>:  file_put_contents(C:\xampp\htdocs\Medical_E-CARD\authority\amr\cache\mask_3\mask_21_3.dat): failed to open stream: No such file or directory in <b>C:\xampp\htdocs\Medical_E-CARD\authority\amr\qrmask.php</b> on line <b>155</b><br />
<br />
<b>Warning</b>:  mkdir(): No such file or directory in <b>C:\xampp\htdocs\Medical_E-CARD\authority\amr\qrmask.php</b> on line <b>154</b><br />
<br />
<b>Warning</b>:  file_put_contents(C:\xampp\htdocs\Medical_E-CARD\authority\amr\cache\mask_4\mask_21_4.dat): failed to open stream: No such file or directory in <b>C:\xampp\htdocs\Medical_E-CARD\authority\amr\qrmask.php</b> on line <b>155</b><br />
<br />
<b>Warning</b>:  mkdir(): No such file or directory in <b>C:\xampp\htdocs\Medical_E-CARD\authority\amr\qrmask.php</b> on line <b>154</b><br />
<br />
<b>Warning</b>:  file_put_contents(C:\xampp\htdocs\Medical_E-CARD\authority\amr\cache\mask_5\mask_21_5.dat): failed to open stream: No such file or directory in <b>C:\xampp\htdocs\Medical_E-CARD\authority\amr\qrmask.php</b> on line <b>155</b><br />
<br />
<b>Warning</b>:  mkdir(): No such file or directory in <b>C:\xampp\htdocs\Medical_E-CARD\authority\amr\qrmask.php</b> on line <b>154</b><br />
<br />
<b>Warning</b>:  file_put_contents(C:\xampp\htdocs\Medical_E-CARD\authority\amr\cache\mask_6\mask_21_6.dat): failed to open stream: No such file or directory in <b>C:\xampp\htdocs\Medical_E-CARD\authority\amr\qrmask.php</b> on line <b>155</b><br />
<br />
<b>Warning</b>:  mkdir(): No such file or directory in <b>C:\xampp\htdocs\Medical_E-CARD\authority\amr\qrmask.php</b> on line <b>154</b><br />
<br />
<b>Warning</b>:  file_put_contents(C:\xampp\htdocs\Medical_E-CARD\authority\amr\cache\mask_7\mask_21_7.dat): failed to open stream: No such file or directory in <b>C:\xampp\htdocs\Medical_E-CARD\authority\amr\qrmask.php</b> on line <b>155</b><br />
2016-11-19 06:16:33: <br />
<b>Warning</b>:  file_put_contents(C:\xampp\htdocs\Medical_E-CARD\authority\amr\cache\frame_1.dat): failed to open stream: No such file or directory in <b>C:\xampp\htdocs\Medical_E-CARD\authority\amr\qrspec.php</b> on line <b>568</b><br />
<br />
<b>Warning</b>:  mkdir(): No such file or directory in <b>C:\xampp\htdocs\Medical_E-CARD\authority\amr\qrmask.php</b> on line <b>154</b><br />
<br />
<b>Warning</b>:  file_put_contents(C:\xampp\htdocs\Medical_E-CARD\authority\amr\cache\mask_0\mask_21_0.dat): failed to open stream: No such file or directory in <b>C:\xampp\htdocs\Medical_E-CARD\authority\amr\qrmask.php</b> on line <b>155</b><br />
<br />
<b>Warning</b>:  mkdir(): No such file or directory in <b>C:\xampp\htdocs\Medical_E-CARD\authority\amr\qrmask.php</b> on line <b>154</b><br />
<br />
<b>Warning</b>:  file_put_contents(C:\xampp\htdocs\Medical_E-CARD\authority\amr\cache\mask_1\mask_21_1.dat): failed to open stream: No such file or directory in <b>C:\xampp\htdocs\Medical_E-CARD\authority\amr\qrmask.php</b> on line <b>155</b><br />
<br />
<b>Warning</b>:  mkdir(): No such file or directory in <b>C:\xampp\htdocs\Medical_E-CARD\authority\amr\qrmask.php</b> on line <b>154</b><br />
<br />
<b>Warning</b>:  file_put_contents(C:\xampp\htdocs\Medical_E-CARD\authority\amr\cache\mask_2\mask_21_2.dat): failed to open stream: No such file or directory in <b>C:\xampp\htdocs\Medical_E-CARD\authority\amr\qrmask.php</b> on line <b>155</b><br />
<br />
<b>Warning</b>:  mkdir(): No such file or directory in <b>C:\xampp\htdocs\Medical_E-CARD\authority\amr\qrmask.php</b> on line <b>154</b><br />
<br />
<b>Warning</b>:  file_put_contents(C:\xampp\htdocs\Medical_E-CARD\authority\amr\cache\mask_3\mask_21_3.dat): failed to open stream: No such file or directory in <b>C:\xampp\htdocs\Medical_E-CARD\authority\amr\qrmask.php</b> on line <b>155</b><br />
<br />
<b>Warning</b>:  mkdir(): No such file or directory in <b>C:\xampp\htdocs\Medical_E-CARD\authority\amr\qrmask.php</b> on line <b>154</b><br />
<br />
<b>Warning</b>:  file_put_contents(C:\xampp\htdocs\Medical_E-CARD\authority\amr\cache\mask_4\mask_21_4.dat): failed to open stream: No such file or directory in <b>C:\xampp\htdocs\Medical_E-CARD\authority\amr\qrmask.php</b> on line <b>155</b><br />
<br />
<b>Warning</b>:  mkdir(): No such file or directory in <b>C:\xampp\htdocs\Medical_E-CARD\authority\amr\qrmask.php</b> on line <b>154</b><br />
<br />
<b>Warning</b>:  file_put_contents(C:\xampp\htdocs\Medical_E-CARD\authority\amr\cache\mask_5\mask_21_5.dat): failed to open stream: No such file or directory in <b>C:\xampp\htdocs\Medical_E-CARD\authority\amr\qrmask.php</b> on line <b>155</b><br />
<br />
<b>Warning</b>:  mkdir(): No such file or directory in <b>C:\xampp\htdocs\Medical_E-CARD\authority\amr\qrmask.php</b> on line <b>154</b><br />
<br />
<b>Warning</b>:  file_put_contents(C:\xampp\htdocs\Medical_E-CARD\authority\amr\cache\mask_6\mask_21_6.dat): failed to open stream: No such file or directory in <b>C:\xampp\htdocs\Medical_E-CARD\authority\amr\qrmask.php</b> on line <b>155</b><br />
<br />
<b>Warning</b>:  mkdir(): No such file or directory in <b>C:\xampp\htdocs\Medical_E-CARD\authority\amr\qrmask.php</b> on line <b>154</b><br />
<br />
<b>Warning</b>:  file_put_contents(C:\xampp\htdocs\Medical_E-CARD\authority\amr\cache\mask_7\mask_21_7.dat): failed to open stream: No such file or directory in <b>C:\xampp\htdocs\Medical_E-CARD\authority\amr\qrmask.php</b> on line <b>155</b><br />
2016-11-19 06:16:55: <br />
<b>Warning</b>:  file_put_contents(C:\xampp\htdocs\Medical_E-CARD\authority\amr\cache\frame_1.dat): failed to open stream: No such file or directory in <b>C:\xampp\htdocs\Medical_E-CARD\authority\amr\qrspec.php</b> on line <b>568</b><br />
<br />
<b>Warning</b>:  mkdir(): No such file or directory in <b>C:\xampp\htdocs\Medical_E-CARD\authority\amr\qrmask.php</b> on line <b>154</b><br />
<br />
<b>Warning</b>:  file_put_contents(C:\xampp\htdocs\Medical_E-CARD\authority\amr\cache\mask_0\mask_21_0.dat): failed to open stream: No such file or directory in <b>C:\xampp\htdocs\Medical_E-CARD\authority\amr\qrmask.php</b> on line <b>155</b><br />
<br />
<b>Warning</b>:  mkdir(): No such file or directory in <b>C:\xampp\htdocs\Medical_E-CARD\authority\amr\qrmask.php</b> on line <b>154</b><br />
<br />
<b>Warning</b>:  file_put_contents(C:\xampp\htdocs\Medical_E-CARD\authority\amr\cache\mask_1\mask_21_1.dat): failed to open stream: No such file or directory in <b>C:\xampp\htdocs\Medical_E-CARD\authority\amr\qrmask.php</b> on line <b>155</b><br />
<br />
<b>Warning</b>:  mkdir(): No such file or directory in <b>C:\xampp\htdocs\Medical_E-CARD\authority\amr\qrmask.php</b> on line <b>154</b><br />
<br />
<b>Warning</b>:  file_put_contents(C:\xampp\htdocs\Medical_E-CARD\authority\amr\cache\mask_2\mask_21_2.dat): failed to open stream: No such file or directory in <b>C:\xampp\htdocs\Medical_E-CARD\authority\amr\qrmask.php</b> on line <b>155</b><br />
<br />
<b>Warning</b>:  mkdir(): No such file or directory in <b>C:\xampp\htdocs\Medical_E-CARD\authority\amr\qrmask.php</b> on line <b>154</b><br />
<br />
<b>Warning</b>:  file_put_contents(C:\xampp\htdocs\Medical_E-CARD\authority\amr\cache\mask_3\mask_21_3.dat): failed to open stream: No such file or directory in <b>C:\xampp\htdocs\Medical_E-CARD\authority\amr\qrmask.php</b> on line <b>155</b><br />
<br />
<b>Warning</b>:  mkdir(): No such file or directory in <b>C:\xampp\htdocs\Medical_E-CARD\authority\amr\qrmask.php</b> on line <b>154</b><br />
<br />
<b>Warning</b>:  file_put_contents(C:\xampp\htdocs\Medical_E-CARD\authority\amr\cache\mask_4\mask_21_4.dat): failed to open stream: No such file or directory in <b>C:\xampp\htdocs\Medical_E-CARD\authority\amr\qrmask.php</b> on line <b>155</b><br />
<br />
<b>Warning</b>:  mkdir(): No such file or directory in <b>C:\xampp\htdocs\Medical_E-CARD\authority\amr\qrmask.php</b> on line <b>154</b><br />
<br />
<b>Warning</b>:  file_put_contents(C:\xampp\htdocs\Medical_E-CARD\authority\amr\cache\mask_5\mask_21_5.dat): failed to open stream: No such file or directory in <b>C:\xampp\htdocs\Medical_E-CARD\authority\amr\qrmask.php</b> on line <b>155</b><br />
<br />
<b>Warning</b>:  mkdir(): No such file or directory in <b>C:\xampp\htdocs\Medical_E-CARD\authority\amr\qrmask.php</b> on line <b>154</b><br />
<br />
<b>Warning</b>:  file_put_contents(C:\xampp\htdocs\Medical_E-CARD\authority\amr\cache\mask_6\mask_21_6.dat): failed to open stream: No such file or directory in <b>C:\xampp\htdocs\Medical_E-CARD\authority\amr\qrmask.php</b> on line <b>155</b><br />
<br />
<b>Warning</b>:  mkdir(): No such file or directory in <b>C:\xampp\htdocs\Medical_E-CARD\authority\amr\qrmask.php</b> on line <b>154</b><br />
<br />
<b>Warning</b>:  file_put_contents(C:\xampp\htdocs\Medical_E-CARD\authority\amr\cache\mask_7\mask_21_7.dat): failed to open stream: No such file or directory in <b>C:\xampp\htdocs\Medical_E-CARD\authority\amr\qrmask.php</b> on line <b>155</b><br />
2016-11-19 06:20:21: <br />
<b>Warning</b>:  file_put_contents(C:\xampp\htdocs\Medical_E-CARD\authority\amr\cache\frame_1.dat): failed to open stream: No such file or directory in <b>C:\xampp\htdocs\Medical_E-CARD\authority\amr\qrspec.php</b> on line <b>568</b><br />
<br />
<b>Warning</b>:  mkdir(): No such file or directory in <b>C:\xampp\htdocs\Medical_E-CARD\authority\amr\qrmask.php</b> on line <b>154</b><br />
<br />
<b>Warning</b>:  file_put_contents(C:\xampp\htdocs\Medical_E-CARD\authority\amr\cache\mask_0\mask_21_0.dat): failed to open stream: No such file or directory in <b>C:\xampp\htdocs\Medical_E-CARD\authority\amr\qrmask.php</b> on line <b>155</b><br />
<br />
<b>Warning</b>:  mkdir(): No such file or directory in <b>C:\xampp\htdocs\Medical_E-CARD\authority\amr\qrmask.php</b> on line <b>154</b><br />
<br />
<b>Warning</b>:  file_put_contents(C:\xampp\htdocs\Medical_E-CARD\authority\amr\cache\mask_1\mask_21_1.dat): failed to open stream: No such file or directory in <b>C:\xampp\htdocs\Medical_E-CARD\authority\amr\qrmask.php</b> on line <b>155</b><br />
<br />
<b>Warning</b>:  mkdir(): No such file or directory in <b>C:\xampp\htdocs\Medical_E-CARD\authority\amr\qrmask.php</b> on line <b>154</b><br />
<br />
<b>Warning</b>:  file_put_contents(C:\xampp\htdocs\Medical_E-CARD\authority\amr\cache\mask_2\mask_21_2.dat): failed to open stream: No such file or directory in <b>C:\xampp\htdocs\Medical_E-CARD\authority\amr\qrmask.php</b> on line <b>155</b><br />
<br />
<b>Warning</b>:  mkdir(): No such file or directory in <b>C:\xampp\htdocs\Medical_E-CARD\authority\amr\qrmask.php</b> on line <b>154</b><br />
<br />
<b>Warning</b>:  file_put_contents(C:\xampp\htdocs\Medical_E-CARD\authority\amr\cache\mask_3\mask_21_3.dat): failed to open stream: No such file or directory in <b>C:\xampp\htdocs\Medical_E-CARD\authority\amr\qrmask.php</b> on line <b>155</b><br />
<br />
<b>Warning</b>:  mkdir(): No such file or directory in <b>C:\xampp\htdocs\Medical_E-CARD\authority\amr\qrmask.php</b> on line <b>154</b><br />
<br />
<b>Warning</b>:  file_put_contents(C:\xampp\htdocs\Medical_E-CARD\authority\amr\cache\mask_4\mask_21_4.dat): failed to open stream: No such file or directory in <b>C:\xampp\htdocs\Medical_E-CARD\authority\amr\qrmask.php</b> on line <b>155</b><br />
<br />
<b>Warning</b>:  mkdir(): No such file or directory in <b>C:\xampp\htdocs\Medical_E-CARD\authority\amr\qrmask.php</b> on line <b>154</b><br />
<br />
<b>Warning</b>:  file_put_contents(C:\xampp\htdocs\Medical_E-CARD\authority\amr\cache\mask_5\mask_21_5.dat): failed to open stream: No such file or directory in <b>C:\xampp\htdocs\Medical_E-CARD\authority\amr\qrmask.php</b> on line <b>155</b><br />
<br />
<b>Warning</b>:  mkdir(): No such file or directory in <b>C:\xampp\htdocs\Medical_E-CARD\authority\amr\qrmask.php</b> on line <b>154</b><br />
<br />
<b>Warning</b>:  file_put_contents(C:\xampp\htdocs\Medical_E-CARD\authority\amr\cache\mask_6\mask_21_6.dat): failed to open stream: No such file or directory in <b>C:\xampp\htdocs\Medical_E-CARD\authority\amr\qrmask.php</b> on line <b>155</b><br />
<br />
<b>Warning</b>:  mkdir(): No such file or directory in <b>C:\xampp\htdocs\Medical_E-CARD\authority\amr\qrmask.php</b> on line <b>154</b><br />
<br />
<b>Warning</b>:  file_put_contents(C:\xampp\htdocs\Medical_E-CARD\authority\amr\cache\mask_7\mask_21_7.dat): failed to open stream: No such file or directory in <b>C:\xampp\htdocs\Medical_E-CARD\authority\amr\qrmask.php</b> on line <b>155</b><br />
2016-11-19 06:23:06: <br />
<b>Warning</b>:  file_put_contents(C:\xampp\htdocs\Medical_E-CARD\authority\amr\cache\frame_1.dat): failed to open stream: No such file or directory in <b>C:\xampp\htdocs\Medical_E-CARD\authority\amr\qrspec.php</b> on line <b>568</b><br />
<br />
<b>Warning</b>:  mkdir(): No such file or directory in <b>C:\xampp\htdocs\Medical_E-CARD\authority\amr\qrmask.php</b> on line <b>154</b><br />
<br />
<b>Warning</b>:  file_put_contents(C:\xampp\htdocs\Medical_E-CARD\authority\amr\cache\mask_0\mask_21_0.dat): failed to open stream: No such file or directory in <b>C:\xampp\htdocs\Medical_E-CARD\authority\amr\qrmask.php</b> on line <b>155</b><br />
<br />
<b>Warning</b>:  mkdir(): No such file or directory in <b>C:\xampp\htdocs\Medical_E-CARD\authority\amr\qrmask.php</b> on line <b>154</b><br />
<br />
<b>Warning</b>:  file_put_contents(C:\xampp\htdocs\Medical_E-CARD\authority\amr\cache\mask_1\mask_21_1.dat): failed to open stream: No such file or directory in <b>C:\xampp\htdocs\Medical_E-CARD\authority\amr\qrmask.php</b> on line <b>155</b><br />
<br />
<b>Warning</b>:  mkdir(): No such file or directory in <b>C:\xampp\htdocs\Medical_E-CARD\authority\amr\qrmask.php</b> on line <b>154</b><br />
<br />
<b>Warning</b>:  file_put_contents(C:\xampp\htdocs\Medical_E-CARD\authority\amr\cache\mask_2\mask_21_2.dat): failed to open stream: No such file or directory in <b>C:\xampp\htdocs\Medical_E-CARD\authority\amr\qrmask.php</b> on line <b>155</b><br />
<br />
<b>Warning</b>:  mkdir(): No such file or directory in <b>C:\xampp\htdocs\Medical_E-CARD\authority\amr\qrmask.php</b> on line <b>154</b><br />
<br />
<b>Warning</b>:  file_put_contents(C:\xampp\htdocs\Medical_E-CARD\authority\amr\cache\mask_3\mask_21_3.dat): failed to open stream: No such file or directory in <b>C:\xampp\htdocs\Medical_E-CARD\authority\amr\qrmask.php</b> on line <b>155</b><br />
<br />
<b>Warning</b>:  mkdir(): No such file or directory in <b>C:\xampp\htdocs\Medical_E-CARD\authority\amr\qrmask.php</b> on line <b>154</b><br />
<br />
<b>Warning</b>:  file_put_contents(C:\xampp\htdocs\Medical_E-CARD\authority\amr\cache\mask_4\mask_21_4.dat): failed to open stream: No such file or directory in <b>C:\xampp\htdocs\Medical_E-CARD\authority\amr\qrmask.php</b> on line <b>155</b><br />
<br />
<b>Warning</b>:  mkdir(): No such file or directory in <b>C:\xampp\htdocs\Medical_E-CARD\authority\amr\qrmask.php</b> on line <b>154</b><br />
<br />
<b>Warning</b>:  file_put_contents(C:\xampp\htdocs\Medical_E-CARD\authority\amr\cache\mask_5\mask_21_5.dat): failed to open stream: No such file or directory in <b>C:\xampp\htdocs\Medical_E-CARD\authority\amr\qrmask.php</b> on line <b>155</b><br />
<br />
<b>Warning</b>:  mkdir(): No such file or directory in <b>C:\xampp\htdocs\Medical_E-CARD\authority\amr\qrmask.php</b> on line <b>154</b><br />
<br />
<b>Warning</b>:  file_put_contents(C:\xampp\htdocs\Medical_E-CARD\authority\amr\cache\mask_6\mask_21_6.dat): failed to open stream: No such file or directory in <b>C:\xampp\htdocs\Medical_E-CARD\authority\amr\qrmask.php</b> on line <b>155</b><br />
<br />
<b>Warning</b>:  mkdir(): No such file or directory in <b>C:\xampp\htdocs\Medical_E-CARD\authority\amr\qrmask.php</b> on line <b>154</b><br />
<br />
<b>Warning</b>:  file_put_contents(C:\xampp\htdocs\Medical_E-CARD\authority\amr\cache\mask_7\mask_21_7.dat): failed to open stream: No such file or directory in <b>C:\xampp\htdocs\Medical_E-CARD\authority\amr\qrmask.php</b> on line <b>155</b><br />
2016-11-19 06:24:33: <br />
<b>Warning</b>:  file_put_contents(C:\xampp\htdocs\Medical_E-CARD\authority\amr\cache\frame_1.dat): failed to open stream: No such file or directory in <b>C:\xampp\htdocs\Medical_E-CARD\authority\amr\qrspec.php</b> on line <b>568</b><br />
<br />
<b>Warning</b>:  mkdir(): No such file or directory in <b>C:\xampp\htdocs\Medical_E-CARD\authority\amr\qrmask.php</b> on line <b>154</b><br />
<br />
<b>Warning</b>:  file_put_contents(C:\xampp\htdocs\Medical_E-CARD\authority\amr\cache\mask_0\mask_21_0.dat): failed to open stream: No such file or directory in <b>C:\xampp\htdocs\Medical_E-CARD\authority\amr\qrmask.php</b> on line <b>155</b><br />
<br />
<b>Warning</b>:  mkdir(): No such file or directory in <b>C:\xampp\htdocs\Medical_E-CARD\authority\amr\qrmask.php</b> on line <b>154</b><br />
<br />
<b>Warning</b>:  file_put_contents(C:\xampp\htdocs\Medical_E-CARD\authority\amr\cache\mask_1\mask_21_1.dat): failed to open stream: No such file or directory in <b>C:\xampp\htdocs\Medical_E-CARD\authority\amr\qrmask.php</b> on line <b>155</b><br />
<br />
<b>Warning</b>:  mkdir(): No such file or directory in <b>C:\xampp\htdocs\Medical_E-CARD\authority\amr\qrmask.php</b> on line <b>154</b><br />
<br />
<b>Warning</b>:  file_put_contents(C:\xampp\htdocs\Medical_E-CARD\authority\amr\cache\mask_2\mask_21_2.dat): failed to open stream: No such file or directory in <b>C:\xampp\htdocs\Medical_E-CARD\authority\amr\qrmask.php</b> on line <b>155</b><br />
<br />
<b>Warning</b>:  mkdir(): No such file or directory in <b>C:\xampp\htdocs\Medical_E-CARD\authority\amr\qrmask.php</b> on line <b>154</b><br />
<br />
<b>Warning</b>:  file_put_contents(C:\xampp\htdocs\Medical_E-CARD\authority\amr\cache\mask_3\mask_21_3.dat): failed to open stream: No such file or directory in <b>C:\xampp\htdocs\Medical_E-CARD\authority\amr\qrmask.php</b> on line <b>155</b><br />
<br />
<b>Warning</b>:  mkdir(): No such file or directory in <b>C:\xampp\htdocs\Medical_E-CARD\authority\amr\qrmask.php</b> on line <b>154</b><br />
<br />
<b>Warning</b>:  file_put_contents(C:\xampp\htdocs\Medical_E-CARD\authority\amr\cache\mask_4\mask_21_4.dat): failed to open stream: No such file or directory in <b>C:\xampp\htdocs\Medical_E-CARD\authority\amr\qrmask.php</b> on line <b>155</b><br />
<br />
<b>Warning</b>:  mkdir(): No such file or directory in <b>C:\xampp\htdocs\Medical_E-CARD\authority\amr\qrmask.php</b> on line <b>154</b><br />
<br />
<b>Warning</b>:  file_put_contents(C:\xampp\htdocs\Medical_E-CARD\authority\amr\cache\mask_5\mask_21_5.dat): failed to open stream: No such file or directory in <b>C:\xampp\htdocs\Medical_E-CARD\authority\amr\qrmask.php</b> on line <b>155</b><br />
<br />
<b>Warning</b>:  mkdir(): No such file or directory in <b>C:\xampp\htdocs\Medical_E-CARD\authority\amr\qrmask.php</b> on line <b>154</b><br />
<br />
<b>Warning</b>:  file_put_contents(C:\xampp\htdocs\Medical_E-CARD\authority\amr\cache\mask_6\mask_21_6.dat): failed to open stream: No such file or directory in <b>C:\xampp\htdocs\Medical_E-CARD\authority\amr\qrmask.php</b> on line <b>155</b><br />
<br />
<b>Warning</b>:  mkdir(): No such file or directory in <b>C:\xampp\htdocs\Medical_E-CARD\authority\amr\qrmask.php</b> on line <b>154</b><br />
<br />
<b>Warning</b>:  file_put_contents(C:\xampp\htdocs\Medical_E-CARD\authority\amr\cache\mask_7\mask_21_7.dat): failed to open stream: No such file or directory in <b>C:\xampp\htdocs\Medical_E-CARD\authority\amr\qrmask.php</b> on line <b>155</b><br />
2016-11-19 06:25:03: <br />
<b>Warning</b>:  file_put_contents(C:\xampp\htdocs\Medical_E-CARD\authority\amr\cache\frame_1.dat): failed to open stream: No such file or directory in <b>C:\xampp\htdocs\Medical_E-CARD\authority\amr\qrspec.php</b> on line <b>568</b><br />
<br />
<b>Warning</b>:  mkdir(): No such file or directory in <b>C:\xampp\htdocs\Medical_E-CARD\authority\amr\qrmask.php</b> on line <b>154</b><br />
<br />
<b>Warning</b>:  file_put_contents(C:\xampp\htdocs\Medical_E-CARD\authority\amr\cache\mask_0\mask_21_0.dat): failed to open stream: No such file or directory in <b>C:\xampp\htdocs\Medical_E-CARD\authority\amr\qrmask.php</b> on line <b>155</b><br />
<br />
<b>Warning</b>:  mkdir(): No such file or directory in <b>C:\xampp\htdocs\Medical_E-CARD\authority\amr\qrmask.php</b> on line <b>154</b><br />
<br />
<b>Warning</b>:  file_put_contents(C:\xampp\htdocs\Medical_E-CARD\authority\amr\cache\mask_1\mask_21_1.dat): failed to open stream: No such file or directory in <b>C:\xampp\htdocs\Medical_E-CARD\authority\amr\qrmask.php</b> on line <b>155</b><br />
<br />
<b>Warning</b>:  mkdir(): No such file or directory in <b>C:\xampp\htdocs\Medical_E-CARD\authority\amr\qrmask.php</b> on line <b>154</b><br />
<br />
<b>Warning</b>:  file_put_contents(C:\xampp\htdocs\Medical_E-CARD\authority\amr\cache\mask_2\mask_21_2.dat): failed to open stream: No such file or directory in <b>C:\xampp\htdocs\Medical_E-CARD\authority\amr\qrmask.php</b> on line <b>155</b><br />
<br />
<b>Warning</b>:  mkdir(): No such file or directory in <b>C:\xampp\htdocs\Medical_E-CARD\authority\amr\qrmask.php</b> on line <b>154</b><br />
<br />
<b>Warning</b>:  file_put_contents(C:\xampp\htdocs\Medical_E-CARD\authority\amr\cache\mask_3\mask_21_3.dat): failed to open stream: No such file or directory in <b>C:\xampp\htdocs\Medical_E-CARD\authority\amr\qrmask.php</b> on line <b>155</b><br />
<br />
<b>Warning</b>:  mkdir(): No such file or directory in <b>C:\xampp\htdocs\Medical_E-CARD\authority\amr\qrmask.php</b> on line <b>154</b><br />
<br />
<b>Warning</b>:  file_put_contents(C:\xampp\htdocs\Medical_E-CARD\authority\amr\cache\mask_4\mask_21_4.dat): failed to open stream: No such file or directory in <b>C:\xampp\htdocs\Medical_E-CARD\authority\amr\qrmask.php</b> on line <b>155</b><br />
<br />
<b>Warning</b>:  mkdir(): No such file or directory in <b>C:\xampp\htdocs\Medical_E-CARD\authority\amr\qrmask.php</b> on line <b>154</b><br />
<br />
<b>Warning</b>:  file_put_contents(C:\xampp\htdocs\Medical_E-CARD\authority\amr\cache\mask_5\mask_21_5.dat): failed to open stream: No such file or directory in <b>C:\xampp\htdocs\Medical_E-CARD\authority\amr\qrmask.php</b> on line <b>155</b><br />
<br />
<b>Warning</b>:  mkdir(): No such file or directory in <b>C:\xampp\htdocs\Medical_E-CARD\authority\amr\qrmask.php</b> on line <b>154</b><br />
<br />
<b>Warning</b>:  file_put_contents(C:\xampp\htdocs\Medical_E-CARD\authority\amr\cache\mask_6\mask_21_6.dat): failed to open stream: No such file or directory in <b>C:\xampp\htdocs\Medical_E-CARD\authority\amr\qrmask.php</b> on line <b>155</b><br />
<br />
<b>Warning</b>:  mkdir(): No such file or directory in <b>C:\xampp\htdocs\Medical_E-CARD\authority\amr\qrmask.php</b> on line <b>154</b><br />
<br />
<b>Warning</b>:  file_put_contents(C:\xampp\htdocs\Medical_E-CARD\authority\amr\cache\mask_7\mask_21_7.dat): failed to open stream: No such file or directory in <b>C:\xampp\htdocs\Medical_E-CARD\authority\amr\qrmask.php</b> on line <b>155</b><br />
2016-11-19 06:27:38: <br />
<b>Warning</b>:  file_put_contents(C:\xampp\htdocs\Medical_E-CARD\authority\amr\cache\frame_1.dat): failed to open stream: No such file or directory in <b>C:\xampp\htdocs\Medical_E-CARD\authority\amr\qrspec.php</b> on line <b>568</b><br />
<br />
<b>Warning</b>:  mkdir(): No such file or directory in <b>C:\xampp\htdocs\Medical_E-CARD\authority\amr\qrmask.php</b> on line <b>154</b><br />
<br />
<b>Warning</b>:  file_put_contents(C:\xampp\htdocs\Medical_E-CARD\authority\amr\cache\mask_0\mask_21_0.dat): failed to open stream: No such file or directory in <b>C:\xampp\htdocs\Medical_E-CARD\authority\amr\qrmask.php</b> on line <b>155</b><br />
<br />
<b>Warning</b>:  mkdir(): No such file or directory in <b>C:\xampp\htdocs\Medical_E-CARD\authority\amr\qrmask.php</b> on line <b>154</b><br />
<br />
<b>Warning</b>:  file_put_contents(C:\xampp\htdocs\Medical_E-CARD\authority\amr\cache\mask_1\mask_21_1.dat): failed to open stream: No such file or directory in <b>C:\xampp\htdocs\Medical_E-CARD\authority\amr\qrmask.php</b> on line <b>155</b><br />
<br />
<b>Warning</b>:  mkdir(): No such file or directory in <b>C:\xampp\htdocs\Medical_E-CARD\authority\amr\qrmask.php</b> on line <b>154</b><br />
<br />
<b>Warning</b>:  file_put_contents(C:\xampp\htdocs\Medical_E-CARD\authority\amr\cache\mask_2\mask_21_2.dat): failed to open stream: No such file or directory in <b>C:\xampp\htdocs\Medical_E-CARD\authority\amr\qrmask.php</b> on line <b>155</b><br />
<br />
<b>Warning</b>:  mkdir(): No such file or directory in <b>C:\xampp\htdocs\Medical_E-CARD\authority\amr\qrmask.php</b> on line <b>154</b><br />
<br />
<b>Warning</b>:  file_put_contents(C:\xampp\htdocs\Medical_E-CARD\authority\amr\cache\mask_3\mask_21_3.dat): failed to open stream: No such file or directory in <b>C:\xampp\htdocs\Medical_E-CARD\authority\amr\qrmask.php</b> on line <b>155</b><br />
<br />
<b>Warning</b>:  mkdir(): No such file or directory in <b>C:\xampp\htdocs\Medical_E-CARD\authority\amr\qrmask.php</b> on line <b>154</b><br />
<br />
<b>Warning</b>:  file_put_contents(C:\xampp\htdocs\Medical_E-CARD\authority\amr\cache\mask_4\mask_21_4.dat): failed to open stream: No such file or directory in <b>C:\xampp\htdocs\Medical_E-CARD\authority\amr\qrmask.php</b> on line <b>155</b><br />
<br />
<b>Warning</b>:  mkdir(): No such file or directory in <b>C:\xampp\htdocs\Medical_E-CARD\authority\amr\qrmask.php</b> on line <b>154</b><br />
<br />
<b>Warning</b>:  file_put_contents(C:\xampp\htdocs\Medical_E-CARD\authority\amr\cache\mask_5\mask_21_5.dat): failed to open stream: No such file or directory in <b>C:\xampp\htdocs\Medical_E-CARD\authority\amr\qrmask.php</b> on line <b>155</b><br />
<br />
<b>Warning</b>:  mkdir(): No such file or directory in <b>C:\xampp\htdocs\Medical_E-CARD\authority\amr\qrmask.php</b> on line <b>154</b><br />
<br />
<b>Warning</b>:  file_put_contents(C:\xampp\htdocs\Medical_E-CARD\authority\amr\cache\mask_6\mask_21_6.dat): failed to open stream: No such file or directory in <b>C:\xampp\htdocs\Medical_E-CARD\authority\amr\qrmask.php</b> on line <b>155</b><br />
<br />
<b>Warning</b>:  mkdir(): No such file or directory in <b>C:\xampp\htdocs\Medical_E-CARD\authority\amr\qrmask.php</b> on line <b>154</b><br />
<br />
<b>Warning</b>:  file_put_contents(C:\xampp\htdocs\Medical_E-CARD\authority\amr\cache\mask_7\mask_21_7.dat): failed to open stream: No such file or directory in <b>C:\xampp\htdocs\Medical_E-CARD\authority\amr\qrmask.php</b> on line <b>155</b><br />
2016-11-19 06:27:58: <br />
<b>Warning</b>:  file_put_contents(C:\xampp\htdocs\Medical_E-CARD\authority\amr\cache\frame_1.dat): failed to open stream: No such file or directory in <b>C:\xampp\htdocs\Medical_E-CARD\authority\amr\qrspec.php</b> on line <b>568</b><br />
<br />
<b>Warning</b>:  mkdir(): No such file or directory in <b>C:\xampp\htdocs\Medical_E-CARD\authority\amr\qrmask.php</b> on line <b>154</b><br />
<br />
<b>Warning</b>:  file_put_contents(C:\xampp\htdocs\Medical_E-CARD\authority\amr\cache\mask_0\mask_21_0.dat): failed to open stream: No such file or directory in <b>C:\xampp\htdocs\Medical_E-CARD\authority\amr\qrmask.php</b> on line <b>155</b><br />
<br />
<b>Warning</b>:  mkdir(): No such file or directory in <b>C:\xampp\htdocs\Medical_E-CARD\authority\amr\qrmask.php</b> on line <b>154</b><br />
<br />
<b>Warning</b>:  file_put_contents(C:\xampp\htdocs\Medical_E-CARD\authority\amr\cache\mask_1\mask_21_1.dat): failed to open stream: No such file or directory in <b>C:\xampp\htdocs\Medical_E-CARD\authority\amr\qrmask.php</b> on line <b>155</b><br />
<br />
<b>Warning</b>:  mkdir(): No such file or directory in <b>C:\xampp\htdocs\Medical_E-CARD\authority\amr\qrmask.php</b> on line <b>154</b><br />
<br />
<b>Warning</b>:  file_put_contents(C:\xampp\htdocs\Medical_E-CARD\authority\amr\cache\mask_2\mask_21_2.dat): failed to open stream: No such file or directory in <b>C:\xampp\htdocs\Medical_E-CARD\authority\amr\qrmask.php</b> on line <b>155</b><br />
<br />
<b>Warning</b>:  mkdir(): No such file or directory in <b>C:\xampp\htdocs\Medical_E-CARD\authority\amr\qrmask.php</b> on line <b>154</b><br />
<br />
<b>Warning</b>:  file_put_contents(C:\xampp\htdocs\Medical_E-CARD\authority\amr\cache\mask_3\mask_21_3.dat): failed to open stream: No such file or directory in <b>C:\xampp\htdocs\Medical_E-CARD\authority\amr\qrmask.php</b> on line <b>155</b><br />
<br />
<b>Warning</b>:  mkdir(): No such file or directory in <b>C:\xampp\htdocs\Medical_E-CARD\authority\amr\qrmask.php</b> on line <b>154</b><br />
<br />
<b>Warning</b>:  file_put_contents(C:\xampp\htdocs\Medical_E-CARD\authority\amr\cache\mask_4\mask_21_4.dat): failed to open stream: No such file or directory in <b>C:\xampp\htdocs\Medical_E-CARD\authority\amr\qrmask.php</b> on line <b>155</b><br />
<br />
<b>Warning</b>:  mkdir(): No such file or directory in <b>C:\xampp\htdocs\Medical_E-CARD\authority\amr\qrmask.php</b> on line <b>154</b><br />
<br />
<b>Warning</b>:  file_put_contents(C:\xampp\htdocs\Medical_E-CARD\authority\amr\cache\mask_5\mask_21_5.dat): failed to open stream: No such file or directory in <b>C:\xampp\htdocs\Medical_E-CARD\authority\amr\qrmask.php</b> on line <b>155</b><br />
<br />
<b>Warning</b>:  mkdir(): No such file or directory in <b>C:\xampp\htdocs\Medical_E-CARD\authority\amr\qrmask.php</b> on line <b>154</b><br />
<br />
<b>Warning</b>:  file_put_contents(C:\xampp\htdocs\Medical_E-CARD\authority\amr\cache\mask_6\mask_21_6.dat): failed to open stream: No such file or directory in <b>C:\xampp\htdocs\Medical_E-CARD\authority\amr\qrmask.php</b> on line <b>155</b><br />
<br />
<b>Warning</b>:  mkdir(): No such file or directory in <b>C:\xampp\htdocs\Medical_E-CARD\authority\amr\qrmask.php</b> on line <b>154</b><br />
<br />
<b>Warning</b>:  file_put_contents(C:\xampp\htdocs\Medical_E-CARD\authority\amr\cache\mask_7\mask_21_7.dat): failed to open stream: No such file or directory in <b>C:\xampp\htdocs\Medical_E-CARD\authority\amr\qrmask.php</b> on line <b>155</b><br />
2016-11-19 06:37:03: <br />
<b>Warning</b>:  file_put_contents(C:\xampp\htdocs\Medical_E-CARD\authority\amr\cache\frame_1.dat): failed to open stream: No such file or directory in <b>C:\xampp\htdocs\Medical_E-CARD\authority\amr\qrspec.php</b> on line <b>568</b><br />
<br />
<b>Warning</b>:  mkdir(): No such file or directory in <b>C:\xampp\htdocs\Medical_E-CARD\authority\amr\qrmask.php</b> on line <b>154</b><br />
<br />
<b>Warning</b>:  file_put_contents(C:\xampp\htdocs\Medical_E-CARD\authority\amr\cache\mask_0\mask_21_0.dat): failed to open stream: No such file or directory in <b>C:\xampp\htdocs\Medical_E-CARD\authority\amr\qrmask.php</b> on line <b>155</b><br />
<br />
<b>Warning</b>:  mkdir(): No such file or directory in <b>C:\xampp\htdocs\Medical_E-CARD\authority\amr\qrmask.php</b> on line <b>154</b><br />
<br />
<b>Warning</b>:  file_put_contents(C:\xampp\htdocs\Medical_E-CARD\authority\amr\cache\mask_1\mask_21_1.dat): failed to open stream: No such file or directory in <b>C:\xampp\htdocs\Medical_E-CARD\authority\amr\qrmask.php</b> on line <b>155</b><br />
<br />
<b>Warning</b>:  mkdir(): No such file or directory in <b>C:\xampp\htdocs\Medical_E-CARD\authority\amr\qrmask.php</b> on line <b>154</b><br />
<br />
<b>Warning</b>:  file_put_contents(C:\xampp\htdocs\Medical_E-CARD\authority\amr\cache\mask_2\mask_21_2.dat): failed to open stream: No such file or directory in <b>C:\xampp\htdocs\Medical_E-CARD\authority\amr\qrmask.php</b> on line <b>155</b><br />
<br />
<b>Warning</b>:  mkdir(): No such file or directory in <b>C:\xampp\htdocs\Medical_E-CARD\authority\amr\qrmask.php</b> on line <b>154</b><br />
<br />
<b>Warning</b>:  file_put_contents(C:\xampp\htdocs\Medical_E-CARD\authority\amr\cache\mask_3\mask_21_3.dat): failed to open stream: No such file or directory in <b>C:\xampp\htdocs\Medical_E-CARD\authority\amr\qrmask.php</b> on line <b>155</b><br />
<br />
<b>Warning</b>:  mkdir(): No such file or directory in <b>C:\xampp\htdocs\Medical_E-CARD\authority\amr\qrmask.php</b> on line <b>154</b><br />
<br />
<b>Warning</b>:  file_put_contents(C:\xampp\htdocs\Medical_E-CARD\authority\amr\cache\mask_4\mask_21_4.dat): failed to open stream: No such file or directory in <b>C:\xampp\htdocs\Medical_E-CARD\authority\amr\qrmask.php</b> on line <b>155</b><br />
<br />
<b>Warning</b>:  mkdir(): No such file or directory in <b>C:\xampp\htdocs\Medical_E-CARD\authority\amr\qrmask.php</b> on line <b>154</b><br />
<br />
<b>Warning</b>:  file_put_contents(C:\xampp\htdocs\Medical_E-CARD\authority\amr\cache\mask_5\mask_21_5.dat): failed to open stream: No such file or directory in <b>C:\xampp\htdocs\Medical_E-CARD\authority\amr\qrmask.php</b> on line <b>155</b><br />
<br />
<b>Warning</b>:  mkdir(): No such file or directory in <b>C:\xampp\htdocs\Medical_E-CARD\authority\amr\qrmask.php</b> on line <b>154</b><br />
<br />
<b>Warning</b>:  file_put_contents(C:\xampp\htdocs\Medical_E-CARD\authority\amr\cache\mask_6\mask_21_6.dat): failed to open stream: No such file or directory in <b>C:\xampp\htdocs\Medical_E-CARD\authority\amr\qrmask.php</b> on line <b>155</b><br />
<br />
<b>Warning</b>:  mkdir(): No such file or directory in <b>C:\xampp\htdocs\Medical_E-CARD\authority\amr\qrmask.php</b> on line <b>154</b><br />
<br />
<b>Warning</b>:  file_put_contents(C:\xampp\htdocs\Medical_E-CARD\authority\amr\cache\mask_7\mask_21_7.dat): failed to open stream: No such file or directory in <b>C:\xampp\htdocs\Medical_E-CARD\authority\amr\qrmask.php</b> on line <b>155</b><br />
2016-11-19 06:40:04: <br />
<b>Warning</b>:  file_put_contents(C:\xampp\htdocs\Medical_E-CARD\authority\amr\cache\frame_1.dat): failed to open stream: No such file or directory in <b>C:\xampp\htdocs\Medical_E-CARD\authority\amr\qrspec.php</b> on line <b>568</b><br />
<br />
<b>Warning</b>:  mkdir(): No such file or directory in <b>C:\xampp\htdocs\Medical_E-CARD\authority\amr\qrmask.php</b> on line <b>154</b><br />
<br />
<b>Warning</b>:  file_put_contents(C:\xampp\htdocs\Medical_E-CARD\authority\amr\cache\mask_0\mask_21_0.dat): failed to open stream: No such file or directory in <b>C:\xampp\htdocs\Medical_E-CARD\authority\amr\qrmask.php</b> on line <b>155</b><br />
<br />
<b>Warning</b>:  mkdir(): No such file or directory in <b>C:\xampp\htdocs\Medical_E-CARD\authority\amr\qrmask.php</b> on line <b>154</b><br />
<br />
<b>Warning</b>:  file_put_contents(C:\xampp\htdocs\Medical_E-CARD\authority\amr\cache\mask_1\mask_21_1.dat): failed to open stream: No such file or directory in <b>C:\xampp\htdocs\Medical_E-CARD\authority\amr\qrmask.php</b> on line <b>155</b><br />
<br />
<b>Warning</b>:  mkdir(): No such file or directory in <b>C:\xampp\htdocs\Medical_E-CARD\authority\amr\qrmask.php</b> on line <b>154</b><br />
<br />
<b>Warning</b>:  file_put_contents(C:\xampp\htdocs\Medical_E-CARD\authority\amr\cache\mask_2\mask_21_2.dat): failed to open stream: No such file or directory in <b>C:\xampp\htdocs\Medical_E-CARD\authority\amr\qrmask.php</b> on line <b>155</b><br />
<br />
<b>Warning</b>:  mkdir(): No such file or directory in <b>C:\xampp\htdocs\Medical_E-CARD\authority\amr\qrmask.php</b> on line <b>154</b><br />
<br />
<b>Warning</b>:  file_put_contents(C:\xampp\htdocs\Medical_E-CARD\authority\amr\cache\mask_3\mask_21_3.dat): failed to open stream: No such file or directory in <b>C:\xampp\htdocs\Medical_E-CARD\authority\amr\qrmask.php</b> on line <b>155</b><br />
<br />
<b>Warning</b>:  mkdir(): No such file or directory in <b>C:\xampp\htdocs\Medical_E-CARD\authority\amr\qrmask.php</b> on line <b>154</b><br />
<br />
<b>Warning</b>:  file_put_contents(C:\xampp\htdocs\Medical_E-CARD\authority\amr\cache\mask_4\mask_21_4.dat): failed to open stream: No such file or directory in <b>C:\xampp\htdocs\Medical_E-CARD\authority\amr\qrmask.php</b> on line <b>155</b><br />
<br />
<b>Warning</b>:  mkdir(): No such file or directory in <b>C:\xampp\htdocs\Medical_E-CARD\authority\amr\qrmask.php</b> on line <b>154</b><br />
<br />
<b>Warning</b>:  file_put_contents(C:\xampp\htdocs\Medical_E-CARD\authority\amr\cache\mask_5\mask_21_5.dat): failed to open stream: No such file or directory in <b>C:\xampp\htdocs\Medical_E-CARD\authority\amr\qrmask.php</b> on line <b>155</b><br />
<br />
<b>Warning</b>:  mkdir(): No such file or directory in <b>C:\xampp\htdocs\Medical_E-CARD\authority\amr\qrmask.php</b> on line <b>154</b><br />
<br />
<b>Warning</b>:  file_put_contents(C:\xampp\htdocs\Medical_E-CARD\authority\amr\cache\mask_6\mask_21_6.dat): failed to open stream: No such file or directory in <b>C:\xampp\htdocs\Medical_E-CARD\authority\amr\qrmask.php</b> on line <b>155</b><br />
<br />
<b>Warning</b>:  mkdir(): No such file or directory in <b>C:\xampp\htdocs\Medical_E-CARD\authority\amr\qrmask.php</b> on line <b>154</b><br />
<br />
<b>Warning</b>:  file_put_contents(C:\xampp\htdocs\Medical_E-CARD\authority\amr\cache\mask_7\mask_21_7.dat): failed to open stream: No such file or directory in <b>C:\xampp\htdocs\Medical_E-CARD\authority\amr\qrmask.php</b> on line <b>155</b><br />
2016-11-19 06:41:14: <br />
<b>Warning</b>:  file_put_contents(C:\xampp\htdocs\Medical_E-CARD\authority\amr\cache\frame_1.dat): failed to open stream: No such file or directory in <b>C:\xampp\htdocs\Medical_E-CARD\authority\amr\qrspec.php</b> on line <b>568</b><br />
<br />
<b>Warning</b>:  mkdir(): No such file or directory in <b>C:\xampp\htdocs\Medical_E-CARD\authority\amr\qrmask.php</b> on line <b>154</b><br />
<br />
<b>Warning</b>:  file_put_contents(C:\xampp\htdocs\Medical_E-CARD\authority\amr\cache\mask_0\mask_21_0.dat): failed to open stream: No such file or directory in <b>C:\xampp\htdocs\Medical_E-CARD\authority\amr\qrmask.php</b> on line <b>155</b><br />
<br />
<b>Warning</b>:  mkdir(): No such file or directory in <b>C:\xampp\htdocs\Medical_E-CARD\authority\amr\qrmask.php</b> on line <b>154</b><br />
<br />
<b>Warning</b>:  file_put_contents(C:\xampp\htdocs\Medical_E-CARD\authority\amr\cache\mask_1\mask_21_1.dat): failed to open stream: No such file or directory in <b>C:\xampp\htdocs\Medical_E-CARD\authority\amr\qrmask.php</b> on line <b>155</b><br />
<br />
<b>Warning</b>:  mkdir(): No such file or directory in <b>C:\xampp\htdocs\Medical_E-CARD\authority\amr\qrmask.php</b> on line <b>154</b><br />
<br />
<b>Warning</b>:  file_put_contents(C:\xampp\htdocs\Medical_E-CARD\authority\amr\cache\mask_2\mask_21_2.dat): failed to open stream: No such file or directory in <b>C:\xampp\htdocs\Medical_E-CARD\authority\amr\qrmask.php</b> on line <b>155</b><br />
<br />
<b>Warning</b>:  mkdir(): No such file or directory in <b>C:\xampp\htdocs\Medical_E-CARD\authority\amr\qrmask.php</b> on line <b>154</b><br />
<br />
<b>Warning</b>:  file_put_contents(C:\xampp\htdocs\Medical_E-CARD\authority\amr\cache\mask_3\mask_21_3.dat): failed to open stream: No such file or directory in <b>C:\xampp\htdocs\Medical_E-CARD\authority\amr\qrmask.php</b> on line <b>155</b><br />
<br />
<b>Warning</b>:  mkdir(): No such file or directory in <b>C:\xampp\htdocs\Medical_E-CARD\authority\amr\qrmask.php</b> on line <b>154</b><br />
<br />
<b>Warning</b>:  file_put_contents(C:\xampp\htdocs\Medical_E-CARD\authority\amr\cache\mask_4\mask_21_4.dat): failed to open stream: No such file or directory in <b>C:\xampp\htdocs\Medical_E-CARD\authority\amr\qrmask.php</b> on line <b>155</b><br />
<br />
<b>Warning</b>:  mkdir(): No such file or directory in <b>C:\xampp\htdocs\Medical_E-CARD\authority\amr\qrmask.php</b> on line <b>154</b><br />
<br />
<b>Warning</b>:  file_put_contents(C:\xampp\htdocs\Medical_E-CARD\authority\amr\cache\mask_5\mask_21_5.dat): failed to open stream: No such file or directory in <b>C:\xampp\htdocs\Medical_E-CARD\authority\amr\qrmask.php</b> on line <b>155</b><br />
<br />
<b>Warning</b>:  mkdir(): No such file or directory in <b>C:\xampp\htdocs\Medical_E-CARD\authority\amr\qrmask.php</b> on line <b>154</b><br />
<br />
<b>Warning</b>:  file_put_contents(C:\xampp\htdocs\Medical_E-CARD\authority\amr\cache\mask_6\mask_21_6.dat): failed to open stream: No such file or directory in <b>C:\xampp\htdocs\Medical_E-CARD\authority\amr\qrmask.php</b> on line <b>155</b><br />
<br />
<b>Warning</b>:  mkdir(): No such file or directory in <b>C:\xampp\htdocs\Medical_E-CARD\authority\amr\qrmask.php</b> on line <b>154</b><br />
<br />
<b>Warning</b>:  file_put_contents(C:\xampp\htdocs\Medical_E-CARD\authority\amr\cache\mask_7\mask_21_7.dat): failed to open stream: No such file or directory in <b>C:\xampp\htdocs\Medical_E-CARD\authority\amr\qrmask.php</b> on line <b>155</b><br />
2016-11-19 06:42:02: <br />
<b>Warning</b>:  file_put_contents(C:\xampp\htdocs\Medical_E-CARD\authority\amr\cache\frame_1.dat): failed to open stream: No such file or directory in <b>C:\xampp\htdocs\Medical_E-CARD\authority\amr\qrspec.php</b> on line <b>568</b><br />
<br />
<b>Warning</b>:  mkdir(): No such file or directory in <b>C:\xampp\htdocs\Medical_E-CARD\authority\amr\qrmask.php</b> on line <b>154</b><br />
<br />
<b>Warning</b>:  file_put_contents(C:\xampp\htdocs\Medical_E-CARD\authority\amr\cache\mask_0\mask_21_0.dat): failed to open stream: No such file or directory in <b>C:\xampp\htdocs\Medical_E-CARD\authority\amr\qrmask.php</b> on line <b>155</b><br />
<br />
<b>Warning</b>:  mkdir(): No such file or directory in <b>C:\xampp\htdocs\Medical_E-CARD\authority\amr\qrmask.php</b> on line <b>154</b><br />
<br />
<b>Warning</b>:  file_put_contents(C:\xampp\htdocs\Medical_E-CARD\authority\amr\cache\mask_1\mask_21_1.dat): failed to open stream: No such file or directory in <b>C:\xampp\htdocs\Medical_E-CARD\authority\amr\qrmask.php</b> on line <b>155</b><br />
<br />
<b>Warning</b>:  mkdir(): No such file or directory in <b>C:\xampp\htdocs\Medical_E-CARD\authority\amr\qrmask.php</b> on line <b>154</b><br />
<br />
<b>Warning</b>:  file_put_contents(C:\xampp\htdocs\Medical_E-CARD\authority\amr\cache\mask_2\mask_21_2.dat): failed to open stream: No such file or directory in <b>C:\xampp\htdocs\Medical_E-CARD\authority\amr\qrmask.php</b> on line <b>155</b><br />
<br />
<b>Warning</b>:  mkdir(): No such file or directory in <b>C:\xampp\htdocs\Medical_E-CARD\authority\amr\qrmask.php</b> on line <b>154</b><br />
<br />
<b>Warning</b>:  file_put_contents(C:\xampp\htdocs\Medical_E-CARD\authority\amr\cache\mask_3\mask_21_3.dat): failed to open stream: No such file or directory in <b>C:\xampp\htdocs\Medical_E-CARD\authority\amr\qrmask.php</b> on line <b>155</b><br />
<br />
<b>Warning</b>:  mkdir(): No such file or directory in <b>C:\xampp\htdocs\Medical_E-CARD\authority\amr\qrmask.php</b> on line <b>154</b><br />
<br />
<b>Warning</b>:  file_put_contents(C:\xampp\htdocs\Medical_E-CARD\authority\amr\cache\mask_4\mask_21_4.dat): failed to open stream: No such file or directory in <b>C:\xampp\htdocs\Medical_E-CARD\authority\amr\qrmask.php</b> on line <b>155</b><br />
<br />
<b>Warning</b>:  mkdir(): No such file or directory in <b>C:\xampp\htdocs\Medical_E-CARD\authority\amr\qrmask.php</b> on line <b>154</b><br />
<br />
<b>Warning</b>:  file_put_contents(C:\xampp\htdocs\Medical_E-CARD\authority\amr\cache\mask_5\mask_21_5.dat): failed to open stream: No such file or directory in <b>C:\xampp\htdocs\Medical_E-CARD\authority\amr\qrmask.php</b> on line <b>155</b><br />
<br />
<b>Warning</b>:  mkdir(): No such file or directory in <b>C:\xampp\htdocs\Medical_E-CARD\authority\amr\qrmask.php</b> on line <b>154</b><br />
<br />
<b>Warning</b>:  file_put_contents(C:\xampp\htdocs\Medical_E-CARD\authority\amr\cache\mask_6\mask_21_6.dat): failed to open stream: No such file or directory in <b>C:\xampp\htdocs\Medical_E-CARD\authority\amr\qrmask.php</b> on line <b>155</b><br />
<br />
<b>Warning</b>:  mkdir(): No such file or directory in <b>C:\xampp\htdocs\Medical_E-CARD\authority\amr\qrmask.php</b> on line <b>154</b><br />
<br />
<b>Warning</b>:  file_put_contents(C:\xampp\htdocs\Medical_E-CARD\authority\amr\cache\mask_7\mask_21_7.dat): failed to open stream: No such file or directory in <b>C:\xampp\htdocs\Medical_E-CARD\authority\amr\qrmask.php</b> on line <b>155</b><br />
2016-11-19 06:48:24: <br />
<b>Warning</b>:  file_put_contents(C:\xampp\htdocs\Medical_E-CARD\authority\amr\cache\frame_1.dat): failed to open stream: No such file or directory in <b>C:\xampp\htdocs\Medical_E-CARD\authority\amr\qrspec.php</b> on line <b>568</b><br />
<br />
<b>Warning</b>:  mkdir(): No such file or directory in <b>C:\xampp\htdocs\Medical_E-CARD\authority\amr\qrmask.php</b> on line <b>154</b><br />
<br />
<b>Warning</b>:  file_put_contents(C:\xampp\htdocs\Medical_E-CARD\authority\amr\cache\mask_0\mask_21_0.dat): failed to open stream: No such file or directory in <b>C:\xampp\htdocs\Medical_E-CARD\authority\amr\qrmask.php</b> on line <b>155</b><br />
<br />
<b>Warning</b>:  mkdir(): No such file or directory in <b>C:\xampp\htdocs\Medical_E-CARD\authority\amr\qrmask.php</b> on line <b>154</b><br />
<br />
<b>Warning</b>:  file_put_contents(C:\xampp\htdocs\Medical_E-CARD\authority\amr\cache\mask_1\mask_21_1.dat): failed to open stream: No such file or directory in <b>C:\xampp\htdocs\Medical_E-CARD\authority\amr\qrmask.php</b> on line <b>155</b><br />
<br />
<b>Warning</b>:  mkdir(): No such file or directory in <b>C:\xampp\htdocs\Medical_E-CARD\authority\amr\qrmask.php</b> on line <b>154</b><br />
<br />
<b>Warning</b>:  file_put_contents(C:\xampp\htdocs\Medical_E-CARD\authority\amr\cache\mask_2\mask_21_2.dat): failed to open stream: No such file or directory in <b>C:\xampp\htdocs\Medical_E-CARD\authority\amr\qrmask.php</b> on line <b>155</b><br />
<br />
<b>Warning</b>:  mkdir(): No such file or directory in <b>C:\xampp\htdocs\Medical_E-CARD\authority\amr\qrmask.php</b> on line <b>154</b><br />
<br />
<b>Warning</b>:  file_put_contents(C:\xampp\htdocs\Medical_E-CARD\authority\amr\cache\mask_3\mask_21_3.dat): failed to open stream: No such file or directory in <b>C:\xampp\htdocs\Medical_E-CARD\authority\amr\qrmask.php</b> on line <b>155</b><br />
<br />
<b>Warning</b>:  mkdir(): No such file or directory in <b>C:\xampp\htdocs\Medical_E-CARD\authority\amr\qrmask.php</b> on line <b>154</b><br />
<br />
<b>Warning</b>:  file_put_contents(C:\xampp\htdocs\Medical_E-CARD\authority\amr\cache\mask_4\mask_21_4.dat): failed to open stream: No such file or directory in <b>C:\xampp\htdocs\Medical_E-CARD\authority\amr\qrmask.php</b> on line <b>155</b><br />
<br />
<b>Warning</b>:  mkdir(): No such file or directory in <b>C:\xampp\htdocs\Medical_E-CARD\authority\amr\qrmask.php</b> on line <b>154</b><br />
<br />
<b>Warning</b>:  file_put_contents(C:\xampp\htdocs\Medical_E-CARD\authority\amr\cache\mask_5\mask_21_5.dat): failed to open stream: No such file or directory in <b>C:\xampp\htdocs\Medical_E-CARD\authority\amr\qrmask.php</b> on line <b>155</b><br />
<br />
<b>Warning</b>:  mkdir(): No such file or directory in <b>C:\xampp\htdocs\Medical_E-CARD\authority\amr\qrmask.php</b> on line <b>154</b><br />
<br />
<b>Warning</b>:  file_put_contents(C:\xampp\htdocs\Medical_E-CARD\authority\amr\cache\mask_6\mask_21_6.dat): failed to open stream: No such file or directory in <b>C:\xampp\htdocs\Medical_E-CARD\authority\amr\qrmask.php</b> on line <b>155</b><br />
<br />
<b>Warning</b>:  mkdir(): No such file or directory in <b>C:\xampp\htdocs\Medical_E-CARD\authority\amr\qrmask.php</b> on line <b>154</b><br />
<br />
<b>Warning</b>:  file_put_contents(C:\xampp\htdocs\Medical_E-CARD\authority\amr\cache\mask_7\mask_21_7.dat): failed to open stream: No such file or directory in <b>C:\xampp\htdocs\Medical_E-CARD\authority\amr\qrmask.php</b> on line <b>155</b><br />
2016-11-19 06:49:05: <br />
<b>Warning</b>:  file_put_contents(C:\xampp\htdocs\Medical_E-CARD\authority\amr\cache\frame_1.dat): failed to open stream: No such file or directory in <b>C:\xampp\htdocs\Medical_E-CARD\authority\amr\qrspec.php</b> on line <b>568</b><br />
<br />
<b>Warning</b>:  mkdir(): No such file or directory in <b>C:\xampp\htdocs\Medical_E-CARD\authority\amr\qrmask.php</b> on line <b>154</b><br />
<br />
<b>Warning</b>:  file_put_contents(C:\xampp\htdocs\Medical_E-CARD\authority\amr\cache\mask_0\mask_21_0.dat): failed to open stream: No such file or directory in <b>C:\xampp\htdocs\Medical_E-CARD\authority\amr\qrmask.php</b> on line <b>155</b><br />
<br />
<b>Warning</b>:  mkdir(): No such file or directory in <b>C:\xampp\htdocs\Medical_E-CARD\authority\amr\qrmask.php</b> on line <b>154</b><br />
<br />
<b>Warning</b>:  file_put_contents(C:\xampp\htdocs\Medical_E-CARD\authority\amr\cache\mask_1\mask_21_1.dat): failed to open stream: No such file or directory in <b>C:\xampp\htdocs\Medical_E-CARD\authority\amr\qrmask.php</b> on line <b>155</b><br />
<br />
<b>Warning</b>:  mkdir(): No such file or directory in <b>C:\xampp\htdocs\Medical_E-CARD\authority\amr\qrmask.php</b> on line <b>154</b><br />
<br />
<b>Warning</b>:  file_put_contents(C:\xampp\htdocs\Medical_E-CARD\authority\amr\cache\mask_2\mask_21_2.dat): failed to open stream: No such file or directory in <b>C:\xampp\htdocs\Medical_E-CARD\authority\amr\qrmask.php</b> on line <b>155</b><br />
<br />
<b>Warning</b>:  mkdir(): No such file or directory in <b>C:\xampp\htdocs\Medical_E-CARD\authority\amr\qrmask.php</b> on line <b>154</b><br />
<br />
<b>Warning</b>:  file_put_contents(C:\xampp\htdocs\Medical_E-CARD\authority\amr\cache\mask_3\mask_21_3.dat): failed to open stream: No such file or directory in <b>C:\xampp\htdocs\Medical_E-CARD\authority\amr\qrmask.php</b> on line <b>155</b><br />
<br />
<b>Warning</b>:  mkdir(): No such file or directory in <b>C:\xampp\htdocs\Medical_E-CARD\authority\amr\qrmask.php</b> on line <b>154</b><br />
<br />
<b>Warning</b>:  file_put_contents(C:\xampp\htdocs\Medical_E-CARD\authority\amr\cache\mask_4\mask_21_4.dat): failed to open stream: No such file or directory in <b>C:\xampp\htdocs\Medical_E-CARD\authority\amr\qrmask.php</b> on line <b>155</b><br />
<br />
<b>Warning</b>:  mkdir(): No such file or directory in <b>C:\xampp\htdocs\Medical_E-CARD\authority\amr\qrmask.php</b> on line <b>154</b><br />
<br />
<b>Warning</b>:  file_put_contents(C:\xampp\htdocs\Medical_E-CARD\authority\amr\cache\mask_5\mask_21_5.dat): failed to open stream: No such file or directory in <b>C:\xampp\htdocs\Medical_E-CARD\authority\amr\qrmask.php</b> on line <b>155</b><br />
<br />
<b>Warning</b>:  mkdir(): No such file or directory in <b>C:\xampp\htdocs\Medical_E-CARD\authority\amr\qrmask.php</b> on line <b>154</b><br />
<br />
<b>Warning</b>:  file_put_contents(C:\xampp\htdocs\Medical_E-CARD\authority\amr\cache\mask_6\mask_21_6.dat): failed to open stream: No such file or directory in <b>C:\xampp\htdocs\Medical_E-CARD\authority\amr\qrmask.php</b> on line <b>155</b><br />
<br />
<b>Warning</b>:  mkdir(): No such file or directory in <b>C:\xampp\htdocs\Medical_E-CARD\authority\amr\qrmask.php</b> on line <b>154</b><br />
<br />
<b>Warning</b>:  file_put_contents(C:\xampp\htdocs\Medical_E-CARD\authority\amr\cache\mask_7\mask_21_7.dat): failed to open stream: No such file or directory in <b>C:\xampp\htdocs\Medical_E-CARD\authority\amr\qrmask.php</b> on line <b>155</b><br />
2016-11-19 06:49:18: <br />
<b>Warning</b>:  file_put_contents(C:\xampp\htdocs\Medical_E-CARD\authority\amr\cache\frame_1.dat): failed to open stream: No such file or directory in <b>C:\xampp\htdocs\Medical_E-CARD\authority\amr\qrspec.php</b> on line <b>568</b><br />
<br />
<b>Warning</b>:  mkdir(): No such file or directory in <b>C:\xampp\htdocs\Medical_E-CARD\authority\amr\qrmask.php</b> on line <b>154</b><br />
<br />
<b>Warning</b>:  file_put_contents(C:\xampp\htdocs\Medical_E-CARD\authority\amr\cache\mask_0\mask_21_0.dat): failed to open stream: No such file or directory in <b>C:\xampp\htdocs\Medical_E-CARD\authority\amr\qrmask.php</b> on line <b>155</b><br />
<br />
<b>Warning</b>:  mkdir(): No such file or directory in <b>C:\xampp\htdocs\Medical_E-CARD\authority\amr\qrmask.php</b> on line <b>154</b><br />
<br />
<b>Warning</b>:  file_put_contents(C:\xampp\htdocs\Medical_E-CARD\authority\amr\cache\mask_1\mask_21_1.dat): failed to open stream: No such file or directory in <b>C:\xampp\htdocs\Medical_E-CARD\authority\amr\qrmask.php</b> on line <b>155</b><br />
<br />
<b>Warning</b>:  mkdir(): No such file or directory in <b>C:\xampp\htdocs\Medical_E-CARD\authority\amr\qrmask.php</b> on line <b>154</b><br />
<br />
<b>Warning</b>:  file_put_contents(C:\xampp\htdocs\Medical_E-CARD\authority\amr\cache\mask_2\mask_21_2.dat): failed to open stream: No such file or directory in <b>C:\xampp\htdocs\Medical_E-CARD\authority\amr\qrmask.php</b> on line <b>155</b><br />
<br />
<b>Warning</b>:  mkdir(): No such file or directory in <b>C:\xampp\htdocs\Medical_E-CARD\authority\amr\qrmask.php</b> on line <b>154</b><br />
<br />
<b>Warning</b>:  file_put_contents(C:\xampp\htdocs\Medical_E-CARD\authority\amr\cache\mask_3\mask_21_3.dat): failed to open stream: No such file or directory in <b>C:\xampp\htdocs\Medical_E-CARD\authority\amr\qrmask.php</b> on line <b>155</b><br />
<br />
<b>Warning</b>:  mkdir(): No such file or directory in <b>C:\xampp\htdocs\Medical_E-CARD\authority\amr\qrmask.php</b> on line <b>154</b><br />
<br />
<b>Warning</b>:  file_put_contents(C:\xampp\htdocs\Medical_E-CARD\authority\amr\cache\mask_4\mask_21_4.dat): failed to open stream: No such file or directory in <b>C:\xampp\htdocs\Medical_E-CARD\authority\amr\qrmask.php</b> on line <b>155</b><br />
<br />
<b>Warning</b>:  mkdir(): No such file or directory in <b>C:\xampp\htdocs\Medical_E-CARD\authority\amr\qrmask.php</b> on line <b>154</b><br />
<br />
<b>Warning</b>:  file_put_contents(C:\xampp\htdocs\Medical_E-CARD\authority\amr\cache\mask_5\mask_21_5.dat): failed to open stream: No such file or directory in <b>C:\xampp\htdocs\Medical_E-CARD\authority\amr\qrmask.php</b> on line <b>155</b><br />
<br />
<b>Warning</b>:  mkdir(): No such file or directory in <b>C:\xampp\htdocs\Medical_E-CARD\authority\amr\qrmask.php</b> on line <b>154</b><br />
<br />
<b>Warning</b>:  file_put_contents(C:\xampp\htdocs\Medical_E-CARD\authority\amr\cache\mask_6\mask_21_6.dat): failed to open stream: No such file or directory in <b>C:\xampp\htdocs\Medical_E-CARD\authority\amr\qrmask.php</b> on line <b>155</b><br />
<br />
<b>Warning</b>:  mkdir(): No such file or directory in <b>C:\xampp\htdocs\Medical_E-CARD\authority\amr\qrmask.php</b> on line <b>154</b><br />
<br />
<b>Warning</b>:  file_put_contents(C:\xampp\htdocs\Medical_E-CARD\authority\amr\cache\mask_7\mask_21_7.dat): failed to open stream: No such file or directory in <b>C:\xampp\htdocs\Medical_E-CARD\authority\amr\qrmask.php</b> on line <b>155</b><br />
2016-11-19 06:49:27: <br />
<b>Warning</b>:  file_put_contents(C:\xampp\htdocs\Medical_E-CARD\authority\amr\cache\frame_1.dat): failed to open stream: No such file or directory in <b>C:\xampp\htdocs\Medical_E-CARD\authority\amr\qrspec.php</b> on line <b>568</b><br />
<br />
<b>Warning</b>:  mkdir(): No such file or directory in <b>C:\xampp\htdocs\Medical_E-CARD\authority\amr\qrmask.php</b> on line <b>154</b><br />
<br />
<b>Warning</b>:  file_put_contents(C:\xampp\htdocs\Medical_E-CARD\authority\amr\cache\mask_0\mask_21_0.dat): failed to open stream: No such file or directory in <b>C:\xampp\htdocs\Medical_E-CARD\authority\amr\qrmask.php</b> on line <b>155</b><br />
<br />
<b>Warning</b>:  mkdir(): No such file or directory in <b>C:\xampp\htdocs\Medical_E-CARD\authority\amr\qrmask.php</b> on line <b>154</b><br />
<br />
<b>Warning</b>:  file_put_contents(C:\xampp\htdocs\Medical_E-CARD\authority\amr\cache\mask_1\mask_21_1.dat): failed to open stream: No such file or directory in <b>C:\xampp\htdocs\Medical_E-CARD\authority\amr\qrmask.php</b> on line <b>155</b><br />
<br />
<b>Warning</b>:  mkdir(): No such file or directory in <b>C:\xampp\htdocs\Medical_E-CARD\authority\amr\qrmask.php</b> on line <b>154</b><br />
<br />
<b>Warning</b>:  file_put_contents(C:\xampp\htdocs\Medical_E-CARD\authority\amr\cache\mask_2\mask_21_2.dat): failed to open stream: No such file or directory in <b>C:\xampp\htdocs\Medical_E-CARD\authority\amr\qrmask.php</b> on line <b>155</b><br />
<br />
<b>Warning</b>:  mkdir(): No such file or directory in <b>C:\xampp\htdocs\Medical_E-CARD\authority\amr\qrmask.php</b> on line <b>154</b><br />
<br />
<b>Warning</b>:  file_put_contents(C:\xampp\htdocs\Medical_E-CARD\authority\amr\cache\mask_3\mask_21_3.dat): failed to open stream: No such file or directory in <b>C:\xampp\htdocs\Medical_E-CARD\authority\amr\qrmask.php</b> on line <b>155</b><br />
<br />
<b>Warning</b>:  mkdir(): No such file or directory in <b>C:\xampp\htdocs\Medical_E-CARD\authority\amr\qrmask.php</b> on line <b>154</b><br />
<br />
<b>Warning</b>:  file_put_contents(C:\xampp\htdocs\Medical_E-CARD\authority\amr\cache\mask_4\mask_21_4.dat): failed to open stream: No such file or directory in <b>C:\xampp\htdocs\Medical_E-CARD\authority\amr\qrmask.php</b> on line <b>155</b><br />
<br />
<b>Warning</b>:  mkdir(): No such file or directory in <b>C:\xampp\htdocs\Medical_E-CARD\authority\amr\qrmask.php</b> on line <b>154</b><br />
<br />
<b>Warning</b>:  file_put_contents(C:\xampp\htdocs\Medical_E-CARD\authority\amr\cache\mask_5\mask_21_5.dat): failed to open stream: No such file or directory in <b>C:\xampp\htdocs\Medical_E-CARD\authority\amr\qrmask.php</b> on line <b>155</b><br />
<br />
<b>Warning</b>:  mkdir(): No such file or directory in <b>C:\xampp\htdocs\Medical_E-CARD\authority\amr\qrmask.php</b> on line <b>154</b><br />
<br />
<b>Warning</b>:  file_put_contents(C:\xampp\htdocs\Medical_E-CARD\authority\amr\cache\mask_6\mask_21_6.dat): failed to open stream: No such file or directory in <b>C:\xampp\htdocs\Medical_E-CARD\authority\amr\qrmask.php</b> on line <b>155</b><br />
<br />
<b>Warning</b>:  mkdir(): No such file or directory in <b>C:\xampp\htdocs\Medical_E-CARD\authority\amr\qrmask.php</b> on line <b>154</b><br />
<br />
<b>Warning</b>:  file_put_contents(C:\xampp\htdocs\Medical_E-CARD\authority\amr\cache\mask_7\mask_21_7.dat): failed to open stream: No such file or directory in <b>C:\xampp\htdocs\Medical_E-CARD\authority\amr\qrmask.php</b> on line <b>155</b><br />
2016-11-19 06:49:37: <br />
<b>Warning</b>:  file_put_contents(C:\xampp\htdocs\Medical_E-CARD\authority\amr\cache\frame_1.dat): failed to open stream: No such file or directory in <b>C:\xampp\htdocs\Medical_E-CARD\authority\amr\qrspec.php</b> on line <b>568</b><br />
<br />
<b>Warning</b>:  mkdir(): No such file or directory in <b>C:\xampp\htdocs\Medical_E-CARD\authority\amr\qrmask.php</b> on line <b>154</b><br />
<br />
<b>Warning</b>:  file_put_contents(C:\xampp\htdocs\Medical_E-CARD\authority\amr\cache\mask_0\mask_21_0.dat): failed to open stream: No such file or directory in <b>C:\xampp\htdocs\Medical_E-CARD\authority\amr\qrmask.php</b> on line <b>155</b><br />
<br />
<b>Warning</b>:  mkdir(): No such file or directory in <b>C:\xampp\htdocs\Medical_E-CARD\authority\amr\qrmask.php</b> on line <b>154</b><br />
<br />
<b>Warning</b>:  file_put_contents(C:\xampp\htdocs\Medical_E-CARD\authority\amr\cache\mask_1\mask_21_1.dat): failed to open stream: No such file or directory in <b>C:\xampp\htdocs\Medical_E-CARD\authority\amr\qrmask.php</b> on line <b>155</b><br />
<br />
<b>Warning</b>:  mkdir(): No such file or directory in <b>C:\xampp\htdocs\Medical_E-CARD\authority\amr\qrmask.php</b> on line <b>154</b><br />
<br />
<b>Warning</b>:  file_put_contents(C:\xampp\htdocs\Medical_E-CARD\authority\amr\cache\mask_2\mask_21_2.dat): failed to open stream: No such file or directory in <b>C:\xampp\htdocs\Medical_E-CARD\authority\amr\qrmask.php</b> on line <b>155</b><br />
<br />
<b>Warning</b>:  mkdir(): No such file or directory in <b>C:\xampp\htdocs\Medical_E-CARD\authority\amr\qrmask.php</b> on line <b>154</b><br />
<br />
<b>Warning</b>:  file_put_contents(C:\xampp\htdocs\Medical_E-CARD\authority\amr\cache\mask_3\mask_21_3.dat): failed to open stream: No such file or directory in <b>C:\xampp\htdocs\Medical_E-CARD\authority\amr\qrmask.php</b> on line <b>155</b><br />
<br />
<b>Warning</b>:  mkdir(): No such file or directory in <b>C:\xampp\htdocs\Medical_E-CARD\authority\amr\qrmask.php</b> on line <b>154</b><br />
<br />
<b>Warning</b>:  file_put_contents(C:\xampp\htdocs\Medical_E-CARD\authority\amr\cache\mask_4\mask_21_4.dat): failed to open stream: No such file or directory in <b>C:\xampp\htdocs\Medical_E-CARD\authority\amr\qrmask.php</b> on line <b>155</b><br />
<br />
<b>Warning</b>:  mkdir(): No such file or directory in <b>C:\xampp\htdocs\Medical_E-CARD\authority\amr\qrmask.php</b> on line <b>154</b><br />
<br />
<b>Warning</b>:  file_put_contents(C:\xampp\htdocs\Medical_E-CARD\authority\amr\cache\mask_5\mask_21_5.dat): failed to open stream: No such file or directory in <b>C:\xampp\htdocs\Medical_E-CARD\authority\amr\qrmask.php</b> on line <b>155</b><br />
<br />
<b>Warning</b>:  mkdir(): No such file or directory in <b>C:\xampp\htdocs\Medical_E-CARD\authority\amr\qrmask.php</b> on line <b>154</b><br />
<br />
<b>Warning</b>:  file_put_contents(C:\xampp\htdocs\Medical_E-CARD\authority\amr\cache\mask_6\mask_21_6.dat): failed to open stream: No such file or directory in <b>C:\xampp\htdocs\Medical_E-CARD\authority\amr\qrmask.php</b> on line <b>155</b><br />
<br />
<b>Warning</b>:  mkdir(): No such file or directory in <b>C:\xampp\htdocs\Medical_E-CARD\authority\amr\qrmask.php</b> on line <b>154</b><br />
<br />
<b>Warning</b>:  file_put_contents(C:\xampp\htdocs\Medical_E-CARD\authority\amr\cache\mask_7\mask_21_7.dat): failed to open stream: No such file or directory in <b>C:\xampp\htdocs\Medical_E-CARD\authority\amr\qrmask.php</b> on line <b>155</b><br />
2016-11-19 06:51:45: <br />
<b>Warning</b>:  file_put_contents(C:\xampp\htdocs\Medical_E-CARD\authority\amr\cache\frame_1.dat): failed to open stream: No such file or directory in <b>C:\xampp\htdocs\Medical_E-CARD\authority\amr\qrspec.php</b> on line <b>568</b><br />
<br />
<b>Warning</b>:  mkdir(): No such file or directory in <b>C:\xampp\htdocs\Medical_E-CARD\authority\amr\qrmask.php</b> on line <b>154</b><br />
<br />
<b>Warning</b>:  file_put_contents(C:\xampp\htdocs\Medical_E-CARD\authority\amr\cache\mask_0\mask_21_0.dat): failed to open stream: No such file or directory in <b>C:\xampp\htdocs\Medical_E-CARD\authority\amr\qrmask.php</b> on line <b>155</b><br />
<br />
<b>Warning</b>:  mkdir(): No such file or directory in <b>C:\xampp\htdocs\Medical_E-CARD\authority\amr\qrmask.php</b> on line <b>154</b><br />
<br />
<b>Warning</b>:  file_put_contents(C:\xampp\htdocs\Medical_E-CARD\authority\amr\cache\mask_1\mask_21_1.dat): failed to open stream: No such file or directory in <b>C:\xampp\htdocs\Medical_E-CARD\authority\amr\qrmask.php</b> on line <b>155</b><br />
<br />
<b>Warning</b>:  mkdir(): No such file or directory in <b>C:\xampp\htdocs\Medical_E-CARD\authority\amr\qrmask.php</b> on line <b>154</b><br />
<br />
<b>Warning</b>:  file_put_contents(C:\xampp\htdocs\Medical_E-CARD\authority\amr\cache\mask_2\mask_21_2.dat): failed to open stream: No such file or directory in <b>C:\xampp\htdocs\Medical_E-CARD\authority\amr\qrmask.php</b> on line <b>155</b><br />
<br />
<b>Warning</b>:  mkdir(): No such file or directory in <b>C:\xampp\htdocs\Medical_E-CARD\authority\amr\qrmask.php</b> on line <b>154</b><br />
<br />
<b>Warning</b>:  file_put_contents(C:\xampp\htdocs\Medical_E-CARD\authority\amr\cache\mask_3\mask_21_3.dat): failed to open stream: No such file or directory in <b>C:\xampp\htdocs\Medical_E-CARD\authority\amr\qrmask.php</b> on line <b>155</b><br />
<br />
<b>Warning</b>:  mkdir(): No such file or directory in <b>C:\xampp\htdocs\Medical_E-CARD\authority\amr\qrmask.php</b> on line <b>154</b><br />
<br />
<b>Warning</b>:  file_put_contents(C:\xampp\htdocs\Medical_E-CARD\authority\amr\cache\mask_4\mask_21_4.dat): failed to open stream: No such file or directory in <b>C:\xampp\htdocs\Medical_E-CARD\authority\amr\qrmask.php</b> on line <b>155</b><br />
<br />
<b>Warning</b>:  mkdir(): No such file or directory in <b>C:\xampp\htdocs\Medical_E-CARD\authority\amr\qrmask.php</b> on line <b>154</b><br />
<br />
<b>Warning</b>:  file_put_contents(C:\xampp\htdocs\Medical_E-CARD\authority\amr\cache\mask_5\mask_21_5.dat): failed to open stream: No such file or directory in <b>C:\xampp\htdocs\Medical_E-CARD\authority\amr\qrmask.php</b> on line <b>155</b><br />
<br />
<b>Warning</b>:  mkdir(): No such file or directory in <b>C:\xampp\htdocs\Medical_E-CARD\authority\amr\qrmask.php</b> on line <b>154</b><br />
<br />
<b>Warning</b>:  file_put_contents(C:\xampp\htdocs\Medical_E-CARD\authority\amr\cache\mask_6\mask_21_6.dat): failed to open stream: No such file or directory in <b>C:\xampp\htdocs\Medical_E-CARD\authority\amr\qrmask.php</b> on line <b>155</b><br />
<br />
<b>Warning</b>:  mkdir(): No such file or directory in <b>C:\xampp\htdocs\Medical_E-CARD\authority\amr\qrmask.php</b> on line <b>154</b><br />
<br />
<b>Warning</b>:  file_put_contents(C:\xampp\htdocs\Medical_E-CARD\authority\amr\cache\mask_7\mask_21_7.dat): failed to open stream: No such file or directory in <b>C:\xampp\htdocs\Medical_E-CARD\authority\amr\qrmask.php</b> on line <b>155</b><br />
2016-11-19 06:54:18: <br />
<b>Warning</b>:  file_put_contents(C:\xampp\htdocs\Medical_E-CARD\authority\amr\cache\frame_1.dat): failed to open stream: No such file or directory in <b>C:\xampp\htdocs\Medical_E-CARD\authority\amr\qrspec.php</b> on line <b>568</b><br />
<br />
<b>Warning</b>:  mkdir(): No such file or directory in <b>C:\xampp\htdocs\Medical_E-CARD\authority\amr\qrmask.php</b> on line <b>154</b><br />
<br />
<b>Warning</b>:  file_put_contents(C:\xampp\htdocs\Medical_E-CARD\authority\amr\cache\mask_0\mask_21_0.dat): failed to open stream: No such file or directory in <b>C:\xampp\htdocs\Medical_E-CARD\authority\amr\qrmask.php</b> on line <b>155</b><br />
<br />
<b>Warning</b>:  mkdir(): No such file or directory in <b>C:\xampp\htdocs\Medical_E-CARD\authority\amr\qrmask.php</b> on line <b>154</b><br />
<br />
<b>Warning</b>:  file_put_contents(C:\xampp\htdocs\Medical_E-CARD\authority\amr\cache\mask_1\mask_21_1.dat): failed to open stream: No such file or directory in <b>C:\xampp\htdocs\Medical_E-CARD\authority\amr\qrmask.php</b> on line <b>155</b><br />
<br />
<b>Warning</b>:  mkdir(): No such file or directory in <b>C:\xampp\htdocs\Medical_E-CARD\authority\amr\qrmask.php</b> on line <b>154</b><br />
<br />
<b>Warning</b>:  file_put_contents(C:\xampp\htdocs\Medical_E-CARD\authority\amr\cache\mask_2\mask_21_2.dat): failed to open stream: No such file or directory in <b>C:\xampp\htdocs\Medical_E-CARD\authority\amr\qrmask.php</b> on line <b>155</b><br />
<br />
<b>Warning</b>:  mkdir(): No such file or directory in <b>C:\xampp\htdocs\Medical_E-CARD\authority\amr\qrmask.php</b> on line <b>154</b><br />
<br />
<b>Warning</b>:  file_put_contents(C:\xampp\htdocs\Medical_E-CARD\authority\amr\cache\mask_3\mask_21_3.dat): failed to open stream: No such file or directory in <b>C:\xampp\htdocs\Medical_E-CARD\authority\amr\qrmask.php</b> on line <b>155</b><br />
<br />
<b>Warning</b>:  mkdir(): No such file or directory in <b>C:\xampp\htdocs\Medical_E-CARD\authority\amr\qrmask.php</b> on line <b>154</b><br />
<br />
<b>Warning</b>:  file_put_contents(C:\xampp\htdocs\Medical_E-CARD\authority\amr\cache\mask_4\mask_21_4.dat): failed to open stream: No such file or directory in <b>C:\xampp\htdocs\Medical_E-CARD\authority\amr\qrmask.php</b> on line <b>155</b><br />
<br />
<b>Warning</b>:  mkdir(): No such file or directory in <b>C:\xampp\htdocs\Medical_E-CARD\authority\amr\qrmask.php</b> on line <b>154</b><br />
<br />
<b>Warning</b>:  file_put_contents(C:\xampp\htdocs\Medical_E-CARD\authority\amr\cache\mask_5\mask_21_5.dat): failed to open stream: No such file or directory in <b>C:\xampp\htdocs\Medical_E-CARD\authority\amr\qrmask.php</b> on line <b>155</b><br />
<br />
<b>Warning</b>:  mkdir(): No such file or directory in <b>C:\xampp\htdocs\Medical_E-CARD\authority\amr\qrmask.php</b> on line <b>154</b><br />
<br />
<b>Warning</b>:  file_put_contents(C:\xampp\htdocs\Medical_E-CARD\authority\amr\cache\mask_6\mask_21_6.dat): failed to open stream: No such file or directory in <b>C:\xampp\htdocs\Medical_E-CARD\authority\amr\qrmask.php</b> on line <b>155</b><br />
<br />
<b>Warning</b>:  mkdir(): No such file or directory in <b>C:\xampp\htdocs\Medical_E-CARD\authority\amr\qrmask.php</b> on line <b>154</b><br />
<br />
<b>Warning</b>:  file_put_contents(C:\xampp\htdocs\Medical_E-CARD\authority\amr\cache\mask_7\mask_21_7.dat): failed to open stream: No such file or directory in <b>C:\xampp\htdocs\Medical_E-CARD\authority\amr\qrmask.php</b> on line <b>155</b><br />
2016-11-19 06:58:21: <br />
<b>Warning</b>:  file_put_contents(C:\xampp\htdocs\Medical_E-CARD\authority\amr\cache\frame_1.dat): failed to open stream: No such file or directory in <b>C:\xampp\htdocs\Medical_E-CARD\authority\amr\qrspec.php</b> on line <b>568</b><br />
<br />
<b>Warning</b>:  mkdir(): No such file or directory in <b>C:\xampp\htdocs\Medical_E-CARD\authority\amr\qrmask.php</b> on line <b>154</b><br />
<br />
<b>Warning</b>:  file_put_contents(C:\xampp\htdocs\Medical_E-CARD\authority\amr\cache\mask_0\mask_21_0.dat): failed to open stream: No such file or directory in <b>C:\xampp\htdocs\Medical_E-CARD\authority\amr\qrmask.php</b> on line <b>155</b><br />
<br />
<b>Warning</b>:  mkdir(): No such file or directory in <b>C:\xampp\htdocs\Medical_E-CARD\authority\amr\qrmask.php</b> on line <b>154</b><br />
<br />
<b>Warning</b>:  file_put_contents(C:\xampp\htdocs\Medical_E-CARD\authority\amr\cache\mask_1\mask_21_1.dat): failed to open stream: No such file or directory in <b>C:\xampp\htdocs\Medical_E-CARD\authority\amr\qrmask.php</b> on line <b>155</b><br />
<br />
<b>Warning</b>:  mkdir(): No such file or directory in <b>C:\xampp\htdocs\Medical_E-CARD\authority\amr\qrmask.php</b> on line <b>154</b><br />
<br />
<b>Warning</b>:  file_put_contents(C:\xampp\htdocs\Medical_E-CARD\authority\amr\cache\mask_2\mask_21_2.dat): failed to open stream: No such file or directory in <b>C:\xampp\htdocs\Medical_E-CARD\authority\amr\qrmask.php</b> on line <b>155</b><br />
<br />
<b>Warning</b>:  mkdir(): No such file or directory in <b>C:\xampp\htdocs\Medical_E-CARD\authority\amr\qrmask.php</b> on line <b>154</b><br />
<br />
<b>Warning</b>:  file_put_contents(C:\xampp\htdocs\Medical_E-CARD\authority\amr\cache\mask_3\mask_21_3.dat): failed to open stream: No such file or directory in <b>C:\xampp\htdocs\Medical_E-CARD\authority\amr\qrmask.php</b> on line <b>155</b><br />
<br />
<b>Warning</b>:  mkdir(): No such file or directory in <b>C:\xampp\htdocs\Medical_E-CARD\authority\amr\qrmask.php</b> on line <b>154</b><br />
<br />
<b>Warning</b>:  file_put_contents(C:\xampp\htdocs\Medical_E-CARD\authority\amr\cache\mask_4\mask_21_4.dat): failed to open stream: No such file or directory in <b>C:\xampp\htdocs\Medical_E-CARD\authority\amr\qrmask.php</b> on line <b>155</b><br />
<br />
<b>Warning</b>:  mkdir(): No such file or directory in <b>C:\xampp\htdocs\Medical_E-CARD\authority\amr\qrmask.php</b> on line <b>154</b><br />
<br />
<b>Warning</b>:  file_put_contents(C:\xampp\htdocs\Medical_E-CARD\authority\amr\cache\mask_5\mask_21_5.dat): failed to open stream: No such file or directory in <b>C:\xampp\htdocs\Medical_E-CARD\authority\amr\qrmask.php</b> on line <b>155</b><br />
<br />
<b>Warning</b>:  mkdir(): No such file or directory in <b>C:\xampp\htdocs\Medical_E-CARD\authority\amr\qrmask.php</b> on line <b>154</b><br />
<br />
<b>Warning</b>:  file_put_contents(C:\xampp\htdocs\Medical_E-CARD\authority\amr\cache\mask_6\mask_21_6.dat): failed to open stream: No such file or directory in <b>C:\xampp\htdocs\Medical_E-CARD\authority\amr\qrmask.php</b> on line <b>155</b><br />
<br />
<b>Warning</b>:  mkdir(): No such file or directory in <b>C:\xampp\htdocs\Medical_E-CARD\authority\amr\qrmask.php</b> on line <b>154</b><br />
<br />
<b>Warning</b>:  file_put_contents(C:\xampp\htdocs\Medical_E-CARD\authority\amr\cache\mask_7\mask_21_7.dat): failed to open stream: No such file or directory in <b>C:\xampp\htdocs\Medical_E-CARD\authority\amr\qrmask.php</b> on line <b>155</b><br />
2016-11-19 07:00:46: <br />
<b>Warning</b>:  file_put_contents(C:\xampp\htdocs\Medical_E-CARD\authority\amr\cache\frame_1.dat): failed to open stream: No such file or directory in <b>C:\xampp\htdocs\Medical_E-CARD\authority\amr\qrspec.php</b> on line <b>568</b><br />
<br />
<b>Warning</b>:  mkdir(): No such file or directory in <b>C:\xampp\htdocs\Medical_E-CARD\authority\amr\qrmask.php</b> on line <b>154</b><br />
<br />
<b>Warning</b>:  file_put_contents(C:\xampp\htdocs\Medical_E-CARD\authority\amr\cache\mask_0\mask_21_0.dat): failed to open stream: No such file or directory in <b>C:\xampp\htdocs\Medical_E-CARD\authority\amr\qrmask.php</b> on line <b>155</b><br />
<br />
<b>Warning</b>:  mkdir(): No such file or directory in <b>C:\xampp\htdocs\Medical_E-CARD\authority\amr\qrmask.php</b> on line <b>154</b><br />
<br />
<b>Warning</b>:  file_put_contents(C:\xampp\htdocs\Medical_E-CARD\authority\amr\cache\mask_1\mask_21_1.dat): failed to open stream: No such file or directory in <b>C:\xampp\htdocs\Medical_E-CARD\authority\amr\qrmask.php</b> on line <b>155</b><br />
<br />
<b>Warning</b>:  mkdir(): No such file or directory in <b>C:\xampp\htdocs\Medical_E-CARD\authority\amr\qrmask.php</b> on line <b>154</b><br />
<br />
<b>Warning</b>:  file_put_contents(C:\xampp\htdocs\Medical_E-CARD\authority\amr\cache\mask_2\mask_21_2.dat): failed to open stream: No such file or directory in <b>C:\xampp\htdocs\Medical_E-CARD\authority\amr\qrmask.php</b> on line <b>155</b><br />
<br />
<b>Warning</b>:  mkdir(): No such file or directory in <b>C:\xampp\htdocs\Medical_E-CARD\authority\amr\qrmask.php</b> on line <b>154</b><br />
<br />
<b>Warning</b>:  file_put_contents(C:\xampp\htdocs\Medical_E-CARD\authority\amr\cache\mask_3\mask_21_3.dat): failed to open stream: No such file or directory in <b>C:\xampp\htdocs\Medical_E-CARD\authority\amr\qrmask.php</b> on line <b>155</b><br />
<br />
<b>Warning</b>:  mkdir(): No such file or directory in <b>C:\xampp\htdocs\Medical_E-CARD\authority\amr\qrmask.php</b> on line <b>154</b><br />
<br />
<b>Warning</b>:  file_put_contents(C:\xampp\htdocs\Medical_E-CARD\authority\amr\cache\mask_4\mask_21_4.dat): failed to open stream: No such file or directory in <b>C:\xampp\htdocs\Medical_E-CARD\authority\amr\qrmask.php</b> on line <b>155</b><br />
<br />
<b>Warning</b>:  mkdir(): No such file or directory in <b>C:\xampp\htdocs\Medical_E-CARD\authority\amr\qrmask.php</b> on line <b>154</b><br />
<br />
<b>Warning</b>:  file_put_contents(C:\xampp\htdocs\Medical_E-CARD\authority\amr\cache\mask_5\mask_21_5.dat): failed to open stream: No such file or directory in <b>C:\xampp\htdocs\Medical_E-CARD\authority\amr\qrmask.php</b> on line <b>155</b><br />
<br />
<b>Warning</b>:  mkdir(): No such file or directory in <b>C:\xampp\htdocs\Medical_E-CARD\authority\amr\qrmask.php</b> on line <b>154</b><br />
<br />
<b>Warning</b>:  file_put_contents(C:\xampp\htdocs\Medical_E-CARD\authority\amr\cache\mask_6\mask_21_6.dat): failed to open stream: No such file or directory in <b>C:\xampp\htdocs\Medical_E-CARD\authority\amr\qrmask.php</b> on line <b>155</b><br />
<br />
<b>Warning</b>:  mkdir(): No such file or directory in <b>C:\xampp\htdocs\Medical_E-CARD\authority\amr\qrmask.php</b> on line <b>154</b><br />
<br />
<b>Warning</b>:  file_put_contents(C:\xampp\htdocs\Medical_E-CARD\authority\amr\cache\mask_7\mask_21_7.dat): failed to open stream: No such file or directory in <b>C:\xampp\htdocs\Medical_E-CARD\authority\amr\qrmask.php</b> on line <b>155</b><br />
2016-11-19 07:09:33: <br />
<b>Warning</b>:  file_put_contents(C:\xampp\htdocs\Medical_E-CARD\authority\amr\cache\frame_1.dat): failed to open stream: No such file or directory in <b>C:\xampp\htdocs\Medical_E-CARD\authority\amr\qrspec.php</b> on line <b>568</b><br />
<br />
<b>Warning</b>:  mkdir(): No such file or directory in <b>C:\xampp\htdocs\Medical_E-CARD\authority\amr\qrmask.php</b> on line <b>154</b><br />
<br />
<b>Warning</b>:  file_put_contents(C:\xampp\htdocs\Medical_E-CARD\authority\amr\cache\mask_0\mask_21_0.dat): failed to open stream: No such file or directory in <b>C:\xampp\htdocs\Medical_E-CARD\authority\amr\qrmask.php</b> on line <b>155</b><br />
<br />
<b>Warning</b>:  mkdir(): No such file or directory in <b>C:\xampp\htdocs\Medical_E-CARD\authority\amr\qrmask.php</b> on line <b>154</b><br />
<br />
<b>Warning</b>:  file_put_contents(C:\xampp\htdocs\Medical_E-CARD\authority\amr\cache\mask_1\mask_21_1.dat): failed to open stream: No such file or directory in <b>C:\xampp\htdocs\Medical_E-CARD\authority\amr\qrmask.php</b> on line <b>155</b><br />
<br />
<b>Warning</b>:  mkdir(): No such file or directory in <b>C:\xampp\htdocs\Medical_E-CARD\authority\amr\qrmask.php</b> on line <b>154</b><br />
<br />
<b>Warning</b>:  file_put_contents(C:\xampp\htdocs\Medical_E-CARD\authority\amr\cache\mask_2\mask_21_2.dat): failed to open stream: No such file or directory in <b>C:\xampp\htdocs\Medical_E-CARD\authority\amr\qrmask.php</b> on line <b>155</b><br />
<br />
<b>Warning</b>:  mkdir(): No such file or directory in <b>C:\xampp\htdocs\Medical_E-CARD\authority\amr\qrmask.php</b> on line <b>154</b><br />
<br />
<b>Warning</b>:  file_put_contents(C:\xampp\htdocs\Medical_E-CARD\authority\amr\cache\mask_3\mask_21_3.dat): failed to open stream: No such file or directory in <b>C:\xampp\htdocs\Medical_E-CARD\authority\amr\qrmask.php</b> on line <b>155</b><br />
<br />
<b>Warning</b>:  mkdir(): No such file or directory in <b>C:\xampp\htdocs\Medical_E-CARD\authority\amr\qrmask.php</b> on line <b>154</b><br />
<br />
<b>Warning</b>:  file_put_contents(C:\xampp\htdocs\Medical_E-CARD\authority\amr\cache\mask_4\mask_21_4.dat): failed to open stream: No such file or directory in <b>C:\xampp\htdocs\Medical_E-CARD\authority\amr\qrmask.php</b> on line <b>155</b><br />
<br />
<b>Warning</b>:  mkdir(): No such file or directory in <b>C:\xampp\htdocs\Medical_E-CARD\authority\amr\qrmask.php</b> on line <b>154</b><br />
<br />
<b>Warning</b>:  file_put_contents(C:\xampp\htdocs\Medical_E-CARD\authority\amr\cache\mask_5\mask_21_5.dat): failed to open stream: No such file or directory in <b>C:\xampp\htdocs\Medical_E-CARD\authority\amr\qrmask.php</b> on line <b>155</b><br />
<br />
<b>Warning</b>:  mkdir(): No such file or directory in <b>C:\xampp\htdocs\Medical_E-CARD\authority\amr\qrmask.php</b> on line <b>154</b><br />
<br />
<b>Warning</b>:  file_put_contents(C:\xampp\htdocs\Medical_E-CARD\authority\amr\cache\mask_6\mask_21_6.dat): failed to open stream: No such file or directory in <b>C:\xampp\htdocs\Medical_E-CARD\authority\amr\qrmask.php</b> on line <b>155</b><br />
<br />
<b>Warning</b>:  mkdir(): No such file or directory in <b>C:\xampp\htdocs\Medical_E-CARD\authority\amr\qrmask.php</b> on line <b>154</b><br />
<br />
<b>Warning</b>:  file_put_contents(C:\xampp\htdocs\Medical_E-CARD\authority\amr\cache\mask_7\mask_21_7.dat): failed to open stream: No such file or directory in <b>C:\xampp\htdocs\Medical_E-CARD\authority\amr\qrmask.php</b> on line <b>155</b><br />
2016-11-19 10:14:34: <br />
<b>Warning</b>:  file_put_contents(C:\xampp\htdocs\Medical_E-CARD\authority\amr\cache\frame_1.dat): failed to open stream: No such file or directory in <b>C:\xampp\htdocs\Medical_E-CARD\authority\amr\qrspec.php</b> on line <b>568</b><br />
<br />
<b>Warning</b>:  mkdir(): No such file or directory in <b>C:\xampp\htdocs\Medical_E-CARD\authority\amr\qrmask.php</b> on line <b>154</b><br />
<br />
<b>Warning</b>:  file_put_contents(C:\xampp\htdocs\Medical_E-CARD\authority\amr\cache\mask_0\mask_21_0.dat): failed to open stream: No such file or directory in <b>C:\xampp\htdocs\Medical_E-CARD\authority\amr\qrmask.php</b> on line <b>155</b><br />
<br />
<b>Warning</b>:  mkdir(): No such file or directory in <b>C:\xampp\htdocs\Medical_E-CARD\authority\amr\qrmask.php</b> on line <b>154</b><br />
<br />
<b>Warning</b>:  file_put_contents(C:\xampp\htdocs\Medical_E-CARD\authority\amr\cache\mask_1\mask_21_1.dat): failed to open stream: No such file or directory in <b>C:\xampp\htdocs\Medical_E-CARD\authority\amr\qrmask.php</b> on line <b>155</b><br />
<br />
<b>Warning</b>:  mkdir(): No such file or directory in <b>C:\xampp\htdocs\Medical_E-CARD\authority\amr\qrmask.php</b> on line <b>154</b><br />
<br />
<b>Warning</b>:  file_put_contents(C:\xampp\htdocs\Medical_E-CARD\authority\amr\cache\mask_2\mask_21_2.dat): failed to open stream: No such file or directory in <b>C:\xampp\htdocs\Medical_E-CARD\authority\amr\qrmask.php</b> on line <b>155</b><br />
<br />
<b>Warning</b>:  mkdir(): No such file or directory in <b>C:\xampp\htdocs\Medical_E-CARD\authority\amr\qrmask.php</b> on line <b>154</b><br />
<br />
<b>Warning</b>:  file_put_contents(C:\xampp\htdocs\Medical_E-CARD\authority\amr\cache\mask_3\mask_21_3.dat): failed to open stream: No such file or directory in <b>C:\xampp\htdocs\Medical_E-CARD\authority\amr\qrmask.php</b> on line <b>155</b><br />
<br />
<b>Warning</b>:  mkdir(): No such file or directory in <b>C:\xampp\htdocs\Medical_E-CARD\authority\amr\qrmask.php</b> on line <b>154</b><br />
<br />
<b>Warning</b>:  file_put_contents(C:\xampp\htdocs\Medical_E-CARD\authority\amr\cache\mask_4\mask_21_4.dat): failed to open stream: No such file or directory in <b>C:\xampp\htdocs\Medical_E-CARD\authority\amr\qrmask.php</b> on line <b>155</b><br />
<br />
<b>Warning</b>:  mkdir(): No such file or directory in <b>C:\xampp\htdocs\Medical_E-CARD\authority\amr\qrmask.php</b> on line <b>154</b><br />
<br />
<b>Warning</b>:  file_put_contents(C:\xampp\htdocs\Medical_E-CARD\authority\amr\cache\mask_5\mask_21_5.dat): failed to open stream: No such file or directory in <b>C:\xampp\htdocs\Medical_E-CARD\authority\amr\qrmask.php</b> on line <b>155</b><br />
<br />
<b>Warning</b>:  mkdir(): No such file or directory in <b>C:\xampp\htdocs\Medical_E-CARD\authority\amr\qrmask.php</b> on line <b>154</b><br />
<br />
<b>Warning</b>:  file_put_contents(C:\xampp\htdocs\Medical_E-CARD\authority\amr\cache\mask_6\mask_21_6.dat): failed to open stream: No such file or directory in <b>C:\xampp\htdocs\Medical_E-CARD\authority\amr\qrmask.php</b> on line <b>155</b><br />
<br />
<b>Warning</b>:  mkdir(): No such file or directory in <b>C:\xampp\htdocs\Medical_E-CARD\authority\amr\qrmask.php</b> on line <b>154</b><br />
<br />
<b>Warning</b>:  file_put_contents(C:\xampp\htdocs\Medical_E-CARD\authority\amr\cache\mask_7\mask_21_7.dat): failed to open stream: No such file or directory in <b>C:\xampp\htdocs\Medical_E-CARD\authority\amr\qrmask.php</b> on line <b>155</b><br />
2016-11-19 10:14:37: <br />
<b>Warning</b>:  file_put_contents(C:\xampp\htdocs\Medical_E-CARD\authority\amr\cache\frame_1.dat): failed to open stream: No such file or directory in <b>C:\xampp\htdocs\Medical_E-CARD\authority\amr\qrspec.php</b> on line <b>568</b><br />
<br />
<b>Warning</b>:  mkdir(): No such file or directory in <b>C:\xampp\htdocs\Medical_E-CARD\authority\amr\qrmask.php</b> on line <b>154</b><br />
<br />
<b>Warning</b>:  file_put_contents(C:\xampp\htdocs\Medical_E-CARD\authority\amr\cache\mask_0\mask_21_0.dat): failed to open stream: No such file or directory in <b>C:\xampp\htdocs\Medical_E-CARD\authority\amr\qrmask.php</b> on line <b>155</b><br />
<br />
<b>Warning</b>:  mkdir(): No such file or directory in <b>C:\xampp\htdocs\Medical_E-CARD\authority\amr\qrmask.php</b> on line <b>154</b><br />
<br />
<b>Warning</b>:  file_put_contents(C:\xampp\htdocs\Medical_E-CARD\authority\amr\cache\mask_1\mask_21_1.dat): failed to open stream: No such file or directory in <b>C:\xampp\htdocs\Medical_E-CARD\authority\amr\qrmask.php</b> on line <b>155</b><br />
<br />
<b>Warning</b>:  mkdir(): No such file or directory in <b>C:\xampp\htdocs\Medical_E-CARD\authority\amr\qrmask.php</b> on line <b>154</b><br />
<br />
<b>Warning</b>:  file_put_contents(C:\xampp\htdocs\Medical_E-CARD\authority\amr\cache\mask_2\mask_21_2.dat): failed to open stream: No such file or directory in <b>C:\xampp\htdocs\Medical_E-CARD\authority\amr\qrmask.php</b> on line <b>155</b><br />
<br />
<b>Warning</b>:  mkdir(): No such file or directory in <b>C:\xampp\htdocs\Medical_E-CARD\authority\amr\qrmask.php</b> on line <b>154</b><br />
<br />
<b>Warning</b>:  file_put_contents(C:\xampp\htdocs\Medical_E-CARD\authority\amr\cache\mask_3\mask_21_3.dat): failed to open stream: No such file or directory in <b>C:\xampp\htdocs\Medical_E-CARD\authority\amr\qrmask.php</b> on line <b>155</b><br />
<br />
<b>Warning</b>:  mkdir(): No such file or directory in <b>C:\xampp\htdocs\Medical_E-CARD\authority\amr\qrmask.php</b> on line <b>154</b><br />
<br />
<b>Warning</b>:  file_put_contents(C:\xampp\htdocs\Medical_E-CARD\authority\amr\cache\mask_4\mask_21_4.dat): failed to open stream: No such file or directory in <b>C:\xampp\htdocs\Medical_E-CARD\authority\amr\qrmask.php</b> on line <b>155</b><br />
<br />
<b>Warning</b>:  mkdir(): No such file or directory in <b>C:\xampp\htdocs\Medical_E-CARD\authority\amr\qrmask.php</b> on line <b>154</b><br />
<br />
<b>Warning</b>:  file_put_contents(C:\xampp\htdocs\Medical_E-CARD\authority\amr\cache\mask_5\mask_21_5.dat): failed to open stream: No such file or directory in <b>C:\xampp\htdocs\Medical_E-CARD\authority\amr\qrmask.php</b> on line <b>155</b><br />
<br />
<b>Warning</b>:  mkdir(): No such file or directory in <b>C:\xampp\htdocs\Medical_E-CARD\authority\amr\qrmask.php</b> on line <b>154</b><br />
<br />
<b>Warning</b>:  file_put_contents(C:\xampp\htdocs\Medical_E-CARD\authority\amr\cache\mask_6\mask_21_6.dat): failed to open stream: No such file or directory in <b>C:\xampp\htdocs\Medical_E-CARD\authority\amr\qrmask.php</b> on line <b>155</b><br />
<br />
<b>Warning</b>:  mkdir(): No such file or directory in <b>C:\xampp\htdocs\Medical_E-CARD\authority\amr\qrmask.php</b> on line <b>154</b><br />
<br />
<b>Warning</b>:  file_put_contents(C:\xampp\htdocs\Medical_E-CARD\authority\amr\cache\mask_7\mask_21_7.dat): failed to open stream: No such file or directory in <b>C:\xampp\htdocs\Medical_E-CARD\authority\amr\qrmask.php</b> on line <b>155</b><br />
2016-11-20 09:25:44: <br />
<b>Warning</b>:  file_put_contents(C:\xampp\htdocs\Medical_E-CARD\authority\amr\cache\frame_1.dat): failed to open stream: No such file or directory in <b>C:\xampp\htdocs\Medical_E-CARD\authority\amr\qrspec.php</b> on line <b>568</b><br />
<br />
<b>Warning</b>:  mkdir(): No such file or directory in <b>C:\xampp\htdocs\Medical_E-CARD\authority\amr\qrmask.php</b> on line <b>154</b><br />
<br />
<b>Warning</b>:  file_put_contents(C:\xampp\htdocs\Medical_E-CARD\authority\amr\cache\mask_0\mask_21_0.dat): failed to open stream: No such file or directory in <b>C:\xampp\htdocs\Medical_E-CARD\authority\amr\qrmask.php</b> on line <b>155</b><br />
<br />
<b>Warning</b>:  mkdir(): No such file or directory in <b>C:\xampp\htdocs\Medical_E-CARD\authority\amr\qrmask.php</b> on line <b>154</b><br />
<br />
<b>Warning</b>:  file_put_contents(C:\xampp\htdocs\Medical_E-CARD\authority\amr\cache\mask_1\mask_21_1.dat): failed to open stream: No such file or directory in <b>C:\xampp\htdocs\Medical_E-CARD\authority\amr\qrmask.php</b> on line <b>155</b><br />
<br />
<b>Warning</b>:  mkdir(): No such file or directory in <b>C:\xampp\htdocs\Medical_E-CARD\authority\amr\qrmask.php</b> on line <b>154</b><br />
<br />
<b>Warning</b>:  file_put_contents(C:\xampp\htdocs\Medical_E-CARD\authority\amr\cache\mask_2\mask_21_2.dat): failed to open stream: No such file or directory in <b>C:\xampp\htdocs\Medical_E-CARD\authority\amr\qrmask.php</b> on line <b>155</b><br />
<br />
<b>Warning</b>:  mkdir(): No such file or directory in <b>C:\xampp\htdocs\Medical_E-CARD\authority\amr\qrmask.php</b> on line <b>154</b><br />
<br />
<b>Warning</b>:  file_put_contents(C:\xampp\htdocs\Medical_E-CARD\authority\amr\cache\mask_3\mask_21_3.dat): failed to open stream: No such file or directory in <b>C:\xampp\htdocs\Medical_E-CARD\authority\amr\qrmask.php</b> on line <b>155</b><br />
<br />
<b>Warning</b>:  mkdir(): No such file or directory in <b>C:\xampp\htdocs\Medical_E-CARD\authority\amr\qrmask.php</b> on line <b>154</b><br />
<br />
<b>Warning</b>:  file_put_contents(C:\xampp\htdocs\Medical_E-CARD\authority\amr\cache\mask_4\mask_21_4.dat): failed to open stream: No such file or directory in <b>C:\xampp\htdocs\Medical_E-CARD\authority\amr\qrmask.php</b> on line <b>155</b><br />
<br />
<b>Warning</b>:  mkdir(): No such file or directory in <b>C:\xampp\htdocs\Medical_E-CARD\authority\amr\qrmask.php</b> on line <b>154</b><br />
<br />
<b>Warning</b>:  file_put_contents(C:\xampp\htdocs\Medical_E-CARD\authority\amr\cache\mask_5\mask_21_5.dat): failed to open stream: No such file or directory in <b>C:\xampp\htdocs\Medical_E-CARD\authority\amr\qrmask.php</b> on line <b>155</b><br />
<br />
<b>Warning</b>:  mkdir(): No such file or directory in <b>C:\xampp\htdocs\Medical_E-CARD\authority\amr\qrmask.php</b> on line <b>154</b><br />
<br />
<b>Warning</b>:  file_put_contents(C:\xampp\htdocs\Medical_E-CARD\authority\amr\cache\mask_6\mask_21_6.dat): failed to open stream: No such file or directory in <b>C:\xampp\htdocs\Medical_E-CARD\authority\amr\qrmask.php</b> on line <b>155</b><br />
<br />
<b>Warning</b>:  mkdir(): No such file or directory in <b>C:\xampp\htdocs\Medical_E-CARD\authority\amr\qrmask.php</b> on line <b>154</b><br />
<br />
<b>Warning</b>:  file_put_contents(C:\xampp\htdocs\Medical_E-CARD\authority\amr\cache\mask_7\mask_21_7.dat): failed to open stream: No such file or directory in <b>C:\xampp\htdocs\Medical_E-CARD\authority\amr\qrmask.php</b> on line <b>155</b><br />
2016-11-20 09:25:48: <br />
<b>Warning</b>:  file_put_contents(C:\xampp\htdocs\Medical_E-CARD\authority\amr\cache\frame_1.dat): failed to open stream: No such file or directory in <b>C:\xampp\htdocs\Medical_E-CARD\authority\amr\qrspec.php</b> on line <b>568</b><br />
<br />
<b>Warning</b>:  mkdir(): No such file or directory in <b>C:\xampp\htdocs\Medical_E-CARD\authority\amr\qrmask.php</b> on line <b>154</b><br />
<br />
<b>Warning</b>:  file_put_contents(C:\xampp\htdocs\Medical_E-CARD\authority\amr\cache\mask_0\mask_21_0.dat): failed to open stream: No such file or directory in <b>C:\xampp\htdocs\Medical_E-CARD\authority\amr\qrmask.php</b> on line <b>155</b><br />
<br />
<b>Warning</b>:  mkdir(): No such file or directory in <b>C:\xampp\htdocs\Medical_E-CARD\authority\amr\qrmask.php</b> on line <b>154</b><br />
<br />
<b>Warning</b>:  file_put_contents(C:\xampp\htdocs\Medical_E-CARD\authority\amr\cache\mask_1\mask_21_1.dat): failed to open stream: No such file or directory in <b>C:\xampp\htdocs\Medical_E-CARD\authority\amr\qrmask.php</b> on line <b>155</b><br />
<br />
<b>Warning</b>:  mkdir(): No such file or directory in <b>C:\xampp\htdocs\Medical_E-CARD\authority\amr\qrmask.php</b> on line <b>154</b><br />
<br />
<b>Warning</b>:  file_put_contents(C:\xampp\htdocs\Medical_E-CARD\authority\amr\cache\mask_2\mask_21_2.dat): failed to open stream: No such file or directory in <b>C:\xampp\htdocs\Medical_E-CARD\authority\amr\qrmask.php</b> on line <b>155</b><br />
<br />
<b>Warning</b>:  mkdir(): No such file or directory in <b>C:\xampp\htdocs\Medical_E-CARD\authority\amr\qrmask.php</b> on line <b>154</b><br />
<br />
<b>Warning</b>:  file_put_contents(C:\xampp\htdocs\Medical_E-CARD\authority\amr\cache\mask_3\mask_21_3.dat): failed to open stream: No such file or directory in <b>C:\xampp\htdocs\Medical_E-CARD\authority\amr\qrmask.php</b> on line <b>155</b><br />
<br />
<b>Warning</b>:  mkdir(): No such file or directory in <b>C:\xampp\htdocs\Medical_E-CARD\authority\amr\qrmask.php</b> on line <b>154</b><br />
<br />
<b>Warning</b>:  file_put_contents(C:\xampp\htdocs\Medical_E-CARD\authority\amr\cache\mask_4\mask_21_4.dat): failed to open stream: No such file or directory in <b>C:\xampp\htdocs\Medical_E-CARD\authority\amr\qrmask.php</b> on line <b>155</b><br />
<br />
<b>Warning</b>:  mkdir(): No such file or directory in <b>C:\xampp\htdocs\Medical_E-CARD\authority\amr\qrmask.php</b> on line <b>154</b><br />
<br />
<b>Warning</b>:  file_put_contents(C:\xampp\htdocs\Medical_E-CARD\authority\amr\cache\mask_5\mask_21_5.dat): failed to open stream: No such file or directory in <b>C:\xampp\htdocs\Medical_E-CARD\authority\amr\qrmask.php</b> on line <b>155</b><br />
<br />
<b>Warning</b>:  mkdir(): No such file or directory in <b>C:\xampp\htdocs\Medical_E-CARD\authority\amr\qrmask.php</b> on line <b>154</b><br />
<br />
<b>Warning</b>:  file_put_contents(C:\xampp\htdocs\Medical_E-CARD\authority\amr\cache\mask_6\mask_21_6.dat): failed to open stream: No such file or directory in <b>C:\xampp\htdocs\Medical_E-CARD\authority\amr\qrmask.php</b> on line <b>155</b><br />
<br />
<b>Warning</b>:  mkdir(): No such file or directory in <b>C:\xampp\htdocs\Medical_E-CARD\authority\amr\qrmask.php</b> on line <b>154</b><br />
<br />
<b>Warning</b>:  file_put_contents(C:\xampp\htdocs\Medical_E-CARD\authority\amr\cache\mask_7\mask_21_7.dat): failed to open stream: No such file or directory in <b>C:\xampp\htdocs\Medical_E-CARD\authority\amr\qrmask.php</b> on line <b>155</b><br />
2016-11-20 09:26:01: <br />
<b>Warning</b>:  file_put_contents(C:\xampp\htdocs\Medical_E-CARD\authority\amr\cache\frame_1.dat): failed to open stream: No such file or directory in <b>C:\xampp\htdocs\Medical_E-CARD\authority\amr\qrspec.php</b> on line <b>568</b><br />
<br />
<b>Warning</b>:  mkdir(): No such file or directory in <b>C:\xampp\htdocs\Medical_E-CARD\authority\amr\qrmask.php</b> on line <b>154</b><br />
<br />
<b>Warning</b>:  file_put_contents(C:\xampp\htdocs\Medical_E-CARD\authority\amr\cache\mask_0\mask_21_0.dat): failed to open stream: No such file or directory in <b>C:\xampp\htdocs\Medical_E-CARD\authority\amr\qrmask.php</b> on line <b>155</b><br />
<br />
<b>Warning</b>:  mkdir(): No such file or directory in <b>C:\xampp\htdocs\Medical_E-CARD\authority\amr\qrmask.php</b> on line <b>154</b><br />
<br />
<b>Warning</b>:  file_put_contents(C:\xampp\htdocs\Medical_E-CARD\authority\amr\cache\mask_1\mask_21_1.dat): failed to open stream: No such file or directory in <b>C:\xampp\htdocs\Medical_E-CARD\authority\amr\qrmask.php</b> on line <b>155</b><br />
<br />
<b>Warning</b>:  mkdir(): No such file or directory in <b>C:\xampp\htdocs\Medical_E-CARD\authority\amr\qrmask.php</b> on line <b>154</b><br />
<br />
<b>Warning</b>:  file_put_contents(C:\xampp\htdocs\Medical_E-CARD\authority\amr\cache\mask_2\mask_21_2.dat): failed to open stream: No such file or directory in <b>C:\xampp\htdocs\Medical_E-CARD\authority\amr\qrmask.php</b> on line <b>155</b><br />
<br />
<b>Warning</b>:  mkdir(): No such file or directory in <b>C:\xampp\htdocs\Medical_E-CARD\authority\amr\qrmask.php</b> on line <b>154</b><br />
<br />
<b>Warning</b>:  file_put_contents(C:\xampp\htdocs\Medical_E-CARD\authority\amr\cache\mask_3\mask_21_3.dat): failed to open stream: No such file or directory in <b>C:\xampp\htdocs\Medical_E-CARD\authority\amr\qrmask.php</b> on line <b>155</b><br />
<br />
<b>Warning</b>:  mkdir(): No such file or directory in <b>C:\xampp\htdocs\Medical_E-CARD\authority\amr\qrmask.php</b> on line <b>154</b><br />
<br />
<b>Warning</b>:  file_put_contents(C:\xampp\htdocs\Medical_E-CARD\authority\amr\cache\mask_4\mask_21_4.dat): failed to open stream: No such file or directory in <b>C:\xampp\htdocs\Medical_E-CARD\authority\amr\qrmask.php</b> on line <b>155</b><br />
<br />
<b>Warning</b>:  mkdir(): No such file or directory in <b>C:\xampp\htdocs\Medical_E-CARD\authority\amr\qrmask.php</b> on line <b>154</b><br />
<br />
<b>Warning</b>:  file_put_contents(C:\xampp\htdocs\Medical_E-CARD\authority\amr\cache\mask_5\mask_21_5.dat): failed to open stream: No such file or directory in <b>C:\xampp\htdocs\Medical_E-CARD\authority\amr\qrmask.php</b> on line <b>155</b><br />
<br />
<b>Warning</b>:  mkdir(): No such file or directory in <b>C:\xampp\htdocs\Medical_E-CARD\authority\amr\qrmask.php</b> on line <b>154</b><br />
<br />
<b>Warning</b>:  file_put_contents(C:\xampp\htdocs\Medical_E-CARD\authority\amr\cache\mask_6\mask_21_6.dat): failed to open stream: No such file or directory in <b>C:\xampp\htdocs\Medical_E-CARD\authority\amr\qrmask.php</b> on line <b>155</b><br />
<br />
<b>Warning</b>:  mkdir(): No such file or directory in <b>C:\xampp\htdocs\Medical_E-CARD\authority\amr\qrmask.php</b> on line <b>154</b><br />
<br />
<b>Warning</b>:  file_put_contents(C:\xampp\htdocs\Medical_E-CARD\authority\amr\cache\mask_7\mask_21_7.dat): failed to open stream: No such file or directory in <b>C:\xampp\htdocs\Medical_E-CARD\authority\amr\qrmask.php</b> on line <b>155</b><br />
2016-11-20 09:27:28: <br />
<b>Warning</b>:  file_put_contents(C:\xampp\htdocs\Medical_E-CARD\authority\amr\cache\frame_1.dat): failed to open stream: No such file or directory in <b>C:\xampp\htdocs\Medical_E-CARD\authority\amr\qrspec.php</b> on line <b>568</b><br />
<br />
<b>Warning</b>:  mkdir(): No such file or directory in <b>C:\xampp\htdocs\Medical_E-CARD\authority\amr\qrmask.php</b> on line <b>154</b><br />
<br />
<b>Warning</b>:  file_put_contents(C:\xampp\htdocs\Medical_E-CARD\authority\amr\cache\mask_0\mask_21_0.dat): failed to open stream: No such file or directory in <b>C:\xampp\htdocs\Medical_E-CARD\authority\amr\qrmask.php</b> on line <b>155</b><br />
<br />
<b>Warning</b>:  mkdir(): No such file or directory in <b>C:\xampp\htdocs\Medical_E-CARD\authority\amr\qrmask.php</b> on line <b>154</b><br />
<br />
<b>Warning</b>:  file_put_contents(C:\xampp\htdocs\Medical_E-CARD\authority\amr\cache\mask_1\mask_21_1.dat): failed to open stream: No such file or directory in <b>C:\xampp\htdocs\Medical_E-CARD\authority\amr\qrmask.php</b> on line <b>155</b><br />
<br />
<b>Warning</b>:  mkdir(): No such file or directory in <b>C:\xampp\htdocs\Medical_E-CARD\authority\amr\qrmask.php</b> on line <b>154</b><br />
<br />
<b>Warning</b>:  file_put_contents(C:\xampp\htdocs\Medical_E-CARD\authority\amr\cache\mask_2\mask_21_2.dat): failed to open stream: No such file or directory in <b>C:\xampp\htdocs\Medical_E-CARD\authority\amr\qrmask.php</b> on line <b>155</b><br />
<br />
<b>Warning</b>:  mkdir(): No such file or directory in <b>C:\xampp\htdocs\Medical_E-CARD\authority\amr\qrmask.php</b> on line <b>154</b><br />
<br />
<b>Warning</b>:  file_put_contents(C:\xampp\htdocs\Medical_E-CARD\authority\amr\cache\mask_3\mask_21_3.dat): failed to open stream: No such file or directory in <b>C:\xampp\htdocs\Medical_E-CARD\authority\amr\qrmask.php</b> on line <b>155</b><br />
<br />
<b>Warning</b>:  mkdir(): No such file or directory in <b>C:\xampp\htdocs\Medical_E-CARD\authority\amr\qrmask.php</b> on line <b>154</b><br />
<br />
<b>Warning</b>:  file_put_contents(C:\xampp\htdocs\Medical_E-CARD\authority\amr\cache\mask_4\mask_21_4.dat): failed to open stream: No such file or directory in <b>C:\xampp\htdocs\Medical_E-CARD\authority\amr\qrmask.php</b> on line <b>155</b><br />
<br />
<b>Warning</b>:  mkdir(): No such file or directory in <b>C:\xampp\htdocs\Medical_E-CARD\authority\amr\qrmask.php</b> on line <b>154</b><br />
<br />
<b>Warning</b>:  file_put_contents(C:\xampp\htdocs\Medical_E-CARD\authority\amr\cache\mask_5\mask_21_5.dat): failed to open stream: No such file or directory in <b>C:\xampp\htdocs\Medical_E-CARD\authority\amr\qrmask.php</b> on line <b>155</b><br />
<br />
<b>Warning</b>:  mkdir(): No such file or directory in <b>C:\xampp\htdocs\Medical_E-CARD\authority\amr\qrmask.php</b> on line <b>154</b><br />
<br />
<b>Warning</b>:  file_put_contents(C:\xampp\htdocs\Medical_E-CARD\authority\amr\cache\mask_6\mask_21_6.dat): failed to open stream: No such file or directory in <b>C:\xampp\htdocs\Medical_E-CARD\authority\amr\qrmask.php</b> on line <b>155</b><br />
<br />
<b>Warning</b>:  mkdir(): No such file or directory in <b>C:\xampp\htdocs\Medical_E-CARD\authority\amr\qrmask.php</b> on line <b>154</b><br />
<br />
<b>Warning</b>:  file_put_contents(C:\xampp\htdocs\Medical_E-CARD\authority\amr\cache\mask_7\mask_21_7.dat): failed to open stream: No such file or directory in <b>C:\xampp\htdocs\Medical_E-CARD\authority\amr\qrmask.php</b> on line <b>155</b><br />
2016-11-20 09:28:19: <br />
<b>Warning</b>:  file_put_contents(C:\xampp\htdocs\Medical_E-CARD\authority\amr\cache\frame_1.dat): failed to open stream: No such file or directory in <b>C:\xampp\htdocs\Medical_E-CARD\authority\amr\qrspec.php</b> on line <b>568</b><br />
<br />
<b>Warning</b>:  mkdir(): No such file or directory in <b>C:\xampp\htdocs\Medical_E-CARD\authority\amr\qrmask.php</b> on line <b>154</b><br />
<br />
<b>Warning</b>:  file_put_contents(C:\xampp\htdocs\Medical_E-CARD\authority\amr\cache\mask_0\mask_21_0.dat): failed to open stream: No such file or directory in <b>C:\xampp\htdocs\Medical_E-CARD\authority\amr\qrmask.php</b> on line <b>155</b><br />
<br />
<b>Warning</b>:  mkdir(): No such file or directory in <b>C:\xampp\htdocs\Medical_E-CARD\authority\amr\qrmask.php</b> on line <b>154</b><br />
<br />
<b>Warning</b>:  file_put_contents(C:\xampp\htdocs\Medical_E-CARD\authority\amr\cache\mask_1\mask_21_1.dat): failed to open stream: No such file or directory in <b>C:\xampp\htdocs\Medical_E-CARD\authority\amr\qrmask.php</b> on line <b>155</b><br />
<br />
<b>Warning</b>:  mkdir(): No such file or directory in <b>C:\xampp\htdocs\Medical_E-CARD\authority\amr\qrmask.php</b> on line <b>154</b><br />
<br />
<b>Warning</b>:  file_put_contents(C:\xampp\htdocs\Medical_E-CARD\authority\amr\cache\mask_2\mask_21_2.dat): failed to open stream: No such file or directory in <b>C:\xampp\htdocs\Medical_E-CARD\authority\amr\qrmask.php</b> on line <b>155</b><br />
<br />
<b>Warning</b>:  mkdir(): No such file or directory in <b>C:\xampp\htdocs\Medical_E-CARD\authority\amr\qrmask.php</b> on line <b>154</b><br />
<br />
<b>Warning</b>:  file_put_contents(C:\xampp\htdocs\Medical_E-CARD\authority\amr\cache\mask_3\mask_21_3.dat): failed to open stream: No such file or directory in <b>C:\xampp\htdocs\Medical_E-CARD\authority\amr\qrmask.php</b> on line <b>155</b><br />
<br />
<b>Warning</b>:  mkdir(): No such file or directory in <b>C:\xampp\htdocs\Medical_E-CARD\authority\amr\qrmask.php</b> on line <b>154</b><br />
<br />
<b>Warning</b>:  file_put_contents(C:\xampp\htdocs\Medical_E-CARD\authority\amr\cache\mask_4\mask_21_4.dat): failed to open stream: No such file or directory in <b>C:\xampp\htdocs\Medical_E-CARD\authority\amr\qrmask.php</b> on line <b>155</b><br />
<br />
<b>Warning</b>:  mkdir(): No such file or directory in <b>C:\xampp\htdocs\Medical_E-CARD\authority\amr\qrmask.php</b> on line <b>154</b><br />
<br />
<b>Warning</b>:  file_put_contents(C:\xampp\htdocs\Medical_E-CARD\authority\amr\cache\mask_5\mask_21_5.dat): failed to open stream: No such file or directory in <b>C:\xampp\htdocs\Medical_E-CARD\authority\amr\qrmask.php</b> on line <b>155</b><br />
<br />
<b>Warning</b>:  mkdir(): No such file or directory in <b>C:\xampp\htdocs\Medical_E-CARD\authority\amr\qrmask.php</b> on line <b>154</b><br />
<br />
<b>Warning</b>:  file_put_contents(C:\xampp\htdocs\Medical_E-CARD\authority\amr\cache\mask_6\mask_21_6.dat): failed to open stream: No such file or directory in <b>C:\xampp\htdocs\Medical_E-CARD\authority\amr\qrmask.php</b> on line <b>155</b><br />
<br />
<b>Warning</b>:  mkdir(): No such file or directory in <b>C:\xampp\htdocs\Medical_E-CARD\authority\amr\qrmask.php</b> on line <b>154</b><br />
<br />
<b>Warning</b>:  file_put_contents(C:\xampp\htdocs\Medical_E-CARD\authority\amr\cache\mask_7\mask_21_7.dat): failed to open stream: No such file or directory in <b>C:\xampp\htdocs\Medical_E-CARD\authority\amr\qrmask.php</b> on line <b>155</b><br />
2016-11-21 11:56:52: <br />
<b>Warning</b>:  file_put_contents(C:\xampp\htdocs\Medical_E-CARD\authority\amr\cache\frame_1.dat): failed to open stream: No such file or directory in <b>C:\xampp\htdocs\Medical_E-CARD\authority\amr\qrspec.php</b> on line <b>568</b><br />
<br />
<b>Warning</b>:  mkdir(): No such file or directory in <b>C:\xampp\htdocs\Medical_E-CARD\authority\amr\qrmask.php</b> on line <b>154</b><br />
<br />
<b>Warning</b>:  file_put_contents(C:\xampp\htdocs\Medical_E-CARD\authority\amr\cache\mask_0\mask_21_0.dat): failed to open stream: No such file or directory in <b>C:\xampp\htdocs\Medical_E-CARD\authority\amr\qrmask.php</b> on line <b>155</b><br />
<br />
<b>Warning</b>:  mkdir(): No such file or directory in <b>C:\xampp\htdocs\Medical_E-CARD\authority\amr\qrmask.php</b> on line <b>154</b><br />
<br />
<b>Warning</b>:  file_put_contents(C:\xampp\htdocs\Medical_E-CARD\authority\amr\cache\mask_1\mask_21_1.dat): failed to open stream: No such file or directory in <b>C:\xampp\htdocs\Medical_E-CARD\authority\amr\qrmask.php</b> on line <b>155</b><br />
<br />
<b>Warning</b>:  mkdir(): No such file or directory in <b>C:\xampp\htdocs\Medical_E-CARD\authority\amr\qrmask.php</b> on line <b>154</b><br />
<br />
<b>Warning</b>:  file_put_contents(C:\xampp\htdocs\Medical_E-CARD\authority\amr\cache\mask_2\mask_21_2.dat): failed to open stream: No such file or directory in <b>C:\xampp\htdocs\Medical_E-CARD\authority\amr\qrmask.php</b> on line <b>155</b><br />
<br />
<b>Warning</b>:  mkdir(): No such file or directory in <b>C:\xampp\htdocs\Medical_E-CARD\authority\amr\qrmask.php</b> on line <b>154</b><br />
<br />
<b>Warning</b>:  file_put_contents(C:\xampp\htdocs\Medical_E-CARD\authority\amr\cache\mask_3\mask_21_3.dat): failed to open stream: No such file or directory in <b>C:\xampp\htdocs\Medical_E-CARD\authority\amr\qrmask.php</b> on line <b>155</b><br />
<br />
<b>Warning</b>:  mkdir(): No such file or directory in <b>C:\xampp\htdocs\Medical_E-CARD\authority\amr\qrmask.php</b> on line <b>154</b><br />
<br />
<b>Warning</b>:  file_put_contents(C:\xampp\htdocs\Medical_E-CARD\authority\amr\cache\mask_4\mask_21_4.dat): failed to open stream: No such file or directory in <b>C:\xampp\htdocs\Medical_E-CARD\authority\amr\qrmask.php</b> on line <b>155</b><br />
<br />
<b>Warning</b>:  mkdir(): No such file or directory in <b>C:\xampp\htdocs\Medical_E-CARD\authority\amr\qrmask.php</b> on line <b>154</b><br />
<br />
<b>Warning</b>:  file_put_contents(C:\xampp\htdocs\Medical_E-CARD\authority\amr\cache\mask_5\mask_21_5.dat): failed to open stream: No such file or directory in <b>C:\xampp\htdocs\Medical_E-CARD\authority\amr\qrmask.php</b> on line <b>155</b><br />
<br />
<b>Warning</b>:  mkdir(): No such file or directory in <b>C:\xampp\htdocs\Medical_E-CARD\authority\amr\qrmask.php</b> on line <b>154</b><br />
<br />
<b>Warning</b>:  file_put_contents(C:\xampp\htdocs\Medical_E-CARD\authority\amr\cache\mask_6\mask_21_6.dat): failed to open stream: No such file or directory in <b>C:\xampp\htdocs\Medical_E-CARD\authority\amr\qrmask.php</b> on line <b>155</b><br />
<br />
<b>Warning</b>:  mkdir(): No such file or directory in <b>C:\xampp\htdocs\Medical_E-CARD\authority\amr\qrmask.php</b> on line <b>154</b><br />
<br />
<b>Warning</b>:  file_put_contents(C:\xampp\htdocs\Medical_E-CARD\authority\amr\cache\mask_7\mask_21_7.dat): failed to open stream: No such file or directory in <b>C:\xampp\htdocs\Medical_E-CARD\authority\amr\qrmask.php</b> on line <b>155</b><br />
2016-11-21 12:06:14: <br />
<b>Warning</b>:  file_put_contents(C:\xampp\htdocs\Medical_E-CARD\authority\amr\cache\frame_1.dat): failed to open stream: No such file or directory in <b>C:\xampp\htdocs\Medical_E-CARD\authority\amr\qrspec.php</b> on line <b>568</b><br />
<br />
<b>Warning</b>:  mkdir(): No such file or directory in <b>C:\xampp\htdocs\Medical_E-CARD\authority\amr\qrmask.php</b> on line <b>154</b><br />
<br />
<b>Warning</b>:  file_put_contents(C:\xampp\htdocs\Medical_E-CARD\authority\amr\cache\mask_0\mask_21_0.dat): failed to open stream: No such file or directory in <b>C:\xampp\htdocs\Medical_E-CARD\authority\amr\qrmask.php</b> on line <b>155</b><br />
<br />
<b>Warning</b>:  mkdir(): No such file or directory in <b>C:\xampp\htdocs\Medical_E-CARD\authority\amr\qrmask.php</b> on line <b>154</b><br />
<br />
<b>Warning</b>:  file_put_contents(C:\xampp\htdocs\Medical_E-CARD\authority\amr\cache\mask_1\mask_21_1.dat): failed to open stream: No such file or directory in <b>C:\xampp\htdocs\Medical_E-CARD\authority\amr\qrmask.php</b> on line <b>155</b><br />
<br />
<b>Warning</b>:  mkdir(): No such file or directory in <b>C:\xampp\htdocs\Medical_E-CARD\authority\amr\qrmask.php</b> on line <b>154</b><br />
<br />
<b>Warning</b>:  file_put_contents(C:\xampp\htdocs\Medical_E-CARD\authority\amr\cache\mask_2\mask_21_2.dat): failed to open stream: No such file or directory in <b>C:\xampp\htdocs\Medical_E-CARD\authority\amr\qrmask.php</b> on line <b>155</b><br />
<br />
<b>Warning</b>:  mkdir(): No such file or directory in <b>C:\xampp\htdocs\Medical_E-CARD\authority\amr\qrmask.php</b> on line <b>154</b><br />
<br />
<b>Warning</b>:  file_put_contents(C:\xampp\htdocs\Medical_E-CARD\authority\amr\cache\mask_3\mask_21_3.dat): failed to open stream: No such file or directory in <b>C:\xampp\htdocs\Medical_E-CARD\authority\amr\qrmask.php</b> on line <b>155</b><br />
<br />
<b>Warning</b>:  mkdir(): No such file or directory in <b>C:\xampp\htdocs\Medical_E-CARD\authority\amr\qrmask.php</b> on line <b>154</b><br />
<br />
<b>Warning</b>:  file_put_contents(C:\xampp\htdocs\Medical_E-CARD\authority\amr\cache\mask_4\mask_21_4.dat): failed to open stream: No such file or directory in <b>C:\xampp\htdocs\Medical_E-CARD\authority\amr\qrmask.php</b> on line <b>155</b><br />
<br />
<b>Warning</b>:  mkdir(): No such file or directory in <b>C:\xampp\htdocs\Medical_E-CARD\authority\amr\qrmask.php</b> on line <b>154</b><br />
<br />
<b>Warning</b>:  file_put_contents(C:\xampp\htdocs\Medical_E-CARD\authority\amr\cache\mask_5\mask_21_5.dat): failed to open stream: No such file or directory in <b>C:\xampp\htdocs\Medical_E-CARD\authority\amr\qrmask.php</b> on line <b>155</b><br />
<br />
<b>Warning</b>:  mkdir(): No such file or directory in <b>C:\xampp\htdocs\Medical_E-CARD\authority\amr\qrmask.php</b> on line <b>154</b><br />
<br />
<b>Warning</b>:  file_put_contents(C:\xampp\htdocs\Medical_E-CARD\authority\amr\cache\mask_6\mask_21_6.dat): failed to open stream: No such file or directory in <b>C:\xampp\htdocs\Medical_E-CARD\authority\amr\qrmask.php</b> on line <b>155</b><br />
<br />
<b>Warning</b>:  mkdir(): No such file or directory in <b>C:\xampp\htdocs\Medical_E-CARD\authority\amr\qrmask.php</b> on line <b>154</b><br />
<br />
<b>Warning</b>:  file_put_contents(C:\xampp\htdocs\Medical_E-CARD\authority\amr\cache\mask_7\mask_21_7.dat): failed to open stream: No such file or directory in <b>C:\xampp\htdocs\Medical_E-CARD\authority\amr\qrmask.php</b> on line <b>155</b><br />
2016-11-21 12:06:31: <br />
<b>Warning</b>:  file_put_contents(C:\xampp\htdocs\Medical_E-CARD\authority\amr\cache\frame_1.dat): failed to open stream: No such file or directory in <b>C:\xampp\htdocs\Medical_E-CARD\authority\amr\qrspec.php</b> on line <b>568</b><br />
<br />
<b>Warning</b>:  mkdir(): No such file or directory in <b>C:\xampp\htdocs\Medical_E-CARD\authority\amr\qrmask.php</b> on line <b>154</b><br />
<br />
<b>Warning</b>:  file_put_contents(C:\xampp\htdocs\Medical_E-CARD\authority\amr\cache\mask_0\mask_21_0.dat): failed to open stream: No such file or directory in <b>C:\xampp\htdocs\Medical_E-CARD\authority\amr\qrmask.php</b> on line <b>155</b><br />
<br />
<b>Warning</b>:  mkdir(): No such file or directory in <b>C:\xampp\htdocs\Medical_E-CARD\authority\amr\qrmask.php</b> on line <b>154</b><br />
<br />
<b>Warning</b>:  file_put_contents(C:\xampp\htdocs\Medical_E-CARD\authority\amr\cache\mask_1\mask_21_1.dat): failed to open stream: No such file or directory in <b>C:\xampp\htdocs\Medical_E-CARD\authority\amr\qrmask.php</b> on line <b>155</b><br />
<br />
<b>Warning</b>:  mkdir(): No such file or directory in <b>C:\xampp\htdocs\Medical_E-CARD\authority\amr\qrmask.php</b> on line <b>154</b><br />
<br />
<b>Warning</b>:  file_put_contents(C:\xampp\htdocs\Medical_E-CARD\authority\amr\cache\mask_2\mask_21_2.dat): failed to open stream: No such file or directory in <b>C:\xampp\htdocs\Medical_E-CARD\authority\amr\qrmask.php</b> on line <b>155</b><br />
<br />
<b>Warning</b>:  mkdir(): No such file or directory in <b>C:\xampp\htdocs\Medical_E-CARD\authority\amr\qrmask.php</b> on line <b>154</b><br />
<br />
<b>Warning</b>:  file_put_contents(C:\xampp\htdocs\Medical_E-CARD\authority\amr\cache\mask_3\mask_21_3.dat): failed to open stream: No such file or directory in <b>C:\xampp\htdocs\Medical_E-CARD\authority\amr\qrmask.php</b> on line <b>155</b><br />
<br />
<b>Warning</b>:  mkdir(): No such file or directory in <b>C:\xampp\htdocs\Medical_E-CARD\authority\amr\qrmask.php</b> on line <b>154</b><br />
<br />
<b>Warning</b>:  file_put_contents(C:\xampp\htdocs\Medical_E-CARD\authority\amr\cache\mask_4\mask_21_4.dat): failed to open stream: No such file or directory in <b>C:\xampp\htdocs\Medical_E-CARD\authority\amr\qrmask.php</b> on line <b>155</b><br />
<br />
<b>Warning</b>:  mkdir(): No such file or directory in <b>C:\xampp\htdocs\Medical_E-CARD\authority\amr\qrmask.php</b> on line <b>154</b><br />
<br />
<b>Warning</b>:  file_put_contents(C:\xampp\htdocs\Medical_E-CARD\authority\amr\cache\mask_5\mask_21_5.dat): failed to open stream: No such file or directory in <b>C:\xampp\htdocs\Medical_E-CARD\authority\amr\qrmask.php</b> on line <b>155</b><br />
<br />
<b>Warning</b>:  mkdir(): No such file or directory in <b>C:\xampp\htdocs\Medical_E-CARD\authority\amr\qrmask.php</b> on line <b>154</b><br />
<br />
<b>Warning</b>:  file_put_contents(C:\xampp\htdocs\Medical_E-CARD\authority\amr\cache\mask_6\mask_21_6.dat): failed to open stream: No such file or directory in <b>C:\xampp\htdocs\Medical_E-CARD\authority\amr\qrmask.php</b> on line <b>155</b><br />
<br />
<b>Warning</b>:  mkdir(): No such file or directory in <b>C:\xampp\htdocs\Medical_E-CARD\authority\amr\qrmask.php</b> on line <b>154</b><br />
<br />
<b>Warning</b>:  file_put_contents(C:\xampp\htdocs\Medical_E-CARD\authority\amr\cache\mask_7\mask_21_7.dat): failed to open stream: No such file or directory in <b>C:\xampp\htdocs\Medical_E-CARD\authority\amr\qrmask.php</b> on line <b>155</b><br />
2016-11-21 12:10:03: <br />
<b>Warning</b>:  file_put_contents(C:\xampp\htdocs\Medical_E-CARD\authority\amr\cache\frame_1.dat): failed to open stream: No such file or directory in <b>C:\xampp\htdocs\Medical_E-CARD\authority\amr\qrspec.php</b> on line <b>568</b><br />
<br />
<b>Warning</b>:  mkdir(): No such file or directory in <b>C:\xampp\htdocs\Medical_E-CARD\authority\amr\qrmask.php</b> on line <b>154</b><br />
<br />
<b>Warning</b>:  file_put_contents(C:\xampp\htdocs\Medical_E-CARD\authority\amr\cache\mask_0\mask_21_0.dat): failed to open stream: No such file or directory in <b>C:\xampp\htdocs\Medical_E-CARD\authority\amr\qrmask.php</b> on line <b>155</b><br />
<br />
<b>Warning</b>:  mkdir(): No such file or directory in <b>C:\xampp\htdocs\Medical_E-CARD\authority\amr\qrmask.php</b> on line <b>154</b><br />
<br />
<b>Warning</b>:  file_put_contents(C:\xampp\htdocs\Medical_E-CARD\authority\amr\cache\mask_1\mask_21_1.dat): failed to open stream: No such file or directory in <b>C:\xampp\htdocs\Medical_E-CARD\authority\amr\qrmask.php</b> on line <b>155</b><br />
<br />
<b>Warning</b>:  mkdir(): No such file or directory in <b>C:\xampp\htdocs\Medical_E-CARD\authority\amr\qrmask.php</b> on line <b>154</b><br />
<br />
<b>Warning</b>:  file_put_contents(C:\xampp\htdocs\Medical_E-CARD\authority\amr\cache\mask_2\mask_21_2.dat): failed to open stream: No such file or directory in <b>C:\xampp\htdocs\Medical_E-CARD\authority\amr\qrmask.php</b> on line <b>155</b><br />
<br />
<b>Warning</b>:  mkdir(): No such file or directory in <b>C:\xampp\htdocs\Medical_E-CARD\authority\amr\qrmask.php</b> on line <b>154</b><br />
<br />
<b>Warning</b>:  file_put_contents(C:\xampp\htdocs\Medical_E-CARD\authority\amr\cache\mask_3\mask_21_3.dat): failed to open stream: No such file or directory in <b>C:\xampp\htdocs\Medical_E-CARD\authority\amr\qrmask.php</b> on line <b>155</b><br />
<br />
<b>Warning</b>:  mkdir(): No such file or directory in <b>C:\xampp\htdocs\Medical_E-CARD\authority\amr\qrmask.php</b> on line <b>154</b><br />
<br />
<b>Warning</b>:  file_put_contents(C:\xampp\htdocs\Medical_E-CARD\authority\amr\cache\mask_4\mask_21_4.dat): failed to open stream: No such file or directory in <b>C:\xampp\htdocs\Medical_E-CARD\authority\amr\qrmask.php</b> on line <b>155</b><br />
<br />
<b>Warning</b>:  mkdir(): No such file or directory in <b>C:\xampp\htdocs\Medical_E-CARD\authority\amr\qrmask.php</b> on line <b>154</b><br />
<br />
<b>Warning</b>:  file_put_contents(C:\xampp\htdocs\Medical_E-CARD\authority\amr\cache\mask_5\mask_21_5.dat): failed to open stream: No such file or directory in <b>C:\xampp\htdocs\Medical_E-CARD\authority\amr\qrmask.php</b> on line <b>155</b><br />
<br />
<b>Warning</b>:  mkdir(): No such file or directory in <b>C:\xampp\htdocs\Medical_E-CARD\authority\amr\qrmask.php</b> on line <b>154</b><br />
<br />
<b>Warning</b>:  file_put_contents(C:\xampp\htdocs\Medical_E-CARD\authority\amr\cache\mask_6\mask_21_6.dat): failed to open stream: No such file or directory in <b>C:\xampp\htdocs\Medical_E-CARD\authority\amr\qrmask.php</b> on line <b>155</b><br />
<br />
<b>Warning</b>:  mkdir(): No such file or directory in <b>C:\xampp\htdocs\Medical_E-CARD\authority\amr\qrmask.php</b> on line <b>154</b><br />
<br />
<b>Warning</b>:  file_put_contents(C:\xampp\htdocs\Medical_E-CARD\authority\amr\cache\mask_7\mask_21_7.dat): failed to open stream: No such file or directory in <b>C:\xampp\htdocs\Medical_E-CARD\authority\amr\qrmask.php</b> on line <b>155</b><br />
2016-11-21 12:12:42: <br />
<b>Warning</b>:  file_put_contents(C:\xampp\htdocs\Medical_E-CARD\authority\amr\cache\frame_1.dat): failed to open stream: No such file or directory in <b>C:\xampp\htdocs\Medical_E-CARD\authority\amr\qrspec.php</b> on line <b>568</b><br />
<br />
<b>Warning</b>:  mkdir(): No such file or directory in <b>C:\xampp\htdocs\Medical_E-CARD\authority\amr\qrmask.php</b> on line <b>154</b><br />
<br />
<b>Warning</b>:  file_put_contents(C:\xampp\htdocs\Medical_E-CARD\authority\amr\cache\mask_0\mask_21_0.dat): failed to open stream: No such file or directory in <b>C:\xampp\htdocs\Medical_E-CARD\authority\amr\qrmask.php</b> on line <b>155</b><br />
<br />
<b>Warning</b>:  mkdir(): No such file or directory in <b>C:\xampp\htdocs\Medical_E-CARD\authority\amr\qrmask.php</b> on line <b>154</b><br />
<br />
<b>Warning</b>:  file_put_contents(C:\xampp\htdocs\Medical_E-CARD\authority\amr\cache\mask_1\mask_21_1.dat): failed to open stream: No such file or directory in <b>C:\xampp\htdocs\Medical_E-CARD\authority\amr\qrmask.php</b> on line <b>155</b><br />
<br />
<b>Warning</b>:  mkdir(): No such file or directory in <b>C:\xampp\htdocs\Medical_E-CARD\authority\amr\qrmask.php</b> on line <b>154</b><br />
<br />
<b>Warning</b>:  file_put_contents(C:\xampp\htdocs\Medical_E-CARD\authority\amr\cache\mask_2\mask_21_2.dat): failed to open stream: No such file or directory in <b>C:\xampp\htdocs\Medical_E-CARD\authority\amr\qrmask.php</b> on line <b>155</b><br />
<br />
<b>Warning</b>:  mkdir(): No such file or directory in <b>C:\xampp\htdocs\Medical_E-CARD\authority\amr\qrmask.php</b> on line <b>154</b><br />
<br />
<b>Warning</b>:  file_put_contents(C:\xampp\htdocs\Medical_E-CARD\authority\amr\cache\mask_3\mask_21_3.dat): failed to open stream: No such file or directory in <b>C:\xampp\htdocs\Medical_E-CARD\authority\amr\qrmask.php</b> on line <b>155</b><br />
<br />
<b>Warning</b>:  mkdir(): No such file or directory in <b>C:\xampp\htdocs\Medical_E-CARD\authority\amr\qrmask.php</b> on line <b>154</b><br />
<br />
<b>Warning</b>:  file_put_contents(C:\xampp\htdocs\Medical_E-CARD\authority\amr\cache\mask_4\mask_21_4.dat): failed to open stream: No such file or directory in <b>C:\xampp\htdocs\Medical_E-CARD\authority\amr\qrmask.php</b> on line <b>155</b><br />
<br />
<b>Warning</b>:  mkdir(): No such file or directory in <b>C:\xampp\htdocs\Medical_E-CARD\authority\amr\qrmask.php</b> on line <b>154</b><br />
<br />
<b>Warning</b>:  file_put_contents(C:\xampp\htdocs\Medical_E-CARD\authority\amr\cache\mask_5\mask_21_5.dat): failed to open stream: No such file or directory in <b>C:\xampp\htdocs\Medical_E-CARD\authority\amr\qrmask.php</b> on line <b>155</b><br />
<br />
<b>Warning</b>:  mkdir(): No such file or directory in <b>C:\xampp\htdocs\Medical_E-CARD\authority\amr\qrmask.php</b> on line <b>154</b><br />
<br />
<b>Warning</b>:  file_put_contents(C:\xampp\htdocs\Medical_E-CARD\authority\amr\cache\mask_6\mask_21_6.dat): failed to open stream: No such file or directory in <b>C:\xampp\htdocs\Medical_E-CARD\authority\amr\qrmask.php</b> on line <b>155</b><br />
<br />
<b>Warning</b>:  mkdir(): No such file or directory in <b>C:\xampp\htdocs\Medical_E-CARD\authority\amr\qrmask.php</b> on line <b>154</b><br />
<br />
<b>Warning</b>:  file_put_contents(C:\xampp\htdocs\Medical_E-CARD\authority\amr\cache\mask_7\mask_21_7.dat): failed to open stream: No such file or directory in <b>C:\xampp\htdocs\Medical_E-CARD\authority\amr\qrmask.php</b> on line <b>155</b><br />
2016-11-21 12:17:25: <br />
<b>Warning</b>:  file_put_contents(C:\xampp\htdocs\Medical_E-CARD\authority\amr\cache\frame_1.dat): failed to open stream: No such file or directory in <b>C:\xampp\htdocs\Medical_E-CARD\authority\amr\qrspec.php</b> on line <b>568</b><br />
<br />
<b>Warning</b>:  mkdir(): No such file or directory in <b>C:\xampp\htdocs\Medical_E-CARD\authority\amr\qrmask.php</b> on line <b>154</b><br />
<br />
<b>Warning</b>:  file_put_contents(C:\xampp\htdocs\Medical_E-CARD\authority\amr\cache\mask_0\mask_21_0.dat): failed to open stream: No such file or directory in <b>C:\xampp\htdocs\Medical_E-CARD\authority\amr\qrmask.php</b> on line <b>155</b><br />
<br />
<b>Warning</b>:  mkdir(): No such file or directory in <b>C:\xampp\htdocs\Medical_E-CARD\authority\amr\qrmask.php</b> on line <b>154</b><br />
<br />
<b>Warning</b>:  file_put_contents(C:\xampp\htdocs\Medical_E-CARD\authority\amr\cache\mask_1\mask_21_1.dat): failed to open stream: No such file or directory in <b>C:\xampp\htdocs\Medical_E-CARD\authority\amr\qrmask.php</b> on line <b>155</b><br />
<br />
<b>Warning</b>:  mkdir(): No such file or directory in <b>C:\xampp\htdocs\Medical_E-CARD\authority\amr\qrmask.php</b> on line <b>154</b><br />
<br />
<b>Warning</b>:  file_put_contents(C:\xampp\htdocs\Medical_E-CARD\authority\amr\cache\mask_2\mask_21_2.dat): failed to open stream: No such file or directory in <b>C:\xampp\htdocs\Medical_E-CARD\authority\amr\qrmask.php</b> on line <b>155</b><br />
<br />
<b>Warning</b>:  mkdir(): No such file or directory in <b>C:\xampp\htdocs\Medical_E-CARD\authority\amr\qrmask.php</b> on line <b>154</b><br />
<br />
<b>Warning</b>:  file_put_contents(C:\xampp\htdocs\Medical_E-CARD\authority\amr\cache\mask_3\mask_21_3.dat): failed to open stream: No such file or directory in <b>C:\xampp\htdocs\Medical_E-CARD\authority\amr\qrmask.php</b> on line <b>155</b><br />
<br />
<b>Warning</b>:  mkdir(): No such file or directory in <b>C:\xampp\htdocs\Medical_E-CARD\authority\amr\qrmask.php</b> on line <b>154</b><br />
<br />
<b>Warning</b>:  file_put_contents(C:\xampp\htdocs\Medical_E-CARD\authority\amr\cache\mask_4\mask_21_4.dat): failed to open stream: No such file or directory in <b>C:\xampp\htdocs\Medical_E-CARD\authority\amr\qrmask.php</b> on line <b>155</b><br />
<br />
<b>Warning</b>:  mkdir(): No such file or directory in <b>C:\xampp\htdocs\Medical_E-CARD\authority\amr\qrmask.php</b> on line <b>154</b><br />
<br />
<b>Warning</b>:  file_put_contents(C:\xampp\htdocs\Medical_E-CARD\authority\amr\cache\mask_5\mask_21_5.dat): failed to open stream: No such file or directory in <b>C:\xampp\htdocs\Medical_E-CARD\authority\amr\qrmask.php</b> on line <b>155</b><br />
<br />
<b>Warning</b>:  mkdir(): No such file or directory in <b>C:\xampp\htdocs\Medical_E-CARD\authority\amr\qrmask.php</b> on line <b>154</b><br />
<br />
<b>Warning</b>:  file_put_contents(C:\xampp\htdocs\Medical_E-CARD\authority\amr\cache\mask_6\mask_21_6.dat): failed to open stream: No such file or directory in <b>C:\xampp\htdocs\Medical_E-CARD\authority\amr\qrmask.php</b> on line <b>155</b><br />
<br />
<b>Warning</b>:  mkdir(): No such file or directory in <b>C:\xampp\htdocs\Medical_E-CARD\authority\amr\qrmask.php</b> on line <b>154</b><br />
<br />
<b>Warning</b>:  file_put_contents(C:\xampp\htdocs\Medical_E-CARD\authority\amr\cache\mask_7\mask_21_7.dat): failed to open stream: No such file or directory in <b>C:\xampp\htdocs\Medical_E-CARD\authority\amr\qrmask.php</b> on line <b>155</b><br />
2016-11-21 12:18:10: <br />
<b>Warning</b>:  file_put_contents(C:\xampp\htdocs\Medical_E-CARD\authority\amr\cache\frame_1.dat): failed to open stream: No such file or directory in <b>C:\xampp\htdocs\Medical_E-CARD\authority\amr\qrspec.php</b> on line <b>568</b><br />
<br />
<b>Warning</b>:  mkdir(): No such file or directory in <b>C:\xampp\htdocs\Medical_E-CARD\authority\amr\qrmask.php</b> on line <b>154</b><br />
<br />
<b>Warning</b>:  file_put_contents(C:\xampp\htdocs\Medical_E-CARD\authority\amr\cache\mask_0\mask_21_0.dat): failed to open stream: No such file or directory in <b>C:\xampp\htdocs\Medical_E-CARD\authority\amr\qrmask.php</b> on line <b>155</b><br />
<br />
<b>Warning</b>:  mkdir(): No such file or directory in <b>C:\xampp\htdocs\Medical_E-CARD\authority\amr\qrmask.php</b> on line <b>154</b><br />
<br />
<b>Warning</b>:  file_put_contents(C:\xampp\htdocs\Medical_E-CARD\authority\amr\cache\mask_1\mask_21_1.dat): failed to open stream: No such file or directory in <b>C:\xampp\htdocs\Medical_E-CARD\authority\amr\qrmask.php</b> on line <b>155</b><br />
<br />
<b>Warning</b>:  mkdir(): No such file or directory in <b>C:\xampp\htdocs\Medical_E-CARD\authority\amr\qrmask.php</b> on line <b>154</b><br />
<br />
<b>Warning</b>:  file_put_contents(C:\xampp\htdocs\Medical_E-CARD\authority\amr\cache\mask_2\mask_21_2.dat): failed to open stream: No such file or directory in <b>C:\xampp\htdocs\Medical_E-CARD\authority\amr\qrmask.php</b> on line <b>155</b><br />
<br />
<b>Warning</b>:  mkdir(): No such file or directory in <b>C:\xampp\htdocs\Medical_E-CARD\authority\amr\qrmask.php</b> on line <b>154</b><br />
<br />
<b>Warning</b>:  file_put_contents(C:\xampp\htdocs\Medical_E-CARD\authority\amr\cache\mask_3\mask_21_3.dat): failed to open stream: No such file or directory in <b>C:\xampp\htdocs\Medical_E-CARD\authority\amr\qrmask.php</b> on line <b>155</b><br />
<br />
<b>Warning</b>:  mkdir(): No such file or directory in <b>C:\xampp\htdocs\Medical_E-CARD\authority\amr\qrmask.php</b> on line <b>154</b><br />
<br />
<b>Warning</b>:  file_put_contents(C:\xampp\htdocs\Medical_E-CARD\authority\amr\cache\mask_4\mask_21_4.dat): failed to open stream: No such file or directory in <b>C:\xampp\htdocs\Medical_E-CARD\authority\amr\qrmask.php</b> on line <b>155</b><br />
<br />
<b>Warning</b>:  mkdir(): No such file or directory in <b>C:\xampp\htdocs\Medical_E-CARD\authority\amr\qrmask.php</b> on line <b>154</b><br />
<br />
<b>Warning</b>:  file_put_contents(C:\xampp\htdocs\Medical_E-CARD\authority\amr\cache\mask_5\mask_21_5.dat): failed to open stream: No such file or directory in <b>C:\xampp\htdocs\Medical_E-CARD\authority\amr\qrmask.php</b> on line <b>155</b><br />
<br />
<b>Warning</b>:  mkdir(): No such file or directory in <b>C:\xampp\htdocs\Medical_E-CARD\authority\amr\qrmask.php</b> on line <b>154</b><br />
<br />
<b>Warning</b>:  file_put_contents(C:\xampp\htdocs\Medical_E-CARD\authority\amr\cache\mask_6\mask_21_6.dat): failed to open stream: No such file or directory in <b>C:\xampp\htdocs\Medical_E-CARD\authority\amr\qrmask.php</b> on line <b>155</b><br />
<br />
<b>Warning</b>:  mkdir(): No such file or directory in <b>C:\xampp\htdocs\Medical_E-CARD\authority\amr\qrmask.php</b> on line <b>154</b><br />
<br />
<b>Warning</b>:  file_put_contents(C:\xampp\htdocs\Medical_E-CARD\authority\amr\cache\mask_7\mask_21_7.dat): failed to open stream: No such file or directory in <b>C:\xampp\htdocs\Medical_E-CARD\authority\amr\qrmask.php</b> on line <b>155</b><br />
2016-11-21 12:27:17: <br />
<b>Warning</b>:  file_put_contents(C:\xampp\htdocs\Medical_E-CARD\authority\amr\cache\frame_1.dat): failed to open stream: No such file or directory in <b>C:\xampp\htdocs\Medical_E-CARD\authority\amr\qrspec.php</b> on line <b>568</b><br />
<br />
<b>Warning</b>:  mkdir(): No such file or directory in <b>C:\xampp\htdocs\Medical_E-CARD\authority\amr\qrmask.php</b> on line <b>154</b><br />
<br />
<b>Warning</b>:  file_put_contents(C:\xampp\htdocs\Medical_E-CARD\authority\amr\cache\mask_0\mask_21_0.dat): failed to open stream: No such file or directory in <b>C:\xampp\htdocs\Medical_E-CARD\authority\amr\qrmask.php</b> on line <b>155</b><br />
<br />
<b>Warning</b>:  mkdir(): No such file or directory in <b>C:\xampp\htdocs\Medical_E-CARD\authority\amr\qrmask.php</b> on line <b>154</b><br />
<br />
<b>Warning</b>:  file_put_contents(C:\xampp\htdocs\Medical_E-CARD\authority\amr\cache\mask_1\mask_21_1.dat): failed to open stream: No such file or directory in <b>C:\xampp\htdocs\Medical_E-CARD\authority\amr\qrmask.php</b> on line <b>155</b><br />
<br />
<b>Warning</b>:  mkdir(): No such file or directory in <b>C:\xampp\htdocs\Medical_E-CARD\authority\amr\qrmask.php</b> on line <b>154</b><br />
<br />
<b>Warning</b>:  file_put_contents(C:\xampp\htdocs\Medical_E-CARD\authority\amr\cache\mask_2\mask_21_2.dat): failed to open stream: No such file or directory in <b>C:\xampp\htdocs\Medical_E-CARD\authority\amr\qrmask.php</b> on line <b>155</b><br />
<br />
<b>Warning</b>:  mkdir(): No such file or directory in <b>C:\xampp\htdocs\Medical_E-CARD\authority\amr\qrmask.php</b> on line <b>154</b><br />
<br />
<b>Warning</b>:  file_put_contents(C:\xampp\htdocs\Medical_E-CARD\authority\amr\cache\mask_3\mask_21_3.dat): failed to open stream: No such file or directory in <b>C:\xampp\htdocs\Medical_E-CARD\authority\amr\qrmask.php</b> on line <b>155</b><br />
<br />
<b>Warning</b>:  mkdir(): No such file or directory in <b>C:\xampp\htdocs\Medical_E-CARD\authority\amr\qrmask.php</b> on line <b>154</b><br />
<br />
<b>Warning</b>:  file_put_contents(C:\xampp\htdocs\Medical_E-CARD\authority\amr\cache\mask_4\mask_21_4.dat): failed to open stream: No such file or directory in <b>C:\xampp\htdocs\Medical_E-CARD\authority\amr\qrmask.php</b> on line <b>155</b><br />
<br />
<b>Warning</b>:  mkdir(): No such file or directory in <b>C:\xampp\htdocs\Medical_E-CARD\authority\amr\qrmask.php</b> on line <b>154</b><br />
<br />
<b>Warning</b>:  file_put_contents(C:\xampp\htdocs\Medical_E-CARD\authority\amr\cache\mask_5\mask_21_5.dat): failed to open stream: No such file or directory in <b>C:\xampp\htdocs\Medical_E-CARD\authority\amr\qrmask.php</b> on line <b>155</b><br />
<br />
<b>Warning</b>:  mkdir(): No such file or directory in <b>C:\xampp\htdocs\Medical_E-CARD\authority\amr\qrmask.php</b> on line <b>154</b><br />
<br />
<b>Warning</b>:  file_put_contents(C:\xampp\htdocs\Medical_E-CARD\authority\amr\cache\mask_6\mask_21_6.dat): failed to open stream: No such file or directory in <b>C:\xampp\htdocs\Medical_E-CARD\authority\amr\qrmask.php</b> on line <b>155</b><br />
<br />
<b>Warning</b>:  mkdir(): No such file or directory in <b>C:\xampp\htdocs\Medical_E-CARD\authority\amr\qrmask.php</b> on line <b>154</b><br />
<br />
<b>Warning</b>:  file_put_contents(C:\xampp\htdocs\Medical_E-CARD\authority\amr\cache\mask_7\mask_21_7.dat): failed to open stream: No such file or directory in <b>C:\xampp\htdocs\Medical_E-CARD\authority\amr\qrmask.php</b> on line <b>155</b><br />
2016-11-21 12:28:04: <br />
<b>Warning</b>:  file_put_contents(C:\xampp\htdocs\Medical_E-CARD\authority\amr\cache\frame_1.dat): failed to open stream: No such file or directory in <b>C:\xampp\htdocs\Medical_E-CARD\authority\amr\qrspec.php</b> on line <b>568</b><br />
<br />
<b>Warning</b>:  mkdir(): No such file or directory in <b>C:\xampp\htdocs\Medical_E-CARD\authority\amr\qrmask.php</b> on line <b>154</b><br />
<br />
<b>Warning</b>:  file_put_contents(C:\xampp\htdocs\Medical_E-CARD\authority\amr\cache\mask_0\mask_21_0.dat): failed to open stream: No such file or directory in <b>C:\xampp\htdocs\Medical_E-CARD\authority\amr\qrmask.php</b> on line <b>155</b><br />
<br />
<b>Warning</b>:  mkdir(): No such file or directory in <b>C:\xampp\htdocs\Medical_E-CARD\authority\amr\qrmask.php</b> on line <b>154</b><br />
<br />
<b>Warning</b>:  file_put_contents(C:\xampp\htdocs\Medical_E-CARD\authority\amr\cache\mask_1\mask_21_1.dat): failed to open stream: No such file or directory in <b>C:\xampp\htdocs\Medical_E-CARD\authority\amr\qrmask.php</b> on line <b>155</b><br />
<br />
<b>Warning</b>:  mkdir(): No such file or directory in <b>C:\xampp\htdocs\Medical_E-CARD\authority\amr\qrmask.php</b> on line <b>154</b><br />
<br />
<b>Warning</b>:  file_put_contents(C:\xampp\htdocs\Medical_E-CARD\authority\amr\cache\mask_2\mask_21_2.dat): failed to open stream: No such file or directory in <b>C:\xampp\htdocs\Medical_E-CARD\authority\amr\qrmask.php</b> on line <b>155</b><br />
<br />
<b>Warning</b>:  mkdir(): No such file or directory in <b>C:\xampp\htdocs\Medical_E-CARD\authority\amr\qrmask.php</b> on line <b>154</b><br />
<br />
<b>Warning</b>:  file_put_contents(C:\xampp\htdocs\Medical_E-CARD\authority\amr\cache\mask_3\mask_21_3.dat): failed to open stream: No such file or directory in <b>C:\xampp\htdocs\Medical_E-CARD\authority\amr\qrmask.php</b> on line <b>155</b><br />
<br />
<b>Warning</b>:  mkdir(): No such file or directory in <b>C:\xampp\htdocs\Medical_E-CARD\authority\amr\qrmask.php</b> on line <b>154</b><br />
<br />
<b>Warning</b>:  file_put_contents(C:\xampp\htdocs\Medical_E-CARD\authority\amr\cache\mask_4\mask_21_4.dat): failed to open stream: No such file or directory in <b>C:\xampp\htdocs\Medical_E-CARD\authority\amr\qrmask.php</b> on line <b>155</b><br />
<br />
<b>Warning</b>:  mkdir(): No such file or directory in <b>C:\xampp\htdocs\Medical_E-CARD\authority\amr\qrmask.php</b> on line <b>154</b><br />
<br />
<b>Warning</b>:  file_put_contents(C:\xampp\htdocs\Medical_E-CARD\authority\amr\cache\mask_5\mask_21_5.dat): failed to open stream: No such file or directory in <b>C:\xampp\htdocs\Medical_E-CARD\authority\amr\qrmask.php</b> on line <b>155</b><br />
<br />
<b>Warning</b>:  mkdir(): No such file or directory in <b>C:\xampp\htdocs\Medical_E-CARD\authority\amr\qrmask.php</b> on line <b>154</b><br />
<br />
<b>Warning</b>:  file_put_contents(C:\xampp\htdocs\Medical_E-CARD\authority\amr\cache\mask_6\mask_21_6.dat): failed to open stream: No such file or directory in <b>C:\xampp\htdocs\Medical_E-CARD\authority\amr\qrmask.php</b> on line <b>155</b><br />
<br />
<b>Warning</b>:  mkdir(): No such file or directory in <b>C:\xampp\htdocs\Medical_E-CARD\authority\amr\qrmask.php</b> on line <b>154</b><br />
<br />
<b>Warning</b>:  file_put_contents(C:\xampp\htdocs\Medical_E-CARD\authority\amr\cache\mask_7\mask_21_7.dat): failed to open stream: No such file or directory in <b>C:\xampp\htdocs\Medical_E-CARD\authority\amr\qrmask.php</b> on line <b>155</b><br />
2016-11-21 12:29:00: <br />
<b>Warning</b>:  file_put_contents(C:\xampp\htdocs\Medical_E-CARD\authority\amr\cache\frame_1.dat): failed to open stream: No such file or directory in <b>C:\xampp\htdocs\Medical_E-CARD\authority\amr\qrspec.php</b> on line <b>568</b><br />
<br />
<b>Warning</b>:  mkdir(): No such file or directory in <b>C:\xampp\htdocs\Medical_E-CARD\authority\amr\qrmask.php</b> on line <b>154</b><br />
<br />
<b>Warning</b>:  file_put_contents(C:\xampp\htdocs\Medical_E-CARD\authority\amr\cache\mask_0\mask_21_0.dat): failed to open stream: No such file or directory in <b>C:\xampp\htdocs\Medical_E-CARD\authority\amr\qrmask.php</b> on line <b>155</b><br />
<br />
<b>Warning</b>:  mkdir(): No such file or directory in <b>C:\xampp\htdocs\Medical_E-CARD\authority\amr\qrmask.php</b> on line <b>154</b><br />
<br />
<b>Warning</b>:  file_put_contents(C:\xampp\htdocs\Medical_E-CARD\authority\amr\cache\mask_1\mask_21_1.dat): failed to open stream: No such file or directory in <b>C:\xampp\htdocs\Medical_E-CARD\authority\amr\qrmask.php</b> on line <b>155</b><br />
<br />
<b>Warning</b>:  mkdir(): No such file or directory in <b>C:\xampp\htdocs\Medical_E-CARD\authority\amr\qrmask.php</b> on line <b>154</b><br />
<br />
<b>Warning</b>:  file_put_contents(C:\xampp\htdocs\Medical_E-CARD\authority\amr\cache\mask_2\mask_21_2.dat): failed to open stream: No such file or directory in <b>C:\xampp\htdocs\Medical_E-CARD\authority\amr\qrmask.php</b> on line <b>155</b><br />
<br />
<b>Warning</b>:  mkdir(): No such file or directory in <b>C:\xampp\htdocs\Medical_E-CARD\authority\amr\qrmask.php</b> on line <b>154</b><br />
<br />
<b>Warning</b>:  file_put_contents(C:\xampp\htdocs\Medical_E-CARD\authority\amr\cache\mask_3\mask_21_3.dat): failed to open stream: No such file or directory in <b>C:\xampp\htdocs\Medical_E-CARD\authority\amr\qrmask.php</b> on line <b>155</b><br />
<br />
<b>Warning</b>:  mkdir(): No such file or directory in <b>C:\xampp\htdocs\Medical_E-CARD\authority\amr\qrmask.php</b> on line <b>154</b><br />
<br />
<b>Warning</b>:  file_put_contents(C:\xampp\htdocs\Medical_E-CARD\authority\amr\cache\mask_4\mask_21_4.dat): failed to open stream: No such file or directory in <b>C:\xampp\htdocs\Medical_E-CARD\authority\amr\qrmask.php</b> on line <b>155</b><br />
<br />
<b>Warning</b>:  mkdir(): No such file or directory in <b>C:\xampp\htdocs\Medical_E-CARD\authority\amr\qrmask.php</b> on line <b>154</b><br />
<br />
<b>Warning</b>:  file_put_contents(C:\xampp\htdocs\Medical_E-CARD\authority\amr\cache\mask_5\mask_21_5.dat): failed to open stream: No such file or directory in <b>C:\xampp\htdocs\Medical_E-CARD\authority\amr\qrmask.php</b> on line <b>155</b><br />
<br />
<b>Warning</b>:  mkdir(): No such file or directory in <b>C:\xampp\htdocs\Medical_E-CARD\authority\amr\qrmask.php</b> on line <b>154</b><br />
<br />
<b>Warning</b>:  file_put_contents(C:\xampp\htdocs\Medical_E-CARD\authority\amr\cache\mask_6\mask_21_6.dat): failed to open stream: No such file or directory in <b>C:\xampp\htdocs\Medical_E-CARD\authority\amr\qrmask.php</b> on line <b>155</b><br />
<br />
<b>Warning</b>:  mkdir(): No such file or directory in <b>C:\xampp\htdocs\Medical_E-CARD\authority\amr\qrmask.php</b> on line <b>154</b><br />
<br />
<b>Warning</b>:  file_put_contents(C:\xampp\htdocs\Medical_E-CARD\authority\amr\cache\mask_7\mask_21_7.dat): failed to open stream: No such file or directory in <b>C:\xampp\htdocs\Medical_E-CARD\authority\amr\qrmask.php</b> on line <b>155</b><br />
2016-11-21 12:29:20: <br />
<b>Warning</b>:  file_put_contents(C:\xampp\htdocs\Medical_E-CARD\authority\amr\cache\frame_1.dat): failed to open stream: No such file or directory in <b>C:\xampp\htdocs\Medical_E-CARD\authority\amr\qrspec.php</b> on line <b>568</b><br />
<br />
<b>Warning</b>:  mkdir(): No such file or directory in <b>C:\xampp\htdocs\Medical_E-CARD\authority\amr\qrmask.php</b> on line <b>154</b><br />
<br />
<b>Warning</b>:  file_put_contents(C:\xampp\htdocs\Medical_E-CARD\authority\amr\cache\mask_0\mask_21_0.dat): failed to open stream: No such file or directory in <b>C:\xampp\htdocs\Medical_E-CARD\authority\amr\qrmask.php</b> on line <b>155</b><br />
<br />
<b>Warning</b>:  mkdir(): No such file or directory in <b>C:\xampp\htdocs\Medical_E-CARD\authority\amr\qrmask.php</b> on line <b>154</b><br />
<br />
<b>Warning</b>:  file_put_contents(C:\xampp\htdocs\Medical_E-CARD\authority\amr\cache\mask_1\mask_21_1.dat): failed to open stream: No such file or directory in <b>C:\xampp\htdocs\Medical_E-CARD\authority\amr\qrmask.php</b> on line <b>155</b><br />
<br />
<b>Warning</b>:  mkdir(): No such file or directory in <b>C:\xampp\htdocs\Medical_E-CARD\authority\amr\qrmask.php</b> on line <b>154</b><br />
<br />
<b>Warning</b>:  file_put_contents(C:\xampp\htdocs\Medical_E-CARD\authority\amr\cache\mask_2\mask_21_2.dat): failed to open stream: No such file or directory in <b>C:\xampp\htdocs\Medical_E-CARD\authority\amr\qrmask.php</b> on line <b>155</b><br />
<br />
<b>Warning</b>:  mkdir(): No such file or directory in <b>C:\xampp\htdocs\Medical_E-CARD\authority\amr\qrmask.php</b> on line <b>154</b><br />
<br />
<b>Warning</b>:  file_put_contents(C:\xampp\htdocs\Medical_E-CARD\authority\amr\cache\mask_3\mask_21_3.dat): failed to open stream: No such file or directory in <b>C:\xampp\htdocs\Medical_E-CARD\authority\amr\qrmask.php</b> on line <b>155</b><br />
<br />
<b>Warning</b>:  mkdir(): No such file or directory in <b>C:\xampp\htdocs\Medical_E-CARD\authority\amr\qrmask.php</b> on line <b>154</b><br />
<br />
<b>Warning</b>:  file_put_contents(C:\xampp\htdocs\Medical_E-CARD\authority\amr\cache\mask_4\mask_21_4.dat): failed to open stream: No such file or directory in <b>C:\xampp\htdocs\Medical_E-CARD\authority\amr\qrmask.php</b> on line <b>155</b><br />
<br />
<b>Warning</b>:  mkdir(): No such file or directory in <b>C:\xampp\htdocs\Medical_E-CARD\authority\amr\qrmask.php</b> on line <b>154</b><br />
<br />
<b>Warning</b>:  file_put_contents(C:\xampp\htdocs\Medical_E-CARD\authority\amr\cache\mask_5\mask_21_5.dat): failed to open stream: No such file or directory in <b>C:\xampp\htdocs\Medical_E-CARD\authority\amr\qrmask.php</b> on line <b>155</b><br />
<br />
<b>Warning</b>:  mkdir(): No such file or directory in <b>C:\xampp\htdocs\Medical_E-CARD\authority\amr\qrmask.php</b> on line <b>154</b><br />
<br />
<b>Warning</b>:  file_put_contents(C:\xampp\htdocs\Medical_E-CARD\authority\amr\cache\mask_6\mask_21_6.dat): failed to open stream: No such file or directory in <b>C:\xampp\htdocs\Medical_E-CARD\authority\amr\qrmask.php</b> on line <b>155</b><br />
<br />
<b>Warning</b>:  mkdir(): No such file or directory in <b>C:\xampp\htdocs\Medical_E-CARD\authority\amr\qrmask.php</b> on line <b>154</b><br />
<br />
<b>Warning</b>:  file_put_contents(C:\xampp\htdocs\Medical_E-CARD\authority\amr\cache\mask_7\mask_21_7.dat): failed to open stream: No such file or directory in <b>C:\xampp\htdocs\Medical_E-CARD\authority\amr\qrmask.php</b> on line <b>155</b><br />
2016-11-22 07:35:01: <br />
<b>Warning</b>:  file_put_contents(C:\xampp\htdocs\Medical_E-CARD\authority\amr\cache\frame_1.dat): failed to open stream: No such file or directory in <b>C:\xampp\htdocs\Medical_E-CARD\authority\amr\qrspec.php</b> on line <b>568</b><br />
<br />
<b>Warning</b>:  mkdir(): No such file or directory in <b>C:\xampp\htdocs\Medical_E-CARD\authority\amr\qrmask.php</b> on line <b>154</b><br />
<br />
<b>Warning</b>:  file_put_contents(C:\xampp\htdocs\Medical_E-CARD\authority\amr\cache\mask_0\mask_21_0.dat): failed to open stream: No such file or directory in <b>C:\xampp\htdocs\Medical_E-CARD\authority\amr\qrmask.php</b> on line <b>155</b><br />
<br />
<b>Warning</b>:  mkdir(): No such file or directory in <b>C:\xampp\htdocs\Medical_E-CARD\authority\amr\qrmask.php</b> on line <b>154</b><br />
<br />
<b>Warning</b>:  file_put_contents(C:\xampp\htdocs\Medical_E-CARD\authority\amr\cache\mask_1\mask_21_1.dat): failed to open stream: No such file or directory in <b>C:\xampp\htdocs\Medical_E-CARD\authority\amr\qrmask.php</b> on line <b>155</b><br />
<br />
<b>Warning</b>:  mkdir(): No such file or directory in <b>C:\xampp\htdocs\Medical_E-CARD\authority\amr\qrmask.php</b> on line <b>154</b><br />
<br />
<b>Warning</b>:  file_put_contents(C:\xampp\htdocs\Medical_E-CARD\authority\amr\cache\mask_2\mask_21_2.dat): failed to open stream: No such file or directory in <b>C:\xampp\htdocs\Medical_E-CARD\authority\amr\qrmask.php</b> on line <b>155</b><br />
<br />
<b>Warning</b>:  mkdir(): No such file or directory in <b>C:\xampp\htdocs\Medical_E-CARD\authority\amr\qrmask.php</b> on line <b>154</b><br />
<br />
<b>Warning</b>:  file_put_contents(C:\xampp\htdocs\Medical_E-CARD\authority\amr\cache\mask_3\mask_21_3.dat): failed to open stream: No such file or directory in <b>C:\xampp\htdocs\Medical_E-CARD\authority\amr\qrmask.php</b> on line <b>155</b><br />
<br />
<b>Warning</b>:  mkdir(): No such file or directory in <b>C:\xampp\htdocs\Medical_E-CARD\authority\amr\qrmask.php</b> on line <b>154</b><br />
<br />
<b>Warning</b>:  file_put_contents(C:\xampp\htdocs\Medical_E-CARD\authority\amr\cache\mask_4\mask_21_4.dat): failed to open stream: No such file or directory in <b>C:\xampp\htdocs\Medical_E-CARD\authority\amr\qrmask.php</b> on line <b>155</b><br />
<br />
<b>Warning</b>:  mkdir(): No such file or directory in <b>C:\xampp\htdocs\Medical_E-CARD\authority\amr\qrmask.php</b> on line <b>154</b><br />
<br />
<b>Warning</b>:  file_put_contents(C:\xampp\htdocs\Medical_E-CARD\authority\amr\cache\mask_5\mask_21_5.dat): failed to open stream: No such file or directory in <b>C:\xampp\htdocs\Medical_E-CARD\authority\amr\qrmask.php</b> on line <b>155</b><br />
<br />
<b>Warning</b>:  mkdir(): No such file or directory in <b>C:\xampp\htdocs\Medical_E-CARD\authority\amr\qrmask.php</b> on line <b>154</b><br />
<br />
<b>Warning</b>:  file_put_contents(C:\xampp\htdocs\Medical_E-CARD\authority\amr\cache\mask_6\mask_21_6.dat): failed to open stream: No such file or directory in <b>C:\xampp\htdocs\Medical_E-CARD\authority\amr\qrmask.php</b> on line <b>155</b><br />
<br />
<b>Warning</b>:  mkdir(): No such file or directory in <b>C:\xampp\htdocs\Medical_E-CARD\authority\amr\qrmask.php</b> on line <b>154</b><br />
<br />
<b>Warning</b>:  file_put_contents(C:\xampp\htdocs\Medical_E-CARD\authority\amr\cache\mask_7\mask_21_7.dat): failed to open stream: No such file or directory in <b>C:\xampp\htdocs\Medical_E-CARD\authority\amr\qrmask.php</b> on line <b>155</b><br />
2016-11-22 07:35:28: <br />
<b>Warning</b>:  file_put_contents(C:\xampp\htdocs\Medical_E-CARD\authority\amr\cache\frame_1.dat): failed to open stream: No such file or directory in <b>C:\xampp\htdocs\Medical_E-CARD\authority\amr\qrspec.php</b> on line <b>568</b><br />
<br />
<b>Warning</b>:  mkdir(): No such file or directory in <b>C:\xampp\htdocs\Medical_E-CARD\authority\amr\qrmask.php</b> on line <b>154</b><br />
<br />
<b>Warning</b>:  file_put_contents(C:\xampp\htdocs\Medical_E-CARD\authority\amr\cache\mask_0\mask_21_0.dat): failed to open stream: No such file or directory in <b>C:\xampp\htdocs\Medical_E-CARD\authority\amr\qrmask.php</b> on line <b>155</b><br />
<br />
<b>Warning</b>:  mkdir(): No such file or directory in <b>C:\xampp\htdocs\Medical_E-CARD\authority\amr\qrmask.php</b> on line <b>154</b><br />
<br />
<b>Warning</b>:  file_put_contents(C:\xampp\htdocs\Medical_E-CARD\authority\amr\cache\mask_1\mask_21_1.dat): failed to open stream: No such file or directory in <b>C:\xampp\htdocs\Medical_E-CARD\authority\amr\qrmask.php</b> on line <b>155</b><br />
<br />
<b>Warning</b>:  mkdir(): No such file or directory in <b>C:\xampp\htdocs\Medical_E-CARD\authority\amr\qrmask.php</b> on line <b>154</b><br />
<br />
<b>Warning</b>:  file_put_contents(C:\xampp\htdocs\Medical_E-CARD\authority\amr\cache\mask_2\mask_21_2.dat): failed to open stream: No such file or directory in <b>C:\xampp\htdocs\Medical_E-CARD\authority\amr\qrmask.php</b> on line <b>155</b><br />
<br />
<b>Warning</b>:  mkdir(): No such file or directory in <b>C:\xampp\htdocs\Medical_E-CARD\authority\amr\qrmask.php</b> on line <b>154</b><br />
<br />
<b>Warning</b>:  file_put_contents(C:\xampp\htdocs\Medical_E-CARD\authority\amr\cache\mask_3\mask_21_3.dat): failed to open stream: No such file or directory in <b>C:\xampp\htdocs\Medical_E-CARD\authority\amr\qrmask.php</b> on line <b>155</b><br />
<br />
<b>Warning</b>:  mkdir(): No such file or directory in <b>C:\xampp\htdocs\Medical_E-CARD\authority\amr\qrmask.php</b> on line <b>154</b><br />
<br />
<b>Warning</b>:  file_put_contents(C:\xampp\htdocs\Medical_E-CARD\authority\amr\cache\mask_4\mask_21_4.dat): failed to open stream: No such file or directory in <b>C:\xampp\htdocs\Medical_E-CARD\authority\amr\qrmask.php</b> on line <b>155</b><br />
<br />
<b>Warning</b>:  mkdir(): No such file or directory in <b>C:\xampp\htdocs\Medical_E-CARD\authority\amr\qrmask.php</b> on line <b>154</b><br />
<br />
<b>Warning</b>:  file_put_contents(C:\xampp\htdocs\Medical_E-CARD\authority\amr\cache\mask_5\mask_21_5.dat): failed to open stream: No such file or directory in <b>C:\xampp\htdocs\Medical_E-CARD\authority\amr\qrmask.php</b> on line <b>155</b><br />
<br />
<b>Warning</b>:  mkdir(): No such file or directory in <b>C:\xampp\htdocs\Medical_E-CARD\authority\amr\qrmask.php</b> on line <b>154</b><br />
<br />
<b>Warning</b>:  file_put_contents(C:\xampp\htdocs\Medical_E-CARD\authority\amr\cache\mask_6\mask_21_6.dat): failed to open stream: No such file or directory in <b>C:\xampp\htdocs\Medical_E-CARD\authority\amr\qrmask.php</b> on line <b>155</b><br />
<br />
<b>Warning</b>:  mkdir(): No such file or directory in <b>C:\xampp\htdocs\Medical_E-CARD\authority\amr\qrmask.php</b> on line <b>154</b><br />
<br />
<b>Warning</b>:  file_put_contents(C:\xampp\htdocs\Medical_E-CARD\authority\amr\cache\mask_7\mask_21_7.dat): failed to open stream: No such file or directory in <b>C:\xampp\htdocs\Medical_E-CARD\authority\amr\qrmask.php</b> on line <b>155</b><br />
2016-11-22 07:35:50: <br />
<b>Warning</b>:  file_put_contents(C:\xampp\htdocs\Medical_E-CARD\authority\amr\cache\frame_1.dat): failed to open stream: No such file or directory in <b>C:\xampp\htdocs\Medical_E-CARD\authority\amr\qrspec.php</b> on line <b>568</b><br />
<br />
<b>Warning</b>:  mkdir(): No such file or directory in <b>C:\xampp\htdocs\Medical_E-CARD\authority\amr\qrmask.php</b> on line <b>154</b><br />
<br />
<b>Warning</b>:  file_put_contents(C:\xampp\htdocs\Medical_E-CARD\authority\amr\cache\mask_0\mask_21_0.dat): failed to open stream: No such file or directory in <b>C:\xampp\htdocs\Medical_E-CARD\authority\amr\qrmask.php</b> on line <b>155</b><br />
<br />
<b>Warning</b>:  mkdir(): No such file or directory in <b>C:\xampp\htdocs\Medical_E-CARD\authority\amr\qrmask.php</b> on line <b>154</b><br />
<br />
<b>Warning</b>:  file_put_contents(C:\xampp\htdocs\Medical_E-CARD\authority\amr\cache\mask_1\mask_21_1.dat): failed to open stream: No such file or directory in <b>C:\xampp\htdocs\Medical_E-CARD\authority\amr\qrmask.php</b> on line <b>155</b><br />
<br />
<b>Warning</b>:  mkdir(): No such file or directory in <b>C:\xampp\htdocs\Medical_E-CARD\authority\amr\qrmask.php</b> on line <b>154</b><br />
<br />
<b>Warning</b>:  file_put_contents(C:\xampp\htdocs\Medical_E-CARD\authority\amr\cache\mask_2\mask_21_2.dat): failed to open stream: No such file or directory in <b>C:\xampp\htdocs\Medical_E-CARD\authority\amr\qrmask.php</b> on line <b>155</b><br />
<br />
<b>Warning</b>:  mkdir(): No such file or directory in <b>C:\xampp\htdocs\Medical_E-CARD\authority\amr\qrmask.php</b> on line <b>154</b><br />
<br />
<b>Warning</b>:  file_put_contents(C:\xampp\htdocs\Medical_E-CARD\authority\amr\cache\mask_3\mask_21_3.dat): failed to open stream: No such file or directory in <b>C:\xampp\htdocs\Medical_E-CARD\authority\amr\qrmask.php</b> on line <b>155</b><br />
<br />
<b>Warning</b>:  mkdir(): No such file or directory in <b>C:\xampp\htdocs\Medical_E-CARD\authority\amr\qrmask.php</b> on line <b>154</b><br />
<br />
<b>Warning</b>:  file_put_contents(C:\xampp\htdocs\Medical_E-CARD\authority\amr\cache\mask_4\mask_21_4.dat): failed to open stream: No such file or directory in <b>C:\xampp\htdocs\Medical_E-CARD\authority\amr\qrmask.php</b> on line <b>155</b><br />
<br />
<b>Warning</b>:  mkdir(): No such file or directory in <b>C:\xampp\htdocs\Medical_E-CARD\authority\amr\qrmask.php</b> on line <b>154</b><br />
<br />
<b>Warning</b>:  file_put_contents(C:\xampp\htdocs\Medical_E-CARD\authority\amr\cache\mask_5\mask_21_5.dat): failed to open stream: No such file or directory in <b>C:\xampp\htdocs\Medical_E-CARD\authority\amr\qrmask.php</b> on line <b>155</b><br />
<br />
<b>Warning</b>:  mkdir(): No such file or directory in <b>C:\xampp\htdocs\Medical_E-CARD\authority\amr\qrmask.php</b> on line <b>154</b><br />
<br />
<b>Warning</b>:  file_put_contents(C:\xampp\htdocs\Medical_E-CARD\authority\amr\cache\mask_6\mask_21_6.dat): failed to open stream: No such file or directory in <b>C:\xampp\htdocs\Medical_E-CARD\authority\amr\qrmask.php</b> on line <b>155</b><br />
<br />
<b>Warning</b>:  mkdir(): No such file or directory in <b>C:\xampp\htdocs\Medical_E-CARD\authority\amr\qrmask.php</b> on line <b>154</b><br />
<br />
<b>Warning</b>:  file_put_contents(C:\xampp\htdocs\Medical_E-CARD\authority\amr\cache\mask_7\mask_21_7.dat): failed to open stream: No such file or directory in <b>C:\xampp\htdocs\Medical_E-CARD\authority\amr\qrmask.php</b> on line <b>155</b><br />
2016-11-22 07:36:13: <br />
<b>Warning</b>:  file_put_contents(C:\xampp\htdocs\Medical_E-CARD\authority\amr\cache\frame_1.dat): failed to open stream: No such file or directory in <b>C:\xampp\htdocs\Medical_E-CARD\authority\amr\qrspec.php</b> on line <b>568</b><br />
<br />
<b>Warning</b>:  mkdir(): No such file or directory in <b>C:\xampp\htdocs\Medical_E-CARD\authority\amr\qrmask.php</b> on line <b>154</b><br />
<br />
<b>Warning</b>:  file_put_contents(C:\xampp\htdocs\Medical_E-CARD\authority\amr\cache\mask_0\mask_21_0.dat): failed to open stream: No such file or directory in <b>C:\xampp\htdocs\Medical_E-CARD\authority\amr\qrmask.php</b> on line <b>155</b><br />
<br />
<b>Warning</b>:  mkdir(): No such file or directory in <b>C:\xampp\htdocs\Medical_E-CARD\authority\amr\qrmask.php</b> on line <b>154</b><br />
<br />
<b>Warning</b>:  file_put_contents(C:\xampp\htdocs\Medical_E-CARD\authority\amr\cache\mask_1\mask_21_1.dat): failed to open stream: No such file or directory in <b>C:\xampp\htdocs\Medical_E-CARD\authority\amr\qrmask.php</b> on line <b>155</b><br />
<br />
<b>Warning</b>:  mkdir(): No such file or directory in <b>C:\xampp\htdocs\Medical_E-CARD\authority\amr\qrmask.php</b> on line <b>154</b><br />
<br />
<b>Warning</b>:  file_put_contents(C:\xampp\htdocs\Medical_E-CARD\authority\amr\cache\mask_2\mask_21_2.dat): failed to open stream: No such file or directory in <b>C:\xampp\htdocs\Medical_E-CARD\authority\amr\qrmask.php</b> on line <b>155</b><br />
<br />
<b>Warning</b>:  mkdir(): No such file or directory in <b>C:\xampp\htdocs\Medical_E-CARD\authority\amr\qrmask.php</b> on line <b>154</b><br />
<br />
<b>Warning</b>:  file_put_contents(C:\xampp\htdocs\Medical_E-CARD\authority\amr\cache\mask_3\mask_21_3.dat): failed to open stream: No such file or directory in <b>C:\xampp\htdocs\Medical_E-CARD\authority\amr\qrmask.php</b> on line <b>155</b><br />
<br />
<b>Warning</b>:  mkdir(): No such file or directory in <b>C:\xampp\htdocs\Medical_E-CARD\authority\amr\qrmask.php</b> on line <b>154</b><br />
<br />
<b>Warning</b>:  file_put_contents(C:\xampp\htdocs\Medical_E-CARD\authority\amr\cache\mask_4\mask_21_4.dat): failed to open stream: No such file or directory in <b>C:\xampp\htdocs\Medical_E-CARD\authority\amr\qrmask.php</b> on line <b>155</b><br />
<br />
<b>Warning</b>:  mkdir(): No such file or directory in <b>C:\xampp\htdocs\Medical_E-CARD\authority\amr\qrmask.php</b> on line <b>154</b><br />
<br />
<b>Warning</b>:  file_put_contents(C:\xampp\htdocs\Medical_E-CARD\authority\amr\cache\mask_5\mask_21_5.dat): failed to open stream: No such file or directory in <b>C:\xampp\htdocs\Medical_E-CARD\authority\amr\qrmask.php</b> on line <b>155</b><br />
<br />
<b>Warning</b>:  mkdir(): No such file or directory in <b>C:\xampp\htdocs\Medical_E-CARD\authority\amr\qrmask.php</b> on line <b>154</b><br />
<br />
<b>Warning</b>:  file_put_contents(C:\xampp\htdocs\Medical_E-CARD\authority\amr\cache\mask_6\mask_21_6.dat): failed to open stream: No such file or directory in <b>C:\xampp\htdocs\Medical_E-CARD\authority\amr\qrmask.php</b> on line <b>155</b><br />
<br />
<b>Warning</b>:  mkdir(): No such file or directory in <b>C:\xampp\htdocs\Medical_E-CARD\authority\amr\qrmask.php</b> on line <b>154</b><br />
<br />
<b>Warning</b>:  file_put_contents(C:\xampp\htdocs\Medical_E-CARD\authority\amr\cache\mask_7\mask_21_7.dat): failed to open stream: No such file or directory in <b>C:\xampp\htdocs\Medical_E-CARD\authority\amr\qrmask.php</b> on line <b>155</b><br />
2016-11-23 06:46:14: <br />
<b>Warning</b>:  file_put_contents(C:\xampp\htdocs\Medical_E-CARD\admin\amr\cache\frame_1.dat): failed to open stream: No such file or directory in <b>C:\xampp\htdocs\Medical_E-CARD\admin\amr\qrspec.php</b> on line <b>568</b><br />
<br />
<b>Warning</b>:  mkdir(): No such file or directory in <b>C:\xampp\htdocs\Medical_E-CARD\admin\amr\qrmask.php</b> on line <b>154</b><br />
<br />
<b>Warning</b>:  file_put_contents(C:\xampp\htdocs\Medical_E-CARD\admin\amr\cache\mask_0\mask_21_0.dat): failed to open stream: No such file or directory in <b>C:\xampp\htdocs\Medical_E-CARD\admin\amr\qrmask.php</b> on line <b>155</b><br />
<br />
<b>Warning</b>:  mkdir(): No such file or directory in <b>C:\xampp\htdocs\Medical_E-CARD\admin\amr\qrmask.php</b> on line <b>154</b><br />
<br />
<b>Warning</b>:  file_put_contents(C:\xampp\htdocs\Medical_E-CARD\admin\amr\cache\mask_1\mask_21_1.dat): failed to open stream: No such file or directory in <b>C:\xampp\htdocs\Medical_E-CARD\admin\amr\qrmask.php</b> on line <b>155</b><br />
<br />
<b>Warning</b>:  mkdir(): No such file or directory in <b>C:\xampp\htdocs\Medical_E-CARD\admin\amr\qrmask.php</b> on line <b>154</b><br />
<br />
<b>Warning</b>:  file_put_contents(C:\xampp\htdocs\Medical_E-CARD\admin\amr\cache\mask_2\mask_21_2.dat): failed to open stream: No such file or directory in <b>C:\xampp\htdocs\Medical_E-CARD\admin\amr\qrmask.php</b> on line <b>155</b><br />
<br />
<b>Warning</b>:  mkdir(): No such file or directory in <b>C:\xampp\htdocs\Medical_E-CARD\admin\amr\qrmask.php</b> on line <b>154</b><br />
<br />
<b>Warning</b>:  file_put_contents(C:\xampp\htdocs\Medical_E-CARD\admin\amr\cache\mask_3\mask_21_3.dat): failed to open stream: No such file or directory in <b>C:\xampp\htdocs\Medical_E-CARD\admin\amr\qrmask.php</b> on line <b>155</b><br />
<br />
<b>Warning</b>:  mkdir(): No such file or directory in <b>C:\xampp\htdocs\Medical_E-CARD\admin\amr\qrmask.php</b> on line <b>154</b><br />
<br />
<b>Warning</b>:  file_put_contents(C:\xampp\htdocs\Medical_E-CARD\admin\amr\cache\mask_4\mask_21_4.dat): failed to open stream: No such file or directory in <b>C:\xampp\htdocs\Medical_E-CARD\admin\amr\qrmask.php</b> on line <b>155</b><br />
<br />
<b>Warning</b>:  mkdir(): No such file or directory in <b>C:\xampp\htdocs\Medical_E-CARD\admin\amr\qrmask.php</b> on line <b>154</b><br />
<br />
<b>Warning</b>:  file_put_contents(C:\xampp\htdocs\Medical_E-CARD\admin\amr\cache\mask_5\mask_21_5.dat): failed to open stream: No such file or directory in <b>C:\xampp\htdocs\Medical_E-CARD\admin\amr\qrmask.php</b> on line <b>155</b><br />
<br />
<b>Warning</b>:  mkdir(): No such file or directory in <b>C:\xampp\htdocs\Medical_E-CARD\admin\amr\qrmask.php</b> on line <b>154</b><br />
<br />
<b>Warning</b>:  file_put_contents(C:\xampp\htdocs\Medical_E-CARD\admin\amr\cache\mask_6\mask_21_6.dat): failed to open stream: No such file or directory in <b>C:\xampp\htdocs\Medical_E-CARD\admin\amr\qrmask.php</b> on line <b>155</b><br />
<br />
<b>Warning</b>:  mkdir(): No such file or directory in <b>C:\xampp\htdocs\Medical_E-CARD\admin\amr\qrmask.php</b> on line <b>154</b><br />
<br />
<b>Warning</b>:  file_put_contents(C:\xampp\htdocs\Medical_E-CARD\admin\amr\cache\mask_7\mask_21_7.dat): failed to open stream: No such file or directory in <b>C:\xampp\htdocs\Medical_E-CARD\admin\amr\qrmask.php</b> on line <b>155</b><br />
2016-11-23 06:46:26: <br />
<b>Warning</b>:  file_put_contents(C:\xampp\htdocs\Medical_E-CARD\admin\amr\cache\frame_1.dat): failed to open stream: No such file or directory in <b>C:\xampp\htdocs\Medical_E-CARD\admin\amr\qrspec.php</b> on line <b>568</b><br />
<br />
<b>Warning</b>:  mkdir(): No such file or directory in <b>C:\xampp\htdocs\Medical_E-CARD\admin\amr\qrmask.php</b> on line <b>154</b><br />
<br />
<b>Warning</b>:  file_put_contents(C:\xampp\htdocs\Medical_E-CARD\admin\amr\cache\mask_0\mask_21_0.dat): failed to open stream: No such file or directory in <b>C:\xampp\htdocs\Medical_E-CARD\admin\amr\qrmask.php</b> on line <b>155</b><br />
<br />
<b>Warning</b>:  mkdir(): No such file or directory in <b>C:\xampp\htdocs\Medical_E-CARD\admin\amr\qrmask.php</b> on line <b>154</b><br />
<br />
<b>Warning</b>:  file_put_contents(C:\xampp\htdocs\Medical_E-CARD\admin\amr\cache\mask_1\mask_21_1.dat): failed to open stream: No such file or directory in <b>C:\xampp\htdocs\Medical_E-CARD\admin\amr\qrmask.php</b> on line <b>155</b><br />
<br />
<b>Warning</b>:  mkdir(): No such file or directory in <b>C:\xampp\htdocs\Medical_E-CARD\admin\amr\qrmask.php</b> on line <b>154</b><br />
<br />
<b>Warning</b>:  file_put_contents(C:\xampp\htdocs\Medical_E-CARD\admin\amr\cache\mask_2\mask_21_2.dat): failed to open stream: No such file or directory in <b>C:\xampp\htdocs\Medical_E-CARD\admin\amr\qrmask.php</b> on line <b>155</b><br />
<br />
<b>Warning</b>:  mkdir(): No such file or directory in <b>C:\xampp\htdocs\Medical_E-CARD\admin\amr\qrmask.php</b> on line <b>154</b><br />
<br />
<b>Warning</b>:  file_put_contents(C:\xampp\htdocs\Medical_E-CARD\admin\amr\cache\mask_3\mask_21_3.dat): failed to open stream: No such file or directory in <b>C:\xampp\htdocs\Medical_E-CARD\admin\amr\qrmask.php</b> on line <b>155</b><br />
<br />
<b>Warning</b>:  mkdir(): No such file or directory in <b>C:\xampp\htdocs\Medical_E-CARD\admin\amr\qrmask.php</b> on line <b>154</b><br />
<br />
<b>Warning</b>:  file_put_contents(C:\xampp\htdocs\Medical_E-CARD\admin\amr\cache\mask_4\mask_21_4.dat): failed to open stream: No such file or directory in <b>C:\xampp\htdocs\Medical_E-CARD\admin\amr\qrmask.php</b> on line <b>155</b><br />
<br />
<b>Warning</b>:  mkdir(): No such file or directory in <b>C:\xampp\htdocs\Medical_E-CARD\admin\amr\qrmask.php</b> on line <b>154</b><br />
<br />
<b>Warning</b>:  file_put_contents(C:\xampp\htdocs\Medical_E-CARD\admin\amr\cache\mask_5\mask_21_5.dat): failed to open stream: No such file or directory in <b>C:\xampp\htdocs\Medical_E-CARD\admin\amr\qrmask.php</b> on line <b>155</b><br />
<br />
<b>Warning</b>:  mkdir(): No such file or directory in <b>C:\xampp\htdocs\Medical_E-CARD\admin\amr\qrmask.php</b> on line <b>154</b><br />
<br />
<b>Warning</b>:  file_put_contents(C:\xampp\htdocs\Medical_E-CARD\admin\amr\cache\mask_6\mask_21_6.dat): failed to open stream: No such file or directory in <b>C:\xampp\htdocs\Medical_E-CARD\admin\amr\qrmask.php</b> on line <b>155</b><br />
<br />
<b>Warning</b>:  mkdir(): No such file or directory in <b>C:\xampp\htdocs\Medical_E-CARD\admin\amr\qrmask.php</b> on line <b>154</b><br />
<br />
<b>Warning</b>:  file_put_contents(C:\xampp\htdocs\Medical_E-CARD\admin\amr\cache\mask_7\mask_21_7.dat): failed to open stream: No such file or directory in <b>C:\xampp\htdocs\Medical_E-CARD\admin\amr\qrmask.php</b> on line <b>155</b><br />
2016-11-23 06:47:44: <br />
<b>Warning</b>:  file_put_contents(C:\xampp\htdocs\Medical_E-CARD\admin\amr\cache\frame_1.dat): failed to open stream: No such file or directory in <b>C:\xampp\htdocs\Medical_E-CARD\admin\amr\qrspec.php</b> on line <b>568</b><br />
<br />
<b>Warning</b>:  mkdir(): No such file or directory in <b>C:\xampp\htdocs\Medical_E-CARD\admin\amr\qrmask.php</b> on line <b>154</b><br />
<br />
<b>Warning</b>:  file_put_contents(C:\xampp\htdocs\Medical_E-CARD\admin\amr\cache\mask_0\mask_21_0.dat): failed to open stream: No such file or directory in <b>C:\xampp\htdocs\Medical_E-CARD\admin\amr\qrmask.php</b> on line <b>155</b><br />
<br />
<b>Warning</b>:  mkdir(): No such file or directory in <b>C:\xampp\htdocs\Medical_E-CARD\admin\amr\qrmask.php</b> on line <b>154</b><br />
<br />
<b>Warning</b>:  file_put_contents(C:\xampp\htdocs\Medical_E-CARD\admin\amr\cache\mask_1\mask_21_1.dat): failed to open stream: No such file or directory in <b>C:\xampp\htdocs\Medical_E-CARD\admin\amr\qrmask.php</b> on line <b>155</b><br />
<br />
<b>Warning</b>:  mkdir(): No such file or directory in <b>C:\xampp\htdocs\Medical_E-CARD\admin\amr\qrmask.php</b> on line <b>154</b><br />
<br />
<b>Warning</b>:  file_put_contents(C:\xampp\htdocs\Medical_E-CARD\admin\amr\cache\mask_2\mask_21_2.dat): failed to open stream: No such file or directory in <b>C:\xampp\htdocs\Medical_E-CARD\admin\amr\qrmask.php</b> on line <b>155</b><br />
<br />
<b>Warning</b>:  mkdir(): No such file or directory in <b>C:\xampp\htdocs\Medical_E-CARD\admin\amr\qrmask.php</b> on line <b>154</b><br />
<br />
<b>Warning</b>:  file_put_contents(C:\xampp\htdocs\Medical_E-CARD\admin\amr\cache\mask_3\mask_21_3.dat): failed to open stream: No such file or directory in <b>C:\xampp\htdocs\Medical_E-CARD\admin\amr\qrmask.php</b> on line <b>155</b><br />
<br />
<b>Warning</b>:  mkdir(): No such file or directory in <b>C:\xampp\htdocs\Medical_E-CARD\admin\amr\qrmask.php</b> on line <b>154</b><br />
<br />
<b>Warning</b>:  file_put_contents(C:\xampp\htdocs\Medical_E-CARD\admin\amr\cache\mask_4\mask_21_4.dat): failed to open stream: No such file or directory in <b>C:\xampp\htdocs\Medical_E-CARD\admin\amr\qrmask.php</b> on line <b>155</b><br />
<br />
<b>Warning</b>:  mkdir(): No such file or directory in <b>C:\xampp\htdocs\Medical_E-CARD\admin\amr\qrmask.php</b> on line <b>154</b><br />
<br />
<b>Warning</b>:  file_put_contents(C:\xampp\htdocs\Medical_E-CARD\admin\amr\cache\mask_5\mask_21_5.dat): failed to open stream: No such file or directory in <b>C:\xampp\htdocs\Medical_E-CARD\admin\amr\qrmask.php</b> on line <b>155</b><br />
<br />
<b>Warning</b>:  mkdir(): No such file or directory in <b>C:\xampp\htdocs\Medical_E-CARD\admin\amr\qrmask.php</b> on line <b>154</b><br />
<br />
<b>Warning</b>:  file_put_contents(C:\xampp\htdocs\Medical_E-CARD\admin\amr\cache\mask_6\mask_21_6.dat): failed to open stream: No such file or directory in <b>C:\xampp\htdocs\Medical_E-CARD\admin\amr\qrmask.php</b> on line <b>155</b><br />
<br />
<b>Warning</b>:  mkdir(): No such file or directory in <b>C:\xampp\htdocs\Medical_E-CARD\admin\amr\qrmask.php</b> on line <b>154</b><br />
<br />
<b>Warning</b>:  file_put_contents(C:\xampp\htdocs\Medical_E-CARD\admin\amr\cache\mask_7\mask_21_7.dat): failed to open stream: No such file or directory in <b>C:\xampp\htdocs\Medical_E-CARD\admin\amr\qrmask.php</b> on line <b>155</b><br />
2016-11-23 06:48:08: <br />
<b>Warning</b>:  file_put_contents(C:\xampp\htdocs\Medical_E-CARD\admin\amr\cache\frame_1.dat): failed to open stream: No such file or directory in <b>C:\xampp\htdocs\Medical_E-CARD\admin\amr\qrspec.php</b> on line <b>568</b><br />
<br />
<b>Warning</b>:  mkdir(): No such file or directory in <b>C:\xampp\htdocs\Medical_E-CARD\admin\amr\qrmask.php</b> on line <b>154</b><br />
<br />
<b>Warning</b>:  file_put_contents(C:\xampp\htdocs\Medical_E-CARD\admin\amr\cache\mask_0\mask_21_0.dat): failed to open stream: No such file or directory in <b>C:\xampp\htdocs\Medical_E-CARD\admin\amr\qrmask.php</b> on line <b>155</b><br />
<br />
<b>Warning</b>:  mkdir(): No such file or directory in <b>C:\xampp\htdocs\Medical_E-CARD\admin\amr\qrmask.php</b> on line <b>154</b><br />
<br />
<b>Warning</b>:  file_put_contents(C:\xampp\htdocs\Medical_E-CARD\admin\amr\cache\mask_1\mask_21_1.dat): failed to open stream: No such file or directory in <b>C:\xampp\htdocs\Medical_E-CARD\admin\amr\qrmask.php</b> on line <b>155</b><br />
<br />
<b>Warning</b>:  mkdir(): No such file or directory in <b>C:\xampp\htdocs\Medical_E-CARD\admin\amr\qrmask.php</b> on line <b>154</b><br />
<br />
<b>Warning</b>:  file_put_contents(C:\xampp\htdocs\Medical_E-CARD\admin\amr\cache\mask_2\mask_21_2.dat): failed to open stream: No such file or directory in <b>C:\xampp\htdocs\Medical_E-CARD\admin\amr\qrmask.php</b> on line <b>155</b><br />
<br />
<b>Warning</b>:  mkdir(): No such file or directory in <b>C:\xampp\htdocs\Medical_E-CARD\admin\amr\qrmask.php</b> on line <b>154</b><br />
<br />
<b>Warning</b>:  file_put_contents(C:\xampp\htdocs\Medical_E-CARD\admin\amr\cache\mask_3\mask_21_3.dat): failed to open stream: No such file or directory in <b>C:\xampp\htdocs\Medical_E-CARD\admin\amr\qrmask.php</b> on line <b>155</b><br />
<br />
<b>Warning</b>:  mkdir(): No such file or directory in <b>C:\xampp\htdocs\Medical_E-CARD\admin\amr\qrmask.php</b> on line <b>154</b><br />
<br />
<b>Warning</b>:  file_put_contents(C:\xampp\htdocs\Medical_E-CARD\admin\amr\cache\mask_4\mask_21_4.dat): failed to open stream: No such file or directory in <b>C:\xampp\htdocs\Medical_E-CARD\admin\amr\qrmask.php</b> on line <b>155</b><br />
<br />
<b>Warning</b>:  mkdir(): No such file or directory in <b>C:\xampp\htdocs\Medical_E-CARD\admin\amr\qrmask.php</b> on line <b>154</b><br />
<br />
<b>Warning</b>:  file_put_contents(C:\xampp\htdocs\Medical_E-CARD\admin\amr\cache\mask_5\mask_21_5.dat): failed to open stream: No such file or directory in <b>C:\xampp\htdocs\Medical_E-CARD\admin\amr\qrmask.php</b> on line <b>155</b><br />
<br />
<b>Warning</b>:  mkdir(): No such file or directory in <b>C:\xampp\htdocs\Medical_E-CARD\admin\amr\qrmask.php</b> on line <b>154</b><br />
<br />
<b>Warning</b>:  file_put_contents(C:\xampp\htdocs\Medical_E-CARD\admin\amr\cache\mask_6\mask_21_6.dat): failed to open stream: No such file or directory in <b>C:\xampp\htdocs\Medical_E-CARD\admin\amr\qrmask.php</b> on line <b>155</b><br />
<br />
<b>Warning</b>:  mkdir(): No such file or directory in <b>C:\xampp\htdocs\Medical_E-CARD\admin\amr\qrmask.php</b> on line <b>154</b><br />
<br />
<b>Warning</b>:  file_put_contents(C:\xampp\htdocs\Medical_E-CARD\admin\amr\cache\mask_7\mask_21_7.dat): failed to open stream: No such file or directory in <b>C:\xampp\htdocs\Medical_E-CARD\admin\amr\qrmask.php</b> on line <b>155</b><br />
2016-11-23 06:48:25: <br />
<b>Warning</b>:  file_put_contents(C:\xampp\htdocs\Medical_E-CARD\admin\amr\cache\frame_1.dat): failed to open stream: No such file or directory in <b>C:\xampp\htdocs\Medical_E-CARD\admin\amr\qrspec.php</b> on line <b>568</b><br />
<br />
<b>Warning</b>:  mkdir(): No such file or directory in <b>C:\xampp\htdocs\Medical_E-CARD\admin\amr\qrmask.php</b> on line <b>154</b><br />
<br />
<b>Warning</b>:  file_put_contents(C:\xampp\htdocs\Medical_E-CARD\admin\amr\cache\mask_0\mask_21_0.dat): failed to open stream: No such file or directory in <b>C:\xampp\htdocs\Medical_E-CARD\admin\amr\qrmask.php</b> on line <b>155</b><br />
<br />
<b>Warning</b>:  mkdir(): No such file or directory in <b>C:\xampp\htdocs\Medical_E-CARD\admin\amr\qrmask.php</b> on line <b>154</b><br />
<br />
<b>Warning</b>:  file_put_contents(C:\xampp\htdocs\Medical_E-CARD\admin\amr\cache\mask_1\mask_21_1.dat): failed to open stream: No such file or directory in <b>C:\xampp\htdocs\Medical_E-CARD\admin\amr\qrmask.php</b> on line <b>155</b><br />
<br />
<b>Warning</b>:  mkdir(): No such file or directory in <b>C:\xampp\htdocs\Medical_E-CARD\admin\amr\qrmask.php</b> on line <b>154</b><br />
<br />
<b>Warning</b>:  file_put_contents(C:\xampp\htdocs\Medical_E-CARD\admin\amr\cache\mask_2\mask_21_2.dat): failed to open stream: No such file or directory in <b>C:\xampp\htdocs\Medical_E-CARD\admin\amr\qrmask.php</b> on line <b>155</b><br />
<br />
<b>Warning</b>:  mkdir(): No such file or directory in <b>C:\xampp\htdocs\Medical_E-CARD\admin\amr\qrmask.php</b> on line <b>154</b><br />
<br />
<b>Warning</b>:  file_put_contents(C:\xampp\htdocs\Medical_E-CARD\admin\amr\cache\mask_3\mask_21_3.dat): failed to open stream: No such file or directory in <b>C:\xampp\htdocs\Medical_E-CARD\admin\amr\qrmask.php</b> on line <b>155</b><br />
<br />
<b>Warning</b>:  mkdir(): No such file or directory in <b>C:\xampp\htdocs\Medical_E-CARD\admin\amr\qrmask.php</b> on line <b>154</b><br />
<br />
<b>Warning</b>:  file_put_contents(C:\xampp\htdocs\Medical_E-CARD\admin\amr\cache\mask_4\mask_21_4.dat): failed to open stream: No such file or directory in <b>C:\xampp\htdocs\Medical_E-CARD\admin\amr\qrmask.php</b> on line <b>155</b><br />
<br />
<b>Warning</b>:  mkdir(): No such file or directory in <b>C:\xampp\htdocs\Medical_E-CARD\admin\amr\qrmask.php</b> on line <b>154</b><br />
<br />
<b>Warning</b>:  file_put_contents(C:\xampp\htdocs\Medical_E-CARD\admin\amr\cache\mask_5\mask_21_5.dat): failed to open stream: No such file or directory in <b>C:\xampp\htdocs\Medical_E-CARD\admin\amr\qrmask.php</b> on line <b>155</b><br />
<br />
<b>Warning</b>:  mkdir(): No such file or directory in <b>C:\xampp\htdocs\Medical_E-CARD\admin\amr\qrmask.php</b> on line <b>154</b><br />
<br />
<b>Warning</b>:  file_put_contents(C:\xampp\htdocs\Medical_E-CARD\admin\amr\cache\mask_6\mask_21_6.dat): failed to open stream: No such file or directory in <b>C:\xampp\htdocs\Medical_E-CARD\admin\amr\qrmask.php</b> on line <b>155</b><br />
<br />
<b>Warning</b>:  mkdir(): No such file or directory in <b>C:\xampp\htdocs\Medical_E-CARD\admin\amr\qrmask.php</b> on line <b>154</b><br />
<br />
<b>Warning</b>:  file_put_contents(C:\xampp\htdocs\Medical_E-CARD\admin\amr\cache\mask_7\mask_21_7.dat): failed to open stream: No such file or directory in <b>C:\xampp\htdocs\Medical_E-CARD\admin\amr\qrmask.php</b> on line <b>155</b><br />
2016-11-23 06:48:36: <br />
<b>Warning</b>:  file_put_contents(C:\xampp\htdocs\Medical_E-CARD\admin\amr\cache\frame_1.dat): failed to open stream: No such file or directory in <b>C:\xampp\htdocs\Medical_E-CARD\admin\amr\qrspec.php</b> on line <b>568</b><br />
<br />
<b>Warning</b>:  mkdir(): No such file or directory in <b>C:\xampp\htdocs\Medical_E-CARD\admin\amr\qrmask.php</b> on line <b>154</b><br />
<br />
<b>Warning</b>:  file_put_contents(C:\xampp\htdocs\Medical_E-CARD\admin\amr\cache\mask_0\mask_21_0.dat): failed to open stream: No such file or directory in <b>C:\xampp\htdocs\Medical_E-CARD\admin\amr\qrmask.php</b> on line <b>155</b><br />
<br />
<b>Warning</b>:  mkdir(): No such file or directory in <b>C:\xampp\htdocs\Medical_E-CARD\admin\amr\qrmask.php</b> on line <b>154</b><br />
<br />
<b>Warning</b>:  file_put_contents(C:\xampp\htdocs\Medical_E-CARD\admin\amr\cache\mask_1\mask_21_1.dat): failed to open stream: No such file or directory in <b>C:\xampp\htdocs\Medical_E-CARD\admin\amr\qrmask.php</b> on line <b>155</b><br />
<br />
<b>Warning</b>:  mkdir(): No such file or directory in <b>C:\xampp\htdocs\Medical_E-CARD\admin\amr\qrmask.php</b> on line <b>154</b><br />
<br />
<b>Warning</b>:  file_put_contents(C:\xampp\htdocs\Medical_E-CARD\admin\amr\cache\mask_2\mask_21_2.dat): failed to open stream: No such file or directory in <b>C:\xampp\htdocs\Medical_E-CARD\admin\amr\qrmask.php</b> on line <b>155</b><br />
<br />
<b>Warning</b>:  mkdir(): No such file or directory in <b>C:\xampp\htdocs\Medical_E-CARD\admin\amr\qrmask.php</b> on line <b>154</b><br />
<br />
<b>Warning</b>:  file_put_contents(C:\xampp\htdocs\Medical_E-CARD\admin\amr\cache\mask_3\mask_21_3.dat): failed to open stream: No such file or directory in <b>C:\xampp\htdocs\Medical_E-CARD\admin\amr\qrmask.php</b> on line <b>155</b><br />
<br />
<b>Warning</b>:  mkdir(): No such file or directory in <b>C:\xampp\htdocs\Medical_E-CARD\admin\amr\qrmask.php</b> on line <b>154</b><br />
<br />
<b>Warning</b>:  file_put_contents(C:\xampp\htdocs\Medical_E-CARD\admin\amr\cache\mask_4\mask_21_4.dat): failed to open stream: No such file or directory in <b>C:\xampp\htdocs\Medical_E-CARD\admin\amr\qrmask.php</b> on line <b>155</b><br />
<br />
<b>Warning</b>:  mkdir(): No such file or directory in <b>C:\xampp\htdocs\Medical_E-CARD\admin\amr\qrmask.php</b> on line <b>154</b><br />
<br />
<b>Warning</b>:  file_put_contents(C:\xampp\htdocs\Medical_E-CARD\admin\amr\cache\mask_5\mask_21_5.dat): failed to open stream: No such file or directory in <b>C:\xampp\htdocs\Medical_E-CARD\admin\amr\qrmask.php</b> on line <b>155</b><br />
<br />
<b>Warning</b>:  mkdir(): No such file or directory in <b>C:\xampp\htdocs\Medical_E-CARD\admin\amr\qrmask.php</b> on line <b>154</b><br />
<br />
<b>Warning</b>:  file_put_contents(C:\xampp\htdocs\Medical_E-CARD\admin\amr\cache\mask_6\mask_21_6.dat): failed to open stream: No such file or directory in <b>C:\xampp\htdocs\Medical_E-CARD\admin\amr\qrmask.php</b> on line <b>155</b><br />
<br />
<b>Warning</b>:  mkdir(): No such file or directory in <b>C:\xampp\htdocs\Medical_E-CARD\admin\amr\qrmask.php</b> on line <b>154</b><br />
<br />
<b>Warning</b>:  file_put_contents(C:\xampp\htdocs\Medical_E-CARD\admin\amr\cache\mask_7\mask_21_7.dat): failed to open stream: No such file or directory in <b>C:\xampp\htdocs\Medical_E-CARD\admin\amr\qrmask.php</b> on line <b>155</b><br />
2016-11-23 06:48:40: <br />
<b>Warning</b>:  file_put_contents(C:\xampp\htdocs\Medical_E-CARD\admin\amr\cache\frame_1.dat): failed to open stream: No such file or directory in <b>C:\xampp\htdocs\Medical_E-CARD\admin\amr\qrspec.php</b> on line <b>568</b><br />
<br />
<b>Warning</b>:  mkdir(): No such file or directory in <b>C:\xampp\htdocs\Medical_E-CARD\admin\amr\qrmask.php</b> on line <b>154</b><br />
<br />
<b>Warning</b>:  file_put_contents(C:\xampp\htdocs\Medical_E-CARD\admin\amr\cache\mask_0\mask_21_0.dat): failed to open stream: No such file or directory in <b>C:\xampp\htdocs\Medical_E-CARD\admin\amr\qrmask.php</b> on line <b>155</b><br />
<br />
<b>Warning</b>:  mkdir(): No such file or directory in <b>C:\xampp\htdocs\Medical_E-CARD\admin\amr\qrmask.php</b> on line <b>154</b><br />
<br />
<b>Warning</b>:  file_put_contents(C:\xampp\htdocs\Medical_E-CARD\admin\amr\cache\mask_1\mask_21_1.dat): failed to open stream: No such file or directory in <b>C:\xampp\htdocs\Medical_E-CARD\admin\amr\qrmask.php</b> on line <b>155</b><br />
<br />
<b>Warning</b>:  mkdir(): No such file or directory in <b>C:\xampp\htdocs\Medical_E-CARD\admin\amr\qrmask.php</b> on line <b>154</b><br />
<br />
<b>Warning</b>:  file_put_contents(C:\xampp\htdocs\Medical_E-CARD\admin\amr\cache\mask_2\mask_21_2.dat): failed to open stream: No such file or directory in <b>C:\xampp\htdocs\Medical_E-CARD\admin\amr\qrmask.php</b> on line <b>155</b><br />
<br />
<b>Warning</b>:  mkdir(): No such file or directory in <b>C:\xampp\htdocs\Medical_E-CARD\admin\amr\qrmask.php</b> on line <b>154</b><br />
<br />
<b>Warning</b>:  file_put_contents(C:\xampp\htdocs\Medical_E-CARD\admin\amr\cache\mask_3\mask_21_3.dat): failed to open stream: No such file or directory in <b>C:\xampp\htdocs\Medical_E-CARD\admin\amr\qrmask.php</b> on line <b>155</b><br />
<br />
<b>Warning</b>:  mkdir(): No such file or directory in <b>C:\xampp\htdocs\Medical_E-CARD\admin\amr\qrmask.php</b> on line <b>154</b><br />
<br />
<b>Warning</b>:  file_put_contents(C:\xampp\htdocs\Medical_E-CARD\admin\amr\cache\mask_4\mask_21_4.dat): failed to open stream: No such file or directory in <b>C:\xampp\htdocs\Medical_E-CARD\admin\amr\qrmask.php</b> on line <b>155</b><br />
<br />
<b>Warning</b>:  mkdir(): No such file or directory in <b>C:\xampp\htdocs\Medical_E-CARD\admin\amr\qrmask.php</b> on line <b>154</b><br />
<br />
<b>Warning</b>:  file_put_contents(C:\xampp\htdocs\Medical_E-CARD\admin\amr\cache\mask_5\mask_21_5.dat): failed to open stream: No such file or directory in <b>C:\xampp\htdocs\Medical_E-CARD\admin\amr\qrmask.php</b> on line <b>155</b><br />
<br />
<b>Warning</b>:  mkdir(): No such file or directory in <b>C:\xampp\htdocs\Medical_E-CARD\admin\amr\qrmask.php</b> on line <b>154</b><br />
<br />
<b>Warning</b>:  file_put_contents(C:\xampp\htdocs\Medical_E-CARD\admin\amr\cache\mask_6\mask_21_6.dat): failed to open stream: No such file or directory in <b>C:\xampp\htdocs\Medical_E-CARD\admin\amr\qrmask.php</b> on line <b>155</b><br />
<br />
<b>Warning</b>:  mkdir(): No such file or directory in <b>C:\xampp\htdocs\Medical_E-CARD\admin\amr\qrmask.php</b> on line <b>154</b><br />
<br />
<b>Warning</b>:  file_put_contents(C:\xampp\htdocs\Medical_E-CARD\admin\amr\cache\mask_7\mask_21_7.dat): failed to open stream: No such file or directory in <b>C:\xampp\htdocs\Medical_E-CARD\admin\amr\qrmask.php</b> on line <b>155</b><br />
2016-11-23 06:48:44: <br />
<b>Warning</b>:  file_put_contents(C:\xampp\htdocs\Medical_E-CARD\admin\amr\cache\frame_1.dat): failed to open stream: No such file or directory in <b>C:\xampp\htdocs\Medical_E-CARD\admin\amr\qrspec.php</b> on line <b>568</b><br />
<br />
<b>Warning</b>:  mkdir(): No such file or directory in <b>C:\xampp\htdocs\Medical_E-CARD\admin\amr\qrmask.php</b> on line <b>154</b><br />
<br />
<b>Warning</b>:  file_put_contents(C:\xampp\htdocs\Medical_E-CARD\admin\amr\cache\mask_0\mask_21_0.dat): failed to open stream: No such file or directory in <b>C:\xampp\htdocs\Medical_E-CARD\admin\amr\qrmask.php</b> on line <b>155</b><br />
<br />
<b>Warning</b>:  mkdir(): No such file or directory in <b>C:\xampp\htdocs\Medical_E-CARD\admin\amr\qrmask.php</b> on line <b>154</b><br />
<br />
<b>Warning</b>:  file_put_contents(C:\xampp\htdocs\Medical_E-CARD\admin\amr\cache\mask_1\mask_21_1.dat): failed to open stream: No such file or directory in <b>C:\xampp\htdocs\Medical_E-CARD\admin\amr\qrmask.php</b> on line <b>155</b><br />
<br />
<b>Warning</b>:  mkdir(): No such file or directory in <b>C:\xampp\htdocs\Medical_E-CARD\admin\amr\qrmask.php</b> on line <b>154</b><br />
<br />
<b>Warning</b>:  file_put_contents(C:\xampp\htdocs\Medical_E-CARD\admin\amr\cache\mask_2\mask_21_2.dat): failed to open stream: No such file or directory in <b>C:\xampp\htdocs\Medical_E-CARD\admin\amr\qrmask.php</b> on line <b>155</b><br />
<br />
<b>Warning</b>:  mkdir(): No such file or directory in <b>C:\xampp\htdocs\Medical_E-CARD\admin\amr\qrmask.php</b> on line <b>154</b><br />
<br />
<b>Warning</b>:  file_put_contents(C:\xampp\htdocs\Medical_E-CARD\admin\amr\cache\mask_3\mask_21_3.dat): failed to open stream: No such file or directory in <b>C:\xampp\htdocs\Medical_E-CARD\admin\amr\qrmask.php</b> on line <b>155</b><br />
<br />
<b>Warning</b>:  mkdir(): No such file or directory in <b>C:\xampp\htdocs\Medical_E-CARD\admin\amr\qrmask.php</b> on line <b>154</b><br />
<br />
<b>Warning</b>:  file_put_contents(C:\xampp\htdocs\Medical_E-CARD\admin\amr\cache\mask_4\mask_21_4.dat): failed to open stream: No such file or directory in <b>C:\xampp\htdocs\Medical_E-CARD\admin\amr\qrmask.php</b> on line <b>155</b><br />
<br />
<b>Warning</b>:  mkdir(): No such file or directory in <b>C:\xampp\htdocs\Medical_E-CARD\admin\amr\qrmask.php</b> on line <b>154</b><br />
<br />
<b>Warning</b>:  file_put_contents(C:\xampp\htdocs\Medical_E-CARD\admin\amr\cache\mask_5\mask_21_5.dat): failed to open stream: No such file or directory in <b>C:\xampp\htdocs\Medical_E-CARD\admin\amr\qrmask.php</b> on line <b>155</b><br />
<br />
<b>Warning</b>:  mkdir(): No such file or directory in <b>C:\xampp\htdocs\Medical_E-CARD\admin\amr\qrmask.php</b> on line <b>154</b><br />
<br />
<b>Warning</b>:  file_put_contents(C:\xampp\htdocs\Medical_E-CARD\admin\amr\cache\mask_6\mask_21_6.dat): failed to open stream: No such file or directory in <b>C:\xampp\htdocs\Medical_E-CARD\admin\amr\qrmask.php</b> on line <b>155</b><br />
<br />
<b>Warning</b>:  mkdir(): No such file or directory in <b>C:\xampp\htdocs\Medical_E-CARD\admin\amr\qrmask.php</b> on line <b>154</b><br />
<br />
<b>Warning</b>:  file_put_contents(C:\xampp\htdocs\Medical_E-CARD\admin\amr\cache\mask_7\mask_21_7.dat): failed to open stream: No such file or directory in <b>C:\xampp\htdocs\Medical_E-CARD\admin\amr\qrmask.php</b> on line <b>155</b><br />
2016-11-23 09:53:45: <br />
<b>Warning</b>:  file_put_contents(C:\xampp\htdocs\Medical_E-CARD\admin\amr\cache\frame_1.dat): failed to open stream: No such file or directory in <b>C:\xampp\htdocs\Medical_E-CARD\admin\amr\qrspec.php</b> on line <b>568</b><br />
<br />
<b>Warning</b>:  mkdir(): No such file or directory in <b>C:\xampp\htdocs\Medical_E-CARD\admin\amr\qrmask.php</b> on line <b>154</b><br />
<br />
<b>Warning</b>:  file_put_contents(C:\xampp\htdocs\Medical_E-CARD\admin\amr\cache\mask_0\mask_21_0.dat): failed to open stream: No such file or directory in <b>C:\xampp\htdocs\Medical_E-CARD\admin\amr\qrmask.php</b> on line <b>155</b><br />
<br />
<b>Warning</b>:  mkdir(): No such file or directory in <b>C:\xampp\htdocs\Medical_E-CARD\admin\amr\qrmask.php</b> on line <b>154</b><br />
<br />
<b>Warning</b>:  file_put_contents(C:\xampp\htdocs\Medical_E-CARD\admin\amr\cache\mask_1\mask_21_1.dat): failed to open stream: No such file or directory in <b>C:\xampp\htdocs\Medical_E-CARD\admin\amr\qrmask.php</b> on line <b>155</b><br />
<br />
<b>Warning</b>:  mkdir(): No such file or directory in <b>C:\xampp\htdocs\Medical_E-CARD\admin\amr\qrmask.php</b> on line <b>154</b><br />
<br />
<b>Warning</b>:  file_put_contents(C:\xampp\htdocs\Medical_E-CARD\admin\amr\cache\mask_2\mask_21_2.dat): failed to open stream: No such file or directory in <b>C:\xampp\htdocs\Medical_E-CARD\admin\amr\qrmask.php</b> on line <b>155</b><br />
<br />
<b>Warning</b>:  mkdir(): No such file or directory in <b>C:\xampp\htdocs\Medical_E-CARD\admin\amr\qrmask.php</b> on line <b>154</b><br />
<br />
<b>Warning</b>:  file_put_contents(C:\xampp\htdocs\Medical_E-CARD\admin\amr\cache\mask_3\mask_21_3.dat): failed to open stream: No such file or directory in <b>C:\xampp\htdocs\Medical_E-CARD\admin\amr\qrmask.php</b> on line <b>155</b><br />
<br />
<b>Warning</b>:  mkdir(): No such file or directory in <b>C:\xampp\htdocs\Medical_E-CARD\admin\amr\qrmask.php</b> on line <b>154</b><br />
<br />
<b>Warning</b>:  file_put_contents(C:\xampp\htdocs\Medical_E-CARD\admin\amr\cache\mask_4\mask_21_4.dat): failed to open stream: No such file or directory in <b>C:\xampp\htdocs\Medical_E-CARD\admin\amr\qrmask.php</b> on line <b>155</b><br />
<br />
<b>Warning</b>:  mkdir(): No such file or directory in <b>C:\xampp\htdocs\Medical_E-CARD\admin\amr\qrmask.php</b> on line <b>154</b><br />
<br />
<b>Warning</b>:  file_put_contents(C:\xampp\htdocs\Medical_E-CARD\admin\amr\cache\mask_5\mask_21_5.dat): failed to open stream: No such file or directory in <b>C:\xampp\htdocs\Medical_E-CARD\admin\amr\qrmask.php</b> on line <b>155</b><br />
<br />
<b>Warning</b>:  mkdir(): No such file or directory in <b>C:\xampp\htdocs\Medical_E-CARD\admin\amr\qrmask.php</b> on line <b>154</b><br />
<br />
<b>Warning</b>:  file_put_contents(C:\xampp\htdocs\Medical_E-CARD\admin\amr\cache\mask_6\mask_21_6.dat): failed to open stream: No such file or directory in <b>C:\xampp\htdocs\Medical_E-CARD\admin\amr\qrmask.php</b> on line <b>155</b><br />
<br />
<b>Warning</b>:  mkdir(): No such file or directory in <b>C:\xampp\htdocs\Medical_E-CARD\admin\amr\qrmask.php</b> on line <b>154</b><br />
<br />
<b>Warning</b>:  file_put_contents(C:\xampp\htdocs\Medical_E-CARD\admin\amr\cache\mask_7\mask_21_7.dat): failed to open stream: No such file or directory in <b>C:\xampp\htdocs\Medical_E-CARD\admin\amr\qrmask.php</b> on line <b>155</b><br />
2016-11-23 09:57:18: <br />
<b>Warning</b>:  file_put_contents(C:\xampp\htdocs\Medical_E-CARD\admin\amr\cache\frame_1.dat): failed to open stream: No such file or directory in <b>C:\xampp\htdocs\Medical_E-CARD\admin\amr\qrspec.php</b> on line <b>568</b><br />
<br />
<b>Warning</b>:  mkdir(): No such file or directory in <b>C:\xampp\htdocs\Medical_E-CARD\admin\amr\qrmask.php</b> on line <b>154</b><br />
<br />
<b>Warning</b>:  file_put_contents(C:\xampp\htdocs\Medical_E-CARD\admin\amr\cache\mask_0\mask_21_0.dat): failed to open stream: No such file or directory in <b>C:\xampp\htdocs\Medical_E-CARD\admin\amr\qrmask.php</b> on line <b>155</b><br />
<br />
<b>Warning</b>:  mkdir(): No such file or directory in <b>C:\xampp\htdocs\Medical_E-CARD\admin\amr\qrmask.php</b> on line <b>154</b><br />
<br />
<b>Warning</b>:  file_put_contents(C:\xampp\htdocs\Medical_E-CARD\admin\amr\cache\mask_1\mask_21_1.dat): failed to open stream: No such file or directory in <b>C:\xampp\htdocs\Medical_E-CARD\admin\amr\qrmask.php</b> on line <b>155</b><br />
<br />
<b>Warning</b>:  mkdir(): No such file or directory in <b>C:\xampp\htdocs\Medical_E-CARD\admin\amr\qrmask.php</b> on line <b>154</b><br />
<br />
<b>Warning</b>:  file_put_contents(C:\xampp\htdocs\Medical_E-CARD\admin\amr\cache\mask_2\mask_21_2.dat): failed to open stream: No such file or directory in <b>C:\xampp\htdocs\Medical_E-CARD\admin\amr\qrmask.php</b> on line <b>155</b><br />
<br />
<b>Warning</b>:  mkdir(): No such file or directory in <b>C:\xampp\htdocs\Medical_E-CARD\admin\amr\qrmask.php</b> on line <b>154</b><br />
<br />
<b>Warning</b>:  file_put_contents(C:\xampp\htdocs\Medical_E-CARD\admin\amr\cache\mask_3\mask_21_3.dat): failed to open stream: No such file or directory in <b>C:\xampp\htdocs\Medical_E-CARD\admin\amr\qrmask.php</b> on line <b>155</b><br />
<br />
<b>Warning</b>:  mkdir(): No such file or directory in <b>C:\xampp\htdocs\Medical_E-CARD\admin\amr\qrmask.php</b> on line <b>154</b><br />
<br />
<b>Warning</b>:  file_put_contents(C:\xampp\htdocs\Medical_E-CARD\admin\amr\cache\mask_4\mask_21_4.dat): failed to open stream: No such file or directory in <b>C:\xampp\htdocs\Medical_E-CARD\admin\amr\qrmask.php</b> on line <b>155</b><br />
<br />
<b>Warning</b>:  mkdir(): No such file or directory in <b>C:\xampp\htdocs\Medical_E-CARD\admin\amr\qrmask.php</b> on line <b>154</b><br />
<br />
<b>Warning</b>:  file_put_contents(C:\xampp\htdocs\Medical_E-CARD\admin\amr\cache\mask_5\mask_21_5.dat): failed to open stream: No such file or directory in <b>C:\xampp\htdocs\Medical_E-CARD\admin\amr\qrmask.php</b> on line <b>155</b><br />
<br />
<b>Warning</b>:  mkdir(): No such file or directory in <b>C:\xampp\htdocs\Medical_E-CARD\admin\amr\qrmask.php</b> on line <b>154</b><br />
<br />
<b>Warning</b>:  file_put_contents(C:\xampp\htdocs\Medical_E-CARD\admin\amr\cache\mask_6\mask_21_6.dat): failed to open stream: No such file or directory in <b>C:\xampp\htdocs\Medical_E-CARD\admin\amr\qrmask.php</b> on line <b>155</b><br />
<br />
<b>Warning</b>:  mkdir(): No such file or directory in <b>C:\xampp\htdocs\Medical_E-CARD\admin\amr\qrmask.php</b> on line <b>154</b><br />
<br />
<b>Warning</b>:  file_put_contents(C:\xampp\htdocs\Medical_E-CARD\admin\amr\cache\mask_7\mask_21_7.dat): failed to open stream: No such file or directory in <b>C:\xampp\htdocs\Medical_E-CARD\admin\amr\qrmask.php</b> on line <b>155</b><br />
2016-11-23 09:57:25: <br />
<b>Warning</b>:  file_put_contents(C:\xampp\htdocs\Medical_E-CARD\admin\amr\cache\frame_1.dat): failed to open stream: No such file or directory in <b>C:\xampp\htdocs\Medical_E-CARD\admin\amr\qrspec.php</b> on line <b>568</b><br />
<br />
<b>Warning</b>:  mkdir(): No such file or directory in <b>C:\xampp\htdocs\Medical_E-CARD\admin\amr\qrmask.php</b> on line <b>154</b><br />
<br />
<b>Warning</b>:  file_put_contents(C:\xampp\htdocs\Medical_E-CARD\admin\amr\cache\mask_0\mask_21_0.dat): failed to open stream: No such file or directory in <b>C:\xampp\htdocs\Medical_E-CARD\admin\amr\qrmask.php</b> on line <b>155</b><br />
<br />
<b>Warning</b>:  mkdir(): No such file or directory in <b>C:\xampp\htdocs\Medical_E-CARD\admin\amr\qrmask.php</b> on line <b>154</b><br />
<br />
<b>Warning</b>:  file_put_contents(C:\xampp\htdocs\Medical_E-CARD\admin\amr\cache\mask_1\mask_21_1.dat): failed to open stream: No such file or directory in <b>C:\xampp\htdocs\Medical_E-CARD\admin\amr\qrmask.php</b> on line <b>155</b><br />
<br />
<b>Warning</b>:  mkdir(): No such file or directory in <b>C:\xampp\htdocs\Medical_E-CARD\admin\amr\qrmask.php</b> on line <b>154</b><br />
<br />
<b>Warning</b>:  file_put_contents(C:\xampp\htdocs\Medical_E-CARD\admin\amr\cache\mask_2\mask_21_2.dat): failed to open stream: No such file or directory in <b>C:\xampp\htdocs\Medical_E-CARD\admin\amr\qrmask.php</b> on line <b>155</b><br />
<br />
<b>Warning</b>:  mkdir(): No such file or directory in <b>C:\xampp\htdocs\Medical_E-CARD\admin\amr\qrmask.php</b> on line <b>154</b><br />
<br />
<b>Warning</b>:  file_put_contents(C:\xampp\htdocs\Medical_E-CARD\admin\amr\cache\mask_3\mask_21_3.dat): failed to open stream: No such file or directory in <b>C:\xampp\htdocs\Medical_E-CARD\admin\amr\qrmask.php</b> on line <b>155</b><br />
<br />
<b>Warning</b>:  mkdir(): No such file or directory in <b>C:\xampp\htdocs\Medical_E-CARD\admin\amr\qrmask.php</b> on line <b>154</b><br />
<br />
<b>Warning</b>:  file_put_contents(C:\xampp\htdocs\Medical_E-CARD\admin\amr\cache\mask_4\mask_21_4.dat): failed to open stream: No such file or directory in <b>C:\xampp\htdocs\Medical_E-CARD\admin\amr\qrmask.php</b> on line <b>155</b><br />
<br />
<b>Warning</b>:  mkdir(): No such file or directory in <b>C:\xampp\htdocs\Medical_E-CARD\admin\amr\qrmask.php</b> on line <b>154</b><br />
<br />
<b>Warning</b>:  file_put_contents(C:\xampp\htdocs\Medical_E-CARD\admin\amr\cache\mask_5\mask_21_5.dat): failed to open stream: No such file or directory in <b>C:\xampp\htdocs\Medical_E-CARD\admin\amr\qrmask.php</b> on line <b>155</b><br />
<br />
<b>Warning</b>:  mkdir(): No such file or directory in <b>C:\xampp\htdocs\Medical_E-CARD\admin\amr\qrmask.php</b> on line <b>154</b><br />
<br />
<b>Warning</b>:  file_put_contents(C:\xampp\htdocs\Medical_E-CARD\admin\amr\cache\mask_6\mask_21_6.dat): failed to open stream: No such file or directory in <b>C:\xampp\htdocs\Medical_E-CARD\admin\amr\qrmask.php</b> on line <b>155</b><br />
<br />
<b>Warning</b>:  mkdir(): No such file or directory in <b>C:\xampp\htdocs\Medical_E-CARD\admin\amr\qrmask.php</b> on line <b>154</b><br />
<br />
<b>Warning</b>:  file_put_contents(C:\xampp\htdocs\Medical_E-CARD\admin\amr\cache\mask_7\mask_21_7.dat): failed to open stream: No such file or directory in <b>C:\xampp\htdocs\Medical_E-CARD\admin\amr\qrmask.php</b> on line <b>155</b><br />
2016-11-23 09:57:28: <br />
<b>Warning</b>:  file_put_contents(C:\xampp\htdocs\Medical_E-CARD\admin\amr\cache\frame_1.dat): failed to open stream: No such file or directory in <b>C:\xampp\htdocs\Medical_E-CARD\admin\amr\qrspec.php</b> on line <b>568</b><br />
<br />
<b>Warning</b>:  mkdir(): No such file or directory in <b>C:\xampp\htdocs\Medical_E-CARD\admin\amr\qrmask.php</b> on line <b>154</b><br />
<br />
<b>Warning</b>:  file_put_contents(C:\xampp\htdocs\Medical_E-CARD\admin\amr\cache\mask_0\mask_21_0.dat): failed to open stream: No such file or directory in <b>C:\xampp\htdocs\Medical_E-CARD\admin\amr\qrmask.php</b> on line <b>155</b><br />
<br />
<b>Warning</b>:  mkdir(): No such file or directory in <b>C:\xampp\htdocs\Medical_E-CARD\admin\amr\qrmask.php</b> on line <b>154</b><br />
<br />
<b>Warning</b>:  file_put_contents(C:\xampp\htdocs\Medical_E-CARD\admin\amr\cache\mask_1\mask_21_1.dat): failed to open stream: No such file or directory in <b>C:\xampp\htdocs\Medical_E-CARD\admin\amr\qrmask.php</b> on line <b>155</b><br />
<br />
<b>Warning</b>:  mkdir(): No such file or directory in <b>C:\xampp\htdocs\Medical_E-CARD\admin\amr\qrmask.php</b> on line <b>154</b><br />
<br />
<b>Warning</b>:  file_put_contents(C:\xampp\htdocs\Medical_E-CARD\admin\amr\cache\mask_2\mask_21_2.dat): failed to open stream: No such file or directory in <b>C:\xampp\htdocs\Medical_E-CARD\admin\amr\qrmask.php</b> on line <b>155</b><br />
<br />
<b>Warning</b>:  mkdir(): No such file or directory in <b>C:\xampp\htdocs\Medical_E-CARD\admin\amr\qrmask.php</b> on line <b>154</b><br />
<br />
<b>Warning</b>:  file_put_contents(C:\xampp\htdocs\Medical_E-CARD\admin\amr\cache\mask_3\mask_21_3.dat): failed to open stream: No such file or directory in <b>C:\xampp\htdocs\Medical_E-CARD\admin\amr\qrmask.php</b> on line <b>155</b><br />
<br />
<b>Warning</b>:  mkdir(): No such file or directory in <b>C:\xampp\htdocs\Medical_E-CARD\admin\amr\qrmask.php</b> on line <b>154</b><br />
<br />
<b>Warning</b>:  file_put_contents(C:\xampp\htdocs\Medical_E-CARD\admin\amr\cache\mask_4\mask_21_4.dat): failed to open stream: No such file or directory in <b>C:\xampp\htdocs\Medical_E-CARD\admin\amr\qrmask.php</b> on line <b>155</b><br />
<br />
<b>Warning</b>:  mkdir(): No such file or directory in <b>C:\xampp\htdocs\Medical_E-CARD\admin\amr\qrmask.php</b> on line <b>154</b><br />
<br />
<b>Warning</b>:  file_put_contents(C:\xampp\htdocs\Medical_E-CARD\admin\amr\cache\mask_5\mask_21_5.dat): failed to open stream: No such file or directory in <b>C:\xampp\htdocs\Medical_E-CARD\admin\amr\qrmask.php</b> on line <b>155</b><br />
<br />
<b>Warning</b>:  mkdir(): No such file or directory in <b>C:\xampp\htdocs\Medical_E-CARD\admin\amr\qrmask.php</b> on line <b>154</b><br />
<br />
<b>Warning</b>:  file_put_contents(C:\xampp\htdocs\Medical_E-CARD\admin\amr\cache\mask_6\mask_21_6.dat): failed to open stream: No such file or directory in <b>C:\xampp\htdocs\Medical_E-CARD\admin\amr\qrmask.php</b> on line <b>155</b><br />
<br />
<b>Warning</b>:  mkdir(): No such file or directory in <b>C:\xampp\htdocs\Medical_E-CARD\admin\amr\qrmask.php</b> on line <b>154</b><br />
<br />
<b>Warning</b>:  file_put_contents(C:\xampp\htdocs\Medical_E-CARD\admin\amr\cache\mask_7\mask_21_7.dat): failed to open stream: No such file or directory in <b>C:\xampp\htdocs\Medical_E-CARD\admin\amr\qrmask.php</b> on line <b>155</b><br />
2016-11-23 09:57:31: <br />
<b>Warning</b>:  file_put_contents(C:\xampp\htdocs\Medical_E-CARD\admin\amr\cache\frame_1.dat): failed to open stream: No such file or directory in <b>C:\xampp\htdocs\Medical_E-CARD\admin\amr\qrspec.php</b> on line <b>568</b><br />
<br />
<b>Warning</b>:  mkdir(): No such file or directory in <b>C:\xampp\htdocs\Medical_E-CARD\admin\amr\qrmask.php</b> on line <b>154</b><br />
<br />
<b>Warning</b>:  file_put_contents(C:\xampp\htdocs\Medical_E-CARD\admin\amr\cache\mask_0\mask_21_0.dat): failed to open stream: No such file or directory in <b>C:\xampp\htdocs\Medical_E-CARD\admin\amr\qrmask.php</b> on line <b>155</b><br />
<br />
<b>Warning</b>:  mkdir(): No such file or directory in <b>C:\xampp\htdocs\Medical_E-CARD\admin\amr\qrmask.php</b> on line <b>154</b><br />
<br />
<b>Warning</b>:  file_put_contents(C:\xampp\htdocs\Medical_E-CARD\admin\amr\cache\mask_1\mask_21_1.dat): failed to open stream: No such file or directory in <b>C:\xampp\htdocs\Medical_E-CARD\admin\amr\qrmask.php</b> on line <b>155</b><br />
<br />
<b>Warning</b>:  mkdir(): No such file or directory in <b>C:\xampp\htdocs\Medical_E-CARD\admin\amr\qrmask.php</b> on line <b>154</b><br />
<br />
<b>Warning</b>:  file_put_contents(C:\xampp\htdocs\Medical_E-CARD\admin\amr\cache\mask_2\mask_21_2.dat): failed to open stream: No such file or directory in <b>C:\xampp\htdocs\Medical_E-CARD\admin\amr\qrmask.php</b> on line <b>155</b><br />
<br />
<b>Warning</b>:  mkdir(): No such file or directory in <b>C:\xampp\htdocs\Medical_E-CARD\admin\amr\qrmask.php</b> on line <b>154</b><br />
<br />
<b>Warning</b>:  file_put_contents(C:\xampp\htdocs\Medical_E-CARD\admin\amr\cache\mask_3\mask_21_3.dat): failed to open stream: No such file or directory in <b>C:\xampp\htdocs\Medical_E-CARD\admin\amr\qrmask.php</b> on line <b>155</b><br />
<br />
<b>Warning</b>:  mkdir(): No such file or directory in <b>C:\xampp\htdocs\Medical_E-CARD\admin\amr\qrmask.php</b> on line <b>154</b><br />
<br />
<b>Warning</b>:  file_put_contents(C:\xampp\htdocs\Medical_E-CARD\admin\amr\cache\mask_4\mask_21_4.dat): failed to open stream: No such file or directory in <b>C:\xampp\htdocs\Medical_E-CARD\admin\amr\qrmask.php</b> on line <b>155</b><br />
<br />
<b>Warning</b>:  mkdir(): No such file or directory in <b>C:\xampp\htdocs\Medical_E-CARD\admin\amr\qrmask.php</b> on line <b>154</b><br />
<br />
<b>Warning</b>:  file_put_contents(C:\xampp\htdocs\Medical_E-CARD\admin\amr\cache\mask_5\mask_21_5.dat): failed to open stream: No such file or directory in <b>C:\xampp\htdocs\Medical_E-CARD\admin\amr\qrmask.php</b> on line <b>155</b><br />
<br />
<b>Warning</b>:  mkdir(): No such file or directory in <b>C:\xampp\htdocs\Medical_E-CARD\admin\amr\qrmask.php</b> on line <b>154</b><br />
<br />
<b>Warning</b>:  file_put_contents(C:\xampp\htdocs\Medical_E-CARD\admin\amr\cache\mask_6\mask_21_6.dat): failed to open stream: No such file or directory in <b>C:\xampp\htdocs\Medical_E-CARD\admin\amr\qrmask.php</b> on line <b>155</b><br />
<br />
<b>Warning</b>:  mkdir(): No such file or directory in <b>C:\xampp\htdocs\Medical_E-CARD\admin\amr\qrmask.php</b> on line <b>154</b><br />
<br />
<b>Warning</b>:  file_put_contents(C:\xampp\htdocs\Medical_E-CARD\admin\amr\cache\mask_7\mask_21_7.dat): failed to open stream: No such file or directory in <b>C:\xampp\htdocs\Medical_E-CARD\admin\amr\qrmask.php</b> on line <b>155</b><br />
2016-11-23 09:57:46: <br />
<b>Warning</b>:  file_put_contents(C:\xampp\htdocs\Medical_E-CARD\admin\amr\cache\frame_1.dat): failed to open stream: No such file or directory in <b>C:\xampp\htdocs\Medical_E-CARD\admin\amr\qrspec.php</b> on line <b>568</b><br />
<br />
<b>Warning</b>:  mkdir(): No such file or directory in <b>C:\xampp\htdocs\Medical_E-CARD\admin\amr\qrmask.php</b> on line <b>154</b><br />
<br />
<b>Warning</b>:  file_put_contents(C:\xampp\htdocs\Medical_E-CARD\admin\amr\cache\mask_0\mask_21_0.dat): failed to open stream: No such file or directory in <b>C:\xampp\htdocs\Medical_E-CARD\admin\amr\qrmask.php</b> on line <b>155</b><br />
<br />
<b>Warning</b>:  mkdir(): No such file or directory in <b>C:\xampp\htdocs\Medical_E-CARD\admin\amr\qrmask.php</b> on line <b>154</b><br />
<br />
<b>Warning</b>:  file_put_contents(C:\xampp\htdocs\Medical_E-CARD\admin\amr\cache\mask_1\mask_21_1.dat): failed to open stream: No such file or directory in <b>C:\xampp\htdocs\Medical_E-CARD\admin\amr\qrmask.php</b> on line <b>155</b><br />
<br />
<b>Warning</b>:  mkdir(): No such file or directory in <b>C:\xampp\htdocs\Medical_E-CARD\admin\amr\qrmask.php</b> on line <b>154</b><br />
<br />
<b>Warning</b>:  file_put_contents(C:\xampp\htdocs\Medical_E-CARD\admin\amr\cache\mask_2\mask_21_2.dat): failed to open stream: No such file or directory in <b>C:\xampp\htdocs\Medical_E-CARD\admin\amr\qrmask.php</b> on line <b>155</b><br />
<br />
<b>Warning</b>:  mkdir(): No such file or directory in <b>C:\xampp\htdocs\Medical_E-CARD\admin\amr\qrmask.php</b> on line <b>154</b><br />
<br />
<b>Warning</b>:  file_put_contents(C:\xampp\htdocs\Medical_E-CARD\admin\amr\cache\mask_3\mask_21_3.dat): failed to open stream: No such file or directory in <b>C:\xampp\htdocs\Medical_E-CARD\admin\amr\qrmask.php</b> on line <b>155</b><br />
<br />
<b>Warning</b>:  mkdir(): No such file or directory in <b>C:\xampp\htdocs\Medical_E-CARD\admin\amr\qrmask.php</b> on line <b>154</b><br />
<br />
<b>Warning</b>:  file_put_contents(C:\xampp\htdocs\Medical_E-CARD\admin\amr\cache\mask_4\mask_21_4.dat): failed to open stream: No such file or directory in <b>C:\xampp\htdocs\Medical_E-CARD\admin\amr\qrmask.php</b> on line <b>155</b><br />
<br />
<b>Warning</b>:  mkdir(): No such file or directory in <b>C:\xampp\htdocs\Medical_E-CARD\admin\amr\qrmask.php</b> on line <b>154</b><br />
<br />
<b>Warning</b>:  file_put_contents(C:\xampp\htdocs\Medical_E-CARD\admin\amr\cache\mask_5\mask_21_5.dat): failed to open stream: No such file or directory in <b>C:\xampp\htdocs\Medical_E-CARD\admin\amr\qrmask.php</b> on line <b>155</b><br />
<br />
<b>Warning</b>:  mkdir(): No such file or directory in <b>C:\xampp\htdocs\Medical_E-CARD\admin\amr\qrmask.php</b> on line <b>154</b><br />
<br />
<b>Warning</b>:  file_put_contents(C:\xampp\htdocs\Medical_E-CARD\admin\amr\cache\mask_6\mask_21_6.dat): failed to open stream: No such file or directory in <b>C:\xampp\htdocs\Medical_E-CARD\admin\amr\qrmask.php</b> on line <b>155</b><br />
<br />
<b>Warning</b>:  mkdir(): No such file or directory in <b>C:\xampp\htdocs\Medical_E-CARD\admin\amr\qrmask.php</b> on line <b>154</b><br />
<br />
<b>Warning</b>:  file_put_contents(C:\xampp\htdocs\Medical_E-CARD\admin\amr\cache\mask_7\mask_21_7.dat): failed to open stream: No such file or directory in <b>C:\xampp\htdocs\Medical_E-CARD\admin\amr\qrmask.php</b> on line <b>155</b><br />
2016-11-23 09:57:51: <br />
<b>Warning</b>:  file_put_contents(C:\xampp\htdocs\Medical_E-CARD\admin\amr\cache\frame_1.dat): failed to open stream: No such file or directory in <b>C:\xampp\htdocs\Medical_E-CARD\admin\amr\qrspec.php</b> on line <b>568</b><br />
<br />
<b>Warning</b>:  mkdir(): No such file or directory in <b>C:\xampp\htdocs\Medical_E-CARD\admin\amr\qrmask.php</b> on line <b>154</b><br />
<br />
<b>Warning</b>:  file_put_contents(C:\xampp\htdocs\Medical_E-CARD\admin\amr\cache\mask_0\mask_21_0.dat): failed to open stream: No such file or directory in <b>C:\xampp\htdocs\Medical_E-CARD\admin\amr\qrmask.php</b> on line <b>155</b><br />
<br />
<b>Warning</b>:  mkdir(): No such file or directory in <b>C:\xampp\htdocs\Medical_E-CARD\admin\amr\qrmask.php</b> on line <b>154</b><br />
<br />
<b>Warning</b>:  file_put_contents(C:\xampp\htdocs\Medical_E-CARD\admin\amr\cache\mask_1\mask_21_1.dat): failed to open stream: No such file or directory in <b>C:\xampp\htdocs\Medical_E-CARD\admin\amr\qrmask.php</b> on line <b>155</b><br />
<br />
<b>Warning</b>:  mkdir(): No such file or directory in <b>C:\xampp\htdocs\Medical_E-CARD\admin\amr\qrmask.php</b> on line <b>154</b><br />
<br />
<b>Warning</b>:  file_put_contents(C:\xampp\htdocs\Medical_E-CARD\admin\amr\cache\mask_2\mask_21_2.dat): failed to open stream: No such file or directory in <b>C:\xampp\htdocs\Medical_E-CARD\admin\amr\qrmask.php</b> on line <b>155</b><br />
<br />
<b>Warning</b>:  mkdir(): No such file or directory in <b>C:\xampp\htdocs\Medical_E-CARD\admin\amr\qrmask.php</b> on line <b>154</b><br />
<br />
<b>Warning</b>:  file_put_contents(C:\xampp\htdocs\Medical_E-CARD\admin\amr\cache\mask_3\mask_21_3.dat): failed to open stream: No such file or directory in <b>C:\xampp\htdocs\Medical_E-CARD\admin\amr\qrmask.php</b> on line <b>155</b><br />
<br />
<b>Warning</b>:  mkdir(): No such file or directory in <b>C:\xampp\htdocs\Medical_E-CARD\admin\amr\qrmask.php</b> on line <b>154</b><br />
<br />
<b>Warning</b>:  file_put_contents(C:\xampp\htdocs\Medical_E-CARD\admin\amr\cache\mask_4\mask_21_4.dat): failed to open stream: No such file or directory in <b>C:\xampp\htdocs\Medical_E-CARD\admin\amr\qrmask.php</b> on line <b>155</b><br />
<br />
<b>Warning</b>:  mkdir(): No such file or directory in <b>C:\xampp\htdocs\Medical_E-CARD\admin\amr\qrmask.php</b> on line <b>154</b><br />
<br />
<b>Warning</b>:  file_put_contents(C:\xampp\htdocs\Medical_E-CARD\admin\amr\cache\mask_5\mask_21_5.dat): failed to open stream: No such file or directory in <b>C:\xampp\htdocs\Medical_E-CARD\admin\amr\qrmask.php</b> on line <b>155</b><br />
<br />
<b>Warning</b>:  mkdir(): No such file or directory in <b>C:\xampp\htdocs\Medical_E-CARD\admin\amr\qrmask.php</b> on line <b>154</b><br />
<br />
<b>Warning</b>:  file_put_contents(C:\xampp\htdocs\Medical_E-CARD\admin\amr\cache\mask_6\mask_21_6.dat): failed to open stream: No such file or directory in <b>C:\xampp\htdocs\Medical_E-CARD\admin\amr\qrmask.php</b> on line <b>155</b><br />
<br />
<b>Warning</b>:  mkdir(): No such file or directory in <b>C:\xampp\htdocs\Medical_E-CARD\admin\amr\qrmask.php</b> on line <b>154</b><br />
<br />
<b>Warning</b>:  file_put_contents(C:\xampp\htdocs\Medical_E-CARD\admin\amr\cache\mask_7\mask_21_7.dat): failed to open stream: No such file or directory in <b>C:\xampp\htdocs\Medical_E-CARD\admin\amr\qrmask.php</b> on line <b>155</b><br />
2016-11-23 09:58:00: <br />
<b>Warning</b>:  file_put_contents(C:\xampp\htdocs\Medical_E-CARD\admin\amr\cache\frame_1.dat): failed to open stream: No such file or directory in <b>C:\xampp\htdocs\Medical_E-CARD\admin\amr\qrspec.php</b> on line <b>568</b><br />
<br />
<b>Warning</b>:  mkdir(): No such file or directory in <b>C:\xampp\htdocs\Medical_E-CARD\admin\amr\qrmask.php</b> on line <b>154</b><br />
<br />
<b>Warning</b>:  file_put_contents(C:\xampp\htdocs\Medical_E-CARD\admin\amr\cache\mask_0\mask_21_0.dat): failed to open stream: No such file or directory in <b>C:\xampp\htdocs\Medical_E-CARD\admin\amr\qrmask.php</b> on line <b>155</b><br />
<br />
<b>Warning</b>:  mkdir(): No such file or directory in <b>C:\xampp\htdocs\Medical_E-CARD\admin\amr\qrmask.php</b> on line <b>154</b><br />
<br />
<b>Warning</b>:  file_put_contents(C:\xampp\htdocs\Medical_E-CARD\admin\amr\cache\mask_1\mask_21_1.dat): failed to open stream: No such file or directory in <b>C:\xampp\htdocs\Medical_E-CARD\admin\amr\qrmask.php</b> on line <b>155</b><br />
<br />
<b>Warning</b>:  mkdir(): No such file or directory in <b>C:\xampp\htdocs\Medical_E-CARD\admin\amr\qrmask.php</b> on line <b>154</b><br />
<br />
<b>Warning</b>:  file_put_contents(C:\xampp\htdocs\Medical_E-CARD\admin\amr\cache\mask_2\mask_21_2.dat): failed to open stream: No such file or directory in <b>C:\xampp\htdocs\Medical_E-CARD\admin\amr\qrmask.php</b> on line <b>155</b><br />
<br />
<b>Warning</b>:  mkdir(): No such file or directory in <b>C:\xampp\htdocs\Medical_E-CARD\admin\amr\qrmask.php</b> on line <b>154</b><br />
<br />
<b>Warning</b>:  file_put_contents(C:\xampp\htdocs\Medical_E-CARD\admin\amr\cache\mask_3\mask_21_3.dat): failed to open stream: No such file or directory in <b>C:\xampp\htdocs\Medical_E-CARD\admin\amr\qrmask.php</b> on line <b>155</b><br />
<br />
<b>Warning</b>:  mkdir(): No such file or directory in <b>C:\xampp\htdocs\Medical_E-CARD\admin\amr\qrmask.php</b> on line <b>154</b><br />
<br />
<b>Warning</b>:  file_put_contents(C:\xampp\htdocs\Medical_E-CARD\admin\amr\cache\mask_4\mask_21_4.dat): failed to open stream: No such file or directory in <b>C:\xampp\htdocs\Medical_E-CARD\admin\amr\qrmask.php</b> on line <b>155</b><br />
<br />
<b>Warning</b>:  mkdir(): No such file or directory in <b>C:\xampp\htdocs\Medical_E-CARD\admin\amr\qrmask.php</b> on line <b>154</b><br />
<br />
<b>Warning</b>:  file_put_contents(C:\xampp\htdocs\Medical_E-CARD\admin\amr\cache\mask_5\mask_21_5.dat): failed to open stream: No such file or directory in <b>C:\xampp\htdocs\Medical_E-CARD\admin\amr\qrmask.php</b> on line <b>155</b><br />
<br />
<b>Warning</b>:  mkdir(): No such file or directory in <b>C:\xampp\htdocs\Medical_E-CARD\admin\amr\qrmask.php</b> on line <b>154</b><br />
<br />
<b>Warning</b>:  file_put_contents(C:\xampp\htdocs\Medical_E-CARD\admin\amr\cache\mask_6\mask_21_6.dat): failed to open stream: No such file or directory in <b>C:\xampp\htdocs\Medical_E-CARD\admin\amr\qrmask.php</b> on line <b>155</b><br />
<br />
<b>Warning</b>:  mkdir(): No such file or directory in <b>C:\xampp\htdocs\Medical_E-CARD\admin\amr\qrmask.php</b> on line <b>154</b><br />
<br />
<b>Warning</b>:  file_put_contents(C:\xampp\htdocs\Medical_E-CARD\admin\amr\cache\mask_7\mask_21_7.dat): failed to open stream: No such file or directory in <b>C:\xampp\htdocs\Medical_E-CARD\admin\amr\qrmask.php</b> on line <b>155</b><br />
2016-11-23 10:01:08: <br />
<b>Warning</b>:  file_put_contents(C:\xampp\htdocs\Medical_E-CARD\admin\amr\cache\frame_1.dat): failed to open stream: No such file or directory in <b>C:\xampp\htdocs\Medical_E-CARD\admin\amr\qrspec.php</b> on line <b>568</b><br />
<br />
<b>Warning</b>:  mkdir(): No such file or directory in <b>C:\xampp\htdocs\Medical_E-CARD\admin\amr\qrmask.php</b> on line <b>154</b><br />
<br />
<b>Warning</b>:  file_put_contents(C:\xampp\htdocs\Medical_E-CARD\admin\amr\cache\mask_0\mask_21_0.dat): failed to open stream: No such file or directory in <b>C:\xampp\htdocs\Medical_E-CARD\admin\amr\qrmask.php</b> on line <b>155</b><br />
<br />
<b>Warning</b>:  mkdir(): No such file or directory in <b>C:\xampp\htdocs\Medical_E-CARD\admin\amr\qrmask.php</b> on line <b>154</b><br />
<br />
<b>Warning</b>:  file_put_contents(C:\xampp\htdocs\Medical_E-CARD\admin\amr\cache\mask_1\mask_21_1.dat): failed to open stream: No such file or directory in <b>C:\xampp\htdocs\Medical_E-CARD\admin\amr\qrmask.php</b> on line <b>155</b><br />
<br />
<b>Warning</b>:  mkdir(): No such file or directory in <b>C:\xampp\htdocs\Medical_E-CARD\admin\amr\qrmask.php</b> on line <b>154</b><br />
<br />
<b>Warning</b>:  file_put_contents(C:\xampp\htdocs\Medical_E-CARD\admin\amr\cache\mask_2\mask_21_2.dat): failed to open stream: No such file or directory in <b>C:\xampp\htdocs\Medical_E-CARD\admin\amr\qrmask.php</b> on line <b>155</b><br />
<br />
<b>Warning</b>:  mkdir(): No such file or directory in <b>C:\xampp\htdocs\Medical_E-CARD\admin\amr\qrmask.php</b> on line <b>154</b><br />
<br />
<b>Warning</b>:  file_put_contents(C:\xampp\htdocs\Medical_E-CARD\admin\amr\cache\mask_3\mask_21_3.dat): failed to open stream: No such file or directory in <b>C:\xampp\htdocs\Medical_E-CARD\admin\amr\qrmask.php</b> on line <b>155</b><br />
<br />
<b>Warning</b>:  mkdir(): No such file or directory in <b>C:\xampp\htdocs\Medical_E-CARD\admin\amr\qrmask.php</b> on line <b>154</b><br />
<br />
<b>Warning</b>:  file_put_contents(C:\xampp\htdocs\Medical_E-CARD\admin\amr\cache\mask_4\mask_21_4.dat): failed to open stream: No such file or directory in <b>C:\xampp\htdocs\Medical_E-CARD\admin\amr\qrmask.php</b> on line <b>155</b><br />
<br />
<b>Warning</b>:  mkdir(): No such file or directory in <b>C:\xampp\htdocs\Medical_E-CARD\admin\amr\qrmask.php</b> on line <b>154</b><br />
<br />
<b>Warning</b>:  file_put_contents(C:\xampp\htdocs\Medical_E-CARD\admin\amr\cache\mask_5\mask_21_5.dat): failed to open stream: No such file or directory in <b>C:\xampp\htdocs\Medical_E-CARD\admin\amr\qrmask.php</b> on line <b>155</b><br />
<br />
<b>Warning</b>:  mkdir(): No such file or directory in <b>C:\xampp\htdocs\Medical_E-CARD\admin\amr\qrmask.php</b> on line <b>154</b><br />
<br />
<b>Warning</b>:  file_put_contents(C:\xampp\htdocs\Medical_E-CARD\admin\amr\cache\mask_6\mask_21_6.dat): failed to open stream: No such file or directory in <b>C:\xampp\htdocs\Medical_E-CARD\admin\amr\qrmask.php</b> on line <b>155</b><br />
<br />
<b>Warning</b>:  mkdir(): No such file or directory in <b>C:\xampp\htdocs\Medical_E-CARD\admin\amr\qrmask.php</b> on line <b>154</b><br />
<br />
<b>Warning</b>:  file_put_contents(C:\xampp\htdocs\Medical_E-CARD\admin\amr\cache\mask_7\mask_21_7.dat): failed to open stream: No such file or directory in <b>C:\xampp\htdocs\Medical_E-CARD\admin\amr\qrmask.php</b> on line <b>155</b><br />
2016-11-23 10:01:19: <br />
<b>Warning</b>:  file_put_contents(C:\xampp\htdocs\Medical_E-CARD\admin\amr\cache\frame_1.dat): failed to open stream: No such file or directory in <b>C:\xampp\htdocs\Medical_E-CARD\admin\amr\qrspec.php</b> on line <b>568</b><br />
<br />
<b>Warning</b>:  mkdir(): No such file or directory in <b>C:\xampp\htdocs\Medical_E-CARD\admin\amr\qrmask.php</b> on line <b>154</b><br />
<br />
<b>Warning</b>:  file_put_contents(C:\xampp\htdocs\Medical_E-CARD\admin\amr\cache\mask_0\mask_21_0.dat): failed to open stream: No such file or directory in <b>C:\xampp\htdocs\Medical_E-CARD\admin\amr\qrmask.php</b> on line <b>155</b><br />
<br />
<b>Warning</b>:  mkdir(): No such file or directory in <b>C:\xampp\htdocs\Medical_E-CARD\admin\amr\qrmask.php</b> on line <b>154</b><br />
<br />
<b>Warning</b>:  file_put_contents(C:\xampp\htdocs\Medical_E-CARD\admin\amr\cache\mask_1\mask_21_1.dat): failed to open stream: No such file or directory in <b>C:\xampp\htdocs\Medical_E-CARD\admin\amr\qrmask.php</b> on line <b>155</b><br />
<br />
<b>Warning</b>:  mkdir(): No such file or directory in <b>C:\xampp\htdocs\Medical_E-CARD\admin\amr\qrmask.php</b> on line <b>154</b><br />
<br />
<b>Warning</b>:  file_put_contents(C:\xampp\htdocs\Medical_E-CARD\admin\amr\cache\mask_2\mask_21_2.dat): failed to open stream: No such file or directory in <b>C:\xampp\htdocs\Medical_E-CARD\admin\amr\qrmask.php</b> on line <b>155</b><br />
<br />
<b>Warning</b>:  mkdir(): No such file or directory in <b>C:\xampp\htdocs\Medical_E-CARD\admin\amr\qrmask.php</b> on line <b>154</b><br />
<br />
<b>Warning</b>:  file_put_contents(C:\xampp\htdocs\Medical_E-CARD\admin\amr\cache\mask_3\mask_21_3.dat): failed to open stream: No such file or directory in <b>C:\xampp\htdocs\Medical_E-CARD\admin\amr\qrmask.php</b> on line <b>155</b><br />
<br />
<b>Warning</b>:  mkdir(): No such file or directory in <b>C:\xampp\htdocs\Medical_E-CARD\admin\amr\qrmask.php</b> on line <b>154</b><br />
<br />
<b>Warning</b>:  file_put_contents(C:\xampp\htdocs\Medical_E-CARD\admin\amr\cache\mask_4\mask_21_4.dat): failed to open stream: No such file or directory in <b>C:\xampp\htdocs\Medical_E-CARD\admin\amr\qrmask.php</b> on line <b>155</b><br />
<br />
<b>Warning</b>:  mkdir(): No such file or directory in <b>C:\xampp\htdocs\Medical_E-CARD\admin\amr\qrmask.php</b> on line <b>154</b><br />
<br />
<b>Warning</b>:  file_put_contents(C:\xampp\htdocs\Medical_E-CARD\admin\amr\cache\mask_5\mask_21_5.dat): failed to open stream: No such file or directory in <b>C:\xampp\htdocs\Medical_E-CARD\admin\amr\qrmask.php</b> on line <b>155</b><br />
<br />
<b>Warning</b>:  mkdir(): No such file or directory in <b>C:\xampp\htdocs\Medical_E-CARD\admin\amr\qrmask.php</b> on line <b>154</b><br />
<br />
<b>Warning</b>:  file_put_contents(C:\xampp\htdocs\Medical_E-CARD\admin\amr\cache\mask_6\mask_21_6.dat): failed to open stream: No such file or directory in <b>C:\xampp\htdocs\Medical_E-CARD\admin\amr\qrmask.php</b> on line <b>155</b><br />
<br />
<b>Warning</b>:  mkdir(): No such file or directory in <b>C:\xampp\htdocs\Medical_E-CARD\admin\amr\qrmask.php</b> on line <b>154</b><br />
<br />
<b>Warning</b>:  file_put_contents(C:\xampp\htdocs\Medical_E-CARD\admin\amr\cache\mask_7\mask_21_7.dat): failed to open stream: No such file or directory in <b>C:\xampp\htdocs\Medical_E-CARD\admin\amr\qrmask.php</b> on line <b>155</b><br />
2016-11-23 10:01:22: <br />
<b>Warning</b>:  file_put_contents(C:\xampp\htdocs\Medical_E-CARD\admin\amr\cache\frame_1.dat): failed to open stream: No such file or directory in <b>C:\xampp\htdocs\Medical_E-CARD\admin\amr\qrspec.php</b> on line <b>568</b><br />
<br />
<b>Warning</b>:  mkdir(): No such file or directory in <b>C:\xampp\htdocs\Medical_E-CARD\admin\amr\qrmask.php</b> on line <b>154</b><br />
<br />
<b>Warning</b>:  file_put_contents(C:\xampp\htdocs\Medical_E-CARD\admin\amr\cache\mask_0\mask_21_0.dat): failed to open stream: No such file or directory in <b>C:\xampp\htdocs\Medical_E-CARD\admin\amr\qrmask.php</b> on line <b>155</b><br />
<br />
<b>Warning</b>:  mkdir(): No such file or directory in <b>C:\xampp\htdocs\Medical_E-CARD\admin\amr\qrmask.php</b> on line <b>154</b><br />
<br />
<b>Warning</b>:  file_put_contents(C:\xampp\htdocs\Medical_E-CARD\admin\amr\cache\mask_1\mask_21_1.dat): failed to open stream: No such file or directory in <b>C:\xampp\htdocs\Medical_E-CARD\admin\amr\qrmask.php</b> on line <b>155</b><br />
<br />
<b>Warning</b>:  mkdir(): No such file or directory in <b>C:\xampp\htdocs\Medical_E-CARD\admin\amr\qrmask.php</b> on line <b>154</b><br />
<br />
<b>Warning</b>:  file_put_contents(C:\xampp\htdocs\Medical_E-CARD\admin\amr\cache\mask_2\mask_21_2.dat): failed to open stream: No such file or directory in <b>C:\xampp\htdocs\Medical_E-CARD\admin\amr\qrmask.php</b> on line <b>155</b><br />
<br />
<b>Warning</b>:  mkdir(): No such file or directory in <b>C:\xampp\htdocs\Medical_E-CARD\admin\amr\qrmask.php</b> on line <b>154</b><br />
<br />
<b>Warning</b>:  file_put_contents(C:\xampp\htdocs\Medical_E-CARD\admin\amr\cache\mask_3\mask_21_3.dat): failed to open stream: No such file or directory in <b>C:\xampp\htdocs\Medical_E-CARD\admin\amr\qrmask.php</b> on line <b>155</b><br />
<br />
<b>Warning</b>:  mkdir(): No such file or directory in <b>C:\xampp\htdocs\Medical_E-CARD\admin\amr\qrmask.php</b> on line <b>154</b><br />
<br />
<b>Warning</b>:  file_put_contents(C:\xampp\htdocs\Medical_E-CARD\admin\amr\cache\mask_4\mask_21_4.dat): failed to open stream: No such file or directory in <b>C:\xampp\htdocs\Medical_E-CARD\admin\amr\qrmask.php</b> on line <b>155</b><br />
<br />
<b>Warning</b>:  mkdir(): No such file or directory in <b>C:\xampp\htdocs\Medical_E-CARD\admin\amr\qrmask.php</b> on line <b>154</b><br />
<br />
<b>Warning</b>:  file_put_contents(C:\xampp\htdocs\Medical_E-CARD\admin\amr\cache\mask_5\mask_21_5.dat): failed to open stream: No such file or directory in <b>C:\xampp\htdocs\Medical_E-CARD\admin\amr\qrmask.php</b> on line <b>155</b><br />
<br />
<b>Warning</b>:  mkdir(): No such file or directory in <b>C:\xampp\htdocs\Medical_E-CARD\admin\amr\qrmask.php</b> on line <b>154</b><br />
<br />
<b>Warning</b>:  file_put_contents(C:\xampp\htdocs\Medical_E-CARD\admin\amr\cache\mask_6\mask_21_6.dat): failed to open stream: No such file or directory in <b>C:\xampp\htdocs\Medical_E-CARD\admin\amr\qrmask.php</b> on line <b>155</b><br />
<br />
<b>Warning</b>:  mkdir(): No such file or directory in <b>C:\xampp\htdocs\Medical_E-CARD\admin\amr\qrmask.php</b> on line <b>154</b><br />
<br />
<b>Warning</b>:  file_put_contents(C:\xampp\htdocs\Medical_E-CARD\admin\amr\cache\mask_7\mask_21_7.dat): failed to open stream: No such file or directory in <b>C:\xampp\htdocs\Medical_E-CARD\admin\amr\qrmask.php</b> on line <b>155</b><br />
2016-11-23 10:01:24: <br />
<b>Warning</b>:  file_put_contents(C:\xampp\htdocs\Medical_E-CARD\admin\amr\cache\frame_1.dat): failed to open stream: No such file or directory in <b>C:\xampp\htdocs\Medical_E-CARD\admin\amr\qrspec.php</b> on line <b>568</b><br />
<br />
<b>Warning</b>:  mkdir(): No such file or directory in <b>C:\xampp\htdocs\Medical_E-CARD\admin\amr\qrmask.php</b> on line <b>154</b><br />
<br />
<b>Warning</b>:  file_put_contents(C:\xampp\htdocs\Medical_E-CARD\admin\amr\cache\mask_0\mask_21_0.dat): failed to open stream: No such file or directory in <b>C:\xampp\htdocs\Medical_E-CARD\admin\amr\qrmask.php</b> on line <b>155</b><br />
<br />
<b>Warning</b>:  mkdir(): No such file or directory in <b>C:\xampp\htdocs\Medical_E-CARD\admin\amr\qrmask.php</b> on line <b>154</b><br />
<br />
<b>Warning</b>:  file_put_contents(C:\xampp\htdocs\Medical_E-CARD\admin\amr\cache\mask_1\mask_21_1.dat): failed to open stream: No such file or directory in <b>C:\xampp\htdocs\Medical_E-CARD\admin\amr\qrmask.php</b> on line <b>155</b><br />
<br />
<b>Warning</b>:  mkdir(): No such file or directory in <b>C:\xampp\htdocs\Medical_E-CARD\admin\amr\qrmask.php</b> on line <b>154</b><br />
<br />
<b>Warning</b>:  file_put_contents(C:\xampp\htdocs\Medical_E-CARD\admin\amr\cache\mask_2\mask_21_2.dat): failed to open stream: No such file or directory in <b>C:\xampp\htdocs\Medical_E-CARD\admin\amr\qrmask.php</b> on line <b>155</b><br />
<br />
<b>Warning</b>:  mkdir(): No such file or directory in <b>C:\xampp\htdocs\Medical_E-CARD\admin\amr\qrmask.php</b> on line <b>154</b><br />
<br />
<b>Warning</b>:  file_put_contents(C:\xampp\htdocs\Medical_E-CARD\admin\amr\cache\mask_3\mask_21_3.dat): failed to open stream: No such file or directory in <b>C:\xampp\htdocs\Medical_E-CARD\admin\amr\qrmask.php</b> on line <b>155</b><br />
<br />
<b>Warning</b>:  mkdir(): No such file or directory in <b>C:\xampp\htdocs\Medical_E-CARD\admin\amr\qrmask.php</b> on line <b>154</b><br />
<br />
<b>Warning</b>:  file_put_contents(C:\xampp\htdocs\Medical_E-CARD\admin\amr\cache\mask_4\mask_21_4.dat): failed to open stream: No such file or directory in <b>C:\xampp\htdocs\Medical_E-CARD\admin\amr\qrmask.php</b> on line <b>155</b><br />
<br />
<b>Warning</b>:  mkdir(): No such file or directory in <b>C:\xampp\htdocs\Medical_E-CARD\admin\amr\qrmask.php</b> on line <b>154</b><br />
<br />
<b>Warning</b>:  file_put_contents(C:\xampp\htdocs\Medical_E-CARD\admin\amr\cache\mask_5\mask_21_5.dat): failed to open stream: No such file or directory in <b>C:\xampp\htdocs\Medical_E-CARD\admin\amr\qrmask.php</b> on line <b>155</b><br />
<br />
<b>Warning</b>:  mkdir(): No such file or directory in <b>C:\xampp\htdocs\Medical_E-CARD\admin\amr\qrmask.php</b> on line <b>154</b><br />
<br />
<b>Warning</b>:  file_put_contents(C:\xampp\htdocs\Medical_E-CARD\admin\amr\cache\mask_6\mask_21_6.dat): failed to open stream: No such file or directory in <b>C:\xampp\htdocs\Medical_E-CARD\admin\amr\qrmask.php</b> on line <b>155</b><br />
<br />
<b>Warning</b>:  mkdir(): No such file or directory in <b>C:\xampp\htdocs\Medical_E-CARD\admin\amr\qrmask.php</b> on line <b>154</b><br />
<br />
<b>Warning</b>:  file_put_contents(C:\xampp\htdocs\Medical_E-CARD\admin\amr\cache\mask_7\mask_21_7.dat): failed to open stream: No such file or directory in <b>C:\xampp\htdocs\Medical_E-CARD\admin\amr\qrmask.php</b> on line <b>155</b><br />
2016-11-23 10:01:27: <br />
<b>Warning</b>:  file_put_contents(C:\xampp\htdocs\Medical_E-CARD\admin\amr\cache\frame_1.dat): failed to open stream: No such file or directory in <b>C:\xampp\htdocs\Medical_E-CARD\admin\amr\qrspec.php</b> on line <b>568</b><br />
<br />
<b>Warning</b>:  mkdir(): No such file or directory in <b>C:\xampp\htdocs\Medical_E-CARD\admin\amr\qrmask.php</b> on line <b>154</b><br />
<br />
<b>Warning</b>:  file_put_contents(C:\xampp\htdocs\Medical_E-CARD\admin\amr\cache\mask_0\mask_21_0.dat): failed to open stream: No such file or directory in <b>C:\xampp\htdocs\Medical_E-CARD\admin\amr\qrmask.php</b> on line <b>155</b><br />
<br />
<b>Warning</b>:  mkdir(): No such file or directory in <b>C:\xampp\htdocs\Medical_E-CARD\admin\amr\qrmask.php</b> on line <b>154</b><br />
<br />
<b>Warning</b>:  file_put_contents(C:\xampp\htdocs\Medical_E-CARD\admin\amr\cache\mask_1\mask_21_1.dat): failed to open stream: No such file or directory in <b>C:\xampp\htdocs\Medical_E-CARD\admin\amr\qrmask.php</b> on line <b>155</b><br />
<br />
<b>Warning</b>:  mkdir(): No such file or directory in <b>C:\xampp\htdocs\Medical_E-CARD\admin\amr\qrmask.php</b> on line <b>154</b><br />
<br />
<b>Warning</b>:  file_put_contents(C:\xampp\htdocs\Medical_E-CARD\admin\amr\cache\mask_2\mask_21_2.dat): failed to open stream: No such file or directory in <b>C:\xampp\htdocs\Medical_E-CARD\admin\amr\qrmask.php</b> on line <b>155</b><br />
<br />
<b>Warning</b>:  mkdir(): No such file or directory in <b>C:\xampp\htdocs\Medical_E-CARD\admin\amr\qrmask.php</b> on line <b>154</b><br />
<br />
<b>Warning</b>:  file_put_contents(C:\xampp\htdocs\Medical_E-CARD\admin\amr\cache\mask_3\mask_21_3.dat): failed to open stream: No such file or directory in <b>C:\xampp\htdocs\Medical_E-CARD\admin\amr\qrmask.php</b> on line <b>155</b><br />
<br />
<b>Warning</b>:  mkdir(): No such file or directory in <b>C:\xampp\htdocs\Medical_E-CARD\admin\amr\qrmask.php</b> on line <b>154</b><br />
<br />
<b>Warning</b>:  file_put_contents(C:\xampp\htdocs\Medical_E-CARD\admin\amr\cache\mask_4\mask_21_4.dat): failed to open stream: No such file or directory in <b>C:\xampp\htdocs\Medical_E-CARD\admin\amr\qrmask.php</b> on line <b>155</b><br />
<br />
<b>Warning</b>:  mkdir(): No such file or directory in <b>C:\xampp\htdocs\Medical_E-CARD\admin\amr\qrmask.php</b> on line <b>154</b><br />
<br />
<b>Warning</b>:  file_put_contents(C:\xampp\htdocs\Medical_E-CARD\admin\amr\cache\mask_5\mask_21_5.dat): failed to open stream: No such file or directory in <b>C:\xampp\htdocs\Medical_E-CARD\admin\amr\qrmask.php</b> on line <b>155</b><br />
<br />
<b>Warning</b>:  mkdir(): No such file or directory in <b>C:\xampp\htdocs\Medical_E-CARD\admin\amr\qrmask.php</b> on line <b>154</b><br />
<br />
<b>Warning</b>:  file_put_contents(C:\xampp\htdocs\Medical_E-CARD\admin\amr\cache\mask_6\mask_21_6.dat): failed to open stream: No such file or directory in <b>C:\xampp\htdocs\Medical_E-CARD\admin\amr\qrmask.php</b> on line <b>155</b><br />
<br />
<b>Warning</b>:  mkdir(): No such file or directory in <b>C:\xampp\htdocs\Medical_E-CARD\admin\amr\qrmask.php</b> on line <b>154</b><br />
<br />
<b>Warning</b>:  file_put_contents(C:\xampp\htdocs\Medical_E-CARD\admin\amr\cache\mask_7\mask_21_7.dat): failed to open stream: No such file or directory in <b>C:\xampp\htdocs\Medical_E-CARD\admin\amr\qrmask.php</b> on line <b>155</b><br />
2016-11-23 10:01:31: <br />
<b>Warning</b>:  file_put_contents(C:\xampp\htdocs\Medical_E-CARD\admin\amr\cache\frame_1.dat): failed to open stream: No such file or directory in <b>C:\xampp\htdocs\Medical_E-CARD\admin\amr\qrspec.php</b> on line <b>568</b><br />
<br />
<b>Warning</b>:  mkdir(): No such file or directory in <b>C:\xampp\htdocs\Medical_E-CARD\admin\amr\qrmask.php</b> on line <b>154</b><br />
<br />
<b>Warning</b>:  file_put_contents(C:\xampp\htdocs\Medical_E-CARD\admin\amr\cache\mask_0\mask_21_0.dat): failed to open stream: No such file or directory in <b>C:\xampp\htdocs\Medical_E-CARD\admin\amr\qrmask.php</b> on line <b>155</b><br />
<br />
<b>Warning</b>:  mkdir(): No such file or directory in <b>C:\xampp\htdocs\Medical_E-CARD\admin\amr\qrmask.php</b> on line <b>154</b><br />
<br />
<b>Warning</b>:  file_put_contents(C:\xampp\htdocs\Medical_E-CARD\admin\amr\cache\mask_1\mask_21_1.dat): failed to open stream: No such file or directory in <b>C:\xampp\htdocs\Medical_E-CARD\admin\amr\qrmask.php</b> on line <b>155</b><br />
<br />
<b>Warning</b>:  mkdir(): No such file or directory in <b>C:\xampp\htdocs\Medical_E-CARD\admin\amr\qrmask.php</b> on line <b>154</b><br />
<br />
<b>Warning</b>:  file_put_contents(C:\xampp\htdocs\Medical_E-CARD\admin\amr\cache\mask_2\mask_21_2.dat): failed to open stream: No such file or directory in <b>C:\xampp\htdocs\Medical_E-CARD\admin\amr\qrmask.php</b> on line <b>155</b><br />
<br />
<b>Warning</b>:  mkdir(): No such file or directory in <b>C:\xampp\htdocs\Medical_E-CARD\admin\amr\qrmask.php</b> on line <b>154</b><br />
<br />
<b>Warning</b>:  file_put_contents(C:\xampp\htdocs\Medical_E-CARD\admin\amr\cache\mask_3\mask_21_3.dat): failed to open stream: No such file or directory in <b>C:\xampp\htdocs\Medical_E-CARD\admin\amr\qrmask.php</b> on line <b>155</b><br />
<br />
<b>Warning</b>:  mkdir(): No such file or directory in <b>C:\xampp\htdocs\Medical_E-CARD\admin\amr\qrmask.php</b> on line <b>154</b><br />
<br />
<b>Warning</b>:  file_put_contents(C:\xampp\htdocs\Medical_E-CARD\admin\amr\cache\mask_4\mask_21_4.dat): failed to open stream: No such file or directory in <b>C:\xampp\htdocs\Medical_E-CARD\admin\amr\qrmask.php</b> on line <b>155</b><br />
<br />
<b>Warning</b>:  mkdir(): No such file or directory in <b>C:\xampp\htdocs\Medical_E-CARD\admin\amr\qrmask.php</b> on line <b>154</b><br />
<br />
<b>Warning</b>:  file_put_contents(C:\xampp\htdocs\Medical_E-CARD\admin\amr\cache\mask_5\mask_21_5.dat): failed to open stream: No such file or directory in <b>C:\xampp\htdocs\Medical_E-CARD\admin\amr\qrmask.php</b> on line <b>155</b><br />
<br />
<b>Warning</b>:  mkdir(): No such file or directory in <b>C:\xampp\htdocs\Medical_E-CARD\admin\amr\qrmask.php</b> on line <b>154</b><br />
<br />
<b>Warning</b>:  file_put_contents(C:\xampp\htdocs\Medical_E-CARD\admin\amr\cache\mask_6\mask_21_6.dat): failed to open stream: No such file or directory in <b>C:\xampp\htdocs\Medical_E-CARD\admin\amr\qrmask.php</b> on line <b>155</b><br />
<br />
<b>Warning</b>:  mkdir(): No such file or directory in <b>C:\xampp\htdocs\Medical_E-CARD\admin\amr\qrmask.php</b> on line <b>154</b><br />
<br />
<b>Warning</b>:  file_put_contents(C:\xampp\htdocs\Medical_E-CARD\admin\amr\cache\mask_7\mask_21_7.dat): failed to open stream: No such file or directory in <b>C:\xampp\htdocs\Medical_E-CARD\admin\amr\qrmask.php</b> on line <b>155</b><br />
2016-11-23 10:01:33: <br />
<b>Warning</b>:  file_put_contents(C:\xampp\htdocs\Medical_E-CARD\admin\amr\cache\frame_1.dat): failed to open stream: No such file or directory in <b>C:\xampp\htdocs\Medical_E-CARD\admin\amr\qrspec.php</b> on line <b>568</b><br />
<br />
<b>Warning</b>:  mkdir(): No such file or directory in <b>C:\xampp\htdocs\Medical_E-CARD\admin\amr\qrmask.php</b> on line <b>154</b><br />
<br />
<b>Warning</b>:  file_put_contents(C:\xampp\htdocs\Medical_E-CARD\admin\amr\cache\mask_0\mask_21_0.dat): failed to open stream: No such file or directory in <b>C:\xampp\htdocs\Medical_E-CARD\admin\amr\qrmask.php</b> on line <b>155</b><br />
<br />
<b>Warning</b>:  mkdir(): No such file or directory in <b>C:\xampp\htdocs\Medical_E-CARD\admin\amr\qrmask.php</b> on line <b>154</b><br />
<br />
<b>Warning</b>:  file_put_contents(C:\xampp\htdocs\Medical_E-CARD\admin\amr\cache\mask_1\mask_21_1.dat): failed to open stream: No such file or directory in <b>C:\xampp\htdocs\Medical_E-CARD\admin\amr\qrmask.php</b> on line <b>155</b><br />
<br />
<b>Warning</b>:  mkdir(): No such file or directory in <b>C:\xampp\htdocs\Medical_E-CARD\admin\amr\qrmask.php</b> on line <b>154</b><br />
<br />
<b>Warning</b>:  file_put_contents(C:\xampp\htdocs\Medical_E-CARD\admin\amr\cache\mask_2\mask_21_2.dat): failed to open stream: No such file or directory in <b>C:\xampp\htdocs\Medical_E-CARD\admin\amr\qrmask.php</b> on line <b>155</b><br />
<br />
<b>Warning</b>:  mkdir(): No such file or directory in <b>C:\xampp\htdocs\Medical_E-CARD\admin\amr\qrmask.php</b> on line <b>154</b><br />
<br />
<b>Warning</b>:  file_put_contents(C:\xampp\htdocs\Medical_E-CARD\admin\amr\cache\mask_3\mask_21_3.dat): failed to open stream: No such file or directory in <b>C:\xampp\htdocs\Medical_E-CARD\admin\amr\qrmask.php</b> on line <b>155</b><br />
<br />
<b>Warning</b>:  mkdir(): No such file or directory in <b>C:\xampp\htdocs\Medical_E-CARD\admin\amr\qrmask.php</b> on line <b>154</b><br />
<br />
<b>Warning</b>:  file_put_contents(C:\xampp\htdocs\Medical_E-CARD\admin\amr\cache\mask_4\mask_21_4.dat): failed to open stream: No such file or directory in <b>C:\xampp\htdocs\Medical_E-CARD\admin\amr\qrmask.php</b> on line <b>155</b><br />
<br />
<b>Warning</b>:  mkdir(): No such file or directory in <b>C:\xampp\htdocs\Medical_E-CARD\admin\amr\qrmask.php</b> on line <b>154</b><br />
<br />
<b>Warning</b>:  file_put_contents(C:\xampp\htdocs\Medical_E-CARD\admin\amr\cache\mask_5\mask_21_5.dat): failed to open stream: No such file or directory in <b>C:\xampp\htdocs\Medical_E-CARD\admin\amr\qrmask.php</b> on line <b>155</b><br />
<br />
<b>Warning</b>:  mkdir(): No such file or directory in <b>C:\xampp\htdocs\Medical_E-CARD\admin\amr\qrmask.php</b> on line <b>154</b><br />
<br />
<b>Warning</b>:  file_put_contents(C:\xampp\htdocs\Medical_E-CARD\admin\amr\cache\mask_6\mask_21_6.dat): failed to open stream: No such file or directory in <b>C:\xampp\htdocs\Medical_E-CARD\admin\amr\qrmask.php</b> on line <b>155</b><br />
<br />
<b>Warning</b>:  mkdir(): No such file or directory in <b>C:\xampp\htdocs\Medical_E-CARD\admin\amr\qrmask.php</b> on line <b>154</b><br />
<br />
<b>Warning</b>:  file_put_contents(C:\xampp\htdocs\Medical_E-CARD\admin\amr\cache\mask_7\mask_21_7.dat): failed to open stream: No such file or directory in <b>C:\xampp\htdocs\Medical_E-CARD\admin\amr\qrmask.php</b> on line <b>155</b><br />
2016-11-23 10:01:38: <br />
<b>Warning</b>:  file_put_contents(C:\xampp\htdocs\Medical_E-CARD\admin\amr\cache\frame_1.dat): failed to open stream: No such file or directory in <b>C:\xampp\htdocs\Medical_E-CARD\admin\amr\qrspec.php</b> on line <b>568</b><br />
<br />
<b>Warning</b>:  mkdir(): No such file or directory in <b>C:\xampp\htdocs\Medical_E-CARD\admin\amr\qrmask.php</b> on line <b>154</b><br />
<br />
<b>Warning</b>:  file_put_contents(C:\xampp\htdocs\Medical_E-CARD\admin\amr\cache\mask_0\mask_21_0.dat): failed to open stream: No such file or directory in <b>C:\xampp\htdocs\Medical_E-CARD\admin\amr\qrmask.php</b> on line <b>155</b><br />
<br />
<b>Warning</b>:  mkdir(): No such file or directory in <b>C:\xampp\htdocs\Medical_E-CARD\admin\amr\qrmask.php</b> on line <b>154</b><br />
<br />
<b>Warning</b>:  file_put_contents(C:\xampp\htdocs\Medical_E-CARD\admin\amr\cache\mask_1\mask_21_1.dat): failed to open stream: No such file or directory in <b>C:\xampp\htdocs\Medical_E-CARD\admin\amr\qrmask.php</b> on line <b>155</b><br />
<br />
<b>Warning</b>:  mkdir(): No such file or directory in <b>C:\xampp\htdocs\Medical_E-CARD\admin\amr\qrmask.php</b> on line <b>154</b><br />
<br />
<b>Warning</b>:  file_put_contents(C:\xampp\htdocs\Medical_E-CARD\admin\amr\cache\mask_2\mask_21_2.dat): failed to open stream: No such file or directory in <b>C:\xampp\htdocs\Medical_E-CARD\admin\amr\qrmask.php</b> on line <b>155</b><br />
<br />
<b>Warning</b>:  mkdir(): No such file or directory in <b>C:\xampp\htdocs\Medical_E-CARD\admin\amr\qrmask.php</b> on line <b>154</b><br />
<br />
<b>Warning</b>:  file_put_contents(C:\xampp\htdocs\Medical_E-CARD\admin\amr\cache\mask_3\mask_21_3.dat): failed to open stream: No such file or directory in <b>C:\xampp\htdocs\Medical_E-CARD\admin\amr\qrmask.php</b> on line <b>155</b><br />
<br />
<b>Warning</b>:  mkdir(): No such file or directory in <b>C:\xampp\htdocs\Medical_E-CARD\admin\amr\qrmask.php</b> on line <b>154</b><br />
<br />
<b>Warning</b>:  file_put_contents(C:\xampp\htdocs\Medical_E-CARD\admin\amr\cache\mask_4\mask_21_4.dat): failed to open stream: No such file or directory in <b>C:\xampp\htdocs\Medical_E-CARD\admin\amr\qrmask.php</b> on line <b>155</b><br />
<br />
<b>Warning</b>:  mkdir(): No such file or directory in <b>C:\xampp\htdocs\Medical_E-CARD\admin\amr\qrmask.php</b> on line <b>154</b><br />
<br />
<b>Warning</b>:  file_put_contents(C:\xampp\htdocs\Medical_E-CARD\admin\amr\cache\mask_5\mask_21_5.dat): failed to open stream: No such file or directory in <b>C:\xampp\htdocs\Medical_E-CARD\admin\amr\qrmask.php</b> on line <b>155</b><br />
<br />
<b>Warning</b>:  mkdir(): No such file or directory in <b>C:\xampp\htdocs\Medical_E-CARD\admin\amr\qrmask.php</b> on line <b>154</b><br />
<br />
<b>Warning</b>:  file_put_contents(C:\xampp\htdocs\Medical_E-CARD\admin\amr\cache\mask_6\mask_21_6.dat): failed to open stream: No such file or directory in <b>C:\xampp\htdocs\Medical_E-CARD\admin\amr\qrmask.php</b> on line <b>155</b><br />
<br />
<b>Warning</b>:  mkdir(): No such file or directory in <b>C:\xampp\htdocs\Medical_E-CARD\admin\amr\qrmask.php</b> on line <b>154</b><br />
<br />
<b>Warning</b>:  file_put_contents(C:\xampp\htdocs\Medical_E-CARD\admin\amr\cache\mask_7\mask_21_7.dat): failed to open stream: No such file or directory in <b>C:\xampp\htdocs\Medical_E-CARD\admin\amr\qrmask.php</b> on line <b>155</b><br />
2016-11-23 10:01:39: <br />
<b>Warning</b>:  file_put_contents(C:\xampp\htdocs\Medical_E-CARD\admin\amr\cache\frame_1.dat): failed to open stream: No such file or directory in <b>C:\xampp\htdocs\Medical_E-CARD\admin\amr\qrspec.php</b> on line <b>568</b><br />
<br />
<b>Warning</b>:  mkdir(): No such file or directory in <b>C:\xampp\htdocs\Medical_E-CARD\admin\amr\qrmask.php</b> on line <b>154</b><br />
<br />
<b>Warning</b>:  file_put_contents(C:\xampp\htdocs\Medical_E-CARD\admin\amr\cache\mask_0\mask_21_0.dat): failed to open stream: No such file or directory in <b>C:\xampp\htdocs\Medical_E-CARD\admin\amr\qrmask.php</b> on line <b>155</b><br />
<br />
<b>Warning</b>:  mkdir(): No such file or directory in <b>C:\xampp\htdocs\Medical_E-CARD\admin\amr\qrmask.php</b> on line <b>154</b><br />
<br />
<b>Warning</b>:  file_put_contents(C:\xampp\htdocs\Medical_E-CARD\admin\amr\cache\mask_1\mask_21_1.dat): failed to open stream: No such file or directory in <b>C:\xampp\htdocs\Medical_E-CARD\admin\amr\qrmask.php</b> on line <b>155</b><br />
<br />
<b>Warning</b>:  mkdir(): No such file or directory in <b>C:\xampp\htdocs\Medical_E-CARD\admin\amr\qrmask.php</b> on line <b>154</b><br />
<br />
<b>Warning</b>:  file_put_contents(C:\xampp\htdocs\Medical_E-CARD\admin\amr\cache\mask_2\mask_21_2.dat): failed to open stream: No such file or directory in <b>C:\xampp\htdocs\Medical_E-CARD\admin\amr\qrmask.php</b> on line <b>155</b><br />
<br />
<b>Warning</b>:  mkdir(): No such file or directory in <b>C:\xampp\htdocs\Medical_E-CARD\admin\amr\qrmask.php</b> on line <b>154</b><br />
<br />
<b>Warning</b>:  file_put_contents(C:\xampp\htdocs\Medical_E-CARD\admin\amr\cache\mask_3\mask_21_3.dat): failed to open stream: No such file or directory in <b>C:\xampp\htdocs\Medical_E-CARD\admin\amr\qrmask.php</b> on line <b>155</b><br />
<br />
<b>Warning</b>:  mkdir(): No such file or directory in <b>C:\xampp\htdocs\Medical_E-CARD\admin\amr\qrmask.php</b> on line <b>154</b><br />
<br />
<b>Warning</b>:  file_put_contents(C:\xampp\htdocs\Medical_E-CARD\admin\amr\cache\mask_4\mask_21_4.dat): failed to open stream: No such file or directory in <b>C:\xampp\htdocs\Medical_E-CARD\admin\amr\qrmask.php</b> on line <b>155</b><br />
<br />
<b>Warning</b>:  mkdir(): No such file or directory in <b>C:\xampp\htdocs\Medical_E-CARD\admin\amr\qrmask.php</b> on line <b>154</b><br />
<br />
<b>Warning</b>:  file_put_contents(C:\xampp\htdocs\Medical_E-CARD\admin\amr\cache\mask_5\mask_21_5.dat): failed to open stream: No such file or directory in <b>C:\xampp\htdocs\Medical_E-CARD\admin\amr\qrmask.php</b> on line <b>155</b><br />
<br />
<b>Warning</b>:  mkdir(): No such file or directory in <b>C:\xampp\htdocs\Medical_E-CARD\admin\amr\qrmask.php</b> on line <b>154</b><br />
<br />
<b>Warning</b>:  file_put_contents(C:\xampp\htdocs\Medical_E-CARD\admin\amr\cache\mask_6\mask_21_6.dat): failed to open stream: No such file or directory in <b>C:\xampp\htdocs\Medical_E-CARD\admin\amr\qrmask.php</b> on line <b>155</b><br />
<br />
<b>Warning</b>:  mkdir(): No such file or directory in <b>C:\xampp\htdocs\Medical_E-CARD\admin\amr\qrmask.php</b> on line <b>154</b><br />
<br />
<b>Warning</b>:  file_put_contents(C:\xampp\htdocs\Medical_E-CARD\admin\amr\cache\mask_7\mask_21_7.dat): failed to open stream: No such file or directory in <b>C:\xampp\htdocs\Medical_E-CARD\admin\amr\qrmask.php</b> on line <b>155</b><br />
2016-11-23 10:01:56: <br />
<b>Warning</b>:  file_put_contents(C:\xampp\htdocs\Medical_E-CARD\admin\amr\cache\frame_1.dat): failed to open stream: No such file or directory in <b>C:\xampp\htdocs\Medical_E-CARD\admin\amr\qrspec.php</b> on line <b>568</b><br />
<br />
<b>Warning</b>:  mkdir(): No such file or directory in <b>C:\xampp\htdocs\Medical_E-CARD\admin\amr\qrmask.php</b> on line <b>154</b><br />
<br />
<b>Warning</b>:  file_put_contents(C:\xampp\htdocs\Medical_E-CARD\admin\amr\cache\mask_0\mask_21_0.dat): failed to open stream: No such file or directory in <b>C:\xampp\htdocs\Medical_E-CARD\admin\amr\qrmask.php</b> on line <b>155</b><br />
<br />
<b>Warning</b>:  mkdir(): No such file or directory in <b>C:\xampp\htdocs\Medical_E-CARD\admin\amr\qrmask.php</b> on line <b>154</b><br />
<br />
<b>Warning</b>:  file_put_contents(C:\xampp\htdocs\Medical_E-CARD\admin\amr\cache\mask_1\mask_21_1.dat): failed to open stream: No such file or directory in <b>C:\xampp\htdocs\Medical_E-CARD\admin\amr\qrmask.php</b> on line <b>155</b><br />
<br />
<b>Warning</b>:  mkdir(): No such file or directory in <b>C:\xampp\htdocs\Medical_E-CARD\admin\amr\qrmask.php</b> on line <b>154</b><br />
<br />
<b>Warning</b>:  file_put_contents(C:\xampp\htdocs\Medical_E-CARD\admin\amr\cache\mask_2\mask_21_2.dat): failed to open stream: No such file or directory in <b>C:\xampp\htdocs\Medical_E-CARD\admin\amr\qrmask.php</b> on line <b>155</b><br />
<br />
<b>Warning</b>:  mkdir(): No such file or directory in <b>C:\xampp\htdocs\Medical_E-CARD\admin\amr\qrmask.php</b> on line <b>154</b><br />
<br />
<b>Warning</b>:  file_put_contents(C:\xampp\htdocs\Medical_E-CARD\admin\amr\cache\mask_3\mask_21_3.dat): failed to open stream: No such file or directory in <b>C:\xampp\htdocs\Medical_E-CARD\admin\amr\qrmask.php</b> on line <b>155</b><br />
<br />
<b>Warning</b>:  mkdir(): No such file or directory in <b>C:\xampp\htdocs\Medical_E-CARD\admin\amr\qrmask.php</b> on line <b>154</b><br />
<br />
<b>Warning</b>:  file_put_contents(C:\xampp\htdocs\Medical_E-CARD\admin\amr\cache\mask_4\mask_21_4.dat): failed to open stream: No such file or directory in <b>C:\xampp\htdocs\Medical_E-CARD\admin\amr\qrmask.php</b> on line <b>155</b><br />
<br />
<b>Warning</b>:  mkdir(): No such file or directory in <b>C:\xampp\htdocs\Medical_E-CARD\admin\amr\qrmask.php</b> on line <b>154</b><br />
<br />
<b>Warning</b>:  file_put_contents(C:\xampp\htdocs\Medical_E-CARD\admin\amr\cache\mask_5\mask_21_5.dat): failed to open stream: No such file or directory in <b>C:\xampp\htdocs\Medical_E-CARD\admin\amr\qrmask.php</b> on line <b>155</b><br />
<br />
<b>Warning</b>:  mkdir(): No such file or directory in <b>C:\xampp\htdocs\Medical_E-CARD\admin\amr\qrmask.php</b> on line <b>154</b><br />
<br />
<b>Warning</b>:  file_put_contents(C:\xampp\htdocs\Medical_E-CARD\admin\amr\cache\mask_6\mask_21_6.dat): failed to open stream: No such file or directory in <b>C:\xampp\htdocs\Medical_E-CARD\admin\amr\qrmask.php</b> on line <b>155</b><br />
<br />
<b>Warning</b>:  mkdir(): No such file or directory in <b>C:\xampp\htdocs\Medical_E-CARD\admin\amr\qrmask.php</b> on line <b>154</b><br />
<br />
<b>Warning</b>:  file_put_contents(C:\xampp\htdocs\Medical_E-CARD\admin\amr\cache\mask_7\mask_21_7.dat): failed to open stream: No such file or directory in <b>C:\xampp\htdocs\Medical_E-CARD\admin\amr\qrmask.php</b> on line <b>155</b><br />
2016-11-23 10:02:01: <br />
<b>Warning</b>:  file_put_contents(C:\xampp\htdocs\Medical_E-CARD\admin\amr\cache\frame_1.dat): failed to open stream: No such file or directory in <b>C:\xampp\htdocs\Medical_E-CARD\admin\amr\qrspec.php</b> on line <b>568</b><br />
<br />
<b>Warning</b>:  mkdir(): No such file or directory in <b>C:\xampp\htdocs\Medical_E-CARD\admin\amr\qrmask.php</b> on line <b>154</b><br />
<br />
<b>Warning</b>:  file_put_contents(C:\xampp\htdocs\Medical_E-CARD\admin\amr\cache\mask_0\mask_21_0.dat): failed to open stream: No such file or directory in <b>C:\xampp\htdocs\Medical_E-CARD\admin\amr\qrmask.php</b> on line <b>155</b><br />
<br />
<b>Warning</b>:  mkdir(): No such file or directory in <b>C:\xampp\htdocs\Medical_E-CARD\admin\amr\qrmask.php</b> on line <b>154</b><br />
<br />
<b>Warning</b>:  file_put_contents(C:\xampp\htdocs\Medical_E-CARD\admin\amr\cache\mask_1\mask_21_1.dat): failed to open stream: No such file or directory in <b>C:\xampp\htdocs\Medical_E-CARD\admin\amr\qrmask.php</b> on line <b>155</b><br />
<br />
<b>Warning</b>:  mkdir(): No such file or directory in <b>C:\xampp\htdocs\Medical_E-CARD\admin\amr\qrmask.php</b> on line <b>154</b><br />
<br />
<b>Warning</b>:  file_put_contents(C:\xampp\htdocs\Medical_E-CARD\admin\amr\cache\mask_2\mask_21_2.dat): failed to open stream: No such file or directory in <b>C:\xampp\htdocs\Medical_E-CARD\admin\amr\qrmask.php</b> on line <b>155</b><br />
<br />
<b>Warning</b>:  mkdir(): No such file or directory in <b>C:\xampp\htdocs\Medical_E-CARD\admin\amr\qrmask.php</b> on line <b>154</b><br />
<br />
<b>Warning</b>:  file_put_contents(C:\xampp\htdocs\Medical_E-CARD\admin\amr\cache\mask_3\mask_21_3.dat): failed to open stream: No such file or directory in <b>C:\xampp\htdocs\Medical_E-CARD\admin\amr\qrmask.php</b> on line <b>155</b><br />
<br />
<b>Warning</b>:  mkdir(): No such file or directory in <b>C:\xampp\htdocs\Medical_E-CARD\admin\amr\qrmask.php</b> on line <b>154</b><br />
<br />
<b>Warning</b>:  file_put_contents(C:\xampp\htdocs\Medical_E-CARD\admin\amr\cache\mask_4\mask_21_4.dat): failed to open stream: No such file or directory in <b>C:\xampp\htdocs\Medical_E-CARD\admin\amr\qrmask.php</b> on line <b>155</b><br />
<br />
<b>Warning</b>:  mkdir(): No such file or directory in <b>C:\xampp\htdocs\Medical_E-CARD\admin\amr\qrmask.php</b> on line <b>154</b><br />
<br />
<b>Warning</b>:  file_put_contents(C:\xampp\htdocs\Medical_E-CARD\admin\amr\cache\mask_5\mask_21_5.dat): failed to open stream: No such file or directory in <b>C:\xampp\htdocs\Medical_E-CARD\admin\amr\qrmask.php</b> on line <b>155</b><br />
<br />
<b>Warning</b>:  mkdir(): No such file or directory in <b>C:\xampp\htdocs\Medical_E-CARD\admin\amr\qrmask.php</b> on line <b>154</b><br />
<br />
<b>Warning</b>:  file_put_contents(C:\xampp\htdocs\Medical_E-CARD\admin\amr\cache\mask_6\mask_21_6.dat): failed to open stream: No such file or directory in <b>C:\xampp\htdocs\Medical_E-CARD\admin\amr\qrmask.php</b> on line <b>155</b><br />
<br />
<b>Warning</b>:  mkdir(): No such file or directory in <b>C:\xampp\htdocs\Medical_E-CARD\admin\amr\qrmask.php</b> on line <b>154</b><br />
<br />
<b>Warning</b>:  file_put_contents(C:\xampp\htdocs\Medical_E-CARD\admin\amr\cache\mask_7\mask_21_7.dat): failed to open stream: No such file or directory in <b>C:\xampp\htdocs\Medical_E-CARD\admin\amr\qrmask.php</b> on line <b>155</b><br />
2016-11-23 10:03:39: <br />
<b>Warning</b>:  file_put_contents(C:\xampp\htdocs\Medical_E-CARD\admin\amr\cache\frame_1.dat): failed to open stream: No such file or directory in <b>C:\xampp\htdocs\Medical_E-CARD\admin\amr\qrspec.php</b> on line <b>568</b><br />
<br />
<b>Warning</b>:  mkdir(): No such file or directory in <b>C:\xampp\htdocs\Medical_E-CARD\admin\amr\qrmask.php</b> on line <b>154</b><br />
<br />
<b>Warning</b>:  file_put_contents(C:\xampp\htdocs\Medical_E-CARD\admin\amr\cache\mask_0\mask_21_0.dat): failed to open stream: No such file or directory in <b>C:\xampp\htdocs\Medical_E-CARD\admin\amr\qrmask.php</b> on line <b>155</b><br />
<br />
<b>Warning</b>:  mkdir(): No such file or directory in <b>C:\xampp\htdocs\Medical_E-CARD\admin\amr\qrmask.php</b> on line <b>154</b><br />
<br />
<b>Warning</b>:  file_put_contents(C:\xampp\htdocs\Medical_E-CARD\admin\amr\cache\mask_1\mask_21_1.dat): failed to open stream: No such file or directory in <b>C:\xampp\htdocs\Medical_E-CARD\admin\amr\qrmask.php</b> on line <b>155</b><br />
<br />
<b>Warning</b>:  mkdir(): No such file or directory in <b>C:\xampp\htdocs\Medical_E-CARD\admin\amr\qrmask.php</b> on line <b>154</b><br />
<br />
<b>Warning</b>:  file_put_contents(C:\xampp\htdocs\Medical_E-CARD\admin\amr\cache\mask_2\mask_21_2.dat): failed to open stream: No such file or directory in <b>C:\xampp\htdocs\Medical_E-CARD\admin\amr\qrmask.php</b> on line <b>155</b><br />
<br />
<b>Warning</b>:  mkdir(): No such file or directory in <b>C:\xampp\htdocs\Medical_E-CARD\admin\amr\qrmask.php</b> on line <b>154</b><br />
<br />
<b>Warning</b>:  file_put_contents(C:\xampp\htdocs\Medical_E-CARD\admin\amr\cache\mask_3\mask_21_3.dat): failed to open stream: No such file or directory in <b>C:\xampp\htdocs\Medical_E-CARD\admin\amr\qrmask.php</b> on line <b>155</b><br />
<br />
<b>Warning</b>:  mkdir(): No such file or directory in <b>C:\xampp\htdocs\Medical_E-CARD\admin\amr\qrmask.php</b> on line <b>154</b><br />
<br />
<b>Warning</b>:  file_put_contents(C:\xampp\htdocs\Medical_E-CARD\admin\amr\cache\mask_4\mask_21_4.dat): failed to open stream: No such file or directory in <b>C:\xampp\htdocs\Medical_E-CARD\admin\amr\qrmask.php</b> on line <b>155</b><br />
<br />
<b>Warning</b>:  mkdir(): No such file or directory in <b>C:\xampp\htdocs\Medical_E-CARD\admin\amr\qrmask.php</b> on line <b>154</b><br />
<br />
<b>Warning</b>:  file_put_contents(C:\xampp\htdocs\Medical_E-CARD\admin\amr\cache\mask_5\mask_21_5.dat): failed to open stream: No such file or directory in <b>C:\xampp\htdocs\Medical_E-CARD\admin\amr\qrmask.php</b> on line <b>155</b><br />
<br />
<b>Warning</b>:  mkdir(): No such file or directory in <b>C:\xampp\htdocs\Medical_E-CARD\admin\amr\qrmask.php</b> on line <b>154</b><br />
<br />
<b>Warning</b>:  file_put_contents(C:\xampp\htdocs\Medical_E-CARD\admin\amr\cache\mask_6\mask_21_6.dat): failed to open stream: No such file or directory in <b>C:\xampp\htdocs\Medical_E-CARD\admin\amr\qrmask.php</b> on line <b>155</b><br />
<br />
<b>Warning</b>:  mkdir(): No such file or directory in <b>C:\xampp\htdocs\Medical_E-CARD\admin\amr\qrmask.php</b> on line <b>154</b><br />
<br />
<b>Warning</b>:  file_put_contents(C:\xampp\htdocs\Medical_E-CARD\admin\amr\cache\mask_7\mask_21_7.dat): failed to open stream: No such file or directory in <b>C:\xampp\htdocs\Medical_E-CARD\admin\amr\qrmask.php</b> on line <b>155</b><br />
2016-11-23 10:04:34: <br />
<b>Warning</b>:  file_put_contents(C:\xampp\htdocs\Medical_E-CARD\admin\amr\cache\frame_1.dat): failed to open stream: No such file or directory in <b>C:\xampp\htdocs\Medical_E-CARD\admin\amr\qrspec.php</b> on line <b>568</b><br />
<br />
<b>Warning</b>:  mkdir(): No such file or directory in <b>C:\xampp\htdocs\Medical_E-CARD\admin\amr\qrmask.php</b> on line <b>154</b><br />
<br />
<b>Warning</b>:  file_put_contents(C:\xampp\htdocs\Medical_E-CARD\admin\amr\cache\mask_0\mask_21_0.dat): failed to open stream: No such file or directory in <b>C:\xampp\htdocs\Medical_E-CARD\admin\amr\qrmask.php</b> on line <b>155</b><br />
<br />
<b>Warning</b>:  mkdir(): No such file or directory in <b>C:\xampp\htdocs\Medical_E-CARD\admin\amr\qrmask.php</b> on line <b>154</b><br />
<br />
<b>Warning</b>:  file_put_contents(C:\xampp\htdocs\Medical_E-CARD\admin\amr\cache\mask_1\mask_21_1.dat): failed to open stream: No such file or directory in <b>C:\xampp\htdocs\Medical_E-CARD\admin\amr\qrmask.php</b> on line <b>155</b><br />
<br />
<b>Warning</b>:  mkdir(): No such file or directory in <b>C:\xampp\htdocs\Medical_E-CARD\admin\amr\qrmask.php</b> on line <b>154</b><br />
<br />
<b>Warning</b>:  file_put_contents(C:\xampp\htdocs\Medical_E-CARD\admin\amr\cache\mask_2\mask_21_2.dat): failed to open stream: No such file or directory in <b>C:\xampp\htdocs\Medical_E-CARD\admin\amr\qrmask.php</b> on line <b>155</b><br />
<br />
<b>Warning</b>:  mkdir(): No such file or directory in <b>C:\xampp\htdocs\Medical_E-CARD\admin\amr\qrmask.php</b> on line <b>154</b><br />
<br />
<b>Warning</b>:  file_put_contents(C:\xampp\htdocs\Medical_E-CARD\admin\amr\cache\mask_3\mask_21_3.dat): failed to open stream: No such file or directory in <b>C:\xampp\htdocs\Medical_E-CARD\admin\amr\qrmask.php</b> on line <b>155</b><br />
<br />
<b>Warning</b>:  mkdir(): No such file or directory in <b>C:\xampp\htdocs\Medical_E-CARD\admin\amr\qrmask.php</b> on line <b>154</b><br />
<br />
<b>Warning</b>:  file_put_contents(C:\xampp\htdocs\Medical_E-CARD\admin\amr\cache\mask_4\mask_21_4.dat): failed to open stream: No such file or directory in <b>C:\xampp\htdocs\Medical_E-CARD\admin\amr\qrmask.php</b> on line <b>155</b><br />
<br />
<b>Warning</b>:  mkdir(): No such file or directory in <b>C:\xampp\htdocs\Medical_E-CARD\admin\amr\qrmask.php</b> on line <b>154</b><br />
<br />
<b>Warning</b>:  file_put_contents(C:\xampp\htdocs\Medical_E-CARD\admin\amr\cache\mask_5\mask_21_5.dat): failed to open stream: No such file or directory in <b>C:\xampp\htdocs\Medical_E-CARD\admin\amr\qrmask.php</b> on line <b>155</b><br />
<br />
<b>Warning</b>:  mkdir(): No such file or directory in <b>C:\xampp\htdocs\Medical_E-CARD\admin\amr\qrmask.php</b> on line <b>154</b><br />
<br />
<b>Warning</b>:  file_put_contents(C:\xampp\htdocs\Medical_E-CARD\admin\amr\cache\mask_6\mask_21_6.dat): failed to open stream: No such file or directory in <b>C:\xampp\htdocs\Medical_E-CARD\admin\amr\qrmask.php</b> on line <b>155</b><br />
<br />
<b>Warning</b>:  mkdir(): No such file or directory in <b>C:\xampp\htdocs\Medical_E-CARD\admin\amr\qrmask.php</b> on line <b>154</b><br />
<br />
<b>Warning</b>:  file_put_contents(C:\xampp\htdocs\Medical_E-CARD\admin\amr\cache\mask_7\mask_21_7.dat): failed to open stream: No such file or directory in <b>C:\xampp\htdocs\Medical_E-CARD\admin\amr\qrmask.php</b> on line <b>155</b><br />
2016-11-23 10:05:04: <br />
<b>Warning</b>:  file_put_contents(C:\xampp\htdocs\Medical_E-CARD\admin\amr\cache\frame_1.dat): failed to open stream: No such file or directory in <b>C:\xampp\htdocs\Medical_E-CARD\admin\amr\qrspec.php</b> on line <b>568</b><br />
<br />
<b>Warning</b>:  mkdir(): No such file or directory in <b>C:\xampp\htdocs\Medical_E-CARD\admin\amr\qrmask.php</b> on line <b>154</b><br />
<br />
<b>Warning</b>:  file_put_contents(C:\xampp\htdocs\Medical_E-CARD\admin\amr\cache\mask_0\mask_21_0.dat): failed to open stream: No such file or directory in <b>C:\xampp\htdocs\Medical_E-CARD\admin\amr\qrmask.php</b> on line <b>155</b><br />
<br />
<b>Warning</b>:  mkdir(): No such file or directory in <b>C:\xampp\htdocs\Medical_E-CARD\admin\amr\qrmask.php</b> on line <b>154</b><br />
<br />
<b>Warning</b>:  file_put_contents(C:\xampp\htdocs\Medical_E-CARD\admin\amr\cache\mask_1\mask_21_1.dat): failed to open stream: No such file or directory in <b>C:\xampp\htdocs\Medical_E-CARD\admin\amr\qrmask.php</b> on line <b>155</b><br />
<br />
<b>Warning</b>:  mkdir(): No such file or directory in <b>C:\xampp\htdocs\Medical_E-CARD\admin\amr\qrmask.php</b> on line <b>154</b><br />
<br />
<b>Warning</b>:  file_put_contents(C:\xampp\htdocs\Medical_E-CARD\admin\amr\cache\mask_2\mask_21_2.dat): failed to open stream: No such file or directory in <b>C:\xampp\htdocs\Medical_E-CARD\admin\amr\qrmask.php</b> on line <b>155</b><br />
<br />
<b>Warning</b>:  mkdir(): No such file or directory in <b>C:\xampp\htdocs\Medical_E-CARD\admin\amr\qrmask.php</b> on line <b>154</b><br />
<br />
<b>Warning</b>:  file_put_contents(C:\xampp\htdocs\Medical_E-CARD\admin\amr\cache\mask_3\mask_21_3.dat): failed to open stream: No such file or directory in <b>C:\xampp\htdocs\Medical_E-CARD\admin\amr\qrmask.php</b> on line <b>155</b><br />
<br />
<b>Warning</b>:  mkdir(): No such file or directory in <b>C:\xampp\htdocs\Medical_E-CARD\admin\amr\qrmask.php</b> on line <b>154</b><br />
<br />
<b>Warning</b>:  file_put_contents(C:\xampp\htdocs\Medical_E-CARD\admin\amr\cache\mask_4\mask_21_4.dat): failed to open stream: No such file or directory in <b>C:\xampp\htdocs\Medical_E-CARD\admin\amr\qrmask.php</b> on line <b>155</b><br />
<br />
<b>Warning</b>:  mkdir(): No such file or directory in <b>C:\xampp\htdocs\Medical_E-CARD\admin\amr\qrmask.php</b> on line <b>154</b><br />
<br />
<b>Warning</b>:  file_put_contents(C:\xampp\htdocs\Medical_E-CARD\admin\amr\cache\mask_5\mask_21_5.dat): failed to open stream: No such file or directory in <b>C:\xampp\htdocs\Medical_E-CARD\admin\amr\qrmask.php</b> on line <b>155</b><br />
<br />
<b>Warning</b>:  mkdir(): No such file or directory in <b>C:\xampp\htdocs\Medical_E-CARD\admin\amr\qrmask.php</b> on line <b>154</b><br />
<br />
<b>Warning</b>:  file_put_contents(C:\xampp\htdocs\Medical_E-CARD\admin\amr\cache\mask_6\mask_21_6.dat): failed to open stream: No such file or directory in <b>C:\xampp\htdocs\Medical_E-CARD\admin\amr\qrmask.php</b> on line <b>155</b><br />
<br />
<b>Warning</b>:  mkdir(): No such file or directory in <b>C:\xampp\htdocs\Medical_E-CARD\admin\amr\qrmask.php</b> on line <b>154</b><br />
<br />
<b>Warning</b>:  file_put_contents(C:\xampp\htdocs\Medical_E-CARD\admin\amr\cache\mask_7\mask_21_7.dat): failed to open stream: No such file or directory in <b>C:\xampp\htdocs\Medical_E-CARD\admin\amr\qrmask.php</b> on line <b>155</b><br />
2016-11-23 10:06:10: <br />
<b>Warning</b>:  file_put_contents(C:\xampp\htdocs\Medical_E-CARD\admin\amr\cache\frame_1.dat): failed to open stream: No such file or directory in <b>C:\xampp\htdocs\Medical_E-CARD\admin\amr\qrspec.php</b> on line <b>568</b><br />
<br />
<b>Warning</b>:  mkdir(): No such file or directory in <b>C:\xampp\htdocs\Medical_E-CARD\admin\amr\qrmask.php</b> on line <b>154</b><br />
<br />
<b>Warning</b>:  file_put_contents(C:\xampp\htdocs\Medical_E-CARD\admin\amr\cache\mask_0\mask_21_0.dat): failed to open stream: No such file or directory in <b>C:\xampp\htdocs\Medical_E-CARD\admin\amr\qrmask.php</b> on line <b>155</b><br />
<br />
<b>Warning</b>:  mkdir(): No such file or directory in <b>C:\xampp\htdocs\Medical_E-CARD\admin\amr\qrmask.php</b> on line <b>154</b><br />
<br />
<b>Warning</b>:  file_put_contents(C:\xampp\htdocs\Medical_E-CARD\admin\amr\cache\mask_1\mask_21_1.dat): failed to open stream: No such file or directory in <b>C:\xampp\htdocs\Medical_E-CARD\admin\amr\qrmask.php</b> on line <b>155</b><br />
<br />
<b>Warning</b>:  mkdir(): No such file or directory in <b>C:\xampp\htdocs\Medical_E-CARD\admin\amr\qrmask.php</b> on line <b>154</b><br />
<br />
<b>Warning</b>:  file_put_contents(C:\xampp\htdocs\Medical_E-CARD\admin\amr\cache\mask_2\mask_21_2.dat): failed to open stream: No such file or directory in <b>C:\xampp\htdocs\Medical_E-CARD\admin\amr\qrmask.php</b> on line <b>155</b><br />
<br />
<b>Warning</b>:  mkdir(): No such file or directory in <b>C:\xampp\htdocs\Medical_E-CARD\admin\amr\qrmask.php</b> on line <b>154</b><br />
<br />
<b>Warning</b>:  file_put_contents(C:\xampp\htdocs\Medical_E-CARD\admin\amr\cache\mask_3\mask_21_3.dat): failed to open stream: No such file or directory in <b>C:\xampp\htdocs\Medical_E-CARD\admin\amr\qrmask.php</b> on line <b>155</b><br />
<br />
<b>Warning</b>:  mkdir(): No such file or directory in <b>C:\xampp\htdocs\Medical_E-CARD\admin\amr\qrmask.php</b> on line <b>154</b><br />
<br />
<b>Warning</b>:  file_put_contents(C:\xampp\htdocs\Medical_E-CARD\admin\amr\cache\mask_4\mask_21_4.dat): failed to open stream: No such file or directory in <b>C:\xampp\htdocs\Medical_E-CARD\admin\amr\qrmask.php</b> on line <b>155</b><br />
<br />
<b>Warning</b>:  mkdir(): No such file or directory in <b>C:\xampp\htdocs\Medical_E-CARD\admin\amr\qrmask.php</b> on line <b>154</b><br />
<br />
<b>Warning</b>:  file_put_contents(C:\xampp\htdocs\Medical_E-CARD\admin\amr\cache\mask_5\mask_21_5.dat): failed to open stream: No such file or directory in <b>C:\xampp\htdocs\Medical_E-CARD\admin\amr\qrmask.php</b> on line <b>155</b><br />
<br />
<b>Warning</b>:  mkdir(): No such file or directory in <b>C:\xampp\htdocs\Medical_E-CARD\admin\amr\qrmask.php</b> on line <b>154</b><br />
<br />
<b>Warning</b>:  file_put_contents(C:\xampp\htdocs\Medical_E-CARD\admin\amr\cache\mask_6\mask_21_6.dat): failed to open stream: No such file or directory in <b>C:\xampp\htdocs\Medical_E-CARD\admin\amr\qrmask.php</b> on line <b>155</b><br />
<br />
<b>Warning</b>:  mkdir(): No such file or directory in <b>C:\xampp\htdocs\Medical_E-CARD\admin\amr\qrmask.php</b> on line <b>154</b><br />
<br />
<b>Warning</b>:  file_put_contents(C:\xampp\htdocs\Medical_E-CARD\admin\amr\cache\mask_7\mask_21_7.dat): failed to open stream: No such file or directory in <b>C:\xampp\htdocs\Medical_E-CARD\admin\amr\qrmask.php</b> on line <b>155</b><br />
2016-11-23 10:06:40: <br />
<b>Warning</b>:  file_put_contents(C:\xampp\htdocs\Medical_E-CARD\admin\amr\cache\frame_1.dat): failed to open stream: No such file or directory in <b>C:\xampp\htdocs\Medical_E-CARD\admin\amr\qrspec.php</b> on line <b>568</b><br />
<br />
<b>Warning</b>:  mkdir(): No such file or directory in <b>C:\xampp\htdocs\Medical_E-CARD\admin\amr\qrmask.php</b> on line <b>154</b><br />
<br />
<b>Warning</b>:  file_put_contents(C:\xampp\htdocs\Medical_E-CARD\admin\amr\cache\mask_0\mask_21_0.dat): failed to open stream: No such file or directory in <b>C:\xampp\htdocs\Medical_E-CARD\admin\amr\qrmask.php</b> on line <b>155</b><br />
<br />
<b>Warning</b>:  mkdir(): No such file or directory in <b>C:\xampp\htdocs\Medical_E-CARD\admin\amr\qrmask.php</b> on line <b>154</b><br />
<br />
<b>Warning</b>:  file_put_contents(C:\xampp\htdocs\Medical_E-CARD\admin\amr\cache\mask_1\mask_21_1.dat): failed to open stream: No such file or directory in <b>C:\xampp\htdocs\Medical_E-CARD\admin\amr\qrmask.php</b> on line <b>155</b><br />
<br />
<b>Warning</b>:  mkdir(): No such file or directory in <b>C:\xampp\htdocs\Medical_E-CARD\admin\amr\qrmask.php</b> on line <b>154</b><br />
<br />
<b>Warning</b>:  file_put_contents(C:\xampp\htdocs\Medical_E-CARD\admin\amr\cache\mask_2\mask_21_2.dat): failed to open stream: No such file or directory in <b>C:\xampp\htdocs\Medical_E-CARD\admin\amr\qrmask.php</b> on line <b>155</b><br />
<br />
<b>Warning</b>:  mkdir(): No such file or directory in <b>C:\xampp\htdocs\Medical_E-CARD\admin\amr\qrmask.php</b> on line <b>154</b><br />
<br />
<b>Warning</b>:  file_put_contents(C:\xampp\htdocs\Medical_E-CARD\admin\amr\cache\mask_3\mask_21_3.dat): failed to open stream: No such file or directory in <b>C:\xampp\htdocs\Medical_E-CARD\admin\amr\qrmask.php</b> on line <b>155</b><br />
<br />
<b>Warning</b>:  mkdir(): No such file or directory in <b>C:\xampp\htdocs\Medical_E-CARD\admin\amr\qrmask.php</b> on line <b>154</b><br />
<br />
<b>Warning</b>:  file_put_contents(C:\xampp\htdocs\Medical_E-CARD\admin\amr\cache\mask_4\mask_21_4.dat): failed to open stream: No such file or directory in <b>C:\xampp\htdocs\Medical_E-CARD\admin\amr\qrmask.php</b> on line <b>155</b><br />
<br />
<b>Warning</b>:  mkdir(): No such file or directory in <b>C:\xampp\htdocs\Medical_E-CARD\admin\amr\qrmask.php</b> on line <b>154</b><br />
<br />
<b>Warning</b>:  file_put_contents(C:\xampp\htdocs\Medical_E-CARD\admin\amr\cache\mask_5\mask_21_5.dat): failed to open stream: No such file or directory in <b>C:\xampp\htdocs\Medical_E-CARD\admin\amr\qrmask.php</b> on line <b>155</b><br />
<br />
<b>Warning</b>:  mkdir(): No such file or directory in <b>C:\xampp\htdocs\Medical_E-CARD\admin\amr\qrmask.php</b> on line <b>154</b><br />
<br />
<b>Warning</b>:  file_put_contents(C:\xampp\htdocs\Medical_E-CARD\admin\amr\cache\mask_6\mask_21_6.dat): failed to open stream: No such file or directory in <b>C:\xampp\htdocs\Medical_E-CARD\admin\amr\qrmask.php</b> on line <b>155</b><br />
<br />
<b>Warning</b>:  mkdir(): No such file or directory in <b>C:\xampp\htdocs\Medical_E-CARD\admin\amr\qrmask.php</b> on line <b>154</b><br />
<br />
<b>Warning</b>:  file_put_contents(C:\xampp\htdocs\Medical_E-CARD\admin\amr\cache\mask_7\mask_21_7.dat): failed to open stream: No such file or directory in <b>C:\xampp\htdocs\Medical_E-CARD\admin\amr\qrmask.php</b> on line <b>155</b><br />
2016-11-23 10:07:25: <br />
<b>Warning</b>:  file_put_contents(C:\xampp\htdocs\Medical_E-CARD\admin\amr\cache\frame_1.dat): failed to open stream: No such file or directory in <b>C:\xampp\htdocs\Medical_E-CARD\admin\amr\qrspec.php</b> on line <b>568</b><br />
<br />
<b>Warning</b>:  mkdir(): No such file or directory in <b>C:\xampp\htdocs\Medical_E-CARD\admin\amr\qrmask.php</b> on line <b>154</b><br />
<br />
<b>Warning</b>:  file_put_contents(C:\xampp\htdocs\Medical_E-CARD\admin\amr\cache\mask_0\mask_21_0.dat): failed to open stream: No such file or directory in <b>C:\xampp\htdocs\Medical_E-CARD\admin\amr\qrmask.php</b> on line <b>155</b><br />
<br />
<b>Warning</b>:  mkdir(): No such file or directory in <b>C:\xampp\htdocs\Medical_E-CARD\admin\amr\qrmask.php</b> on line <b>154</b><br />
<br />
<b>Warning</b>:  file_put_contents(C:\xampp\htdocs\Medical_E-CARD\admin\amr\cache\mask_1\mask_21_1.dat): failed to open stream: No such file or directory in <b>C:\xampp\htdocs\Medical_E-CARD\admin\amr\qrmask.php</b> on line <b>155</b><br />
<br />
<b>Warning</b>:  mkdir(): No such file or directory in <b>C:\xampp\htdocs\Medical_E-CARD\admin\amr\qrmask.php</b> on line <b>154</b><br />
<br />
<b>Warning</b>:  file_put_contents(C:\xampp\htdocs\Medical_E-CARD\admin\amr\cache\mask_2\mask_21_2.dat): failed to open stream: No such file or directory in <b>C:\xampp\htdocs\Medical_E-CARD\admin\amr\qrmask.php</b> on line <b>155</b><br />
<br />
<b>Warning</b>:  mkdir(): No such file or directory in <b>C:\xampp\htdocs\Medical_E-CARD\admin\amr\qrmask.php</b> on line <b>154</b><br />
<br />
<b>Warning</b>:  file_put_contents(C:\xampp\htdocs\Medical_E-CARD\admin\amr\cache\mask_3\mask_21_3.dat): failed to open stream: No such file or directory in <b>C:\xampp\htdocs\Medical_E-CARD\admin\amr\qrmask.php</b> on line <b>155</b><br />
<br />
<b>Warning</b>:  mkdir(): No such file or directory in <b>C:\xampp\htdocs\Medical_E-CARD\admin\amr\qrmask.php</b> on line <b>154</b><br />
<br />
<b>Warning</b>:  file_put_contents(C:\xampp\htdocs\Medical_E-CARD\admin\amr\cache\mask_4\mask_21_4.dat): failed to open stream: No such file or directory in <b>C:\xampp\htdocs\Medical_E-CARD\admin\amr\qrmask.php</b> on line <b>155</b><br />
<br />
<b>Warning</b>:  mkdir(): No such file or directory in <b>C:\xampp\htdocs\Medical_E-CARD\admin\amr\qrmask.php</b> on line <b>154</b><br />
<br />
<b>Warning</b>:  file_put_contents(C:\xampp\htdocs\Medical_E-CARD\admin\amr\cache\mask_5\mask_21_5.dat): failed to open stream: No such file or directory in <b>C:\xampp\htdocs\Medical_E-CARD\admin\amr\qrmask.php</b> on line <b>155</b><br />
<br />
<b>Warning</b>:  mkdir(): No such file or directory in <b>C:\xampp\htdocs\Medical_E-CARD\admin\amr\qrmask.php</b> on line <b>154</b><br />
<br />
<b>Warning</b>:  file_put_contents(C:\xampp\htdocs\Medical_E-CARD\admin\amr\cache\mask_6\mask_21_6.dat): failed to open stream: No such file or directory in <b>C:\xampp\htdocs\Medical_E-CARD\admin\amr\qrmask.php</b> on line <b>155</b><br />
<br />
<b>Warning</b>:  mkdir(): No such file or directory in <b>C:\xampp\htdocs\Medical_E-CARD\admin\amr\qrmask.php</b> on line <b>154</b><br />
<br />
<b>Warning</b>:  file_put_contents(C:\xampp\htdocs\Medical_E-CARD\admin\amr\cache\mask_7\mask_21_7.dat): failed to open stream: No such file or directory in <b>C:\xampp\htdocs\Medical_E-CARD\admin\amr\qrmask.php</b> on line <b>155</b><br />
2016-11-23 10:07:27: <br />
<b>Warning</b>:  file_put_contents(C:\xampp\htdocs\Medical_E-CARD\admin\amr\cache\frame_1.dat): failed to open stream: No such file or directory in <b>C:\xampp\htdocs\Medical_E-CARD\admin\amr\qrspec.php</b> on line <b>568</b><br />
<br />
<b>Warning</b>:  mkdir(): No such file or directory in <b>C:\xampp\htdocs\Medical_E-CARD\admin\amr\qrmask.php</b> on line <b>154</b><br />
<br />
<b>Warning</b>:  file_put_contents(C:\xampp\htdocs\Medical_E-CARD\admin\amr\cache\mask_0\mask_21_0.dat): failed to open stream: No such file or directory in <b>C:\xampp\htdocs\Medical_E-CARD\admin\amr\qrmask.php</b> on line <b>155</b><br />
<br />
<b>Warning</b>:  mkdir(): No such file or directory in <b>C:\xampp\htdocs\Medical_E-CARD\admin\amr\qrmask.php</b> on line <b>154</b><br />
<br />
<b>Warning</b>:  file_put_contents(C:\xampp\htdocs\Medical_E-CARD\admin\amr\cache\mask_1\mask_21_1.dat): failed to open stream: No such file or directory in <b>C:\xampp\htdocs\Medical_E-CARD\admin\amr\qrmask.php</b> on line <b>155</b><br />
<br />
<b>Warning</b>:  mkdir(): No such file or directory in <b>C:\xampp\htdocs\Medical_E-CARD\admin\amr\qrmask.php</b> on line <b>154</b><br />
<br />
<b>Warning</b>:  file_put_contents(C:\xampp\htdocs\Medical_E-CARD\admin\amr\cache\mask_2\mask_21_2.dat): failed to open stream: No such file or directory in <b>C:\xampp\htdocs\Medical_E-CARD\admin\amr\qrmask.php</b> on line <b>155</b><br />
<br />
<b>Warning</b>:  mkdir(): No such file or directory in <b>C:\xampp\htdocs\Medical_E-CARD\admin\amr\qrmask.php</b> on line <b>154</b><br />
<br />
<b>Warning</b>:  file_put_contents(C:\xampp\htdocs\Medical_E-CARD\admin\amr\cache\mask_3\mask_21_3.dat): failed to open stream: No such file or directory in <b>C:\xampp\htdocs\Medical_E-CARD\admin\amr\qrmask.php</b> on line <b>155</b><br />
<br />
<b>Warning</b>:  mkdir(): No such file or directory in <b>C:\xampp\htdocs\Medical_E-CARD\admin\amr\qrmask.php</b> on line <b>154</b><br />
<br />
<b>Warning</b>:  file_put_contents(C:\xampp\htdocs\Medical_E-CARD\admin\amr\cache\mask_4\mask_21_4.dat): failed to open stream: No such file or directory in <b>C:\xampp\htdocs\Medical_E-CARD\admin\amr\qrmask.php</b> on line <b>155</b><br />
<br />
<b>Warning</b>:  mkdir(): No such file or directory in <b>C:\xampp\htdocs\Medical_E-CARD\admin\amr\qrmask.php</b> on line <b>154</b><br />
<br />
<b>Warning</b>:  file_put_contents(C:\xampp\htdocs\Medical_E-CARD\admin\amr\cache\mask_5\mask_21_5.dat): failed to open stream: No such file or directory in <b>C:\xampp\htdocs\Medical_E-CARD\admin\amr\qrmask.php</b> on line <b>155</b><br />
<br />
<b>Warning</b>:  mkdir(): No such file or directory in <b>C:\xampp\htdocs\Medical_E-CARD\admin\amr\qrmask.php</b> on line <b>154</b><br />
<br />
<b>Warning</b>:  file_put_contents(C:\xampp\htdocs\Medical_E-CARD\admin\amr\cache\mask_6\mask_21_6.dat): failed to open stream: No such file or directory in <b>C:\xampp\htdocs\Medical_E-CARD\admin\amr\qrmask.php</b> on line <b>155</b><br />
<br />
<b>Warning</b>:  mkdir(): No such file or directory in <b>C:\xampp\htdocs\Medical_E-CARD\admin\amr\qrmask.php</b> on line <b>154</b><br />
<br />
<b>Warning</b>:  file_put_contents(C:\xampp\htdocs\Medical_E-CARD\admin\amr\cache\mask_7\mask_21_7.dat): failed to open stream: No such file or directory in <b>C:\xampp\htdocs\Medical_E-CARD\admin\amr\qrmask.php</b> on line <b>155</b><br />
2016-11-23 10:07:34: <br />
<b>Warning</b>:  file_put_contents(C:\xampp\htdocs\Medical_E-CARD\admin\amr\cache\frame_1.dat): failed to open stream: No such file or directory in <b>C:\xampp\htdocs\Medical_E-CARD\admin\amr\qrspec.php</b> on line <b>568</b><br />
<br />
<b>Warning</b>:  mkdir(): No such file or directory in <b>C:\xampp\htdocs\Medical_E-CARD\admin\amr\qrmask.php</b> on line <b>154</b><br />
<br />
<b>Warning</b>:  file_put_contents(C:\xampp\htdocs\Medical_E-CARD\admin\amr\cache\mask_0\mask_21_0.dat): failed to open stream: No such file or directory in <b>C:\xampp\htdocs\Medical_E-CARD\admin\amr\qrmask.php</b> on line <b>155</b><br />
<br />
<b>Warning</b>:  mkdir(): No such file or directory in <b>C:\xampp\htdocs\Medical_E-CARD\admin\amr\qrmask.php</b> on line <b>154</b><br />
<br />
<b>Warning</b>:  file_put_contents(C:\xampp\htdocs\Medical_E-CARD\admin\amr\cache\mask_1\mask_21_1.dat): failed to open stream: No such file or directory in <b>C:\xampp\htdocs\Medical_E-CARD\admin\amr\qrmask.php</b> on line <b>155</b><br />
<br />
<b>Warning</b>:  mkdir(): No such file or directory in <b>C:\xampp\htdocs\Medical_E-CARD\admin\amr\qrmask.php</b> on line <b>154</b><br />
<br />
<b>Warning</b>:  file_put_contents(C:\xampp\htdocs\Medical_E-CARD\admin\amr\cache\mask_2\mask_21_2.dat): failed to open stream: No such file or directory in <b>C:\xampp\htdocs\Medical_E-CARD\admin\amr\qrmask.php</b> on line <b>155</b><br />
<br />
<b>Warning</b>:  mkdir(): No such file or directory in <b>C:\xampp\htdocs\Medical_E-CARD\admin\amr\qrmask.php</b> on line <b>154</b><br />
<br />
<b>Warning</b>:  file_put_contents(C:\xampp\htdocs\Medical_E-CARD\admin\amr\cache\mask_3\mask_21_3.dat): failed to open stream: No such file or directory in <b>C:\xampp\htdocs\Medical_E-CARD\admin\amr\qrmask.php</b> on line <b>155</b><br />
<br />
<b>Warning</b>:  mkdir(): No such file or directory in <b>C:\xampp\htdocs\Medical_E-CARD\admin\amr\qrmask.php</b> on line <b>154</b><br />
<br />
<b>Warning</b>:  file_put_contents(C:\xampp\htdocs\Medical_E-CARD\admin\amr\cache\mask_4\mask_21_4.dat): failed to open stream: No such file or directory in <b>C:\xampp\htdocs\Medical_E-CARD\admin\amr\qrmask.php</b> on line <b>155</b><br />
<br />
<b>Warning</b>:  mkdir(): No such file or directory in <b>C:\xampp\htdocs\Medical_E-CARD\admin\amr\qrmask.php</b> on line <b>154</b><br />
<br />
<b>Warning</b>:  file_put_contents(C:\xampp\htdocs\Medical_E-CARD\admin\amr\cache\mask_5\mask_21_5.dat): failed to open stream: No such file or directory in <b>C:\xampp\htdocs\Medical_E-CARD\admin\amr\qrmask.php</b> on line <b>155</b><br />
<br />
<b>Warning</b>:  mkdir(): No such file or directory in <b>C:\xampp\htdocs\Medical_E-CARD\admin\amr\qrmask.php</b> on line <b>154</b><br />
<br />
<b>Warning</b>:  file_put_contents(C:\xampp\htdocs\Medical_E-CARD\admin\amr\cache\mask_6\mask_21_6.dat): failed to open stream: No such file or directory in <b>C:\xampp\htdocs\Medical_E-CARD\admin\amr\qrmask.php</b> on line <b>155</b><br />
<br />
<b>Warning</b>:  mkdir(): No such file or directory in <b>C:\xampp\htdocs\Medical_E-CARD\admin\amr\qrmask.php</b> on line <b>154</b><br />
<br />
<b>Warning</b>:  file_put_contents(C:\xampp\htdocs\Medical_E-CARD\admin\amr\cache\mask_7\mask_21_7.dat): failed to open stream: No such file or directory in <b>C:\xampp\htdocs\Medical_E-CARD\admin\amr\qrmask.php</b> on line <b>155</b><br />
2016-11-23 10:07:36: <br />
<b>Warning</b>:  file_put_contents(C:\xampp\htdocs\Medical_E-CARD\admin\amr\cache\frame_1.dat): failed to open stream: No such file or directory in <b>C:\xampp\htdocs\Medical_E-CARD\admin\amr\qrspec.php</b> on line <b>568</b><br />
<br />
<b>Warning</b>:  mkdir(): No such file or directory in <b>C:\xampp\htdocs\Medical_E-CARD\admin\amr\qrmask.php</b> on line <b>154</b><br />
<br />
<b>Warning</b>:  file_put_contents(C:\xampp\htdocs\Medical_E-CARD\admin\amr\cache\mask_0\mask_21_0.dat): failed to open stream: No such file or directory in <b>C:\xampp\htdocs\Medical_E-CARD\admin\amr\qrmask.php</b> on line <b>155</b><br />
<br />
<b>Warning</b>:  mkdir(): No such file or directory in <b>C:\xampp\htdocs\Medical_E-CARD\admin\amr\qrmask.php</b> on line <b>154</b><br />
<br />
<b>Warning</b>:  file_put_contents(C:\xampp\htdocs\Medical_E-CARD\admin\amr\cache\mask_1\mask_21_1.dat): failed to open stream: No such file or directory in <b>C:\xampp\htdocs\Medical_E-CARD\admin\amr\qrmask.php</b> on line <b>155</b><br />
<br />
<b>Warning</b>:  mkdir(): No such file or directory in <b>C:\xampp\htdocs\Medical_E-CARD\admin\amr\qrmask.php</b> on line <b>154</b><br />
<br />
<b>Warning</b>:  file_put_contents(C:\xampp\htdocs\Medical_E-CARD\admin\amr\cache\mask_2\mask_21_2.dat): failed to open stream: No such file or directory in <b>C:\xampp\htdocs\Medical_E-CARD\admin\amr\qrmask.php</b> on line <b>155</b><br />
<br />
<b>Warning</b>:  mkdir(): No such file or directory in <b>C:\xampp\htdocs\Medical_E-CARD\admin\amr\qrmask.php</b> on line <b>154</b><br />
<br />
<b>Warning</b>:  file_put_contents(C:\xampp\htdocs\Medical_E-CARD\admin\amr\cache\mask_3\mask_21_3.dat): failed to open stream: No such file or directory in <b>C:\xampp\htdocs\Medical_E-CARD\admin\amr\qrmask.php</b> on line <b>155</b><br />
<br />
<b>Warning</b>:  mkdir(): No such file or directory in <b>C:\xampp\htdocs\Medical_E-CARD\admin\amr\qrmask.php</b> on line <b>154</b><br />
<br />
<b>Warning</b>:  file_put_contents(C:\xampp\htdocs\Medical_E-CARD\admin\amr\cache\mask_4\mask_21_4.dat): failed to open stream: No such file or directory in <b>C:\xampp\htdocs\Medical_E-CARD\admin\amr\qrmask.php</b> on line <b>155</b><br />
<br />
<b>Warning</b>:  mkdir(): No such file or directory in <b>C:\xampp\htdocs\Medical_E-CARD\admin\amr\qrmask.php</b> on line <b>154</b><br />
<br />
<b>Warning</b>:  file_put_contents(C:\xampp\htdocs\Medical_E-CARD\admin\amr\cache\mask_5\mask_21_5.dat): failed to open stream: No such file or directory in <b>C:\xampp\htdocs\Medical_E-CARD\admin\amr\qrmask.php</b> on line <b>155</b><br />
<br />
<b>Warning</b>:  mkdir(): No such file or directory in <b>C:\xampp\htdocs\Medical_E-CARD\admin\amr\qrmask.php</b> on line <b>154</b><br />
<br />
<b>Warning</b>:  file_put_contents(C:\xampp\htdocs\Medical_E-CARD\admin\amr\cache\mask_6\mask_21_6.dat): failed to open stream: No such file or directory in <b>C:\xampp\htdocs\Medical_E-CARD\admin\amr\qrmask.php</b> on line <b>155</b><br />
<br />
<b>Warning</b>:  mkdir(): No such file or directory in <b>C:\xampp\htdocs\Medical_E-CARD\admin\amr\qrmask.php</b> on line <b>154</b><br />
<br />
<b>Warning</b>:  file_put_contents(C:\xampp\htdocs\Medical_E-CARD\admin\amr\cache\mask_7\mask_21_7.dat): failed to open stream: No such file or directory in <b>C:\xampp\htdocs\Medical_E-CARD\admin\amr\qrmask.php</b> on line <b>155</b><br />
2016-11-23 10:07:47: <br />
<b>Warning</b>:  file_put_contents(C:\xampp\htdocs\Medical_E-CARD\admin\amr\cache\frame_1.dat): failed to open stream: No such file or directory in <b>C:\xampp\htdocs\Medical_E-CARD\admin\amr\qrspec.php</b> on line <b>568</b><br />
<br />
<b>Warning</b>:  mkdir(): No such file or directory in <b>C:\xampp\htdocs\Medical_E-CARD\admin\amr\qrmask.php</b> on line <b>154</b><br />
<br />
<b>Warning</b>:  file_put_contents(C:\xampp\htdocs\Medical_E-CARD\admin\amr\cache\mask_0\mask_21_0.dat): failed to open stream: No such file or directory in <b>C:\xampp\htdocs\Medical_E-CARD\admin\amr\qrmask.php</b> on line <b>155</b><br />
<br />
<b>Warning</b>:  mkdir(): No such file or directory in <b>C:\xampp\htdocs\Medical_E-CARD\admin\amr\qrmask.php</b> on line <b>154</b><br />
<br />
<b>Warning</b>:  file_put_contents(C:\xampp\htdocs\Medical_E-CARD\admin\amr\cache\mask_1\mask_21_1.dat): failed to open stream: No such file or directory in <b>C:\xampp\htdocs\Medical_E-CARD\admin\amr\qrmask.php</b> on line <b>155</b><br />
<br />
<b>Warning</b>:  mkdir(): No such file or directory in <b>C:\xampp\htdocs\Medical_E-CARD\admin\amr\qrmask.php</b> on line <b>154</b><br />
<br />
<b>Warning</b>:  file_put_contents(C:\xampp\htdocs\Medical_E-CARD\admin\amr\cache\mask_2\mask_21_2.dat): failed to open stream: No such file or directory in <b>C:\xampp\htdocs\Medical_E-CARD\admin\amr\qrmask.php</b> on line <b>155</b><br />
<br />
<b>Warning</b>:  mkdir(): No such file or directory in <b>C:\xampp\htdocs\Medical_E-CARD\admin\amr\qrmask.php</b> on line <b>154</b><br />
<br />
<b>Warning</b>:  file_put_contents(C:\xampp\htdocs\Medical_E-CARD\admin\amr\cache\mask_3\mask_21_3.dat): failed to open stream: No such file or directory in <b>C:\xampp\htdocs\Medical_E-CARD\admin\amr\qrmask.php</b> on line <b>155</b><br />
<br />
<b>Warning</b>:  mkdir(): No such file or directory in <b>C:\xampp\htdocs\Medical_E-CARD\admin\amr\qrmask.php</b> on line <b>154</b><br />
<br />
<b>Warning</b>:  file_put_contents(C:\xampp\htdocs\Medical_E-CARD\admin\amr\cache\mask_4\mask_21_4.dat): failed to open stream: No such file or directory in <b>C:\xampp\htdocs\Medical_E-CARD\admin\amr\qrmask.php</b> on line <b>155</b><br />
<br />
<b>Warning</b>:  mkdir(): No such file or directory in <b>C:\xampp\htdocs\Medical_E-CARD\admin\amr\qrmask.php</b> on line <b>154</b><br />
<br />
<b>Warning</b>:  file_put_contents(C:\xampp\htdocs\Medical_E-CARD\admin\amr\cache\mask_5\mask_21_5.dat): failed to open stream: No such file or directory in <b>C:\xampp\htdocs\Medical_E-CARD\admin\amr\qrmask.php</b> on line <b>155</b><br />
<br />
<b>Warning</b>:  mkdir(): No such file or directory in <b>C:\xampp\htdocs\Medical_E-CARD\admin\amr\qrmask.php</b> on line <b>154</b><br />
<br />
<b>Warning</b>:  file_put_contents(C:\xampp\htdocs\Medical_E-CARD\admin\amr\cache\mask_6\mask_21_6.dat): failed to open stream: No such file or directory in <b>C:\xampp\htdocs\Medical_E-CARD\admin\amr\qrmask.php</b> on line <b>155</b><br />
<br />
<b>Warning</b>:  mkdir(): No such file or directory in <b>C:\xampp\htdocs\Medical_E-CARD\admin\amr\qrmask.php</b> on line <b>154</b><br />
<br />
<b>Warning</b>:  file_put_contents(C:\xampp\htdocs\Medical_E-CARD\admin\amr\cache\mask_7\mask_21_7.dat): failed to open stream: No such file or directory in <b>C:\xampp\htdocs\Medical_E-CARD\admin\amr\qrmask.php</b> on line <b>155</b><br />
2016-11-23 10:07:49: <br />
<b>Warning</b>:  file_put_contents(C:\xampp\htdocs\Medical_E-CARD\admin\amr\cache\frame_1.dat): failed to open stream: No such file or directory in <b>C:\xampp\htdocs\Medical_E-CARD\admin\amr\qrspec.php</b> on line <b>568</b><br />
<br />
<b>Warning</b>:  mkdir(): No such file or directory in <b>C:\xampp\htdocs\Medical_E-CARD\admin\amr\qrmask.php</b> on line <b>154</b><br />
<br />
<b>Warning</b>:  file_put_contents(C:\xampp\htdocs\Medical_E-CARD\admin\amr\cache\mask_0\mask_21_0.dat): failed to open stream: No such file or directory in <b>C:\xampp\htdocs\Medical_E-CARD\admin\amr\qrmask.php</b> on line <b>155</b><br />
<br />
<b>Warning</b>:  mkdir(): No such file or directory in <b>C:\xampp\htdocs\Medical_E-CARD\admin\amr\qrmask.php</b> on line <b>154</b><br />
<br />
<b>Warning</b>:  file_put_contents(C:\xampp\htdocs\Medical_E-CARD\admin\amr\cache\mask_1\mask_21_1.dat): failed to open stream: No such file or directory in <b>C:\xampp\htdocs\Medical_E-CARD\admin\amr\qrmask.php</b> on line <b>155</b><br />
<br />
<b>Warning</b>:  mkdir(): No such file or directory in <b>C:\xampp\htdocs\Medical_E-CARD\admin\amr\qrmask.php</b> on line <b>154</b><br />
<br />
<b>Warning</b>:  file_put_contents(C:\xampp\htdocs\Medical_E-CARD\admin\amr\cache\mask_2\mask_21_2.dat): failed to open stream: No such file or directory in <b>C:\xampp\htdocs\Medical_E-CARD\admin\amr\qrmask.php</b> on line <b>155</b><br />
<br />
<b>Warning</b>:  mkdir(): No such file or directory in <b>C:\xampp\htdocs\Medical_E-CARD\admin\amr\qrmask.php</b> on line <b>154</b><br />
<br />
<b>Warning</b>:  file_put_contents(C:\xampp\htdocs\Medical_E-CARD\admin\amr\cache\mask_3\mask_21_3.dat): failed to open stream: No such file or directory in <b>C:\xampp\htdocs\Medical_E-CARD\admin\amr\qrmask.php</b> on line <b>155</b><br />
<br />
<b>Warning</b>:  mkdir(): No such file or directory in <b>C:\xampp\htdocs\Medical_E-CARD\admin\amr\qrmask.php</b> on line <b>154</b><br />
<br />
<b>Warning</b>:  file_put_contents(C:\xampp\htdocs\Medical_E-CARD\admin\amr\cache\mask_4\mask_21_4.dat): failed to open stream: No such file or directory in <b>C:\xampp\htdocs\Medical_E-CARD\admin\amr\qrmask.php</b> on line <b>155</b><br />
<br />
<b>Warning</b>:  mkdir(): No such file or directory in <b>C:\xampp\htdocs\Medical_E-CARD\admin\amr\qrmask.php</b> on line <b>154</b><br />
<br />
<b>Warning</b>:  file_put_contents(C:\xampp\htdocs\Medical_E-CARD\admin\amr\cache\mask_5\mask_21_5.dat): failed to open stream: No such file or directory in <b>C:\xampp\htdocs\Medical_E-CARD\admin\amr\qrmask.php</b> on line <b>155</b><br />
<br />
<b>Warning</b>:  mkdir(): No such file or directory in <b>C:\xampp\htdocs\Medical_E-CARD\admin\amr\qrmask.php</b> on line <b>154</b><br />
<br />
<b>Warning</b>:  file_put_contents(C:\xampp\htdocs\Medical_E-CARD\admin\amr\cache\mask_6\mask_21_6.dat): failed to open stream: No such file or directory in <b>C:\xampp\htdocs\Medical_E-CARD\admin\amr\qrmask.php</b> on line <b>155</b><br />
<br />
<b>Warning</b>:  mkdir(): No such file or directory in <b>C:\xampp\htdocs\Medical_E-CARD\admin\amr\qrmask.php</b> on line <b>154</b><br />
<br />
<b>Warning</b>:  file_put_contents(C:\xampp\htdocs\Medical_E-CARD\admin\amr\cache\mask_7\mask_21_7.dat): failed to open stream: No such file or directory in <b>C:\xampp\htdocs\Medical_E-CARD\admin\amr\qrmask.php</b> on line <b>155</b><br />
2016-11-23 10:07:59: <br />
<b>Warning</b>:  file_put_contents(C:\xampp\htdocs\Medical_E-CARD\admin\amr\cache\frame_1.dat): failed to open stream: No such file or directory in <b>C:\xampp\htdocs\Medical_E-CARD\admin\amr\qrspec.php</b> on line <b>568</b><br />
<br />
<b>Warning</b>:  mkdir(): No such file or directory in <b>C:\xampp\htdocs\Medical_E-CARD\admin\amr\qrmask.php</b> on line <b>154</b><br />
<br />
<b>Warning</b>:  file_put_contents(C:\xampp\htdocs\Medical_E-CARD\admin\amr\cache\mask_0\mask_21_0.dat): failed to open stream: No such file or directory in <b>C:\xampp\htdocs\Medical_E-CARD\admin\amr\qrmask.php</b> on line <b>155</b><br />
<br />
<b>Warning</b>:  mkdir(): No such file or directory in <b>C:\xampp\htdocs\Medical_E-CARD\admin\amr\qrmask.php</b> on line <b>154</b><br />
<br />
<b>Warning</b>:  file_put_contents(C:\xampp\htdocs\Medical_E-CARD\admin\amr\cache\mask_1\mask_21_1.dat): failed to open stream: No such file or directory in <b>C:\xampp\htdocs\Medical_E-CARD\admin\amr\qrmask.php</b> on line <b>155</b><br />
<br />
<b>Warning</b>:  mkdir(): No such file or directory in <b>C:\xampp\htdocs\Medical_E-CARD\admin\amr\qrmask.php</b> on line <b>154</b><br />
<br />
<b>Warning</b>:  file_put_contents(C:\xampp\htdocs\Medical_E-CARD\admin\amr\cache\mask_2\mask_21_2.dat): failed to open stream: No such file or directory in <b>C:\xampp\htdocs\Medical_E-CARD\admin\amr\qrmask.php</b> on line <b>155</b><br />
<br />
<b>Warning</b>:  mkdir(): No such file or directory in <b>C:\xampp\htdocs\Medical_E-CARD\admin\amr\qrmask.php</b> on line <b>154</b><br />
<br />
<b>Warning</b>:  file_put_contents(C:\xampp\htdocs\Medical_E-CARD\admin\amr\cache\mask_3\mask_21_3.dat): failed to open stream: No such file or directory in <b>C:\xampp\htdocs\Medical_E-CARD\admin\amr\qrmask.php</b> on line <b>155</b><br />
<br />
<b>Warning</b>:  mkdir(): No such file or directory in <b>C:\xampp\htdocs\Medical_E-CARD\admin\amr\qrmask.php</b> on line <b>154</b><br />
<br />
<b>Warning</b>:  file_put_contents(C:\xampp\htdocs\Medical_E-CARD\admin\amr\cache\mask_4\mask_21_4.dat): failed to open stream: No such file or directory in <b>C:\xampp\htdocs\Medical_E-CARD\admin\amr\qrmask.php</b> on line <b>155</b><br />
<br />
<b>Warning</b>:  mkdir(): No such file or directory in <b>C:\xampp\htdocs\Medical_E-CARD\admin\amr\qrmask.php</b> on line <b>154</b><br />
<br />
<b>Warning</b>:  file_put_contents(C:\xampp\htdocs\Medical_E-CARD\admin\amr\cache\mask_5\mask_21_5.dat): failed to open stream: No such file or directory in <b>C:\xampp\htdocs\Medical_E-CARD\admin\amr\qrmask.php</b> on line <b>155</b><br />
<br />
<b>Warning</b>:  mkdir(): No such file or directory in <b>C:\xampp\htdocs\Medical_E-CARD\admin\amr\qrmask.php</b> on line <b>154</b><br />
<br />
<b>Warning</b>:  file_put_contents(C:\xampp\htdocs\Medical_E-CARD\admin\amr\cache\mask_6\mask_21_6.dat): failed to open stream: No such file or directory in <b>C:\xampp\htdocs\Medical_E-CARD\admin\amr\qrmask.php</b> on line <b>155</b><br />
<br />
<b>Warning</b>:  mkdir(): No such file or directory in <b>C:\xampp\htdocs\Medical_E-CARD\admin\amr\qrmask.php</b> on line <b>154</b><br />
<br />
<b>Warning</b>:  file_put_contents(C:\xampp\htdocs\Medical_E-CARD\admin\amr\cache\mask_7\mask_21_7.dat): failed to open stream: No such file or directory in <b>C:\xampp\htdocs\Medical_E-CARD\admin\amr\qrmask.php</b> on line <b>155</b><br />
2016-11-23 10:08:02: <br />
<b>Warning</b>:  file_put_contents(C:\xampp\htdocs\Medical_E-CARD\admin\amr\cache\frame_1.dat): failed to open stream: No such file or directory in <b>C:\xampp\htdocs\Medical_E-CARD\admin\amr\qrspec.php</b> on line <b>568</b><br />
<br />
<b>Warning</b>:  mkdir(): No such file or directory in <b>C:\xampp\htdocs\Medical_E-CARD\admin\amr\qrmask.php</b> on line <b>154</b><br />
<br />
<b>Warning</b>:  file_put_contents(C:\xampp\htdocs\Medical_E-CARD\admin\amr\cache\mask_0\mask_21_0.dat): failed to open stream: No such file or directory in <b>C:\xampp\htdocs\Medical_E-CARD\admin\amr\qrmask.php</b> on line <b>155</b><br />
<br />
<b>Warning</b>:  mkdir(): No such file or directory in <b>C:\xampp\htdocs\Medical_E-CARD\admin\amr\qrmask.php</b> on line <b>154</b><br />
<br />
<b>Warning</b>:  file_put_contents(C:\xampp\htdocs\Medical_E-CARD\admin\amr\cache\mask_1\mask_21_1.dat): failed to open stream: No such file or directory in <b>C:\xampp\htdocs\Medical_E-CARD\admin\amr\qrmask.php</b> on line <b>155</b><br />
<br />
<b>Warning</b>:  mkdir(): No such file or directory in <b>C:\xampp\htdocs\Medical_E-CARD\admin\amr\qrmask.php</b> on line <b>154</b><br />
<br />
<b>Warning</b>:  file_put_contents(C:\xampp\htdocs\Medical_E-CARD\admin\amr\cache\mask_2\mask_21_2.dat): failed to open stream: No such file or directory in <b>C:\xampp\htdocs\Medical_E-CARD\admin\amr\qrmask.php</b> on line <b>155</b><br />
<br />
<b>Warning</b>:  mkdir(): No such file or directory in <b>C:\xampp\htdocs\Medical_E-CARD\admin\amr\qrmask.php</b> on line <b>154</b><br />
<br />
<b>Warning</b>:  file_put_contents(C:\xampp\htdocs\Medical_E-CARD\admin\amr\cache\mask_3\mask_21_3.dat): failed to open stream: No such file or directory in <b>C:\xampp\htdocs\Medical_E-CARD\admin\amr\qrmask.php</b> on line <b>155</b><br />
<br />
<b>Warning</b>:  mkdir(): No such file or directory in <b>C:\xampp\htdocs\Medical_E-CARD\admin\amr\qrmask.php</b> on line <b>154</b><br />
<br />
<b>Warning</b>:  file_put_contents(C:\xampp\htdocs\Medical_E-CARD\admin\amr\cache\mask_4\mask_21_4.dat): failed to open stream: No such file or directory in <b>C:\xampp\htdocs\Medical_E-CARD\admin\amr\qrmask.php</b> on line <b>155</b><br />
<br />
<b>Warning</b>:  mkdir(): No such file or directory in <b>C:\xampp\htdocs\Medical_E-CARD\admin\amr\qrmask.php</b> on line <b>154</b><br />
<br />
<b>Warning</b>:  file_put_contents(C:\xampp\htdocs\Medical_E-CARD\admin\amr\cache\mask_5\mask_21_5.dat): failed to open stream: No such file or directory in <b>C:\xampp\htdocs\Medical_E-CARD\admin\amr\qrmask.php</b> on line <b>155</b><br />
<br />
<b>Warning</b>:  mkdir(): No such file or directory in <b>C:\xampp\htdocs\Medical_E-CARD\admin\amr\qrmask.php</b> on line <b>154</b><br />
<br />
<b>Warning</b>:  file_put_contents(C:\xampp\htdocs\Medical_E-CARD\admin\amr\cache\mask_6\mask_21_6.dat): failed to open stream: No such file or directory in <b>C:\xampp\htdocs\Medical_E-CARD\admin\amr\qrmask.php</b> on line <b>155</b><br />
<br />
<b>Warning</b>:  mkdir(): No such file or directory in <b>C:\xampp\htdocs\Medical_E-CARD\admin\amr\qrmask.php</b> on line <b>154</b><br />
<br />
<b>Warning</b>:  file_put_contents(C:\xampp\htdocs\Medical_E-CARD\admin\amr\cache\mask_7\mask_21_7.dat): failed to open stream: No such file or directory in <b>C:\xampp\htdocs\Medical_E-CARD\admin\amr\qrmask.php</b> on line <b>155</b><br />
2016-11-23 10:08:41: <br />
<b>Warning</b>:  file_put_contents(C:\xampp\htdocs\Medical_E-CARD\admin\amr\cache\frame_1.dat): failed to open stream: No such file or directory in <b>C:\xampp\htdocs\Medical_E-CARD\admin\amr\qrspec.php</b> on line <b>568</b><br />
<br />
<b>Warning</b>:  mkdir(): No such file or directory in <b>C:\xampp\htdocs\Medical_E-CARD\admin\amr\qrmask.php</b> on line <b>154</b><br />
<br />
<b>Warning</b>:  file_put_contents(C:\xampp\htdocs\Medical_E-CARD\admin\amr\cache\mask_0\mask_21_0.dat): failed to open stream: No such file or directory in <b>C:\xampp\htdocs\Medical_E-CARD\admin\amr\qrmask.php</b> on line <b>155</b><br />
<br />
<b>Warning</b>:  mkdir(): No such file or directory in <b>C:\xampp\htdocs\Medical_E-CARD\admin\amr\qrmask.php</b> on line <b>154</b><br />
<br />
<b>Warning</b>:  file_put_contents(C:\xampp\htdocs\Medical_E-CARD\admin\amr\cache\mask_1\mask_21_1.dat): failed to open stream: No such file or directory in <b>C:\xampp\htdocs\Medical_E-CARD\admin\amr\qrmask.php</b> on line <b>155</b><br />
<br />
<b>Warning</b>:  mkdir(): No such file or directory in <b>C:\xampp\htdocs\Medical_E-CARD\admin\amr\qrmask.php</b> on line <b>154</b><br />
<br />
<b>Warning</b>:  file_put_contents(C:\xampp\htdocs\Medical_E-CARD\admin\amr\cache\mask_2\mask_21_2.dat): failed to open stream: No such file or directory in <b>C:\xampp\htdocs\Medical_E-CARD\admin\amr\qrmask.php</b> on line <b>155</b><br />
<br />
<b>Warning</b>:  mkdir(): No such file or directory in <b>C:\xampp\htdocs\Medical_E-CARD\admin\amr\qrmask.php</b> on line <b>154</b><br />
<br />
<b>Warning</b>:  file_put_contents(C:\xampp\htdocs\Medical_E-CARD\admin\amr\cache\mask_3\mask_21_3.dat): failed to open stream: No such file or directory in <b>C:\xampp\htdocs\Medical_E-CARD\admin\amr\qrmask.php</b> on line <b>155</b><br />
<br />
<b>Warning</b>:  mkdir(): No such file or directory in <b>C:\xampp\htdocs\Medical_E-CARD\admin\amr\qrmask.php</b> on line <b>154</b><br />
<br />
<b>Warning</b>:  file_put_contents(C:\xampp\htdocs\Medical_E-CARD\admin\amr\cache\mask_4\mask_21_4.dat): failed to open stream: No such file or directory in <b>C:\xampp\htdocs\Medical_E-CARD\admin\amr\qrmask.php</b> on line <b>155</b><br />
<br />
<b>Warning</b>:  mkdir(): No such file or directory in <b>C:\xampp\htdocs\Medical_E-CARD\admin\amr\qrmask.php</b> on line <b>154</b><br />
<br />
<b>Warning</b>:  file_put_contents(C:\xampp\htdocs\Medical_E-CARD\admin\amr\cache\mask_5\mask_21_5.dat): failed to open stream: No such file or directory in <b>C:\xampp\htdocs\Medical_E-CARD\admin\amr\qrmask.php</b> on line <b>155</b><br />
<br />
<b>Warning</b>:  mkdir(): No such file or directory in <b>C:\xampp\htdocs\Medical_E-CARD\admin\amr\qrmask.php</b> on line <b>154</b><br />
<br />
<b>Warning</b>:  file_put_contents(C:\xampp\htdocs\Medical_E-CARD\admin\amr\cache\mask_6\mask_21_6.dat): failed to open stream: No such file or directory in <b>C:\xampp\htdocs\Medical_E-CARD\admin\amr\qrmask.php</b> on line <b>155</b><br />
<br />
<b>Warning</b>:  mkdir(): No such file or directory in <b>C:\xampp\htdocs\Medical_E-CARD\admin\amr\qrmask.php</b> on line <b>154</b><br />
<br />
<b>Warning</b>:  file_put_contents(C:\xampp\htdocs\Medical_E-CARD\admin\amr\cache\mask_7\mask_21_7.dat): failed to open stream: No such file or directory in <b>C:\xampp\htdocs\Medical_E-CARD\admin\amr\qrmask.php</b> on line <b>155</b><br />
2016-11-23 10:08:53: <br />
<b>Warning</b>:  file_put_contents(C:\xampp\htdocs\Medical_E-CARD\admin\amr\cache\frame_1.dat): failed to open stream: No such file or directory in <b>C:\xampp\htdocs\Medical_E-CARD\admin\amr\qrspec.php</b> on line <b>568</b><br />
<br />
<b>Warning</b>:  mkdir(): No such file or directory in <b>C:\xampp\htdocs\Medical_E-CARD\admin\amr\qrmask.php</b> on line <b>154</b><br />
<br />
<b>Warning</b>:  file_put_contents(C:\xampp\htdocs\Medical_E-CARD\admin\amr\cache\mask_0\mask_21_0.dat): failed to open stream: No such file or directory in <b>C:\xampp\htdocs\Medical_E-CARD\admin\amr\qrmask.php</b> on line <b>155</b><br />
<br />
<b>Warning</b>:  mkdir(): No such file or directory in <b>C:\xampp\htdocs\Medical_E-CARD\admin\amr\qrmask.php</b> on line <b>154</b><br />
<br />
<b>Warning</b>:  file_put_contents(C:\xampp\htdocs\Medical_E-CARD\admin\amr\cache\mask_1\mask_21_1.dat): failed to open stream: No such file or directory in <b>C:\xampp\htdocs\Medical_E-CARD\admin\amr\qrmask.php</b> on line <b>155</b><br />
<br />
<b>Warning</b>:  mkdir(): No such file or directory in <b>C:\xampp\htdocs\Medical_E-CARD\admin\amr\qrmask.php</b> on line <b>154</b><br />
<br />
<b>Warning</b>:  file_put_contents(C:\xampp\htdocs\Medical_E-CARD\admin\amr\cache\mask_2\mask_21_2.dat): failed to open stream: No such file or directory in <b>C:\xampp\htdocs\Medical_E-CARD\admin\amr\qrmask.php</b> on line <b>155</b><br />
<br />
<b>Warning</b>:  mkdir(): No such file or directory in <b>C:\xampp\htdocs\Medical_E-CARD\admin\amr\qrmask.php</b> on line <b>154</b><br />
<br />
<b>Warning</b>:  file_put_contents(C:\xampp\htdocs\Medical_E-CARD\admin\amr\cache\mask_3\mask_21_3.dat): failed to open stream: No such file or directory in <b>C:\xampp\htdocs\Medical_E-CARD\admin\amr\qrmask.php</b> on line <b>155</b><br />
<br />
<b>Warning</b>:  mkdir(): No such file or directory in <b>C:\xampp\htdocs\Medical_E-CARD\admin\amr\qrmask.php</b> on line <b>154</b><br />
<br />
<b>Warning</b>:  file_put_contents(C:\xampp\htdocs\Medical_E-CARD\admin\amr\cache\mask_4\mask_21_4.dat): failed to open stream: No such file or directory in <b>C:\xampp\htdocs\Medical_E-CARD\admin\amr\qrmask.php</b> on line <b>155</b><br />
<br />
<b>Warning</b>:  mkdir(): No such file or directory in <b>C:\xampp\htdocs\Medical_E-CARD\admin\amr\qrmask.php</b> on line <b>154</b><br />
<br />
<b>Warning</b>:  file_put_contents(C:\xampp\htdocs\Medical_E-CARD\admin\amr\cache\mask_5\mask_21_5.dat): failed to open stream: No such file or directory in <b>C:\xampp\htdocs\Medical_E-CARD\admin\amr\qrmask.php</b> on line <b>155</b><br />
<br />
<b>Warning</b>:  mkdir(): No such file or directory in <b>C:\xampp\htdocs\Medical_E-CARD\admin\amr\qrmask.php</b> on line <b>154</b><br />
<br />
<b>Warning</b>:  file_put_contents(C:\xampp\htdocs\Medical_E-CARD\admin\amr\cache\mask_6\mask_21_6.dat): failed to open stream: No such file or directory in <b>C:\xampp\htdocs\Medical_E-CARD\admin\amr\qrmask.php</b> on line <b>155</b><br />
<br />
<b>Warning</b>:  mkdir(): No such file or directory in <b>C:\xampp\htdocs\Medical_E-CARD\admin\amr\qrmask.php</b> on line <b>154</b><br />
<br />
<b>Warning</b>:  file_put_contents(C:\xampp\htdocs\Medical_E-CARD\admin\amr\cache\mask_7\mask_21_7.dat): failed to open stream: No such file or directory in <b>C:\xampp\htdocs\Medical_E-CARD\admin\amr\qrmask.php</b> on line <b>155</b><br />
2016-11-23 10:09:34: <br />
<b>Warning</b>:  file_put_contents(C:\xampp\htdocs\Medical_E-CARD\admin\amr\cache\frame_1.dat): failed to open stream: No such file or directory in <b>C:\xampp\htdocs\Medical_E-CARD\admin\amr\qrspec.php</b> on line <b>568</b><br />
<br />
<b>Warning</b>:  mkdir(): No such file or directory in <b>C:\xampp\htdocs\Medical_E-CARD\admin\amr\qrmask.php</b> on line <b>154</b><br />
<br />
<b>Warning</b>:  file_put_contents(C:\xampp\htdocs\Medical_E-CARD\admin\amr\cache\mask_0\mask_21_0.dat): failed to open stream: No such file or directory in <b>C:\xampp\htdocs\Medical_E-CARD\admin\amr\qrmask.php</b> on line <b>155</b><br />
<br />
<b>Warning</b>:  mkdir(): No such file or directory in <b>C:\xampp\htdocs\Medical_E-CARD\admin\amr\qrmask.php</b> on line <b>154</b><br />
<br />
<b>Warning</b>:  file_put_contents(C:\xampp\htdocs\Medical_E-CARD\admin\amr\cache\mask_1\mask_21_1.dat): failed to open stream: No such file or directory in <b>C:\xampp\htdocs\Medical_E-CARD\admin\amr\qrmask.php</b> on line <b>155</b><br />
<br />
<b>Warning</b>:  mkdir(): No such file or directory in <b>C:\xampp\htdocs\Medical_E-CARD\admin\amr\qrmask.php</b> on line <b>154</b><br />
<br />
<b>Warning</b>:  file_put_contents(C:\xampp\htdocs\Medical_E-CARD\admin\amr\cache\mask_2\mask_21_2.dat): failed to open stream: No such file or directory in <b>C:\xampp\htdocs\Medical_E-CARD\admin\amr\qrmask.php</b> on line <b>155</b><br />
<br />
<b>Warning</b>:  mkdir(): No such file or directory in <b>C:\xampp\htdocs\Medical_E-CARD\admin\amr\qrmask.php</b> on line <b>154</b><br />
<br />
<b>Warning</b>:  file_put_contents(C:\xampp\htdocs\Medical_E-CARD\admin\amr\cache\mask_3\mask_21_3.dat): failed to open stream: No such file or directory in <b>C:\xampp\htdocs\Medical_E-CARD\admin\amr\qrmask.php</b> on line <b>155</b><br />
<br />
<b>Warning</b>:  mkdir(): No such file or directory in <b>C:\xampp\htdocs\Medical_E-CARD\admin\amr\qrmask.php</b> on line <b>154</b><br />
<br />
<b>Warning</b>:  file_put_contents(C:\xampp\htdocs\Medical_E-CARD\admin\amr\cache\mask_4\mask_21_4.dat): failed to open stream: No such file or directory in <b>C:\xampp\htdocs\Medical_E-CARD\admin\amr\qrmask.php</b> on line <b>155</b><br />
<br />
<b>Warning</b>:  mkdir(): No such file or directory in <b>C:\xampp\htdocs\Medical_E-CARD\admin\amr\qrmask.php</b> on line <b>154</b><br />
<br />
<b>Warning</b>:  file_put_contents(C:\xampp\htdocs\Medical_E-CARD\admin\amr\cache\mask_5\mask_21_5.dat): failed to open stream: No such file or directory in <b>C:\xampp\htdocs\Medical_E-CARD\admin\amr\qrmask.php</b> on line <b>155</b><br />
<br />
<b>Warning</b>:  mkdir(): No such file or directory in <b>C:\xampp\htdocs\Medical_E-CARD\admin\amr\qrmask.php</b> on line <b>154</b><br />
<br />
<b>Warning</b>:  file_put_contents(C:\xampp\htdocs\Medical_E-CARD\admin\amr\cache\mask_6\mask_21_6.dat): failed to open stream: No such file or directory in <b>C:\xampp\htdocs\Medical_E-CARD\admin\amr\qrmask.php</b> on line <b>155</b><br />
<br />
<b>Warning</b>:  mkdir(): No such file or directory in <b>C:\xampp\htdocs\Medical_E-CARD\admin\amr\qrmask.php</b> on line <b>154</b><br />
<br />
<b>Warning</b>:  file_put_contents(C:\xampp\htdocs\Medical_E-CARD\admin\amr\cache\mask_7\mask_21_7.dat): failed to open stream: No such file or directory in <b>C:\xampp\htdocs\Medical_E-CARD\admin\amr\qrmask.php</b> on line <b>155</b><br />
2016-11-23 10:09:51: <br />
<b>Warning</b>:  file_put_contents(C:\xampp\htdocs\Medical_E-CARD\admin\amr\cache\frame_1.dat): failed to open stream: No such file or directory in <b>C:\xampp\htdocs\Medical_E-CARD\admin\amr\qrspec.php</b> on line <b>568</b><br />
<br />
<b>Warning</b>:  mkdir(): No such file or directory in <b>C:\xampp\htdocs\Medical_E-CARD\admin\amr\qrmask.php</b> on line <b>154</b><br />
<br />
<b>Warning</b>:  file_put_contents(C:\xampp\htdocs\Medical_E-CARD\admin\amr\cache\mask_0\mask_21_0.dat): failed to open stream: No such file or directory in <b>C:\xampp\htdocs\Medical_E-CARD\admin\amr\qrmask.php</b> on line <b>155</b><br />
<br />
<b>Warning</b>:  mkdir(): No such file or directory in <b>C:\xampp\htdocs\Medical_E-CARD\admin\amr\qrmask.php</b> on line <b>154</b><br />
<br />
<b>Warning</b>:  file_put_contents(C:\xampp\htdocs\Medical_E-CARD\admin\amr\cache\mask_1\mask_21_1.dat): failed to open stream: No such file or directory in <b>C:\xampp\htdocs\Medical_E-CARD\admin\amr\qrmask.php</b> on line <b>155</b><br />
<br />
<b>Warning</b>:  mkdir(): No such file or directory in <b>C:\xampp\htdocs\Medical_E-CARD\admin\amr\qrmask.php</b> on line <b>154</b><br />
<br />
<b>Warning</b>:  file_put_contents(C:\xampp\htdocs\Medical_E-CARD\admin\amr\cache\mask_2\mask_21_2.dat): failed to open stream: No such file or directory in <b>C:\xampp\htdocs\Medical_E-CARD\admin\amr\qrmask.php</b> on line <b>155</b><br />
<br />
<b>Warning</b>:  mkdir(): No such file or directory in <b>C:\xampp\htdocs\Medical_E-CARD\admin\amr\qrmask.php</b> on line <b>154</b><br />
<br />
<b>Warning</b>:  file_put_contents(C:\xampp\htdocs\Medical_E-CARD\admin\amr\cache\mask_3\mask_21_3.dat): failed to open stream: No such file or directory in <b>C:\xampp\htdocs\Medical_E-CARD\admin\amr\qrmask.php</b> on line <b>155</b><br />
<br />
<b>Warning</b>:  mkdir(): No such file or directory in <b>C:\xampp\htdocs\Medical_E-CARD\admin\amr\qrmask.php</b> on line <b>154</b><br />
<br />
<b>Warning</b>:  file_put_contents(C:\xampp\htdocs\Medical_E-CARD\admin\amr\cache\mask_4\mask_21_4.dat): failed to open stream: No such file or directory in <b>C:\xampp\htdocs\Medical_E-CARD\admin\amr\qrmask.php</b> on line <b>155</b><br />
<br />
<b>Warning</b>:  mkdir(): No such file or directory in <b>C:\xampp\htdocs\Medical_E-CARD\admin\amr\qrmask.php</b> on line <b>154</b><br />
<br />
<b>Warning</b>:  file_put_contents(C:\xampp\htdocs\Medical_E-CARD\admin\amr\cache\mask_5\mask_21_5.dat): failed to open stream: No such file or directory in <b>C:\xampp\htdocs\Medical_E-CARD\admin\amr\qrmask.php</b> on line <b>155</b><br />
<br />
<b>Warning</b>:  mkdir(): No such file or directory in <b>C:\xampp\htdocs\Medical_E-CARD\admin\amr\qrmask.php</b> on line <b>154</b><br />
<br />
<b>Warning</b>:  file_put_contents(C:\xampp\htdocs\Medical_E-CARD\admin\amr\cache\mask_6\mask_21_6.dat): failed to open stream: No such file or directory in <b>C:\xampp\htdocs\Medical_E-CARD\admin\amr\qrmask.php</b> on line <b>155</b><br />
<br />
<b>Warning</b>:  mkdir(): No such file or directory in <b>C:\xampp\htdocs\Medical_E-CARD\admin\amr\qrmask.php</b> on line <b>154</b><br />
<br />
<b>Warning</b>:  file_put_contents(C:\xampp\htdocs\Medical_E-CARD\admin\amr\cache\mask_7\mask_21_7.dat): failed to open stream: No such file or directory in <b>C:\xampp\htdocs\Medical_E-CARD\admin\amr\qrmask.php</b> on line <b>155</b><br />
2016-11-23 10:09:55: <br />
<b>Warning</b>:  file_put_contents(C:\xampp\htdocs\Medical_E-CARD\admin\amr\cache\frame_1.dat): failed to open stream: No such file or directory in <b>C:\xampp\htdocs\Medical_E-CARD\admin\amr\qrspec.php</b> on line <b>568</b><br />
<br />
<b>Warning</b>:  mkdir(): No such file or directory in <b>C:\xampp\htdocs\Medical_E-CARD\admin\amr\qrmask.php</b> on line <b>154</b><br />
<br />
<b>Warning</b>:  file_put_contents(C:\xampp\htdocs\Medical_E-CARD\admin\amr\cache\mask_0\mask_21_0.dat): failed to open stream: No such file or directory in <b>C:\xampp\htdocs\Medical_E-CARD\admin\amr\qrmask.php</b> on line <b>155</b><br />
<br />
<b>Warning</b>:  mkdir(): No such file or directory in <b>C:\xampp\htdocs\Medical_E-CARD\admin\amr\qrmask.php</b> on line <b>154</b><br />
<br />
<b>Warning</b>:  file_put_contents(C:\xampp\htdocs\Medical_E-CARD\admin\amr\cache\mask_1\mask_21_1.dat): failed to open stream: No such file or directory in <b>C:\xampp\htdocs\Medical_E-CARD\admin\amr\qrmask.php</b> on line <b>155</b><br />
<br />
<b>Warning</b>:  mkdir(): No such file or directory in <b>C:\xampp\htdocs\Medical_E-CARD\admin\amr\qrmask.php</b> on line <b>154</b><br />
<br />
<b>Warning</b>:  file_put_contents(C:\xampp\htdocs\Medical_E-CARD\admin\amr\cache\mask_2\mask_21_2.dat): failed to open stream: No such file or directory in <b>C:\xampp\htdocs\Medical_E-CARD\admin\amr\qrmask.php</b> on line <b>155</b><br />
<br />
<b>Warning</b>:  mkdir(): No such file or directory in <b>C:\xampp\htdocs\Medical_E-CARD\admin\amr\qrmask.php</b> on line <b>154</b><br />
<br />
<b>Warning</b>:  file_put_contents(C:\xampp\htdocs\Medical_E-CARD\admin\amr\cache\mask_3\mask_21_3.dat): failed to open stream: No such file or directory in <b>C:\xampp\htdocs\Medical_E-CARD\admin\amr\qrmask.php</b> on line <b>155</b><br />
<br />
<b>Warning</b>:  mkdir(): No such file or directory in <b>C:\xampp\htdocs\Medical_E-CARD\admin\amr\qrmask.php</b> on line <b>154</b><br />
<br />
<b>Warning</b>:  file_put_contents(C:\xampp\htdocs\Medical_E-CARD\admin\amr\cache\mask_4\mask_21_4.dat): failed to open stream: No such file or directory in <b>C:\xampp\htdocs\Medical_E-CARD\admin\amr\qrmask.php</b> on line <b>155</b><br />
<br />
<b>Warning</b>:  mkdir(): No such file or directory in <b>C:\xampp\htdocs\Medical_E-CARD\admin\amr\qrmask.php</b> on line <b>154</b><br />
<br />
<b>Warning</b>:  file_put_contents(C:\xampp\htdocs\Medical_E-CARD\admin\amr\cache\mask_5\mask_21_5.dat): failed to open stream: No such file or directory in <b>C:\xampp\htdocs\Medical_E-CARD\admin\amr\qrmask.php</b> on line <b>155</b><br />
<br />
<b>Warning</b>:  mkdir(): No such file or directory in <b>C:\xampp\htdocs\Medical_E-CARD\admin\amr\qrmask.php</b> on line <b>154</b><br />
<br />
<b>Warning</b>:  file_put_contents(C:\xampp\htdocs\Medical_E-CARD\admin\amr\cache\mask_6\mask_21_6.dat): failed to open stream: No such file or directory in <b>C:\xampp\htdocs\Medical_E-CARD\admin\amr\qrmask.php</b> on line <b>155</b><br />
<br />
<b>Warning</b>:  mkdir(): No such file or directory in <b>C:\xampp\htdocs\Medical_E-CARD\admin\amr\qrmask.php</b> on line <b>154</b><br />
<br />
<b>Warning</b>:  file_put_contents(C:\xampp\htdocs\Medical_E-CARD\admin\amr\cache\mask_7\mask_21_7.dat): failed to open stream: No such file or directory in <b>C:\xampp\htdocs\Medical_E-CARD\admin\amr\qrmask.php</b> on line <b>155</b><br />
2016-11-23 10:12:07: <br />
<b>Warning</b>:  file_put_contents(C:\xampp\htdocs\Medical_E-CARD\admin\amr\cache\frame_1.dat): failed to open stream: No such file or directory in <b>C:\xampp\htdocs\Medical_E-CARD\admin\amr\qrspec.php</b> on line <b>568</b><br />
<br />
<b>Warning</b>:  mkdir(): No such file or directory in <b>C:\xampp\htdocs\Medical_E-CARD\admin\amr\qrmask.php</b> on line <b>154</b><br />
<br />
<b>Warning</b>:  file_put_contents(C:\xampp\htdocs\Medical_E-CARD\admin\amr\cache\mask_0\mask_21_0.dat): failed to open stream: No such file or directory in <b>C:\xampp\htdocs\Medical_E-CARD\admin\amr\qrmask.php</b> on line <b>155</b><br />
<br />
<b>Warning</b>:  mkdir(): No such file or directory in <b>C:\xampp\htdocs\Medical_E-CARD\admin\amr\qrmask.php</b> on line <b>154</b><br />
<br />
<b>Warning</b>:  file_put_contents(C:\xampp\htdocs\Medical_E-CARD\admin\amr\cache\mask_1\mask_21_1.dat): failed to open stream: No such file or directory in <b>C:\xampp\htdocs\Medical_E-CARD\admin\amr\qrmask.php</b> on line <b>155</b><br />
<br />
<b>Warning</b>:  mkdir(): No such file or directory in <b>C:\xampp\htdocs\Medical_E-CARD\admin\amr\qrmask.php</b> on line <b>154</b><br />
<br />
<b>Warning</b>:  file_put_contents(C:\xampp\htdocs\Medical_E-CARD\admin\amr\cache\mask_2\mask_21_2.dat): failed to open stream: No such file or directory in <b>C:\xampp\htdocs\Medical_E-CARD\admin\amr\qrmask.php</b> on line <b>155</b><br />
<br />
<b>Warning</b>:  mkdir(): No such file or directory in <b>C:\xampp\htdocs\Medical_E-CARD\admin\amr\qrmask.php</b> on line <b>154</b><br />
<br />
<b>Warning</b>:  file_put_contents(C:\xampp\htdocs\Medical_E-CARD\admin\amr\cache\mask_3\mask_21_3.dat): failed to open stream: No such file or directory in <b>C:\xampp\htdocs\Medical_E-CARD\admin\amr\qrmask.php</b> on line <b>155</b><br />
<br />
<b>Warning</b>:  mkdir(): No such file or directory in <b>C:\xampp\htdocs\Medical_E-CARD\admin\amr\qrmask.php</b> on line <b>154</b><br />
<br />
<b>Warning</b>:  file_put_contents(C:\xampp\htdocs\Medical_E-CARD\admin\amr\cache\mask_4\mask_21_4.dat): failed to open stream: No such file or directory in <b>C:\xampp\htdocs\Medical_E-CARD\admin\amr\qrmask.php</b> on line <b>155</b><br />
<br />
<b>Warning</b>:  mkdir(): No such file or directory in <b>C:\xampp\htdocs\Medical_E-CARD\admin\amr\qrmask.php</b> on line <b>154</b><br />
<br />
<b>Warning</b>:  file_put_contents(C:\xampp\htdocs\Medical_E-CARD\admin\amr\cache\mask_5\mask_21_5.dat): failed to open stream: No such file or directory in <b>C:\xampp\htdocs\Medical_E-CARD\admin\amr\qrmask.php</b> on line <b>155</b><br />
<br />
<b>Warning</b>:  mkdir(): No such file or directory in <b>C:\xampp\htdocs\Medical_E-CARD\admin\amr\qrmask.php</b> on line <b>154</b><br />
<br />
<b>Warning</b>:  file_put_contents(C:\xampp\htdocs\Medical_E-CARD\admin\amr\cache\mask_6\mask_21_6.dat): failed to open stream: No such file or directory in <b>C:\xampp\htdocs\Medical_E-CARD\admin\amr\qrmask.php</b> on line <b>155</b><br />
<br />
<b>Warning</b>:  mkdir(): No such file or directory in <b>C:\xampp\htdocs\Medical_E-CARD\admin\amr\qrmask.php</b> on line <b>154</b><br />
<br />
<b>Warning</b>:  file_put_contents(C:\xampp\htdocs\Medical_E-CARD\admin\amr\cache\mask_7\mask_21_7.dat): failed to open stream: No such file or directory in <b>C:\xampp\htdocs\Medical_E-CARD\admin\amr\qrmask.php</b> on line <b>155</b><br />
2016-11-23 10:12:09: <br />
<b>Warning</b>:  file_put_contents(C:\xampp\htdocs\Medical_E-CARD\admin\amr\cache\frame_1.dat): failed to open stream: No such file or directory in <b>C:\xampp\htdocs\Medical_E-CARD\admin\amr\qrspec.php</b> on line <b>568</b><br />
<br />
<b>Warning</b>:  mkdir(): No such file or directory in <b>C:\xampp\htdocs\Medical_E-CARD\admin\amr\qrmask.php</b> on line <b>154</b><br />
<br />
<b>Warning</b>:  file_put_contents(C:\xampp\htdocs\Medical_E-CARD\admin\amr\cache\mask_0\mask_21_0.dat): failed to open stream: No such file or directory in <b>C:\xampp\htdocs\Medical_E-CARD\admin\amr\qrmask.php</b> on line <b>155</b><br />
<br />
<b>Warning</b>:  mkdir(): No such file or directory in <b>C:\xampp\htdocs\Medical_E-CARD\admin\amr\qrmask.php</b> on line <b>154</b><br />
<br />
<b>Warning</b>:  file_put_contents(C:\xampp\htdocs\Medical_E-CARD\admin\amr\cache\mask_1\mask_21_1.dat): failed to open stream: No such file or directory in <b>C:\xampp\htdocs\Medical_E-CARD\admin\amr\qrmask.php</b> on line <b>155</b><br />
<br />
<b>Warning</b>:  mkdir(): No such file or directory in <b>C:\xampp\htdocs\Medical_E-CARD\admin\amr\qrmask.php</b> on line <b>154</b><br />
<br />
<b>Warning</b>:  file_put_contents(C:\xampp\htdocs\Medical_E-CARD\admin\amr\cache\mask_2\mask_21_2.dat): failed to open stream: No such file or directory in <b>C:\xampp\htdocs\Medical_E-CARD\admin\amr\qrmask.php</b> on line <b>155</b><br />
<br />
<b>Warning</b>:  mkdir(): No such file or directory in <b>C:\xampp\htdocs\Medical_E-CARD\admin\amr\qrmask.php</b> on line <b>154</b><br />
<br />
<b>Warning</b>:  file_put_contents(C:\xampp\htdocs\Medical_E-CARD\admin\amr\cache\mask_3\mask_21_3.dat): failed to open stream: No such file or directory in <b>C:\xampp\htdocs\Medical_E-CARD\admin\amr\qrmask.php</b> on line <b>155</b><br />
<br />
<b>Warning</b>:  mkdir(): No such file or directory in <b>C:\xampp\htdocs\Medical_E-CARD\admin\amr\qrmask.php</b> on line <b>154</b><br />
<br />
<b>Warning</b>:  file_put_contents(C:\xampp\htdocs\Medical_E-CARD\admin\amr\cache\mask_4\mask_21_4.dat): failed to open stream: No such file or directory in <b>C:\xampp\htdocs\Medical_E-CARD\admin\amr\qrmask.php</b> on line <b>155</b><br />
<br />
<b>Warning</b>:  mkdir(): No such file or directory in <b>C:\xampp\htdocs\Medical_E-CARD\admin\amr\qrmask.php</b> on line <b>154</b><br />
<br />
<b>Warning</b>:  file_put_contents(C:\xampp\htdocs\Medical_E-CARD\admin\amr\cache\mask_5\mask_21_5.dat): failed to open stream: No such file or directory in <b>C:\xampp\htdocs\Medical_E-CARD\admin\amr\qrmask.php</b> on line <b>155</b><br />
<br />
<b>Warning</b>:  mkdir(): No such file or directory in <b>C:\xampp\htdocs\Medical_E-CARD\admin\amr\qrmask.php</b> on line <b>154</b><br />
<br />
<b>Warning</b>:  file_put_contents(C:\xampp\htdocs\Medical_E-CARD\admin\amr\cache\mask_6\mask_21_6.dat): failed to open stream: No such file or directory in <b>C:\xampp\htdocs\Medical_E-CARD\admin\amr\qrmask.php</b> on line <b>155</b><br />
<br />
<b>Warning</b>:  mkdir(): No such file or directory in <b>C:\xampp\htdocs\Medical_E-CARD\admin\amr\qrmask.php</b> on line <b>154</b><br />
<br />
<b>Warning</b>:  file_put_contents(C:\xampp\htdocs\Medical_E-CARD\admin\amr\cache\mask_7\mask_21_7.dat): failed to open stream: No such file or directory in <b>C:\xampp\htdocs\Medical_E-CARD\admin\amr\qrmask.php</b> on line <b>155</b><br />
2016-11-23 10:21:57: <br />
<b>Warning</b>:  file_put_contents(C:\xampp\htdocs\Medical_E-CARD\admin\amr\cache\frame_1.dat): failed to open stream: No such file or directory in <b>C:\xampp\htdocs\Medical_E-CARD\admin\amr\qrspec.php</b> on line <b>568</b><br />
<br />
<b>Warning</b>:  mkdir(): No such file or directory in <b>C:\xampp\htdocs\Medical_E-CARD\admin\amr\qrmask.php</b> on line <b>154</b><br />
<br />
<b>Warning</b>:  file_put_contents(C:\xampp\htdocs\Medical_E-CARD\admin\amr\cache\mask_0\mask_21_0.dat): failed to open stream: No such file or directory in <b>C:\xampp\htdocs\Medical_E-CARD\admin\amr\qrmask.php</b> on line <b>155</b><br />
<br />
<b>Warning</b>:  mkdir(): No such file or directory in <b>C:\xampp\htdocs\Medical_E-CARD\admin\amr\qrmask.php</b> on line <b>154</b><br />
<br />
<b>Warning</b>:  file_put_contents(C:\xampp\htdocs\Medical_E-CARD\admin\amr\cache\mask_1\mask_21_1.dat): failed to open stream: No such file or directory in <b>C:\xampp\htdocs\Medical_E-CARD\admin\amr\qrmask.php</b> on line <b>155</b><br />
<br />
<b>Warning</b>:  mkdir(): No such file or directory in <b>C:\xampp\htdocs\Medical_E-CARD\admin\amr\qrmask.php</b> on line <b>154</b><br />
<br />
<b>Warning</b>:  file_put_contents(C:\xampp\htdocs\Medical_E-CARD\admin\amr\cache\mask_2\mask_21_2.dat): failed to open stream: No such file or directory in <b>C:\xampp\htdocs\Medical_E-CARD\admin\amr\qrmask.php</b> on line <b>155</b><br />
<br />
<b>Warning</b>:  mkdir(): No such file or directory in <b>C:\xampp\htdocs\Medical_E-CARD\admin\amr\qrmask.php</b> on line <b>154</b><br />
<br />
<b>Warning</b>:  file_put_contents(C:\xampp\htdocs\Medical_E-CARD\admin\amr\cache\mask_3\mask_21_3.dat): failed to open stream: No such file or directory in <b>C:\xampp\htdocs\Medical_E-CARD\admin\amr\qrmask.php</b> on line <b>155</b><br />
<br />
<b>Warning</b>:  mkdir(): No such file or directory in <b>C:\xampp\htdocs\Medical_E-CARD\admin\amr\qrmask.php</b> on line <b>154</b><br />
<br />
<b>Warning</b>:  file_put_contents(C:\xampp\htdocs\Medical_E-CARD\admin\amr\cache\mask_4\mask_21_4.dat): failed to open stream: No such file or directory in <b>C:\xampp\htdocs\Medical_E-CARD\admin\amr\qrmask.php</b> on line <b>155</b><br />
<br />
<b>Warning</b>:  mkdir(): No such file or directory in <b>C:\xampp\htdocs\Medical_E-CARD\admin\amr\qrmask.php</b> on line <b>154</b><br />
<br />
<b>Warning</b>:  file_put_contents(C:\xampp\htdocs\Medical_E-CARD\admin\amr\cache\mask_5\mask_21_5.dat): failed to open stream: No such file or directory in <b>C:\xampp\htdocs\Medical_E-CARD\admin\amr\qrmask.php</b> on line <b>155</b><br />
<br />
<b>Warning</b>:  mkdir(): No such file or directory in <b>C:\xampp\htdocs\Medical_E-CARD\admin\amr\qrmask.php</b> on line <b>154</b><br />
<br />
<b>Warning</b>:  file_put_contents(C:\xampp\htdocs\Medical_E-CARD\admin\amr\cache\mask_6\mask_21_6.dat): failed to open stream: No such file or directory in <b>C:\xampp\htdocs\Medical_E-CARD\admin\amr\qrmask.php</b> on line <b>155</b><br />
<br />
<b>Warning</b>:  mkdir(): No such file or directory in <b>C:\xampp\htdocs\Medical_E-CARD\admin\amr\qrmask.php</b> on line <b>154</b><br />
<br />
<b>Warning</b>:  file_put_contents(C:\xampp\htdocs\Medical_E-CARD\admin\amr\cache\mask_7\mask_21_7.dat): failed to open stream: No such file or directory in <b>C:\xampp\htdocs\Medical_E-CARD\admin\amr\qrmask.php</b> on line <b>155</b><br />
2016-11-23 10:27:25: <br />
<b>Warning</b>:  file_put_contents(C:\xampp\htdocs\Medical_E-CARD\admin\amr\cache\frame_1.dat): failed to open stream: No such file or directory in <b>C:\xampp\htdocs\Medical_E-CARD\admin\amr\qrspec.php</b> on line <b>568</b><br />
<br />
<b>Warning</b>:  mkdir(): No such file or directory in <b>C:\xampp\htdocs\Medical_E-CARD\admin\amr\qrmask.php</b> on line <b>154</b><br />
<br />
<b>Warning</b>:  file_put_contents(C:\xampp\htdocs\Medical_E-CARD\admin\amr\cache\mask_0\mask_21_0.dat): failed to open stream: No such file or directory in <b>C:\xampp\htdocs\Medical_E-CARD\admin\amr\qrmask.php</b> on line <b>155</b><br />
<br />
<b>Warning</b>:  mkdir(): No such file or directory in <b>C:\xampp\htdocs\Medical_E-CARD\admin\amr\qrmask.php</b> on line <b>154</b><br />
<br />
<b>Warning</b>:  file_put_contents(C:\xampp\htdocs\Medical_E-CARD\admin\amr\cache\mask_1\mask_21_1.dat): failed to open stream: No such file or directory in <b>C:\xampp\htdocs\Medical_E-CARD\admin\amr\qrmask.php</b> on line <b>155</b><br />
<br />
<b>Warning</b>:  mkdir(): No such file or directory in <b>C:\xampp\htdocs\Medical_E-CARD\admin\amr\qrmask.php</b> on line <b>154</b><br />
<br />
<b>Warning</b>:  file_put_contents(C:\xampp\htdocs\Medical_E-CARD\admin\amr\cache\mask_2\mask_21_2.dat): failed to open stream: No such file or directory in <b>C:\xampp\htdocs\Medical_E-CARD\admin\amr\qrmask.php</b> on line <b>155</b><br />
<br />
<b>Warning</b>:  mkdir(): No such file or directory in <b>C:\xampp\htdocs\Medical_E-CARD\admin\amr\qrmask.php</b> on line <b>154</b><br />
<br />
<b>Warning</b>:  file_put_contents(C:\xampp\htdocs\Medical_E-CARD\admin\amr\cache\mask_3\mask_21_3.dat): failed to open stream: No such file or directory in <b>C:\xampp\htdocs\Medical_E-CARD\admin\amr\qrmask.php</b> on line <b>155</b><br />
<br />
<b>Warning</b>:  mkdir(): No such file or directory in <b>C:\xampp\htdocs\Medical_E-CARD\admin\amr\qrmask.php</b> on line <b>154</b><br />
<br />
<b>Warning</b>:  file_put_contents(C:\xampp\htdocs\Medical_E-CARD\admin\amr\cache\mask_4\mask_21_4.dat): failed to open stream: No such file or directory in <b>C:\xampp\htdocs\Medical_E-CARD\admin\amr\qrmask.php</b> on line <b>155</b><br />
<br />
<b>Warning</b>:  mkdir(): No such file or directory in <b>C:\xampp\htdocs\Medical_E-CARD\admin\amr\qrmask.php</b> on line <b>154</b><br />
<br />
<b>Warning</b>:  file_put_contents(C:\xampp\htdocs\Medical_E-CARD\admin\amr\cache\mask_5\mask_21_5.dat): failed to open stream: No such file or directory in <b>C:\xampp\htdocs\Medical_E-CARD\admin\amr\qrmask.php</b> on line <b>155</b><br />
<br />
<b>Warning</b>:  mkdir(): No such file or directory in <b>C:\xampp\htdocs\Medical_E-CARD\admin\amr\qrmask.php</b> on line <b>154</b><br />
<br />
<b>Warning</b>:  file_put_contents(C:\xampp\htdocs\Medical_E-CARD\admin\amr\cache\mask_6\mask_21_6.dat): failed to open stream: No such file or directory in <b>C:\xampp\htdocs\Medical_E-CARD\admin\amr\qrmask.php</b> on line <b>155</b><br />
<br />
<b>Warning</b>:  mkdir(): No such file or directory in <b>C:\xampp\htdocs\Medical_E-CARD\admin\amr\qrmask.php</b> on line <b>154</b><br />
<br />
<b>Warning</b>:  file_put_contents(C:\xampp\htdocs\Medical_E-CARD\admin\amr\cache\mask_7\mask_21_7.dat): failed to open stream: No such file or directory in <b>C:\xampp\htdocs\Medical_E-CARD\admin\amr\qrmask.php</b> on line <b>155</b><br />
2016-11-23 10:27:50: <br />
<b>Warning</b>:  file_put_contents(C:\xampp\htdocs\Medical_E-CARD\admin\amr\cache\frame_1.dat): failed to open stream: No such file or directory in <b>C:\xampp\htdocs\Medical_E-CARD\admin\amr\qrspec.php</b> on line <b>568</b><br />
<br />
<b>Warning</b>:  mkdir(): No such file or directory in <b>C:\xampp\htdocs\Medical_E-CARD\admin\amr\qrmask.php</b> on line <b>154</b><br />
<br />
<b>Warning</b>:  file_put_contents(C:\xampp\htdocs\Medical_E-CARD\admin\amr\cache\mask_0\mask_21_0.dat): failed to open stream: No such file or directory in <b>C:\xampp\htdocs\Medical_E-CARD\admin\amr\qrmask.php</b> on line <b>155</b><br />
<br />
<b>Warning</b>:  mkdir(): No such file or directory in <b>C:\xampp\htdocs\Medical_E-CARD\admin\amr\qrmask.php</b> on line <b>154</b><br />
<br />
<b>Warning</b>:  file_put_contents(C:\xampp\htdocs\Medical_E-CARD\admin\amr\cache\mask_1\mask_21_1.dat): failed to open stream: No such file or directory in <b>C:\xampp\htdocs\Medical_E-CARD\admin\amr\qrmask.php</b> on line <b>155</b><br />
<br />
<b>Warning</b>:  mkdir(): No such file or directory in <b>C:\xampp\htdocs\Medical_E-CARD\admin\amr\qrmask.php</b> on line <b>154</b><br />
<br />
<b>Warning</b>:  file_put_contents(C:\xampp\htdocs\Medical_E-CARD\admin\amr\cache\mask_2\mask_21_2.dat): failed to open stream: No such file or directory in <b>C:\xampp\htdocs\Medical_E-CARD\admin\amr\qrmask.php</b> on line <b>155</b><br />
<br />
<b>Warning</b>:  mkdir(): No such file or directory in <b>C:\xampp\htdocs\Medical_E-CARD\admin\amr\qrmask.php</b> on line <b>154</b><br />
<br />
<b>Warning</b>:  file_put_contents(C:\xampp\htdocs\Medical_E-CARD\admin\amr\cache\mask_3\mask_21_3.dat): failed to open stream: No such file or directory in <b>C:\xampp\htdocs\Medical_E-CARD\admin\amr\qrmask.php</b> on line <b>155</b><br />
<br />
<b>Warning</b>:  mkdir(): No such file or directory in <b>C:\xampp\htdocs\Medical_E-CARD\admin\amr\qrmask.php</b> on line <b>154</b><br />
<br />
<b>Warning</b>:  file_put_contents(C:\xampp\htdocs\Medical_E-CARD\admin\amr\cache\mask_4\mask_21_4.dat): failed to open stream: No such file or directory in <b>C:\xampp\htdocs\Medical_E-CARD\admin\amr\qrmask.php</b> on line <b>155</b><br />
<br />
<b>Warning</b>:  mkdir(): No such file or directory in <b>C:\xampp\htdocs\Medical_E-CARD\admin\amr\qrmask.php</b> on line <b>154</b><br />
<br />
<b>Warning</b>:  file_put_contents(C:\xampp\htdocs\Medical_E-CARD\admin\amr\cache\mask_5\mask_21_5.dat): failed to open stream: No such file or directory in <b>C:\xampp\htdocs\Medical_E-CARD\admin\amr\qrmask.php</b> on line <b>155</b><br />
<br />
<b>Warning</b>:  mkdir(): No such file or directory in <b>C:\xampp\htdocs\Medical_E-CARD\admin\amr\qrmask.php</b> on line <b>154</b><br />
<br />
<b>Warning</b>:  file_put_contents(C:\xampp\htdocs\Medical_E-CARD\admin\amr\cache\mask_6\mask_21_6.dat): failed to open stream: No such file or directory in <b>C:\xampp\htdocs\Medical_E-CARD\admin\amr\qrmask.php</b> on line <b>155</b><br />
<br />
<b>Warning</b>:  mkdir(): No such file or directory in <b>C:\xampp\htdocs\Medical_E-CARD\admin\amr\qrmask.php</b> on line <b>154</b><br />
<br />
<b>Warning</b>:  file_put_contents(C:\xampp\htdocs\Medical_E-CARD\admin\amr\cache\mask_7\mask_21_7.dat): failed to open stream: No such file or directory in <b>C:\xampp\htdocs\Medical_E-CARD\admin\amr\qrmask.php</b> on line <b>155</b><br />
2016-11-23 10:27:58: <br />
<b>Warning</b>:  file_put_contents(C:\xampp\htdocs\Medical_E-CARD\admin\amr\cache\frame_1.dat): failed to open stream: No such file or directory in <b>C:\xampp\htdocs\Medical_E-CARD\admin\amr\qrspec.php</b> on line <b>568</b><br />
<br />
<b>Warning</b>:  mkdir(): No such file or directory in <b>C:\xampp\htdocs\Medical_E-CARD\admin\amr\qrmask.php</b> on line <b>154</b><br />
<br />
<b>Warning</b>:  file_put_contents(C:\xampp\htdocs\Medical_E-CARD\admin\amr\cache\mask_0\mask_21_0.dat): failed to open stream: No such file or directory in <b>C:\xampp\htdocs\Medical_E-CARD\admin\amr\qrmask.php</b> on line <b>155</b><br />
<br />
<b>Warning</b>:  mkdir(): No such file or directory in <b>C:\xampp\htdocs\Medical_E-CARD\admin\amr\qrmask.php</b> on line <b>154</b><br />
<br />
<b>Warning</b>:  file_put_contents(C:\xampp\htdocs\Medical_E-CARD\admin\amr\cache\mask_1\mask_21_1.dat): failed to open stream: No such file or directory in <b>C:\xampp\htdocs\Medical_E-CARD\admin\amr\qrmask.php</b> on line <b>155</b><br />
<br />
<b>Warning</b>:  mkdir(): No such file or directory in <b>C:\xampp\htdocs\Medical_E-CARD\admin\amr\qrmask.php</b> on line <b>154</b><br />
<br />
<b>Warning</b>:  file_put_contents(C:\xampp\htdocs\Medical_E-CARD\admin\amr\cache\mask_2\mask_21_2.dat): failed to open stream: No such file or directory in <b>C:\xampp\htdocs\Medical_E-CARD\admin\amr\qrmask.php</b> on line <b>155</b><br />
<br />
<b>Warning</b>:  mkdir(): No such file or directory in <b>C:\xampp\htdocs\Medical_E-CARD\admin\amr\qrmask.php</b> on line <b>154</b><br />
<br />
<b>Warning</b>:  file_put_contents(C:\xampp\htdocs\Medical_E-CARD\admin\amr\cache\mask_3\mask_21_3.dat): failed to open stream: No such file or directory in <b>C:\xampp\htdocs\Medical_E-CARD\admin\amr\qrmask.php</b> on line <b>155</b><br />
<br />
<b>Warning</b>:  mkdir(): No such file or directory in <b>C:\xampp\htdocs\Medical_E-CARD\admin\amr\qrmask.php</b> on line <b>154</b><br />
<br />
<b>Warning</b>:  file_put_contents(C:\xampp\htdocs\Medical_E-CARD\admin\amr\cache\mask_4\mask_21_4.dat): failed to open stream: No such file or directory in <b>C:\xampp\htdocs\Medical_E-CARD\admin\amr\qrmask.php</b> on line <b>155</b><br />
<br />
<b>Warning</b>:  mkdir(): No such file or directory in <b>C:\xampp\htdocs\Medical_E-CARD\admin\amr\qrmask.php</b> on line <b>154</b><br />
<br />
<b>Warning</b>:  file_put_contents(C:\xampp\htdocs\Medical_E-CARD\admin\amr\cache\mask_5\mask_21_5.dat): failed to open stream: No such file or directory in <b>C:\xampp\htdocs\Medical_E-CARD\admin\amr\qrmask.php</b> on line <b>155</b><br />
<br />
<b>Warning</b>:  mkdir(): No such file or directory in <b>C:\xampp\htdocs\Medical_E-CARD\admin\amr\qrmask.php</b> on line <b>154</b><br />
<br />
<b>Warning</b>:  file_put_contents(C:\xampp\htdocs\Medical_E-CARD\admin\amr\cache\mask_6\mask_21_6.dat): failed to open stream: No such file or directory in <b>C:\xampp\htdocs\Medical_E-CARD\admin\amr\qrmask.php</b> on line <b>155</b><br />
<br />
<b>Warning</b>:  mkdir(): No such file or directory in <b>C:\xampp\htdocs\Medical_E-CARD\admin\amr\qrmask.php</b> on line <b>154</b><br />
<br />
<b>Warning</b>:  file_put_contents(C:\xampp\htdocs\Medical_E-CARD\admin\amr\cache\mask_7\mask_21_7.dat): failed to open stream: No such file or directory in <b>C:\xampp\htdocs\Medical_E-CARD\admin\amr\qrmask.php</b> on line <b>155</b><br />
2016-11-23 10:28:01: <br />
<b>Warning</b>:  file_put_contents(C:\xampp\htdocs\Medical_E-CARD\admin\amr\cache\frame_1.dat): failed to open stream: No such file or directory in <b>C:\xampp\htdocs\Medical_E-CARD\admin\amr\qrspec.php</b> on line <b>568</b><br />
<br />
<b>Warning</b>:  mkdir(): No such file or directory in <b>C:\xampp\htdocs\Medical_E-CARD\admin\amr\qrmask.php</b> on line <b>154</b><br />
<br />
<b>Warning</b>:  file_put_contents(C:\xampp\htdocs\Medical_E-CARD\admin\amr\cache\mask_0\mask_21_0.dat): failed to open stream: No such file or directory in <b>C:\xampp\htdocs\Medical_E-CARD\admin\amr\qrmask.php</b> on line <b>155</b><br />
<br />
<b>Warning</b>:  mkdir(): No such file or directory in <b>C:\xampp\htdocs\Medical_E-CARD\admin\amr\qrmask.php</b> on line <b>154</b><br />
<br />
<b>Warning</b>:  file_put_contents(C:\xampp\htdocs\Medical_E-CARD\admin\amr\cache\mask_1\mask_21_1.dat): failed to open stream: No such file or directory in <b>C:\xampp\htdocs\Medical_E-CARD\admin\amr\qrmask.php</b> on line <b>155</b><br />
<br />
<b>Warning</b>:  mkdir(): No such file or directory in <b>C:\xampp\htdocs\Medical_E-CARD\admin\amr\qrmask.php</b> on line <b>154</b><br />
<br />
<b>Warning</b>:  file_put_contents(C:\xampp\htdocs\Medical_E-CARD\admin\amr\cache\mask_2\mask_21_2.dat): failed to open stream: No such file or directory in <b>C:\xampp\htdocs\Medical_E-CARD\admin\amr\qrmask.php</b> on line <b>155</b><br />
<br />
<b>Warning</b>:  mkdir(): No such file or directory in <b>C:\xampp\htdocs\Medical_E-CARD\admin\amr\qrmask.php</b> on line <b>154</b><br />
<br />
<b>Warning</b>:  file_put_contents(C:\xampp\htdocs\Medical_E-CARD\admin\amr\cache\mask_3\mask_21_3.dat): failed to open stream: No such file or directory in <b>C:\xampp\htdocs\Medical_E-CARD\admin\amr\qrmask.php</b> on line <b>155</b><br />
<br />
<b>Warning</b>:  mkdir(): No such file or directory in <b>C:\xampp\htdocs\Medical_E-CARD\admin\amr\qrmask.php</b> on line <b>154</b><br />
<br />
<b>Warning</b>:  file_put_contents(C:\xampp\htdocs\Medical_E-CARD\admin\amr\cache\mask_4\mask_21_4.dat): failed to open stream: No such file or directory in <b>C:\xampp\htdocs\Medical_E-CARD\admin\amr\qrmask.php</b> on line <b>155</b><br />
<br />
<b>Warning</b>:  mkdir(): No such file or directory in <b>C:\xampp\htdocs\Medical_E-CARD\admin\amr\qrmask.php</b> on line <b>154</b><br />
<br />
<b>Warning</b>:  file_put_contents(C:\xampp\htdocs\Medical_E-CARD\admin\amr\cache\mask_5\mask_21_5.dat): failed to open stream: No such file or directory in <b>C:\xampp\htdocs\Medical_E-CARD\admin\amr\qrmask.php</b> on line <b>155</b><br />
<br />
<b>Warning</b>:  mkdir(): No such file or directory in <b>C:\xampp\htdocs\Medical_E-CARD\admin\amr\qrmask.php</b> on line <b>154</b><br />
<br />
<b>Warning</b>:  file_put_contents(C:\xampp\htdocs\Medical_E-CARD\admin\amr\cache\mask_6\mask_21_6.dat): failed to open stream: No such file or directory in <b>C:\xampp\htdocs\Medical_E-CARD\admin\amr\qrmask.php</b> on line <b>155</b><br />
<br />
<b>Warning</b>:  mkdir(): No such file or directory in <b>C:\xampp\htdocs\Medical_E-CARD\admin\amr\qrmask.php</b> on line <b>154</b><br />
<br />
<b>Warning</b>:  file_put_contents(C:\xampp\htdocs\Medical_E-CARD\admin\amr\cache\mask_7\mask_21_7.dat): failed to open stream: No such file or directory in <b>C:\xampp\htdocs\Medical_E-CARD\admin\amr\qrmask.php</b> on line <b>155</b><br />
2016-11-23 10:28:26: <br />
<b>Warning</b>:  file_put_contents(C:\xampp\htdocs\Medical_E-CARD\admin\amr\cache\frame_1.dat): failed to open stream: No such file or directory in <b>C:\xampp\htdocs\Medical_E-CARD\admin\amr\qrspec.php</b> on line <b>568</b><br />
<br />
<b>Warning</b>:  mkdir(): No such file or directory in <b>C:\xampp\htdocs\Medical_E-CARD\admin\amr\qrmask.php</b> on line <b>154</b><br />
<br />
<b>Warning</b>:  file_put_contents(C:\xampp\htdocs\Medical_E-CARD\admin\amr\cache\mask_0\mask_21_0.dat): failed to open stream: No such file or directory in <b>C:\xampp\htdocs\Medical_E-CARD\admin\amr\qrmask.php</b> on line <b>155</b><br />
<br />
<b>Warning</b>:  mkdir(): No such file or directory in <b>C:\xampp\htdocs\Medical_E-CARD\admin\amr\qrmask.php</b> on line <b>154</b><br />
<br />
<b>Warning</b>:  file_put_contents(C:\xampp\htdocs\Medical_E-CARD\admin\amr\cache\mask_1\mask_21_1.dat): failed to open stream: No such file or directory in <b>C:\xampp\htdocs\Medical_E-CARD\admin\amr\qrmask.php</b> on line <b>155</b><br />
<br />
<b>Warning</b>:  mkdir(): No such file or directory in <b>C:\xampp\htdocs\Medical_E-CARD\admin\amr\qrmask.php</b> on line <b>154</b><br />
<br />
<b>Warning</b>:  file_put_contents(C:\xampp\htdocs\Medical_E-CARD\admin\amr\cache\mask_2\mask_21_2.dat): failed to open stream: No such file or directory in <b>C:\xampp\htdocs\Medical_E-CARD\admin\amr\qrmask.php</b> on line <b>155</b><br />
<br />
<b>Warning</b>:  mkdir(): No such file or directory in <b>C:\xampp\htdocs\Medical_E-CARD\admin\amr\qrmask.php</b> on line <b>154</b><br />
<br />
<b>Warning</b>:  file_put_contents(C:\xampp\htdocs\Medical_E-CARD\admin\amr\cache\mask_3\mask_21_3.dat): failed to open stream: No such file or directory in <b>C:\xampp\htdocs\Medical_E-CARD\admin\amr\qrmask.php</b> on line <b>155</b><br />
<br />
<b>Warning</b>:  mkdir(): No such file or directory in <b>C:\xampp\htdocs\Medical_E-CARD\admin\amr\qrmask.php</b> on line <b>154</b><br />
<br />
<b>Warning</b>:  file_put_contents(C:\xampp\htdocs\Medical_E-CARD\admin\amr\cache\mask_4\mask_21_4.dat): failed to open stream: No such file or directory in <b>C:\xampp\htdocs\Medical_E-CARD\admin\amr\qrmask.php</b> on line <b>155</b><br />
<br />
<b>Warning</b>:  mkdir(): No such file or directory in <b>C:\xampp\htdocs\Medical_E-CARD\admin\amr\qrmask.php</b> on line <b>154</b><br />
<br />
<b>Warning</b>:  file_put_contents(C:\xampp\htdocs\Medical_E-CARD\admin\amr\cache\mask_5\mask_21_5.dat): failed to open stream: No such file or directory in <b>C:\xampp\htdocs\Medical_E-CARD\admin\amr\qrmask.php</b> on line <b>155</b><br />
<br />
<b>Warning</b>:  mkdir(): No such file or directory in <b>C:\xampp\htdocs\Medical_E-CARD\admin\amr\qrmask.php</b> on line <b>154</b><br />
<br />
<b>Warning</b>:  file_put_contents(C:\xampp\htdocs\Medical_E-CARD\admin\amr\cache\mask_6\mask_21_6.dat): failed to open stream: No such file or directory in <b>C:\xampp\htdocs\Medical_E-CARD\admin\amr\qrmask.php</b> on line <b>155</b><br />
<br />
<b>Warning</b>:  mkdir(): No such file or directory in <b>C:\xampp\htdocs\Medical_E-CARD\admin\amr\qrmask.php</b> on line <b>154</b><br />
<br />
<b>Warning</b>:  file_put_contents(C:\xampp\htdocs\Medical_E-CARD\admin\amr\cache\mask_7\mask_21_7.dat): failed to open stream: No such file or directory in <b>C:\xampp\htdocs\Medical_E-CARD\admin\amr\qrmask.php</b> on line <b>155</b><br />
2016-11-23 10:28:29: <br />
<b>Warning</b>:  file_put_contents(C:\xampp\htdocs\Medical_E-CARD\admin\amr\cache\frame_1.dat): failed to open stream: No such file or directory in <b>C:\xampp\htdocs\Medical_E-CARD\admin\amr\qrspec.php</b> on line <b>568</b><br />
<br />
<b>Warning</b>:  mkdir(): No such file or directory in <b>C:\xampp\htdocs\Medical_E-CARD\admin\amr\qrmask.php</b> on line <b>154</b><br />
<br />
<b>Warning</b>:  file_put_contents(C:\xampp\htdocs\Medical_E-CARD\admin\amr\cache\mask_0\mask_21_0.dat): failed to open stream: No such file or directory in <b>C:\xampp\htdocs\Medical_E-CARD\admin\amr\qrmask.php</b> on line <b>155</b><br />
<br />
<b>Warning</b>:  mkdir(): No such file or directory in <b>C:\xampp\htdocs\Medical_E-CARD\admin\amr\qrmask.php</b> on line <b>154</b><br />
<br />
<b>Warning</b>:  file_put_contents(C:\xampp\htdocs\Medical_E-CARD\admin\amr\cache\mask_1\mask_21_1.dat): failed to open stream: No such file or directory in <b>C:\xampp\htdocs\Medical_E-CARD\admin\amr\qrmask.php</b> on line <b>155</b><br />
<br />
<b>Warning</b>:  mkdir(): No such file or directory in <b>C:\xampp\htdocs\Medical_E-CARD\admin\amr\qrmask.php</b> on line <b>154</b><br />
<br />
<b>Warning</b>:  file_put_contents(C:\xampp\htdocs\Medical_E-CARD\admin\amr\cache\mask_2\mask_21_2.dat): failed to open stream: No such file or directory in <b>C:\xampp\htdocs\Medical_E-CARD\admin\amr\qrmask.php</b> on line <b>155</b><br />
<br />
<b>Warning</b>:  mkdir(): No such file or directory in <b>C:\xampp\htdocs\Medical_E-CARD\admin\amr\qrmask.php</b> on line <b>154</b><br />
<br />
<b>Warning</b>:  file_put_contents(C:\xampp\htdocs\Medical_E-CARD\admin\amr\cache\mask_3\mask_21_3.dat): failed to open stream: No such file or directory in <b>C:\xampp\htdocs\Medical_E-CARD\admin\amr\qrmask.php</b> on line <b>155</b><br />
<br />
<b>Warning</b>:  mkdir(): No such file or directory in <b>C:\xampp\htdocs\Medical_E-CARD\admin\amr\qrmask.php</b> on line <b>154</b><br />
<br />
<b>Warning</b>:  file_put_contents(C:\xampp\htdocs\Medical_E-CARD\admin\amr\cache\mask_4\mask_21_4.dat): failed to open stream: No such file or directory in <b>C:\xampp\htdocs\Medical_E-CARD\admin\amr\qrmask.php</b> on line <b>155</b><br />
<br />
<b>Warning</b>:  mkdir(): No such file or directory in <b>C:\xampp\htdocs\Medical_E-CARD\admin\amr\qrmask.php</b> on line <b>154</b><br />
<br />
<b>Warning</b>:  file_put_contents(C:\xampp\htdocs\Medical_E-CARD\admin\amr\cache\mask_5\mask_21_5.dat): failed to open stream: No such file or directory in <b>C:\xampp\htdocs\Medical_E-CARD\admin\amr\qrmask.php</b> on line <b>155</b><br />
<br />
<b>Warning</b>:  mkdir(): No such file or directory in <b>C:\xampp\htdocs\Medical_E-CARD\admin\amr\qrmask.php</b> on line <b>154</b><br />
<br />
<b>Warning</b>:  file_put_contents(C:\xampp\htdocs\Medical_E-CARD\admin\amr\cache\mask_6\mask_21_6.dat): failed to open stream: No such file or directory in <b>C:\xampp\htdocs\Medical_E-CARD\admin\amr\qrmask.php</b> on line <b>155</b><br />
<br />
<b>Warning</b>:  mkdir(): No such file or directory in <b>C:\xampp\htdocs\Medical_E-CARD\admin\amr\qrmask.php</b> on line <b>154</b><br />
<br />
<b>Warning</b>:  file_put_contents(C:\xampp\htdocs\Medical_E-CARD\admin\amr\cache\mask_7\mask_21_7.dat): failed to open stream: No such file or directory in <b>C:\xampp\htdocs\Medical_E-CARD\admin\amr\qrmask.php</b> on line <b>155</b><br />
2016-11-23 10:28:55: <br />
<b>Warning</b>:  file_put_contents(C:\xampp\htdocs\Medical_E-CARD\admin\amr\cache\frame_1.dat): failed to open stream: No such file or directory in <b>C:\xampp\htdocs\Medical_E-CARD\admin\amr\qrspec.php</b> on line <b>568</b><br />
<br />
<b>Warning</b>:  mkdir(): No such file or directory in <b>C:\xampp\htdocs\Medical_E-CARD\admin\amr\qrmask.php</b> on line <b>154</b><br />
<br />
<b>Warning</b>:  file_put_contents(C:\xampp\htdocs\Medical_E-CARD\admin\amr\cache\mask_0\mask_21_0.dat): failed to open stream: No such file or directory in <b>C:\xampp\htdocs\Medical_E-CARD\admin\amr\qrmask.php</b> on line <b>155</b><br />
<br />
<b>Warning</b>:  mkdir(): No such file or directory in <b>C:\xampp\htdocs\Medical_E-CARD\admin\amr\qrmask.php</b> on line <b>154</b><br />
<br />
<b>Warning</b>:  file_put_contents(C:\xampp\htdocs\Medical_E-CARD\admin\amr\cache\mask_1\mask_21_1.dat): failed to open stream: No such file or directory in <b>C:\xampp\htdocs\Medical_E-CARD\admin\amr\qrmask.php</b> on line <b>155</b><br />
<br />
<b>Warning</b>:  mkdir(): No such file or directory in <b>C:\xampp\htdocs\Medical_E-CARD\admin\amr\qrmask.php</b> on line <b>154</b><br />
<br />
<b>Warning</b>:  file_put_contents(C:\xampp\htdocs\Medical_E-CARD\admin\amr\cache\mask_2\mask_21_2.dat): failed to open stream: No such file or directory in <b>C:\xampp\htdocs\Medical_E-CARD\admin\amr\qrmask.php</b> on line <b>155</b><br />
<br />
<b>Warning</b>:  mkdir(): No such file or directory in <b>C:\xampp\htdocs\Medical_E-CARD\admin\amr\qrmask.php</b> on line <b>154</b><br />
<br />
<b>Warning</b>:  file_put_contents(C:\xampp\htdocs\Medical_E-CARD\admin\amr\cache\mask_3\mask_21_3.dat): failed to open stream: No such file or directory in <b>C:\xampp\htdocs\Medical_E-CARD\admin\amr\qrmask.php</b> on line <b>155</b><br />
<br />
<b>Warning</b>:  mkdir(): No such file or directory in <b>C:\xampp\htdocs\Medical_E-CARD\admin\amr\qrmask.php</b> on line <b>154</b><br />
<br />
<b>Warning</b>:  file_put_contents(C:\xampp\htdocs\Medical_E-CARD\admin\amr\cache\mask_4\mask_21_4.dat): failed to open stream: No such file or directory in <b>C:\xampp\htdocs\Medical_E-CARD\admin\amr\qrmask.php</b> on line <b>155</b><br />
<br />
<b>Warning</b>:  mkdir(): No such file or directory in <b>C:\xampp\htdocs\Medical_E-CARD\admin\amr\qrmask.php</b> on line <b>154</b><br />
<br />
<b>Warning</b>:  file_put_contents(C:\xampp\htdocs\Medical_E-CARD\admin\amr\cache\mask_5\mask_21_5.dat): failed to open stream: No such file or directory in <b>C:\xampp\htdocs\Medical_E-CARD\admin\amr\qrmask.php</b> on line <b>155</b><br />
<br />
<b>Warning</b>:  mkdir(): No such file or directory in <b>C:\xampp\htdocs\Medical_E-CARD\admin\amr\qrmask.php</b> on line <b>154</b><br />
<br />
<b>Warning</b>:  file_put_contents(C:\xampp\htdocs\Medical_E-CARD\admin\amr\cache\mask_6\mask_21_6.dat): failed to open stream: No such file or directory in <b>C:\xampp\htdocs\Medical_E-CARD\admin\amr\qrmask.php</b> on line <b>155</b><br />
<br />
<b>Warning</b>:  mkdir(): No such file or directory in <b>C:\xampp\htdocs\Medical_E-CARD\admin\amr\qrmask.php</b> on line <b>154</b><br />
<br />
<b>Warning</b>:  file_put_contents(C:\xampp\htdocs\Medical_E-CARD\admin\amr\cache\mask_7\mask_21_7.dat): failed to open stream: No such file or directory in <b>C:\xampp\htdocs\Medical_E-CARD\admin\amr\qrmask.php</b> on line <b>155</b><br />
2016-11-23 10:29:27: <br />
<b>Warning</b>:  file_put_contents(C:\xampp\htdocs\Medical_E-CARD\admin\amr\cache\frame_1.dat): failed to open stream: No such file or directory in <b>C:\xampp\htdocs\Medical_E-CARD\admin\amr\qrspec.php</b> on line <b>568</b><br />
<br />
<b>Warning</b>:  mkdir(): No such file or directory in <b>C:\xampp\htdocs\Medical_E-CARD\admin\amr\qrmask.php</b> on line <b>154</b><br />
<br />
<b>Warning</b>:  file_put_contents(C:\xampp\htdocs\Medical_E-CARD\admin\amr\cache\mask_0\mask_21_0.dat): failed to open stream: No such file or directory in <b>C:\xampp\htdocs\Medical_E-CARD\admin\amr\qrmask.php</b> on line <b>155</b><br />
<br />
<b>Warning</b>:  mkdir(): No such file or directory in <b>C:\xampp\htdocs\Medical_E-CARD\admin\amr\qrmask.php</b> on line <b>154</b><br />
<br />
<b>Warning</b>:  file_put_contents(C:\xampp\htdocs\Medical_E-CARD\admin\amr\cache\mask_1\mask_21_1.dat): failed to open stream: No such file or directory in <b>C:\xampp\htdocs\Medical_E-CARD\admin\amr\qrmask.php</b> on line <b>155</b><br />
<br />
<b>Warning</b>:  mkdir(): No such file or directory in <b>C:\xampp\htdocs\Medical_E-CARD\admin\amr\qrmask.php</b> on line <b>154</b><br />
<br />
<b>Warning</b>:  file_put_contents(C:\xampp\htdocs\Medical_E-CARD\admin\amr\cache\mask_2\mask_21_2.dat): failed to open stream: No such file or directory in <b>C:\xampp\htdocs\Medical_E-CARD\admin\amr\qrmask.php</b> on line <b>155</b><br />
<br />
<b>Warning</b>:  mkdir(): No such file or directory in <b>C:\xampp\htdocs\Medical_E-CARD\admin\amr\qrmask.php</b> on line <b>154</b><br />
<br />
<b>Warning</b>:  file_put_contents(C:\xampp\htdocs\Medical_E-CARD\admin\amr\cache\mask_3\mask_21_3.dat): failed to open stream: No such file or directory in <b>C:\xampp\htdocs\Medical_E-CARD\admin\amr\qrmask.php</b> on line <b>155</b><br />
<br />
<b>Warning</b>:  mkdir(): No such file or directory in <b>C:\xampp\htdocs\Medical_E-CARD\admin\amr\qrmask.php</b> on line <b>154</b><br />
<br />
<b>Warning</b>:  file_put_contents(C:\xampp\htdocs\Medical_E-CARD\admin\amr\cache\mask_4\mask_21_4.dat): failed to open stream: No such file or directory in <b>C:\xampp\htdocs\Medical_E-CARD\admin\amr\qrmask.php</b> on line <b>155</b><br />
<br />
<b>Warning</b>:  mkdir(): No such file or directory in <b>C:\xampp\htdocs\Medical_E-CARD\admin\amr\qrmask.php</b> on line <b>154</b><br />
<br />
<b>Warning</b>:  file_put_contents(C:\xampp\htdocs\Medical_E-CARD\admin\amr\cache\mask_5\mask_21_5.dat): failed to open stream: No such file or directory in <b>C:\xampp\htdocs\Medical_E-CARD\admin\amr\qrmask.php</b> on line <b>155</b><br />
<br />
<b>Warning</b>:  mkdir(): No such file or directory in <b>C:\xampp\htdocs\Medical_E-CARD\admin\amr\qrmask.php</b> on line <b>154</b><br />
<br />
<b>Warning</b>:  file_put_contents(C:\xampp\htdocs\Medical_E-CARD\admin\amr\cache\mask_6\mask_21_6.dat): failed to open stream: No such file or directory in <b>C:\xampp\htdocs\Medical_E-CARD\admin\amr\qrmask.php</b> on line <b>155</b><br />
<br />
<b>Warning</b>:  mkdir(): No such file or directory in <b>C:\xampp\htdocs\Medical_E-CARD\admin\amr\qrmask.php</b> on line <b>154</b><br />
<br />
<b>Warning</b>:  file_put_contents(C:\xampp\htdocs\Medical_E-CARD\admin\amr\cache\mask_7\mask_21_7.dat): failed to open stream: No such file or directory in <b>C:\xampp\htdocs\Medical_E-CARD\admin\amr\qrmask.php</b> on line <b>155</b><br />
2016-11-23 11:33:07: <br />
<b>Warning</b>:  file_put_contents(C:\xampp\htdocs\Medical_E-CARD\admin\amr\cache\frame_1.dat): failed to open stream: No such file or directory in <b>C:\xampp\htdocs\Medical_E-CARD\admin\amr\qrspec.php</b> on line <b>568</b><br />
<br />
<b>Warning</b>:  mkdir(): No such file or directory in <b>C:\xampp\htdocs\Medical_E-CARD\admin\amr\qrmask.php</b> on line <b>154</b><br />
<br />
<b>Warning</b>:  file_put_contents(C:\xampp\htdocs\Medical_E-CARD\admin\amr\cache\mask_0\mask_21_0.dat): failed to open stream: No such file or directory in <b>C:\xampp\htdocs\Medical_E-CARD\admin\amr\qrmask.php</b> on line <b>155</b><br />
<br />
<b>Warning</b>:  mkdir(): No such file or directory in <b>C:\xampp\htdocs\Medical_E-CARD\admin\amr\qrmask.php</b> on line <b>154</b><br />
<br />
<b>Warning</b>:  file_put_contents(C:\xampp\htdocs\Medical_E-CARD\admin\amr\cache\mask_1\mask_21_1.dat): failed to open stream: No such file or directory in <b>C:\xampp\htdocs\Medical_E-CARD\admin\amr\qrmask.php</b> on line <b>155</b><br />
<br />
<b>Warning</b>:  mkdir(): No such file or directory in <b>C:\xampp\htdocs\Medical_E-CARD\admin\amr\qrmask.php</b> on line <b>154</b><br />
<br />
<b>Warning</b>:  file_put_contents(C:\xampp\htdocs\Medical_E-CARD\admin\amr\cache\mask_2\mask_21_2.dat): failed to open stream: No such file or directory in <b>C:\xampp\htdocs\Medical_E-CARD\admin\amr\qrmask.php</b> on line <b>155</b><br />
<br />
<b>Warning</b>:  mkdir(): No such file or directory in <b>C:\xampp\htdocs\Medical_E-CARD\admin\amr\qrmask.php</b> on line <b>154</b><br />
<br />
<b>Warning</b>:  file_put_contents(C:\xampp\htdocs\Medical_E-CARD\admin\amr\cache\mask_3\mask_21_3.dat): failed to open stream: No such file or directory in <b>C:\xampp\htdocs\Medical_E-CARD\admin\amr\qrmask.php</b> on line <b>155</b><br />
<br />
<b>Warning</b>:  mkdir(): No such file or directory in <b>C:\xampp\htdocs\Medical_E-CARD\admin\amr\qrmask.php</b> on line <b>154</b><br />
<br />
<b>Warning</b>:  file_put_contents(C:\xampp\htdocs\Medical_E-CARD\admin\amr\cache\mask_4\mask_21_4.dat): failed to open stream: No such file or directory in <b>C:\xampp\htdocs\Medical_E-CARD\admin\amr\qrmask.php</b> on line <b>155</b><br />
<br />
<b>Warning</b>:  mkdir(): No such file or directory in <b>C:\xampp\htdocs\Medical_E-CARD\admin\amr\qrmask.php</b> on line <b>154</b><br />
<br />
<b>Warning</b>:  file_put_contents(C:\xampp\htdocs\Medical_E-CARD\admin\amr\cache\mask_5\mask_21_5.dat): failed to open stream: No such file or directory in <b>C:\xampp\htdocs\Medical_E-CARD\admin\amr\qrmask.php</b> on line <b>155</b><br />
<br />
<b>Warning</b>:  mkdir(): No such file or directory in <b>C:\xampp\htdocs\Medical_E-CARD\admin\amr\qrmask.php</b> on line <b>154</b><br />
<br />
<b>Warning</b>:  file_put_contents(C:\xampp\htdocs\Medical_E-CARD\admin\amr\cache\mask_6\mask_21_6.dat): failed to open stream: No such file or directory in <b>C:\xampp\htdocs\Medical_E-CARD\admin\amr\qrmask.php</b> on line <b>155</b><br />
<br />
<b>Warning</b>:  mkdir(): No such file or directory in <b>C:\xampp\htdocs\Medical_E-CARD\admin\amr\qrmask.php</b> on line <b>154</b><br />
<br />
<b>Warning</b>:  file_put_contents(C:\xampp\htdocs\Medical_E-CARD\admin\amr\cache\mask_7\mask_21_7.dat): failed to open stream: No such file or directory in <b>C:\xampp\htdocs\Medical_E-CARD\admin\amr\qrmask.php</b> on line <b>155</b><br />
2016-11-23 11:33:10: <br />
<b>Warning</b>:  file_put_contents(C:\xampp\htdocs\Medical_E-CARD\admin\amr\cache\frame_1.dat): failed to open stream: No such file or directory in <b>C:\xampp\htdocs\Medical_E-CARD\admin\amr\qrspec.php</b> on line <b>568</b><br />
<br />
<b>Warning</b>:  mkdir(): No such file or directory in <b>C:\xampp\htdocs\Medical_E-CARD\admin\amr\qrmask.php</b> on line <b>154</b><br />
<br />
<b>Warning</b>:  file_put_contents(C:\xampp\htdocs\Medical_E-CARD\admin\amr\cache\mask_0\mask_21_0.dat): failed to open stream: No such file or directory in <b>C:\xampp\htdocs\Medical_E-CARD\admin\amr\qrmask.php</b> on line <b>155</b><br />
<br />
<b>Warning</b>:  mkdir(): No such file or directory in <b>C:\xampp\htdocs\Medical_E-CARD\admin\amr\qrmask.php</b> on line <b>154</b><br />
<br />
<b>Warning</b>:  file_put_contents(C:\xampp\htdocs\Medical_E-CARD\admin\amr\cache\mask_1\mask_21_1.dat): failed to open stream: No such file or directory in <b>C:\xampp\htdocs\Medical_E-CARD\admin\amr\qrmask.php</b> on line <b>155</b><br />
<br />
<b>Warning</b>:  mkdir(): No such file or directory in <b>C:\xampp\htdocs\Medical_E-CARD\admin\amr\qrmask.php</b> on line <b>154</b><br />
<br />
<b>Warning</b>:  file_put_contents(C:\xampp\htdocs\Medical_E-CARD\admin\amr\cache\mask_2\mask_21_2.dat): failed to open stream: No such file or directory in <b>C:\xampp\htdocs\Medical_E-CARD\admin\amr\qrmask.php</b> on line <b>155</b><br />
<br />
<b>Warning</b>:  mkdir(): No such file or directory in <b>C:\xampp\htdocs\Medical_E-CARD\admin\amr\qrmask.php</b> on line <b>154</b><br />
<br />
<b>Warning</b>:  file_put_contents(C:\xampp\htdocs\Medical_E-CARD\admin\amr\cache\mask_3\mask_21_3.dat): failed to open stream: No such file or directory in <b>C:\xampp\htdocs\Medical_E-CARD\admin\amr\qrmask.php</b> on line <b>155</b><br />
<br />
<b>Warning</b>:  mkdir(): No such file or directory in <b>C:\xampp\htdocs\Medical_E-CARD\admin\amr\qrmask.php</b> on line <b>154</b><br />
<br />
<b>Warning</b>:  file_put_contents(C:\xampp\htdocs\Medical_E-CARD\admin\amr\cache\mask_4\mask_21_4.dat): failed to open stream: No such file or directory in <b>C:\xampp\htdocs\Medical_E-CARD\admin\amr\qrmask.php</b> on line <b>155</b><br />
<br />
<b>Warning</b>:  mkdir(): No such file or directory in <b>C:\xampp\htdocs\Medical_E-CARD\admin\amr\qrmask.php</b> on line <b>154</b><br />
<br />
<b>Warning</b>:  file_put_contents(C:\xampp\htdocs\Medical_E-CARD\admin\amr\cache\mask_5\mask_21_5.dat): failed to open stream: No such file or directory in <b>C:\xampp\htdocs\Medical_E-CARD\admin\amr\qrmask.php</b> on line <b>155</b><br />
<br />
<b>Warning</b>:  mkdir(): No such file or directory in <b>C:\xampp\htdocs\Medical_E-CARD\admin\amr\qrmask.php</b> on line <b>154</b><br />
<br />
<b>Warning</b>:  file_put_contents(C:\xampp\htdocs\Medical_E-CARD\admin\amr\cache\mask_6\mask_21_6.dat): failed to open stream: No such file or directory in <b>C:\xampp\htdocs\Medical_E-CARD\admin\amr\qrmask.php</b> on line <b>155</b><br />
<br />
<b>Warning</b>:  mkdir(): No such file or directory in <b>C:\xampp\htdocs\Medical_E-CARD\admin\amr\qrmask.php</b> on line <b>154</b><br />
<br />
<b>Warning</b>:  file_put_contents(C:\xampp\htdocs\Medical_E-CARD\admin\amr\cache\mask_7\mask_21_7.dat): failed to open stream: No such file or directory in <b>C:\xampp\htdocs\Medical_E-CARD\admin\amr\qrmask.php</b> on line <b>155</b><br />
2016-11-25 10:17:49: <br />
<b>Warning</b>:  file_put_contents(C:\xampp\htdocs\Medical_E-CARD\admin\amr\cache\frame_1.dat): failed to open stream: No such file or directory in <b>C:\xampp\htdocs\Medical_E-CARD\admin\amr\qrspec.php</b> on line <b>568</b><br />
<br />
<b>Warning</b>:  mkdir(): No such file or directory in <b>C:\xampp\htdocs\Medical_E-CARD\admin\amr\qrmask.php</b> on line <b>154</b><br />
<br />
<b>Warning</b>:  file_put_contents(C:\xampp\htdocs\Medical_E-CARD\admin\amr\cache\mask_0\mask_21_0.dat): failed to open stream: No such file or directory in <b>C:\xampp\htdocs\Medical_E-CARD\admin\amr\qrmask.php</b> on line <b>155</b><br />
<br />
<b>Warning</b>:  mkdir(): No such file or directory in <b>C:\xampp\htdocs\Medical_E-CARD\admin\amr\qrmask.php</b> on line <b>154</b><br />
<br />
<b>Warning</b>:  file_put_contents(C:\xampp\htdocs\Medical_E-CARD\admin\amr\cache\mask_1\mask_21_1.dat): failed to open stream: No such file or directory in <b>C:\xampp\htdocs\Medical_E-CARD\admin\amr\qrmask.php</b> on line <b>155</b><br />
<br />
<b>Warning</b>:  mkdir(): No such file or directory in <b>C:\xampp\htdocs\Medical_E-CARD\admin\amr\qrmask.php</b> on line <b>154</b><br />
<br />
<b>Warning</b>:  file_put_contents(C:\xampp\htdocs\Medical_E-CARD\admin\amr\cache\mask_2\mask_21_2.dat): failed to open stream: No such file or directory in <b>C:\xampp\htdocs\Medical_E-CARD\admin\amr\qrmask.php</b> on line <b>155</b><br />
<br />
<b>Warning</b>:  mkdir(): No such file or directory in <b>C:\xampp\htdocs\Medical_E-CARD\admin\amr\qrmask.php</b> on line <b>154</b><br />
<br />
<b>Warning</b>:  file_put_contents(C:\xampp\htdocs\Medical_E-CARD\admin\amr\cache\mask_3\mask_21_3.dat): failed to open stream: No such file or directory in <b>C:\xampp\htdocs\Medical_E-CARD\admin\amr\qrmask.php</b> on line <b>155</b><br />
<br />
<b>Warning</b>:  mkdir(): No such file or directory in <b>C:\xampp\htdocs\Medical_E-CARD\admin\amr\qrmask.php</b> on line <b>154</b><br />
<br />
<b>Warning</b>:  file_put_contents(C:\xampp\htdocs\Medical_E-CARD\admin\amr\cache\mask_4\mask_21_4.dat): failed to open stream: No such file or directory in <b>C:\xampp\htdocs\Medical_E-CARD\admin\amr\qrmask.php</b> on line <b>155</b><br />
<br />
<b>Warning</b>:  mkdir(): No such file or directory in <b>C:\xampp\htdocs\Medical_E-CARD\admin\amr\qrmask.php</b> on line <b>154</b><br />
<br />
<b>Warning</b>:  file_put_contents(C:\xampp\htdocs\Medical_E-CARD\admin\amr\cache\mask_5\mask_21_5.dat): failed to open stream: No such file or directory in <b>C:\xampp\htdocs\Medical_E-CARD\admin\amr\qrmask.php</b> on line <b>155</b><br />
<br />
<b>Warning</b>:  mkdir(): No such file or directory in <b>C:\xampp\htdocs\Medical_E-CARD\admin\amr\qrmask.php</b> on line <b>154</b><br />
<br />
<b>Warning</b>:  file_put_contents(C:\xampp\htdocs\Medical_E-CARD\admin\amr\cache\mask_6\mask_21_6.dat): failed to open stream: No such file or directory in <b>C:\xampp\htdocs\Medical_E-CARD\admin\amr\qrmask.php</b> on line <b>155</b><br />
<br />
<b>Warning</b>:  mkdir(): No such file or directory in <b>C:\xampp\htdocs\Medical_E-CARD\admin\amr\qrmask.php</b> on line <b>154</b><br />
<br />
<b>Warning</b>:  file_put_contents(C:\xampp\htdocs\Medical_E-CARD\admin\amr\cache\mask_7\mask_21_7.dat): failed to open stream: No such file or directory in <b>C:\xampp\htdocs\Medical_E-CARD\admin\amr\qrmask.php</b> on line <b>155</b><br />
2016-11-25 10:18:01: <br />
<b>Warning</b>:  file_put_contents(C:\xampp\htdocs\Medical_E-CARD\admin\amr\cache\frame_1.dat): failed to open stream: No such file or directory in <b>C:\xampp\htdocs\Medical_E-CARD\admin\amr\qrspec.php</b> on line <b>568</b><br />
<br />
<b>Warning</b>:  mkdir(): No such file or directory in <b>C:\xampp\htdocs\Medical_E-CARD\admin\amr\qrmask.php</b> on line <b>154</b><br />
<br />
<b>Warning</b>:  file_put_contents(C:\xampp\htdocs\Medical_E-CARD\admin\amr\cache\mask_0\mask_21_0.dat): failed to open stream: No such file or directory in <b>C:\xampp\htdocs\Medical_E-CARD\admin\amr\qrmask.php</b> on line <b>155</b><br />
<br />
<b>Warning</b>:  mkdir(): No such file or directory in <b>C:\xampp\htdocs\Medical_E-CARD\admin\amr\qrmask.php</b> on line <b>154</b><br />
<br />
<b>Warning</b>:  file_put_contents(C:\xampp\htdocs\Medical_E-CARD\admin\amr\cache\mask_1\mask_21_1.dat): failed to open stream: No such file or directory in <b>C:\xampp\htdocs\Medical_E-CARD\admin\amr\qrmask.php</b> on line <b>155</b><br />
<br />
<b>Warning</b>:  mkdir(): No such file or directory in <b>C:\xampp\htdocs\Medical_E-CARD\admin\amr\qrmask.php</b> on line <b>154</b><br />
<br />
<b>Warning</b>:  file_put_contents(C:\xampp\htdocs\Medical_E-CARD\admin\amr\cache\mask_2\mask_21_2.dat): failed to open stream: No such file or directory in <b>C:\xampp\htdocs\Medical_E-CARD\admin\amr\qrmask.php</b> on line <b>155</b><br />
<br />
<b>Warning</b>:  mkdir(): No such file or directory in <b>C:\xampp\htdocs\Medical_E-CARD\admin\amr\qrmask.php</b> on line <b>154</b><br />
<br />
<b>Warning</b>:  file_put_contents(C:\xampp\htdocs\Medical_E-CARD\admin\amr\cache\mask_3\mask_21_3.dat): failed to open stream: No such file or directory in <b>C:\xampp\htdocs\Medical_E-CARD\admin\amr\qrmask.php</b> on line <b>155</b><br />
<br />
<b>Warning</b>:  mkdir(): No such file or directory in <b>C:\xampp\htdocs\Medical_E-CARD\admin\amr\qrmask.php</b> on line <b>154</b><br />
<br />
<b>Warning</b>:  file_put_contents(C:\xampp\htdocs\Medical_E-CARD\admin\amr\cache\mask_4\mask_21_4.dat): failed to open stream: No such file or directory in <b>C:\xampp\htdocs\Medical_E-CARD\admin\amr\qrmask.php</b> on line <b>155</b><br />
<br />
<b>Warning</b>:  mkdir(): No such file or directory in <b>C:\xampp\htdocs\Medical_E-CARD\admin\amr\qrmask.php</b> on line <b>154</b><br />
<br />
<b>Warning</b>:  file_put_contents(C:\xampp\htdocs\Medical_E-CARD\admin\amr\cache\mask_5\mask_21_5.dat): failed to open stream: No such file or directory in <b>C:\xampp\htdocs\Medical_E-CARD\admin\amr\qrmask.php</b> on line <b>155</b><br />
<br />
<b>Warning</b>:  mkdir(): No such file or directory in <b>C:\xampp\htdocs\Medical_E-CARD\admin\amr\qrmask.php</b> on line <b>154</b><br />
<br />
<b>Warning</b>:  file_put_contents(C:\xampp\htdocs\Medical_E-CARD\admin\amr\cache\mask_6\mask_21_6.dat): failed to open stream: No such file or directory in <b>C:\xampp\htdocs\Medical_E-CARD\admin\amr\qrmask.php</b> on line <b>155</b><br />
<br />
<b>Warning</b>:  mkdir(): No such file or directory in <b>C:\xampp\htdocs\Medical_E-CARD\admin\amr\qrmask.php</b> on line <b>154</b><br />
<br />
<b>Warning</b>:  file_put_contents(C:\xampp\htdocs\Medical_E-CARD\admin\amr\cache\mask_7\mask_21_7.dat): failed to open stream: No such file or directory in <b>C:\xampp\htdocs\Medical_E-CARD\admin\amr\qrmask.php</b> on line <b>155</b><br />
2016-11-25 10:18:05: <br />
<b>Warning</b>:  file_put_contents(C:\xampp\htdocs\Medical_E-CARD\admin\amr\cache\frame_1.dat): failed to open stream: No such file or directory in <b>C:\xampp\htdocs\Medical_E-CARD\admin\amr\qrspec.php</b> on line <b>568</b><br />
<br />
<b>Warning</b>:  mkdir(): No such file or directory in <b>C:\xampp\htdocs\Medical_E-CARD\admin\amr\qrmask.php</b> on line <b>154</b><br />
<br />
<b>Warning</b>:  file_put_contents(C:\xampp\htdocs\Medical_E-CARD\admin\amr\cache\mask_0\mask_21_0.dat): failed to open stream: No such file or directory in <b>C:\xampp\htdocs\Medical_E-CARD\admin\amr\qrmask.php</b> on line <b>155</b><br />
<br />
<b>Warning</b>:  mkdir(): No such file or directory in <b>C:\xampp\htdocs\Medical_E-CARD\admin\amr\qrmask.php</b> on line <b>154</b><br />
<br />
<b>Warning</b>:  file_put_contents(C:\xampp\htdocs\Medical_E-CARD\admin\amr\cache\mask_1\mask_21_1.dat): failed to open stream: No such file or directory in <b>C:\xampp\htdocs\Medical_E-CARD\admin\amr\qrmask.php</b> on line <b>155</b><br />
<br />
<b>Warning</b>:  mkdir(): No such file or directory in <b>C:\xampp\htdocs\Medical_E-CARD\admin\amr\qrmask.php</b> on line <b>154</b><br />
<br />
<b>Warning</b>:  file_put_contents(C:\xampp\htdocs\Medical_E-CARD\admin\amr\cache\mask_2\mask_21_2.dat): failed to open stream: No such file or directory in <b>C:\xampp\htdocs\Medical_E-CARD\admin\amr\qrmask.php</b> on line <b>155</b><br />
<br />
<b>Warning</b>:  mkdir(): No such file or directory in <b>C:\xampp\htdocs\Medical_E-CARD\admin\amr\qrmask.php</b> on line <b>154</b><br />
<br />
<b>Warning</b>:  file_put_contents(C:\xampp\htdocs\Medical_E-CARD\admin\amr\cache\mask_3\mask_21_3.dat): failed to open stream: No such file or directory in <b>C:\xampp\htdocs\Medical_E-CARD\admin\amr\qrmask.php</b> on line <b>155</b><br />
<br />
<b>Warning</b>:  mkdir(): No such file or directory in <b>C:\xampp\htdocs\Medical_E-CARD\admin\amr\qrmask.php</b> on line <b>154</b><br />
<br />
<b>Warning</b>:  file_put_contents(C:\xampp\htdocs\Medical_E-CARD\admin\amr\cache\mask_4\mask_21_4.dat): failed to open stream: No such file or directory in <b>C:\xampp\htdocs\Medical_E-CARD\admin\amr\qrmask.php</b> on line <b>155</b><br />
<br />
<b>Warning</b>:  mkdir(): No such file or directory in <b>C:\xampp\htdocs\Medical_E-CARD\admin\amr\qrmask.php</b> on line <b>154</b><br />
<br />
<b>Warning</b>:  file_put_contents(C:\xampp\htdocs\Medical_E-CARD\admin\amr\cache\mask_5\mask_21_5.dat): failed to open stream: No such file or directory in <b>C:\xampp\htdocs\Medical_E-CARD\admin\amr\qrmask.php</b> on line <b>155</b><br />
<br />
<b>Warning</b>:  mkdir(): No such file or directory in <b>C:\xampp\htdocs\Medical_E-CARD\admin\amr\qrmask.php</b> on line <b>154</b><br />
<br />
<b>Warning</b>:  file_put_contents(C:\xampp\htdocs\Medical_E-CARD\admin\amr\cache\mask_6\mask_21_6.dat): failed to open stream: No such file or directory in <b>C:\xampp\htdocs\Medical_E-CARD\admin\amr\qrmask.php</b> on line <b>155</b><br />
<br />
<b>Warning</b>:  mkdir(): No such file or directory in <b>C:\xampp\htdocs\Medical_E-CARD\admin\amr\qrmask.php</b> on line <b>154</b><br />
<br />
<b>Warning</b>:  file_put_contents(C:\xampp\htdocs\Medical_E-CARD\admin\amr\cache\mask_7\mask_21_7.dat): failed to open stream: No such file or directory in <b>C:\xampp\htdocs\Medical_E-CARD\admin\amr\qrmask.php</b> on line <b>155</b><br />
2016-11-25 10:18:23: <br />
<b>Warning</b>:  file_put_contents(C:\xampp\htdocs\Medical_E-CARD\admin\amr\cache\frame_1.dat): failed to open stream: No such file or directory in <b>C:\xampp\htdocs\Medical_E-CARD\admin\amr\qrspec.php</b> on line <b>568</b><br />
<br />
<b>Warning</b>:  mkdir(): No such file or directory in <b>C:\xampp\htdocs\Medical_E-CARD\admin\amr\qrmask.php</b> on line <b>154</b><br />
<br />
<b>Warning</b>:  file_put_contents(C:\xampp\htdocs\Medical_E-CARD\admin\amr\cache\mask_0\mask_21_0.dat): failed to open stream: No such file or directory in <b>C:\xampp\htdocs\Medical_E-CARD\admin\amr\qrmask.php</b> on line <b>155</b><br />
<br />
<b>Warning</b>:  mkdir(): No such file or directory in <b>C:\xampp\htdocs\Medical_E-CARD\admin\amr\qrmask.php</b> on line <b>154</b><br />
<br />
<b>Warning</b>:  file_put_contents(C:\xampp\htdocs\Medical_E-CARD\admin\amr\cache\mask_1\mask_21_1.dat): failed to open stream: No such file or directory in <b>C:\xampp\htdocs\Medical_E-CARD\admin\amr\qrmask.php</b> on line <b>155</b><br />
<br />
<b>Warning</b>:  mkdir(): No such file or directory in <b>C:\xampp\htdocs\Medical_E-CARD\admin\amr\qrmask.php</b> on line <b>154</b><br />
<br />
<b>Warning</b>:  file_put_contents(C:\xampp\htdocs\Medical_E-CARD\admin\amr\cache\mask_2\mask_21_2.dat): failed to open stream: No such file or directory in <b>C:\xampp\htdocs\Medical_E-CARD\admin\amr\qrmask.php</b> on line <b>155</b><br />
<br />
<b>Warning</b>:  mkdir(): No such file or directory in <b>C:\xampp\htdocs\Medical_E-CARD\admin\amr\qrmask.php</b> on line <b>154</b><br />
<br />
<b>Warning</b>:  file_put_contents(C:\xampp\htdocs\Medical_E-CARD\admin\amr\cache\mask_3\mask_21_3.dat): failed to open stream: No such file or directory in <b>C:\xampp\htdocs\Medical_E-CARD\admin\amr\qrmask.php</b> on line <b>155</b><br />
<br />
<b>Warning</b>:  mkdir(): No such file or directory in <b>C:\xampp\htdocs\Medical_E-CARD\admin\amr\qrmask.php</b> on line <b>154</b><br />
<br />
<b>Warning</b>:  file_put_contents(C:\xampp\htdocs\Medical_E-CARD\admin\amr\cache\mask_4\mask_21_4.dat): failed to open stream: No such file or directory in <b>C:\xampp\htdocs\Medical_E-CARD\admin\amr\qrmask.php</b> on line <b>155</b><br />
<br />
<b>Warning</b>:  mkdir(): No such file or directory in <b>C:\xampp\htdocs\Medical_E-CARD\admin\amr\qrmask.php</b> on line <b>154</b><br />
<br />
<b>Warning</b>:  file_put_contents(C:\xampp\htdocs\Medical_E-CARD\admin\amr\cache\mask_5\mask_21_5.dat): failed to open stream: No such file or directory in <b>C:\xampp\htdocs\Medical_E-CARD\admin\amr\qrmask.php</b> on line <b>155</b><br />
<br />
<b>Warning</b>:  mkdir(): No such file or directory in <b>C:\xampp\htdocs\Medical_E-CARD\admin\amr\qrmask.php</b> on line <b>154</b><br />
<br />
<b>Warning</b>:  file_put_contents(C:\xampp\htdocs\Medical_E-CARD\admin\amr\cache\mask_6\mask_21_6.dat): failed to open stream: No such file or directory in <b>C:\xampp\htdocs\Medical_E-CARD\admin\amr\qrmask.php</b> on line <b>155</b><br />
<br />
<b>Warning</b>:  mkdir(): No such file or directory in <b>C:\xampp\htdocs\Medical_E-CARD\admin\amr\qrmask.php</b> on line <b>154</b><br />
<br />
<b>Warning</b>:  file_put_contents(C:\xampp\htdocs\Medical_E-CARD\admin\amr\cache\mask_7\mask_21_7.dat): failed to open stream: No such file or directory in <b>C:\xampp\htdocs\Medical_E-CARD\admin\amr\qrmask.php</b> on line <b>155</b><br />
2016-11-25 10:18:39: <br />
<b>Warning</b>:  file_put_contents(C:\xampp\htdocs\Medical_E-CARD\admin\amr\cache\frame_1.dat): failed to open stream: No such file or directory in <b>C:\xampp\htdocs\Medical_E-CARD\admin\amr\qrspec.php</b> on line <b>568</b><br />
<br />
<b>Warning</b>:  mkdir(): No such file or directory in <b>C:\xampp\htdocs\Medical_E-CARD\admin\amr\qrmask.php</b> on line <b>154</b><br />
<br />
<b>Warning</b>:  file_put_contents(C:\xampp\htdocs\Medical_E-CARD\admin\amr\cache\mask_0\mask_21_0.dat): failed to open stream: No such file or directory in <b>C:\xampp\htdocs\Medical_E-CARD\admin\amr\qrmask.php</b> on line <b>155</b><br />
<br />
<b>Warning</b>:  mkdir(): No such file or directory in <b>C:\xampp\htdocs\Medical_E-CARD\admin\amr\qrmask.php</b> on line <b>154</b><br />
<br />
<b>Warning</b>:  file_put_contents(C:\xampp\htdocs\Medical_E-CARD\admin\amr\cache\mask_1\mask_21_1.dat): failed to open stream: No such file or directory in <b>C:\xampp\htdocs\Medical_E-CARD\admin\amr\qrmask.php</b> on line <b>155</b><br />
<br />
<b>Warning</b>:  mkdir(): No such file or directory in <b>C:\xampp\htdocs\Medical_E-CARD\admin\amr\qrmask.php</b> on line <b>154</b><br />
<br />
<b>Warning</b>:  file_put_contents(C:\xampp\htdocs\Medical_E-CARD\admin\amr\cache\mask_2\mask_21_2.dat): failed to open stream: No such file or directory in <b>C:\xampp\htdocs\Medical_E-CARD\admin\amr\qrmask.php</b> on line <b>155</b><br />
<br />
<b>Warning</b>:  mkdir(): No such file or directory in <b>C:\xampp\htdocs\Medical_E-CARD\admin\amr\qrmask.php</b> on line <b>154</b><br />
<br />
<b>Warning</b>:  file_put_contents(C:\xampp\htdocs\Medical_E-CARD\admin\amr\cache\mask_3\mask_21_3.dat): failed to open stream: No such file or directory in <b>C:\xampp\htdocs\Medical_E-CARD\admin\amr\qrmask.php</b> on line <b>155</b><br />
<br />
<b>Warning</b>:  mkdir(): No such file or directory in <b>C:\xampp\htdocs\Medical_E-CARD\admin\amr\qrmask.php</b> on line <b>154</b><br />
<br />
<b>Warning</b>:  file_put_contents(C:\xampp\htdocs\Medical_E-CARD\admin\amr\cache\mask_4\mask_21_4.dat): failed to open stream: No such file or directory in <b>C:\xampp\htdocs\Medical_E-CARD\admin\amr\qrmask.php</b> on line <b>155</b><br />
<br />
<b>Warning</b>:  mkdir(): No such file or directory in <b>C:\xampp\htdocs\Medical_E-CARD\admin\amr\qrmask.php</b> on line <b>154</b><br />
<br />
<b>Warning</b>:  file_put_contents(C:\xampp\htdocs\Medical_E-CARD\admin\amr\cache\mask_5\mask_21_5.dat): failed to open stream: No such file or directory in <b>C:\xampp\htdocs\Medical_E-CARD\admin\amr\qrmask.php</b> on line <b>155</b><br />
<br />
<b>Warning</b>:  mkdir(): No such file or directory in <b>C:\xampp\htdocs\Medical_E-CARD\admin\amr\qrmask.php</b> on line <b>154</b><br />
<br />
<b>Warning</b>:  file_put_contents(C:\xampp\htdocs\Medical_E-CARD\admin\amr\cache\mask_6\mask_21_6.dat): failed to open stream: No such file or directory in <b>C:\xampp\htdocs\Medical_E-CARD\admin\amr\qrmask.php</b> on line <b>155</b><br />
<br />
<b>Warning</b>:  mkdir(): No such file or directory in <b>C:\xampp\htdocs\Medical_E-CARD\admin\amr\qrmask.php</b> on line <b>154</b><br />
<br />
<b>Warning</b>:  file_put_contents(C:\xampp\htdocs\Medical_E-CARD\admin\amr\cache\mask_7\mask_21_7.dat): failed to open stream: No such file or directory in <b>C:\xampp\htdocs\Medical_E-CARD\admin\amr\qrmask.php</b> on line <b>155</b><br />
2016-12-01 08:35:20: <br />
<b>Warning</b>:  file_put_contents(C:\xampp\htdocs\Medical_E-CARD\admin\amr\cache\frame_1.dat): failed to open stream: No such file or directory in <b>C:\xampp\htdocs\Medical_E-CARD\admin\amr\qrspec.php</b> on line <b>568</b><br />
<br />
<b>Warning</b>:  mkdir(): No such file or directory in <b>C:\xampp\htdocs\Medical_E-CARD\admin\amr\qrmask.php</b> on line <b>154</b><br />
<br />
<b>Warning</b>:  file_put_contents(C:\xampp\htdocs\Medical_E-CARD\admin\amr\cache\mask_0\mask_21_0.dat): failed to open stream: No such file or directory in <b>C:\xampp\htdocs\Medical_E-CARD\admin\amr\qrmask.php</b> on line <b>155</b><br />
<br />
<b>Warning</b>:  mkdir(): No such file or directory in <b>C:\xampp\htdocs\Medical_E-CARD\admin\amr\qrmask.php</b> on line <b>154</b><br />
<br />
<b>Warning</b>:  file_put_contents(C:\xampp\htdocs\Medical_E-CARD\admin\amr\cache\mask_1\mask_21_1.dat): failed to open stream: No such file or directory in <b>C:\xampp\htdocs\Medical_E-CARD\admin\amr\qrmask.php</b> on line <b>155</b><br />
<br />
<b>Warning</b>:  mkdir(): No such file or directory in <b>C:\xampp\htdocs\Medical_E-CARD\admin\amr\qrmask.php</b> on line <b>154</b><br />
<br />
<b>Warning</b>:  file_put_contents(C:\xampp\htdocs\Medical_E-CARD\admin\amr\cache\mask_2\mask_21_2.dat): failed to open stream: No such file or directory in <b>C:\xampp\htdocs\Medical_E-CARD\admin\amr\qrmask.php</b> on line <b>155</b><br />
<br />
<b>Warning</b>:  mkdir(): No such file or directory in <b>C:\xampp\htdocs\Medical_E-CARD\admin\amr\qrmask.php</b> on line <b>154</b><br />
<br />
<b>Warning</b>:  file_put_contents(C:\xampp\htdocs\Medical_E-CARD\admin\amr\cache\mask_3\mask_21_3.dat): failed to open stream: No such file or directory in <b>C:\xampp\htdocs\Medical_E-CARD\admin\amr\qrmask.php</b> on line <b>155</b><br />
<br />
<b>Warning</b>:  mkdir(): No such file or directory in <b>C:\xampp\htdocs\Medical_E-CARD\admin\amr\qrmask.php</b> on line <b>154</b><br />
<br />
<b>Warning</b>:  file_put_contents(C:\xampp\htdocs\Medical_E-CARD\admin\amr\cache\mask_4\mask_21_4.dat): failed to open stream: No such file or directory in <b>C:\xampp\htdocs\Medical_E-CARD\admin\amr\qrmask.php</b> on line <b>155</b><br />
<br />
<b>Warning</b>:  mkdir(): No such file or directory in <b>C:\xampp\htdocs\Medical_E-CARD\admin\amr\qrmask.php</b> on line <b>154</b><br />
<br />
<b>Warning</b>:  file_put_contents(C:\xampp\htdocs\Medical_E-CARD\admin\amr\cache\mask_5\mask_21_5.dat): failed to open stream: No such file or directory in <b>C:\xampp\htdocs\Medical_E-CARD\admin\amr\qrmask.php</b> on line <b>155</b><br />
<br />
<b>Warning</b>:  mkdir(): No such file or directory in <b>C:\xampp\htdocs\Medical_E-CARD\admin\amr\qrmask.php</b> on line <b>154</b><br />
<br />
<b>Warning</b>:  file_put_contents(C:\xampp\htdocs\Medical_E-CARD\admin\amr\cache\mask_6\mask_21_6.dat): failed to open stream: No such file or directory in <b>C:\xampp\htdocs\Medical_E-CARD\admin\amr\qrmask.php</b> on line <b>155</b><br />
<br />
<b>Warning</b>:  mkdir(): No such file or directory in <b>C:\xampp\htdocs\Medical_E-CARD\admin\amr\qrmask.php</b> on line <b>154</b><br />
<br />
<b>Warning</b>:  file_put_contents(C:\xampp\htdocs\Medical_E-CARD\admin\amr\cache\mask_7\mask_21_7.dat): failed to open stream: No such file or directory in <b>C:\xampp\htdocs\Medical_E-CARD\admin\amr\qrmask.php</b> on line <b>155</b><br />
2016-12-01 08:35:39: <br />
<b>Warning</b>:  file_put_contents(C:\xampp\htdocs\Medical_E-CARD\admin\amr\cache\frame_1.dat): failed to open stream: No such file or directory in <b>C:\xampp\htdocs\Medical_E-CARD\admin\amr\qrspec.php</b> on line <b>568</b><br />
<br />
<b>Warning</b>:  mkdir(): No such file or directory in <b>C:\xampp\htdocs\Medical_E-CARD\admin\amr\qrmask.php</b> on line <b>154</b><br />
<br />
<b>Warning</b>:  file_put_contents(C:\xampp\htdocs\Medical_E-CARD\admin\amr\cache\mask_0\mask_21_0.dat): failed to open stream: No such file or directory in <b>C:\xampp\htdocs\Medical_E-CARD\admin\amr\qrmask.php</b> on line <b>155</b><br />
<br />
<b>Warning</b>:  mkdir(): No such file or directory in <b>C:\xampp\htdocs\Medical_E-CARD\admin\amr\qrmask.php</b> on line <b>154</b><br />
<br />
<b>Warning</b>:  file_put_contents(C:\xampp\htdocs\Medical_E-CARD\admin\amr\cache\mask_1\mask_21_1.dat): failed to open stream: No such file or directory in <b>C:\xampp\htdocs\Medical_E-CARD\admin\amr\qrmask.php</b> on line <b>155</b><br />
<br />
<b>Warning</b>:  mkdir(): No such file or directory in <b>C:\xampp\htdocs\Medical_E-CARD\admin\amr\qrmask.php</b> on line <b>154</b><br />
<br />
<b>Warning</b>:  file_put_contents(C:\xampp\htdocs\Medical_E-CARD\admin\amr\cache\mask_2\mask_21_2.dat): failed to open stream: No such file or directory in <b>C:\xampp\htdocs\Medical_E-CARD\admin\amr\qrmask.php</b> on line <b>155</b><br />
<br />
<b>Warning</b>:  mkdir(): No such file or directory in <b>C:\xampp\htdocs\Medical_E-CARD\admin\amr\qrmask.php</b> on line <b>154</b><br />
<br />
<b>Warning</b>:  file_put_contents(C:\xampp\htdocs\Medical_E-CARD\admin\amr\cache\mask_3\mask_21_3.dat): failed to open stream: No such file or directory in <b>C:\xampp\htdocs\Medical_E-CARD\admin\amr\qrmask.php</b> on line <b>155</b><br />
<br />
<b>Warning</b>:  mkdir(): No such file or directory in <b>C:\xampp\htdocs\Medical_E-CARD\admin\amr\qrmask.php</b> on line <b>154</b><br />
<br />
<b>Warning</b>:  file_put_contents(C:\xampp\htdocs\Medical_E-CARD\admin\amr\cache\mask_4\mask_21_4.dat): failed to open stream: No such file or directory in <b>C:\xampp\htdocs\Medical_E-CARD\admin\amr\qrmask.php</b> on line <b>155</b><br />
<br />
<b>Warning</b>:  mkdir(): No such file or directory in <b>C:\xampp\htdocs\Medical_E-CARD\admin\amr\qrmask.php</b> on line <b>154</b><br />
<br />
<b>Warning</b>:  file_put_contents(C:\xampp\htdocs\Medical_E-CARD\admin\amr\cache\mask_5\mask_21_5.dat): failed to open stream: No such file or directory in <b>C:\xampp\htdocs\Medical_E-CARD\admin\amr\qrmask.php</b> on line <b>155</b><br />
<br />
<b>Warning</b>:  mkdir(): No such file or directory in <b>C:\xampp\htdocs\Medical_E-CARD\admin\amr\qrmask.php</b> on line <b>154</b><br />
<br />
<b>Warning</b>:  file_put_contents(C:\xampp\htdocs\Medical_E-CARD\admin\amr\cache\mask_6\mask_21_6.dat): failed to open stream: No such file or directory in <b>C:\xampp\htdocs\Medical_E-CARD\admin\amr\qrmask.php</b> on line <b>155</b><br />
<br />
<b>Warning</b>:  mkdir(): No such file or directory in <b>C:\xampp\htdocs\Medical_E-CARD\admin\amr\qrmask.php</b> on line <b>154</b><br />
<br />
<b>Warning</b>:  file_put_contents(C:\xampp\htdocs\Medical_E-CARD\admin\amr\cache\mask_7\mask_21_7.dat): failed to open stream: No such file or directory in <b>C:\xampp\htdocs\Medical_E-CARD\admin\amr\qrmask.php</b> on line <b>155</b><br />
2016-12-01 08:35:44: <br />
<b>Warning</b>:  file_put_contents(C:\xampp\htdocs\Medical_E-CARD\admin\amr\cache\frame_1.dat): failed to open stream: No such file or directory in <b>C:\xampp\htdocs\Medical_E-CARD\admin\amr\qrspec.php</b> on line <b>568</b><br />
<br />
<b>Warning</b>:  mkdir(): No such file or directory in <b>C:\xampp\htdocs\Medical_E-CARD\admin\amr\qrmask.php</b> on line <b>154</b><br />
<br />
<b>Warning</b>:  file_put_contents(C:\xampp\htdocs\Medical_E-CARD\admin\amr\cache\mask_0\mask_21_0.dat): failed to open stream: No such file or directory in <b>C:\xampp\htdocs\Medical_E-CARD\admin\amr\qrmask.php</b> on line <b>155</b><br />
<br />
<b>Warning</b>:  mkdir(): No such file or directory in <b>C:\xampp\htdocs\Medical_E-CARD\admin\amr\qrmask.php</b> on line <b>154</b><br />
<br />
<b>Warning</b>:  file_put_contents(C:\xampp\htdocs\Medical_E-CARD\admin\amr\cache\mask_1\mask_21_1.dat): failed to open stream: No such file or directory in <b>C:\xampp\htdocs\Medical_E-CARD\admin\amr\qrmask.php</b> on line <b>155</b><br />
<br />
<b>Warning</b>:  mkdir(): No such file or directory in <b>C:\xampp\htdocs\Medical_E-CARD\admin\amr\qrmask.php</b> on line <b>154</b><br />
<br />
<b>Warning</b>:  file_put_contents(C:\xampp\htdocs\Medical_E-CARD\admin\amr\cache\mask_2\mask_21_2.dat): failed to open stream: No such file or directory in <b>C:\xampp\htdocs\Medical_E-CARD\admin\amr\qrmask.php</b> on line <b>155</b><br />
<br />
<b>Warning</b>:  mkdir(): No such file or directory in <b>C:\xampp\htdocs\Medical_E-CARD\admin\amr\qrmask.php</b> on line <b>154</b><br />
<br />
<b>Warning</b>:  file_put_contents(C:\xampp\htdocs\Medical_E-CARD\admin\amr\cache\mask_3\mask_21_3.dat): failed to open stream: No such file or directory in <b>C:\xampp\htdocs\Medical_E-CARD\admin\amr\qrmask.php</b> on line <b>155</b><br />
<br />
<b>Warning</b>:  mkdir(): No such file or directory in <b>C:\xampp\htdocs\Medical_E-CARD\admin\amr\qrmask.php</b> on line <b>154</b><br />
<br />
<b>Warning</b>:  file_put_contents(C:\xampp\htdocs\Medical_E-CARD\admin\amr\cache\mask_4\mask_21_4.dat): failed to open stream: No such file or directory in <b>C:\xampp\htdocs\Medical_E-CARD\admin\amr\qrmask.php</b> on line <b>155</b><br />
<br />
<b>Warning</b>:  mkdir(): No such file or directory in <b>C:\xampp\htdocs\Medical_E-CARD\admin\amr\qrmask.php</b> on line <b>154</b><br />
<br />
<b>Warning</b>:  file_put_contents(C:\xampp\htdocs\Medical_E-CARD\admin\amr\cache\mask_5\mask_21_5.dat): failed to open stream: No such file or directory in <b>C:\xampp\htdocs\Medical_E-CARD\admin\amr\qrmask.php</b> on line <b>155</b><br />
<br />
<b>Warning</b>:  mkdir(): No such file or directory in <b>C:\xampp\htdocs\Medical_E-CARD\admin\amr\qrmask.php</b> on line <b>154</b><br />
<br />
<b>Warning</b>:  file_put_contents(C:\xampp\htdocs\Medical_E-CARD\admin\amr\cache\mask_6\mask_21_6.dat): failed to open stream: No such file or directory in <b>C:\xampp\htdocs\Medical_E-CARD\admin\amr\qrmask.php</b> on line <b>155</b><br />
<br />
<b>Warning</b>:  mkdir(): No such file or directory in <b>C:\xampp\htdocs\Medical_E-CARD\admin\amr\qrmask.php</b> on line <b>154</b><br />
<br />
<b>Warning</b>:  file_put_contents(C:\xampp\htdocs\Medical_E-CARD\admin\amr\cache\mask_7\mask_21_7.dat): failed to open stream: No such file or directory in <b>C:\xampp\htdocs\Medical_E-CARD\admin\amr\qrmask.php</b> on line <b>155</b><br />
2016-12-01 08:36:00: <br />
<b>Warning</b>:  file_put_contents(C:\xampp\htdocs\Medical_E-CARD\admin\amr\cache\frame_1.dat): failed to open stream: No such file or directory in <b>C:\xampp\htdocs\Medical_E-CARD\admin\amr\qrspec.php</b> on line <b>568</b><br />
<br />
<b>Warning</b>:  mkdir(): No such file or directory in <b>C:\xampp\htdocs\Medical_E-CARD\admin\amr\qrmask.php</b> on line <b>154</b><br />
<br />
<b>Warning</b>:  file_put_contents(C:\xampp\htdocs\Medical_E-CARD\admin\amr\cache\mask_0\mask_21_0.dat): failed to open stream: No such file or directory in <b>C:\xampp\htdocs\Medical_E-CARD\admin\amr\qrmask.php</b> on line <b>155</b><br />
<br />
<b>Warning</b>:  mkdir(): No such file or directory in <b>C:\xampp\htdocs\Medical_E-CARD\admin\amr\qrmask.php</b> on line <b>154</b><br />
<br />
<b>Warning</b>:  file_put_contents(C:\xampp\htdocs\Medical_E-CARD\admin\amr\cache\mask_1\mask_21_1.dat): failed to open stream: No such file or directory in <b>C:\xampp\htdocs\Medical_E-CARD\admin\amr\qrmask.php</b> on line <b>155</b><br />
<br />
<b>Warning</b>:  mkdir(): No such file or directory in <b>C:\xampp\htdocs\Medical_E-CARD\admin\amr\qrmask.php</b> on line <b>154</b><br />
<br />
<b>Warning</b>:  file_put_contents(C:\xampp\htdocs\Medical_E-CARD\admin\amr\cache\mask_2\mask_21_2.dat): failed to open stream: No such file or directory in <b>C:\xampp\htdocs\Medical_E-CARD\admin\amr\qrmask.php</b> on line <b>155</b><br />
<br />
<b>Warning</b>:  mkdir(): No such file or directory in <b>C:\xampp\htdocs\Medical_E-CARD\admin\amr\qrmask.php</b> on line <b>154</b><br />
<br />
<b>Warning</b>:  file_put_contents(C:\xampp\htdocs\Medical_E-CARD\admin\amr\cache\mask_3\mask_21_3.dat): failed to open stream: No such file or directory in <b>C:\xampp\htdocs\Medical_E-CARD\admin\amr\qrmask.php</b> on line <b>155</b><br />
<br />
<b>Warning</b>:  mkdir(): No such file or directory in <b>C:\xampp\htdocs\Medical_E-CARD\admin\amr\qrmask.php</b> on line <b>154</b><br />
<br />
<b>Warning</b>:  file_put_contents(C:\xampp\htdocs\Medical_E-CARD\admin\amr\cache\mask_4\mask_21_4.dat): failed to open stream: No such file or directory in <b>C:\xampp\htdocs\Medical_E-CARD\admin\amr\qrmask.php</b> on line <b>155</b><br />
<br />
<b>Warning</b>:  mkdir(): No such file or directory in <b>C:\xampp\htdocs\Medical_E-CARD\admin\amr\qrmask.php</b> on line <b>154</b><br />
<br />
<b>Warning</b>:  file_put_contents(C:\xampp\htdocs\Medical_E-CARD\admin\amr\cache\mask_5\mask_21_5.dat): failed to open stream: No such file or directory in <b>C:\xampp\htdocs\Medical_E-CARD\admin\amr\qrmask.php</b> on line <b>155</b><br />
<br />
<b>Warning</b>:  mkdir(): No such file or directory in <b>C:\xampp\htdocs\Medical_E-CARD\admin\amr\qrmask.php</b> on line <b>154</b><br />
<br />
<b>Warning</b>:  file_put_contents(C:\xampp\htdocs\Medical_E-CARD\admin\amr\cache\mask_6\mask_21_6.dat): failed to open stream: No such file or directory in <b>C:\xampp\htdocs\Medical_E-CARD\admin\amr\qrmask.php</b> on line <b>155</b><br />
<br />
<b>Warning</b>:  mkdir(): No such file or directory in <b>C:\xampp\htdocs\Medical_E-CARD\admin\amr\qrmask.php</b> on line <b>154</b><br />
<br />
<b>Warning</b>:  file_put_contents(C:\xampp\htdocs\Medical_E-CARD\admin\amr\cache\mask_7\mask_21_7.dat): failed to open stream: No such file or directory in <b>C:\xampp\htdocs\Medical_E-CARD\admin\amr\qrmask.php</b> on line <b>155</b><br />
2016-12-01 08:36:13: <br />
<b>Warning</b>:  file_put_contents(C:\xampp\htdocs\Medical_E-CARD\admin\amr\cache\frame_1.dat): failed to open stream: No such file or directory in <b>C:\xampp\htdocs\Medical_E-CARD\admin\amr\qrspec.php</b> on line <b>568</b><br />
<br />
<b>Warning</b>:  mkdir(): No such file or directory in <b>C:\xampp\htdocs\Medical_E-CARD\admin\amr\qrmask.php</b> on line <b>154</b><br />
<br />
<b>Warning</b>:  file_put_contents(C:\xampp\htdocs\Medical_E-CARD\admin\amr\cache\mask_0\mask_21_0.dat): failed to open stream: No such file or directory in <b>C:\xampp\htdocs\Medical_E-CARD\admin\amr\qrmask.php</b> on line <b>155</b><br />
<br />
<b>Warning</b>:  mkdir(): No such file or directory in <b>C:\xampp\htdocs\Medical_E-CARD\admin\amr\qrmask.php</b> on line <b>154</b><br />
<br />
<b>Warning</b>:  file_put_contents(C:\xampp\htdocs\Medical_E-CARD\admin\amr\cache\mask_1\mask_21_1.dat): failed to open stream: No such file or directory in <b>C:\xampp\htdocs\Medical_E-CARD\admin\amr\qrmask.php</b> on line <b>155</b><br />
<br />
<b>Warning</b>:  mkdir(): No such file or directory in <b>C:\xampp\htdocs\Medical_E-CARD\admin\amr\qrmask.php</b> on line <b>154</b><br />
<br />
<b>Warning</b>:  file_put_contents(C:\xampp\htdocs\Medical_E-CARD\admin\amr\cache\mask_2\mask_21_2.dat): failed to open stream: No such file or directory in <b>C:\xampp\htdocs\Medical_E-CARD\admin\amr\qrmask.php</b> on line <b>155</b><br />
<br />
<b>Warning</b>:  mkdir(): No such file or directory in <b>C:\xampp\htdocs\Medical_E-CARD\admin\amr\qrmask.php</b> on line <b>154</b><br />
<br />
<b>Warning</b>:  file_put_contents(C:\xampp\htdocs\Medical_E-CARD\admin\amr\cache\mask_3\mask_21_3.dat): failed to open stream: No such file or directory in <b>C:\xampp\htdocs\Medical_E-CARD\admin\amr\qrmask.php</b> on line <b>155</b><br />
<br />
<b>Warning</b>:  mkdir(): No such file or directory in <b>C:\xampp\htdocs\Medical_E-CARD\admin\amr\qrmask.php</b> on line <b>154</b><br />
<br />
<b>Warning</b>:  file_put_contents(C:\xampp\htdocs\Medical_E-CARD\admin\amr\cache\mask_4\mask_21_4.dat): failed to open stream: No such file or directory in <b>C:\xampp\htdocs\Medical_E-CARD\admin\amr\qrmask.php</b> on line <b>155</b><br />
<br />
<b>Warning</b>:  mkdir(): No such file or directory in <b>C:\xampp\htdocs\Medical_E-CARD\admin\amr\qrmask.php</b> on line <b>154</b><br />
<br />
<b>Warning</b>:  file_put_contents(C:\xampp\htdocs\Medical_E-CARD\admin\amr\cache\mask_5\mask_21_5.dat): failed to open stream: No such file or directory in <b>C:\xampp\htdocs\Medical_E-CARD\admin\amr\qrmask.php</b> on line <b>155</b><br />
<br />
<b>Warning</b>:  mkdir(): No such file or directory in <b>C:\xampp\htdocs\Medical_E-CARD\admin\amr\qrmask.php</b> on line <b>154</b><br />
<br />
<b>Warning</b>:  file_put_contents(C:\xampp\htdocs\Medical_E-CARD\admin\amr\cache\mask_6\mask_21_6.dat): failed to open stream: No such file or directory in <b>C:\xampp\htdocs\Medical_E-CARD\admin\amr\qrmask.php</b> on line <b>155</b><br />
<br />
<b>Warning</b>:  mkdir(): No such file or directory in <b>C:\xampp\htdocs\Medical_E-CARD\admin\amr\qrmask.php</b> on line <b>154</b><br />
<br />
<b>Warning</b>:  file_put_contents(C:\xampp\htdocs\Medical_E-CARD\admin\amr\cache\mask_7\mask_21_7.dat): failed to open stream: No such file or directory in <b>C:\xampp\htdocs\Medical_E-CARD\admin\amr\qrmask.php</b> on line <b>155</b><br />
2017-01-01 20:22:33: <br />
<b>Warning</b>:  file_put_contents(C:\xampp\htdocs\Medical_E-CARD\admin\amr\cache\frame_1.dat): failed to open stream: No such file or directory in <b>C:\xampp\htdocs\Medical_E-CARD\admin\amr\qrspec.php</b> on line <b>568</b><br />
<br />
<b>Warning</b>:  mkdir(): No such file or directory in <b>C:\xampp\htdocs\Medical_E-CARD\admin\amr\qrmask.php</b> on line <b>154</b><br />
<br />
<b>Warning</b>:  file_put_contents(C:\xampp\htdocs\Medical_E-CARD\admin\amr\cache\mask_0\mask_21_0.dat): failed to open stream: No such file or directory in <b>C:\xampp\htdocs\Medical_E-CARD\admin\amr\qrmask.php</b> on line <b>155</b><br />
<br />
<b>Warning</b>:  mkdir(): No such file or directory in <b>C:\xampp\htdocs\Medical_E-CARD\admin\amr\qrmask.php</b> on line <b>154</b><br />
<br />
<b>Warning</b>:  file_put_contents(C:\xampp\htdocs\Medical_E-CARD\admin\amr\cache\mask_1\mask_21_1.dat): failed to open stream: No such file or directory in <b>C:\xampp\htdocs\Medical_E-CARD\admin\amr\qrmask.php</b> on line <b>155</b><br />
<br />
<b>Warning</b>:  mkdir(): No such file or directory in <b>C:\xampp\htdocs\Medical_E-CARD\admin\amr\qrmask.php</b> on line <b>154</b><br />
<br />
<b>Warning</b>:  file_put_contents(C:\xampp\htdocs\Medical_E-CARD\admin\amr\cache\mask_2\mask_21_2.dat): failed to open stream: No such file or directory in <b>C:\xampp\htdocs\Medical_E-CARD\admin\amr\qrmask.php</b> on line <b>155</b><br />
<br />
<b>Warning</b>:  mkdir(): No such file or directory in <b>C:\xampp\htdocs\Medical_E-CARD\admin\amr\qrmask.php</b> on line <b>154</b><br />
<br />
<b>Warning</b>:  file_put_contents(C:\xampp\htdocs\Medical_E-CARD\admin\amr\cache\mask_3\mask_21_3.dat): failed to open stream: No such file or directory in <b>C:\xampp\htdocs\Medical_E-CARD\admin\amr\qrmask.php</b> on line <b>155</b><br />
<br />
<b>Warning</b>:  mkdir(): No such file or directory in <b>C:\xampp\htdocs\Medical_E-CARD\admin\amr\qrmask.php</b> on line <b>154</b><br />
<br />
<b>Warning</b>:  file_put_contents(C:\xampp\htdocs\Medical_E-CARD\admin\amr\cache\mask_4\mask_21_4.dat): failed to open stream: No such file or directory in <b>C:\xampp\htdocs\Medical_E-CARD\admin\amr\qrmask.php</b> on line <b>155</b><br />
<br />
<b>Warning</b>:  mkdir(): No such file or directory in <b>C:\xampp\htdocs\Medical_E-CARD\admin\amr\qrmask.php</b> on line <b>154</b><br />
<br />
<b>Warning</b>:  file_put_contents(C:\xampp\htdocs\Medical_E-CARD\admin\amr\cache\mask_5\mask_21_5.dat): failed to open stream: No such file or directory in <b>C:\xampp\htdocs\Medical_E-CARD\admin\amr\qrmask.php</b> on line <b>155</b><br />
<br />
<b>Warning</b>:  mkdir(): No such file or directory in <b>C:\xampp\htdocs\Medical_E-CARD\admin\amr\qrmask.php</b> on line <b>154</b><br />
<br />
<b>Warning</b>:  file_put_contents(C:\xampp\htdocs\Medical_E-CARD\admin\amr\cache\mask_6\mask_21_6.dat): failed to open stream: No such file or directory in <b>C:\xampp\htdocs\Medical_E-CARD\admin\amr\qrmask.php</b> on line <b>155</b><br />
<br />
<b>Warning</b>:  mkdir(): No such file or directory in <b>C:\xampp\htdocs\Medical_E-CARD\admin\amr\qrmask.php</b> on line <b>154</b><br />
<br />
<b>Warning</b>:  file_put_contents(C:\xampp\htdocs\Medical_E-CARD\admin\amr\cache\mask_7\mask_21_7.dat): failed to open stream: No such file or directory in <b>C:\xampp\htdocs\Medical_E-CARD\admin\amr\qrmask.php</b> on line <b>155</b><br />
2017-01-07 22:23:54: <br />
<b>Warning</b>:  file_put_contents(C:\xampp\htdocs\Medical_E-CARD\admin\amr\cache\frame_1.dat): failed to open stream: No such file or directory in <b>C:\xampp\htdocs\Medical_E-CARD\admin\amr\qrspec.php</b> on line <b>568</b><br />
<br />
<b>Warning</b>:  mkdir(): No such file or directory in <b>C:\xampp\htdocs\Medical_E-CARD\admin\amr\qrmask.php</b> on line <b>154</b><br />
<br />
<b>Warning</b>:  file_put_contents(C:\xampp\htdocs\Medical_E-CARD\admin\amr\cache\mask_0\mask_21_0.dat): failed to open stream: No such file or directory in <b>C:\xampp\htdocs\Medical_E-CARD\admin\amr\qrmask.php</b> on line <b>155</b><br />
<br />
<b>Warning</b>:  mkdir(): No such file or directory in <b>C:\xampp\htdocs\Medical_E-CARD\admin\amr\qrmask.php</b> on line <b>154</b><br />
<br />
<b>Warning</b>:  file_put_contents(C:\xampp\htdocs\Medical_E-CARD\admin\amr\cache\mask_1\mask_21_1.dat): failed to open stream: No such file or directory in <b>C:\xampp\htdocs\Medical_E-CARD\admin\amr\qrmask.php</b> on line <b>155</b><br />
<br />
<b>Warning</b>:  mkdir(): No such file or directory in <b>C:\xampp\htdocs\Medical_E-CARD\admin\amr\qrmask.php</b> on line <b>154</b><br />
<br />
<b>Warning</b>:  file_put_contents(C:\xampp\htdocs\Medical_E-CARD\admin\amr\cache\mask_2\mask_21_2.dat): failed to open stream: No such file or directory in <b>C:\xampp\htdocs\Medical_E-CARD\admin\amr\qrmask.php</b> on line <b>155</b><br />
<br />
<b>Warning</b>:  mkdir(): No such file or directory in <b>C:\xampp\htdocs\Medical_E-CARD\admin\amr\qrmask.php</b> on line <b>154</b><br />
<br />
<b>Warning</b>:  file_put_contents(C:\xampp\htdocs\Medical_E-CARD\admin\amr\cache\mask_3\mask_21_3.dat): failed to open stream: No such file or directory in <b>C:\xampp\htdocs\Medical_E-CARD\admin\amr\qrmask.php</b> on line <b>155</b><br />
<br />
<b>Warning</b>:  mkdir(): No such file or directory in <b>C:\xampp\htdocs\Medical_E-CARD\admin\amr\qrmask.php</b> on line <b>154</b><br />
<br />
<b>Warning</b>:  file_put_contents(C:\xampp\htdocs\Medical_E-CARD\admin\amr\cache\mask_4\mask_21_4.dat): failed to open stream: No such file or directory in <b>C:\xampp\htdocs\Medical_E-CARD\admin\amr\qrmask.php</b> on line <b>155</b><br />
<br />
<b>Warning</b>:  mkdir(): No such file or directory in <b>C:\xampp\htdocs\Medical_E-CARD\admin\amr\qrmask.php</b> on line <b>154</b><br />
<br />
<b>Warning</b>:  file_put_contents(C:\xampp\htdocs\Medical_E-CARD\admin\amr\cache\mask_5\mask_21_5.dat): failed to open stream: No such file or directory in <b>C:\xampp\htdocs\Medical_E-CARD\admin\amr\qrmask.php</b> on line <b>155</b><br />
<br />
<b>Warning</b>:  mkdir(): No such file or directory in <b>C:\xampp\htdocs\Medical_E-CARD\admin\amr\qrmask.php</b> on line <b>154</b><br />
<br />
<b>Warning</b>:  file_put_contents(C:\xampp\htdocs\Medical_E-CARD\admin\amr\cache\mask_6\mask_21_6.dat): failed to open stream: No such file or directory in <b>C:\xampp\htdocs\Medical_E-CARD\admin\amr\qrmask.php</b> on line <b>155</b><br />
<br />
<b>Warning</b>:  mkdir(): No such file or directory in <b>C:\xampp\htdocs\Medical_E-CARD\admin\amr\qrmask.php</b> on line <b>154</b><br />
<br />
<b>Warning</b>:  file_put_contents(C:\xampp\htdocs\Medical_E-CARD\admin\amr\cache\mask_7\mask_21_7.dat): failed to open stream: No such file or directory in <b>C:\xampp\htdocs\Medical_E-CARD\admin\amr\qrmask.php</b> on line <b>155</b><br />
2017-01-07 22:24:10: <br />
<b>Warning</b>:  file_put_contents(C:\xampp\htdocs\Medical_E-CARD\admin\amr\cache\frame_1.dat): failed to open stream: No such file or directory in <b>C:\xampp\htdocs\Medical_E-CARD\admin\amr\qrspec.php</b> on line <b>568</b><br />
<br />
<b>Warning</b>:  mkdir(): No such file or directory in <b>C:\xampp\htdocs\Medical_E-CARD\admin\amr\qrmask.php</b> on line <b>154</b><br />
<br />
<b>Warning</b>:  file_put_contents(C:\xampp\htdocs\Medical_E-CARD\admin\amr\cache\mask_0\mask_21_0.dat): failed to open stream: No such file or directory in <b>C:\xampp\htdocs\Medical_E-CARD\admin\amr\qrmask.php</b> on line <b>155</b><br />
<br />
<b>Warning</b>:  mkdir(): No such file or directory in <b>C:\xampp\htdocs\Medical_E-CARD\admin\amr\qrmask.php</b> on line <b>154</b><br />
<br />
<b>Warning</b>:  file_put_contents(C:\xampp\htdocs\Medical_E-CARD\admin\amr\cache\mask_1\mask_21_1.dat): failed to open stream: No such file or directory in <b>C:\xampp\htdocs\Medical_E-CARD\admin\amr\qrmask.php</b> on line <b>155</b><br />
<br />
<b>Warning</b>:  mkdir(): No such file or directory in <b>C:\xampp\htdocs\Medical_E-CARD\admin\amr\qrmask.php</b> on line <b>154</b><br />
<br />
<b>Warning</b>:  file_put_contents(C:\xampp\htdocs\Medical_E-CARD\admin\amr\cache\mask_2\mask_21_2.dat): failed to open stream: No such file or directory in <b>C:\xampp\htdocs\Medical_E-CARD\admin\amr\qrmask.php</b> on line <b>155</b><br />
<br />
<b>Warning</b>:  mkdir(): No such file or directory in <b>C:\xampp\htdocs\Medical_E-CARD\admin\amr\qrmask.php</b> on line <b>154</b><br />
<br />
<b>Warning</b>:  file_put_contents(C:\xampp\htdocs\Medical_E-CARD\admin\amr\cache\mask_3\mask_21_3.dat): failed to open stream: No such file or directory in <b>C:\xampp\htdocs\Medical_E-CARD\admin\amr\qrmask.php</b> on line <b>155</b><br />
<br />
<b>Warning</b>:  mkdir(): No such file or directory in <b>C:\xampp\htdocs\Medical_E-CARD\admin\amr\qrmask.php</b> on line <b>154</b><br />
<br />
<b>Warning</b>:  file_put_contents(C:\xampp\htdocs\Medical_E-CARD\admin\amr\cache\mask_4\mask_21_4.dat): failed to open stream: No such file or directory in <b>C:\xampp\htdocs\Medical_E-CARD\admin\amr\qrmask.php</b> on line <b>155</b><br />
<br />
<b>Warning</b>:  mkdir(): No such file or directory in <b>C:\xampp\htdocs\Medical_E-CARD\admin\amr\qrmask.php</b> on line <b>154</b><br />
<br />
<b>Warning</b>:  file_put_contents(C:\xampp\htdocs\Medical_E-CARD\admin\amr\cache\mask_5\mask_21_5.dat): failed to open stream: No such file or directory in <b>C:\xampp\htdocs\Medical_E-CARD\admin\amr\qrmask.php</b> on line <b>155</b><br />
<br />
<b>Warning</b>:  mkdir(): No such file or directory in <b>C:\xampp\htdocs\Medical_E-CARD\admin\amr\qrmask.php</b> on line <b>154</b><br />
<br />
<b>Warning</b>:  file_put_contents(C:\xampp\htdocs\Medical_E-CARD\admin\amr\cache\mask_6\mask_21_6.dat): failed to open stream: No such file or directory in <b>C:\xampp\htdocs\Medical_E-CARD\admin\amr\qrmask.php</b> on line <b>155</b><br />
<br />
<b>Warning</b>:  mkdir(): No such file or directory in <b>C:\xampp\htdocs\Medical_E-CARD\admin\amr\qrmask.php</b> on line <b>154</b><br />
<br />
<b>Warning</b>:  file_put_contents(C:\xampp\htdocs\Medical_E-CARD\admin\amr\cache\mask_7\mask_21_7.dat): failed to open stream: No such file or directory in <b>C:\xampp\htdocs\Medical_E-CARD\admin\amr\qrmask.php</b> on line <b>155</b><br />
2017-01-07 22:24:16: <br />
<b>Warning</b>:  file_put_contents(C:\xampp\htdocs\Medical_E-CARD\admin\amr\cache\frame_1.dat): failed to open stream: No such file or directory in <b>C:\xampp\htdocs\Medical_E-CARD\admin\amr\qrspec.php</b> on line <b>568</b><br />
<br />
<b>Warning</b>:  mkdir(): No such file or directory in <b>C:\xampp\htdocs\Medical_E-CARD\admin\amr\qrmask.php</b> on line <b>154</b><br />
<br />
<b>Warning</b>:  file_put_contents(C:\xampp\htdocs\Medical_E-CARD\admin\amr\cache\mask_0\mask_21_0.dat): failed to open stream: No such file or directory in <b>C:\xampp\htdocs\Medical_E-CARD\admin\amr\qrmask.php</b> on line <b>155</b><br />
<br />
<b>Warning</b>:  mkdir(): No such file or directory in <b>C:\xampp\htdocs\Medical_E-CARD\admin\amr\qrmask.php</b> on line <b>154</b><br />
<br />
<b>Warning</b>:  file_put_contents(C:\xampp\htdocs\Medical_E-CARD\admin\amr\cache\mask_1\mask_21_1.dat): failed to open stream: No such file or directory in <b>C:\xampp\htdocs\Medical_E-CARD\admin\amr\qrmask.php</b> on line <b>155</b><br />
<br />
<b>Warning</b>:  mkdir(): No such file or directory in <b>C:\xampp\htdocs\Medical_E-CARD\admin\amr\qrmask.php</b> on line <b>154</b><br />
<br />
<b>Warning</b>:  file_put_contents(C:\xampp\htdocs\Medical_E-CARD\admin\amr\cache\mask_2\mask_21_2.dat): failed to open stream: No such file or directory in <b>C:\xampp\htdocs\Medical_E-CARD\admin\amr\qrmask.php</b> on line <b>155</b><br />
<br />
<b>Warning</b>:  mkdir(): No such file or directory in <b>C:\xampp\htdocs\Medical_E-CARD\admin\amr\qrmask.php</b> on line <b>154</b><br />
<br />
<b>Warning</b>:  file_put_contents(C:\xampp\htdocs\Medical_E-CARD\admin\amr\cache\mask_3\mask_21_3.dat): failed to open stream: No such file or directory in <b>C:\xampp\htdocs\Medical_E-CARD\admin\amr\qrmask.php</b> on line <b>155</b><br />
<br />
<b>Warning</b>:  mkdir(): No such file or directory in <b>C:\xampp\htdocs\Medical_E-CARD\admin\amr\qrmask.php</b> on line <b>154</b><br />
<br />
<b>Warning</b>:  file_put_contents(C:\xampp\htdocs\Medical_E-CARD\admin\amr\cache\mask_4\mask_21_4.dat): failed to open stream: No such file or directory in <b>C:\xampp\htdocs\Medical_E-CARD\admin\amr\qrmask.php</b> on line <b>155</b><br />
<br />
<b>Warning</b>:  mkdir(): No such file or directory in <b>C:\xampp\htdocs\Medical_E-CARD\admin\amr\qrmask.php</b> on line <b>154</b><br />
<br />
<b>Warning</b>:  file_put_contents(C:\xampp\htdocs\Medical_E-CARD\admin\amr\cache\mask_5\mask_21_5.dat): failed to open stream: No such file or directory in <b>C:\xampp\htdocs\Medical_E-CARD\admin\amr\qrmask.php</b> on line <b>155</b><br />
<br />
<b>Warning</b>:  mkdir(): No such file or directory in <b>C:\xampp\htdocs\Medical_E-CARD\admin\amr\qrmask.php</b> on line <b>154</b><br />
<br />
<b>Warning</b>:  file_put_contents(C:\xampp\htdocs\Medical_E-CARD\admin\amr\cache\mask_6\mask_21_6.dat): failed to open stream: No such file or directory in <b>C:\xampp\htdocs\Medical_E-CARD\admin\amr\qrmask.php</b> on line <b>155</b><br />
<br />
<b>Warning</b>:  mkdir(): No such file or directory in <b>C:\xampp\htdocs\Medical_E-CARD\admin\amr\qrmask.php</b> on line <b>154</b><br />
<br />
<b>Warning</b>:  file_put_contents(C:\xampp\htdocs\Medical_E-CARD\admin\amr\cache\mask_7\mask_21_7.dat): failed to open stream: No such file or directory in <b>C:\xampp\htdocs\Medical_E-CARD\admin\amr\qrmask.php</b> on line <b>155</b><br />
2017-01-13 19:55:41: <br />
<b>Warning</b>:  file_put_contents(C:\xampp\htdocs\Medical_E-CARD\admin\amr\cache\frame_1.dat): failed to open stream: No such file or directory in <b>C:\xampp\htdocs\Medical_E-CARD\admin\amr\qrspec.php</b> on line <b>568</b><br />
<br />
<b>Warning</b>:  mkdir(): No such file or directory in <b>C:\xampp\htdocs\Medical_E-CARD\admin\amr\qrmask.php</b> on line <b>154</b><br />
<br />
<b>Warning</b>:  file_put_contents(C:\xampp\htdocs\Medical_E-CARD\admin\amr\cache\mask_0\mask_21_0.dat): failed to open stream: No such file or directory in <b>C:\xampp\htdocs\Medical_E-CARD\admin\amr\qrmask.php</b> on line <b>155</b><br />
<br />
<b>Warning</b>:  mkdir(): No such file or directory in <b>C:\xampp\htdocs\Medical_E-CARD\admin\amr\qrmask.php</b> on line <b>154</b><br />
<br />
<b>Warning</b>:  file_put_contents(C:\xampp\htdocs\Medical_E-CARD\admin\amr\cache\mask_1\mask_21_1.dat): failed to open stream: No such file or directory in <b>C:\xampp\htdocs\Medical_E-CARD\admin\amr\qrmask.php</b> on line <b>155</b><br />
<br />
<b>Warning</b>:  mkdir(): No such file or directory in <b>C:\xampp\htdocs\Medical_E-CARD\admin\amr\qrmask.php</b> on line <b>154</b><br />
<br />
<b>Warning</b>:  file_put_contents(C:\xampp\htdocs\Medical_E-CARD\admin\amr\cache\mask_2\mask_21_2.dat): failed to open stream: No such file or directory in <b>C:\xampp\htdocs\Medical_E-CARD\admin\amr\qrmask.php</b> on line <b>155</b><br />
<br />
<b>Warning</b>:  mkdir(): No such file or directory in <b>C:\xampp\htdocs\Medical_E-CARD\admin\amr\qrmask.php</b> on line <b>154</b><br />
<br />
<b>Warning</b>:  file_put_contents(C:\xampp\htdocs\Medical_E-CARD\admin\amr\cache\mask_3\mask_21_3.dat): failed to open stream: No such file or directory in <b>C:\xampp\htdocs\Medical_E-CARD\admin\amr\qrmask.php</b> on line <b>155</b><br />
<br />
<b>Warning</b>:  mkdir(): No such file or directory in <b>C:\xampp\htdocs\Medical_E-CARD\admin\amr\qrmask.php</b> on line <b>154</b><br />
<br />
<b>Warning</b>:  file_put_contents(C:\xampp\htdocs\Medical_E-CARD\admin\amr\cache\mask_4\mask_21_4.dat): failed to open stream: No such file or directory in <b>C:\xampp\htdocs\Medical_E-CARD\admin\amr\qrmask.php</b> on line <b>155</b><br />
<br />
<b>Warning</b>:  mkdir(): No such file or directory in <b>C:\xampp\htdocs\Medical_E-CARD\admin\amr\qrmask.php</b> on line <b>154</b><br />
<br />
<b>Warning</b>:  file_put_contents(C:\xampp\htdocs\Medical_E-CARD\admin\amr\cache\mask_5\mask_21_5.dat): failed to open stream: No such file or directory in <b>C:\xampp\htdocs\Medical_E-CARD\admin\amr\qrmask.php</b> on line <b>155</b><br />
<br />
<b>Warning</b>:  mkdir(): No such file or directory in <b>C:\xampp\htdocs\Medical_E-CARD\admin\amr\qrmask.php</b> on line <b>154</b><br />
<br />
<b>Warning</b>:  file_put_contents(C:\xampp\htdocs\Medical_E-CARD\admin\amr\cache\mask_6\mask_21_6.dat): failed to open stream: No such file or directory in <b>C:\xampp\htdocs\Medical_E-CARD\admin\amr\qrmask.php</b> on line <b>155</b><br />
<br />
<b>Warning</b>:  mkdir(): No such file or directory in <b>C:\xampp\htdocs\Medical_E-CARD\admin\amr\qrmask.php</b> on line <b>154</b><br />
<br />
<b>Warning</b>:  file_put_contents(C:\xampp\htdocs\Medical_E-CARD\admin\amr\cache\mask_7\mask_21_7.dat): failed to open stream: No such file or directory in <b>C:\xampp\htdocs\Medical_E-CARD\admin\amr\qrmask.php</b> on line <b>155</b><br />
2017-01-13 19:55:47: <br />
<b>Warning</b>:  file_put_contents(C:\xampp\htdocs\Medical_E-CARD\admin\amr\cache\frame_1.dat): failed to open stream: No such file or directory in <b>C:\xampp\htdocs\Medical_E-CARD\admin\amr\qrspec.php</b> on line <b>568</b><br />
<br />
<b>Warning</b>:  mkdir(): No such file or directory in <b>C:\xampp\htdocs\Medical_E-CARD\admin\amr\qrmask.php</b> on line <b>154</b><br />
<br />
<b>Warning</b>:  file_put_contents(C:\xampp\htdocs\Medical_E-CARD\admin\amr\cache\mask_0\mask_21_0.dat): failed to open stream: No such file or directory in <b>C:\xampp\htdocs\Medical_E-CARD\admin\amr\qrmask.php</b> on line <b>155</b><br />
<br />
<b>Warning</b>:  mkdir(): No such file or directory in <b>C:\xampp\htdocs\Medical_E-CARD\admin\amr\qrmask.php</b> on line <b>154</b><br />
<br />
<b>Warning</b>:  file_put_contents(C:\xampp\htdocs\Medical_E-CARD\admin\amr\cache\mask_1\mask_21_1.dat): failed to open stream: No such file or directory in <b>C:\xampp\htdocs\Medical_E-CARD\admin\amr\qrmask.php</b> on line <b>155</b><br />
<br />
<b>Warning</b>:  mkdir(): No such file or directory in <b>C:\xampp\htdocs\Medical_E-CARD\admin\amr\qrmask.php</b> on line <b>154</b><br />
<br />
<b>Warning</b>:  file_put_contents(C:\xampp\htdocs\Medical_E-CARD\admin\amr\cache\mask_2\mask_21_2.dat): failed to open stream: No such file or directory in <b>C:\xampp\htdocs\Medical_E-CARD\admin\amr\qrmask.php</b> on line <b>155</b><br />
<br />
<b>Warning</b>:  mkdir(): No such file or directory in <b>C:\xampp\htdocs\Medical_E-CARD\admin\amr\qrmask.php</b> on line <b>154</b><br />
<br />
<b>Warning</b>:  file_put_contents(C:\xampp\htdocs\Medical_E-CARD\admin\amr\cache\mask_3\mask_21_3.dat): failed to open stream: No such file or directory in <b>C:\xampp\htdocs\Medical_E-CARD\admin\amr\qrmask.php</b> on line <b>155</b><br />
<br />
<b>Warning</b>:  mkdir(): No such file or directory in <b>C:\xampp\htdocs\Medical_E-CARD\admin\amr\qrmask.php</b> on line <b>154</b><br />
<br />
<b>Warning</b>:  file_put_contents(C:\xampp\htdocs\Medical_E-CARD\admin\amr\cache\mask_4\mask_21_4.dat): failed to open stream: No such file or directory in <b>C:\xampp\htdocs\Medical_E-CARD\admin\amr\qrmask.php</b> on line <b>155</b><br />
<br />
<b>Warning</b>:  mkdir(): No such file or directory in <b>C:\xampp\htdocs\Medical_E-CARD\admin\amr\qrmask.php</b> on line <b>154</b><br />
<br />
<b>Warning</b>:  file_put_contents(C:\xampp\htdocs\Medical_E-CARD\admin\amr\cache\mask_5\mask_21_5.dat): failed to open stream: No such file or directory in <b>C:\xampp\htdocs\Medical_E-CARD\admin\amr\qrmask.php</b> on line <b>155</b><br />
<br />
<b>Warning</b>:  mkdir(): No such file or directory in <b>C:\xampp\htdocs\Medical_E-CARD\admin\amr\qrmask.php</b> on line <b>154</b><br />
<br />
<b>Warning</b>:  file_put_contents(C:\xampp\htdocs\Medical_E-CARD\admin\amr\cache\mask_6\mask_21_6.dat): failed to open stream: No such file or directory in <b>C:\xampp\htdocs\Medical_E-CARD\admin\amr\qrmask.php</b> on line <b>155</b><br />
<br />
<b>Warning</b>:  mkdir(): No such file or directory in <b>C:\xampp\htdocs\Medical_E-CARD\admin\amr\qrmask.php</b> on line <b>154</b><br />
<br />
<b>Warning</b>:  file_put_contents(C:\xampp\htdocs\Medical_E-CARD\admin\amr\cache\mask_7\mask_21_7.dat): failed to open stream: No such file or directory in <b>C:\xampp\htdocs\Medical_E-CARD\admin\amr\qrmask.php</b> on line <b>155</b><br />
2017-01-13 19:55:49: <br />
<b>Warning</b>:  file_put_contents(C:\xampp\htdocs\Medical_E-CARD\admin\amr\cache\frame_1.dat): failed to open stream: No such file or directory in <b>C:\xampp\htdocs\Medical_E-CARD\admin\amr\qrspec.php</b> on line <b>568</b><br />
<br />
<b>Warning</b>:  mkdir(): No such file or directory in <b>C:\xampp\htdocs\Medical_E-CARD\admin\amr\qrmask.php</b> on line <b>154</b><br />
<br />
<b>Warning</b>:  file_put_contents(C:\xampp\htdocs\Medical_E-CARD\admin\amr\cache\mask_0\mask_21_0.dat): failed to open stream: No such file or directory in <b>C:\xampp\htdocs\Medical_E-CARD\admin\amr\qrmask.php</b> on line <b>155</b><br />
<br />
<b>Warning</b>:  mkdir(): No such file or directory in <b>C:\xampp\htdocs\Medical_E-CARD\admin\amr\qrmask.php</b> on line <b>154</b><br />
<br />
<b>Warning</b>:  file_put_contents(C:\xampp\htdocs\Medical_E-CARD\admin\amr\cache\mask_1\mask_21_1.dat): failed to open stream: No such file or directory in <b>C:\xampp\htdocs\Medical_E-CARD\admin\amr\qrmask.php</b> on line <b>155</b><br />
<br />
<b>Warning</b>:  mkdir(): No such file or directory in <b>C:\xampp\htdocs\Medical_E-CARD\admin\amr\qrmask.php</b> on line <b>154</b><br />
<br />
<b>Warning</b>:  file_put_contents(C:\xampp\htdocs\Medical_E-CARD\admin\amr\cache\mask_2\mask_21_2.dat): failed to open stream: No such file or directory in <b>C:\xampp\htdocs\Medical_E-CARD\admin\amr\qrmask.php</b> on line <b>155</b><br />
<br />
<b>Warning</b>:  mkdir(): No such file or directory in <b>C:\xampp\htdocs\Medical_E-CARD\admin\amr\qrmask.php</b> on line <b>154</b><br />
<br />
<b>Warning</b>:  file_put_contents(C:\xampp\htdocs\Medical_E-CARD\admin\amr\cache\mask_3\mask_21_3.dat): failed to open stream: No such file or directory in <b>C:\xampp\htdocs\Medical_E-CARD\admin\amr\qrmask.php</b> on line <b>155</b><br />
<br />
<b>Warning</b>:  mkdir(): No such file or directory in <b>C:\xampp\htdocs\Medical_E-CARD\admin\amr\qrmask.php</b> on line <b>154</b><br />
<br />
<b>Warning</b>:  file_put_contents(C:\xampp\htdocs\Medical_E-CARD\admin\amr\cache\mask_4\mask_21_4.dat): failed to open stream: No such file or directory in <b>C:\xampp\htdocs\Medical_E-CARD\admin\amr\qrmask.php</b> on line <b>155</b><br />
<br />
<b>Warning</b>:  mkdir(): No such file or directory in <b>C:\xampp\htdocs\Medical_E-CARD\admin\amr\qrmask.php</b> on line <b>154</b><br />
<br />
<b>Warning</b>:  file_put_contents(C:\xampp\htdocs\Medical_E-CARD\admin\amr\cache\mask_5\mask_21_5.dat): failed to open stream: No such file or directory in <b>C:\xampp\htdocs\Medical_E-CARD\admin\amr\qrmask.php</b> on line <b>155</b><br />
<br />
<b>Warning</b>:  mkdir(): No such file or directory in <b>C:\xampp\htdocs\Medical_E-CARD\admin\amr\qrmask.php</b> on line <b>154</b><br />
<br />
<b>Warning</b>:  file_put_contents(C:\xampp\htdocs\Medical_E-CARD\admin\amr\cache\mask_6\mask_21_6.dat): failed to open stream: No such file or directory in <b>C:\xampp\htdocs\Medical_E-CARD\admin\amr\qrmask.php</b> on line <b>155</b><br />
<br />
<b>Warning</b>:  mkdir(): No such file or directory in <b>C:\xampp\htdocs\Medical_E-CARD\admin\amr\qrmask.php</b> on line <b>154</b><br />
<br />
<b>Warning</b>:  file_put_contents(C:\xampp\htdocs\Medical_E-CARD\admin\amr\cache\mask_7\mask_21_7.dat): failed to open stream: No such file or directory in <b>C:\xampp\htdocs\Medical_E-CARD\admin\amr\qrmask.php</b> on line <b>155</b><br />
2017-01-13 19:55:51: <br />
<b>Warning</b>:  file_put_contents(C:\xampp\htdocs\Medical_E-CARD\admin\amr\cache\frame_1.dat): failed to open stream: No such file or directory in <b>C:\xampp\htdocs\Medical_E-CARD\admin\amr\qrspec.php</b> on line <b>568</b><br />
<br />
<b>Warning</b>:  mkdir(): No such file or directory in <b>C:\xampp\htdocs\Medical_E-CARD\admin\amr\qrmask.php</b> on line <b>154</b><br />
<br />
<b>Warning</b>:  file_put_contents(C:\xampp\htdocs\Medical_E-CARD\admin\amr\cache\mask_0\mask_21_0.dat): failed to open stream: No such file or directory in <b>C:\xampp\htdocs\Medical_E-CARD\admin\amr\qrmask.php</b> on line <b>155</b><br />
<br />
<b>Warning</b>:  mkdir(): No such file or directory in <b>C:\xampp\htdocs\Medical_E-CARD\admin\amr\qrmask.php</b> on line <b>154</b><br />
<br />
<b>Warning</b>:  file_put_contents(C:\xampp\htdocs\Medical_E-CARD\admin\amr\cache\mask_1\mask_21_1.dat): failed to open stream: No such file or directory in <b>C:\xampp\htdocs\Medical_E-CARD\admin\amr\qrmask.php</b> on line <b>155</b><br />
<br />
<b>Warning</b>:  mkdir(): No such file or directory in <b>C:\xampp\htdocs\Medical_E-CARD\admin\amr\qrmask.php</b> on line <b>154</b><br />
<br />
<b>Warning</b>:  file_put_contents(C:\xampp\htdocs\Medical_E-CARD\admin\amr\cache\mask_2\mask_21_2.dat): failed to open stream: No such file or directory in <b>C:\xampp\htdocs\Medical_E-CARD\admin\amr\qrmask.php</b> on line <b>155</b><br />
<br />
<b>Warning</b>:  mkdir(): No such file or directory in <b>C:\xampp\htdocs\Medical_E-CARD\admin\amr\qrmask.php</b> on line <b>154</b><br />
<br />
<b>Warning</b>:  file_put_contents(C:\xampp\htdocs\Medical_E-CARD\admin\amr\cache\mask_3\mask_21_3.dat): failed to open stream: No such file or directory in <b>C:\xampp\htdocs\Medical_E-CARD\admin\amr\qrmask.php</b> on line <b>155</b><br />
<br />
<b>Warning</b>:  mkdir(): No such file or directory in <b>C:\xampp\htdocs\Medical_E-CARD\admin\amr\qrmask.php</b> on line <b>154</b><br />
<br />
<b>Warning</b>:  file_put_contents(C:\xampp\htdocs\Medical_E-CARD\admin\amr\cache\mask_4\mask_21_4.dat): failed to open stream: No such file or directory in <b>C:\xampp\htdocs\Medical_E-CARD\admin\amr\qrmask.php</b> on line <b>155</b><br />
<br />
<b>Warning</b>:  mkdir(): No such file or directory in <b>C:\xampp\htdocs\Medical_E-CARD\admin\amr\qrmask.php</b> on line <b>154</b><br />
<br />
<b>Warning</b>:  file_put_contents(C:\xampp\htdocs\Medical_E-CARD\admin\amr\cache\mask_5\mask_21_5.dat): failed to open stream: No such file or directory in <b>C:\xampp\htdocs\Medical_E-CARD\admin\amr\qrmask.php</b> on line <b>155</b><br />
<br />
<b>Warning</b>:  mkdir(): No such file or directory in <b>C:\xampp\htdocs\Medical_E-CARD\admin\amr\qrmask.php</b> on line <b>154</b><br />
<br />
<b>Warning</b>:  file_put_contents(C:\xampp\htdocs\Medical_E-CARD\admin\amr\cache\mask_6\mask_21_6.dat): failed to open stream: No such file or directory in <b>C:\xampp\htdocs\Medical_E-CARD\admin\amr\qrmask.php</b> on line <b>155</b><br />
<br />
<b>Warning</b>:  mkdir(): No such file or directory in <b>C:\xampp\htdocs\Medical_E-CARD\admin\amr\qrmask.php</b> on line <b>154</b><br />
<br />
<b>Warning</b>:  file_put_contents(C:\xampp\htdocs\Medical_E-CARD\admin\amr\cache\mask_7\mask_21_7.dat): failed to open stream: No such file or directory in <b>C:\xampp\htdocs\Medical_E-CARD\admin\amr\qrmask.php</b> on line <b>155</b><br />
2017-01-13 19:55:54: <br />
<b>Warning</b>:  file_put_contents(C:\xampp\htdocs\Medical_E-CARD\admin\amr\cache\frame_1.dat): failed to open stream: No such file or directory in <b>C:\xampp\htdocs\Medical_E-CARD\admin\amr\qrspec.php</b> on line <b>568</b><br />
<br />
<b>Warning</b>:  mkdir(): No such file or directory in <b>C:\xampp\htdocs\Medical_E-CARD\admin\amr\qrmask.php</b> on line <b>154</b><br />
<br />
<b>Warning</b>:  file_put_contents(C:\xampp\htdocs\Medical_E-CARD\admin\amr\cache\mask_0\mask_21_0.dat): failed to open stream: No such file or directory in <b>C:\xampp\htdocs\Medical_E-CARD\admin\amr\qrmask.php</b> on line <b>155</b><br />
<br />
<b>Warning</b>:  mkdir(): No such file or directory in <b>C:\xampp\htdocs\Medical_E-CARD\admin\amr\qrmask.php</b> on line <b>154</b><br />
<br />
<b>Warning</b>:  file_put_contents(C:\xampp\htdocs\Medical_E-CARD\admin\amr\cache\mask_1\mask_21_1.dat): failed to open stream: No such file or directory in <b>C:\xampp\htdocs\Medical_E-CARD\admin\amr\qrmask.php</b> on line <b>155</b><br />
<br />
<b>Warning</b>:  mkdir(): No such file or directory in <b>C:\xampp\htdocs\Medical_E-CARD\admin\amr\qrmask.php</b> on line <b>154</b><br />
<br />
<b>Warning</b>:  file_put_contents(C:\xampp\htdocs\Medical_E-CARD\admin\amr\cache\mask_2\mask_21_2.dat): failed to open stream: No such file or directory in <b>C:\xampp\htdocs\Medical_E-CARD\admin\amr\qrmask.php</b> on line <b>155</b><br />
<br />
<b>Warning</b>:  mkdir(): No such file or directory in <b>C:\xampp\htdocs\Medical_E-CARD\admin\amr\qrmask.php</b> on line <b>154</b><br />
<br />
<b>Warning</b>:  file_put_contents(C:\xampp\htdocs\Medical_E-CARD\admin\amr\cache\mask_3\mask_21_3.dat): failed to open stream: No such file or directory in <b>C:\xampp\htdocs\Medical_E-CARD\admin\amr\qrmask.php</b> on line <b>155</b><br />
<br />
<b>Warning</b>:  mkdir(): No such file or directory in <b>C:\xampp\htdocs\Medical_E-CARD\admin\amr\qrmask.php</b> on line <b>154</b><br />
<br />
<b>Warning</b>:  file_put_contents(C:\xampp\htdocs\Medical_E-CARD\admin\amr\cache\mask_4\mask_21_4.dat): failed to open stream: No such file or directory in <b>C:\xampp\htdocs\Medical_E-CARD\admin\amr\qrmask.php</b> on line <b>155</b><br />
<br />
<b>Warning</b>:  mkdir(): No such file or directory in <b>C:\xampp\htdocs\Medical_E-CARD\admin\amr\qrmask.php</b> on line <b>154</b><br />
<br />
<b>Warning</b>:  file_put_contents(C:\xampp\htdocs\Medical_E-CARD\admin\amr\cache\mask_5\mask_21_5.dat): failed to open stream: No such file or directory in <b>C:\xampp\htdocs\Medical_E-CARD\admin\amr\qrmask.php</b> on line <b>155</b><br />
<br />
<b>Warning</b>:  mkdir(): No such file or directory in <b>C:\xampp\htdocs\Medical_E-CARD\admin\amr\qrmask.php</b> on line <b>154</b><br />
<br />
<b>Warning</b>:  file_put_contents(C:\xampp\htdocs\Medical_E-CARD\admin\amr\cache\mask_6\mask_21_6.dat): failed to open stream: No such file or directory in <b>C:\xampp\htdocs\Medical_E-CARD\admin\amr\qrmask.php</b> on line <b>155</b><br />
<br />
<b>Warning</b>:  mkdir(): No such file or directory in <b>C:\xampp\htdocs\Medical_E-CARD\admin\amr\qrmask.php</b> on line <b>154</b><br />
<br />
<b>Warning</b>:  file_put_contents(C:\xampp\htdocs\Medical_E-CARD\admin\amr\cache\mask_7\mask_21_7.dat): failed to open stream: No such file or directory in <b>C:\xampp\htdocs\Medical_E-CARD\admin\amr\qrmask.php</b> on line <b>155</b><br />
2017-01-13 19:56:08: <br />
<b>Warning</b>:  file_put_contents(C:\xampp\htdocs\Medical_E-CARD\admin\amr\cache\frame_1.dat): failed to open stream: No such file or directory in <b>C:\xampp\htdocs\Medical_E-CARD\admin\amr\qrspec.php</b> on line <b>568</b><br />
<br />
<b>Warning</b>:  mkdir(): No such file or directory in <b>C:\xampp\htdocs\Medical_E-CARD\admin\amr\qrmask.php</b> on line <b>154</b><br />
<br />
<b>Warning</b>:  file_put_contents(C:\xampp\htdocs\Medical_E-CARD\admin\amr\cache\mask_0\mask_21_0.dat): failed to open stream: No such file or directory in <b>C:\xampp\htdocs\Medical_E-CARD\admin\amr\qrmask.php</b> on line <b>155</b><br />
<br />
<b>Warning</b>:  mkdir(): No such file or directory in <b>C:\xampp\htdocs\Medical_E-CARD\admin\amr\qrmask.php</b> on line <b>154</b><br />
<br />
<b>Warning</b>:  file_put_contents(C:\xampp\htdocs\Medical_E-CARD\admin\amr\cache\mask_1\mask_21_1.dat): failed to open stream: No such file or directory in <b>C:\xampp\htdocs\Medical_E-CARD\admin\amr\qrmask.php</b> on line <b>155</b><br />
<br />
<b>Warning</b>:  mkdir(): No such file or directory in <b>C:\xampp\htdocs\Medical_E-CARD\admin\amr\qrmask.php</b> on line <b>154</b><br />
<br />
<b>Warning</b>:  file_put_contents(C:\xampp\htdocs\Medical_E-CARD\admin\amr\cache\mask_2\mask_21_2.dat): failed to open stream: No such file or directory in <b>C:\xampp\htdocs\Medical_E-CARD\admin\amr\qrmask.php</b> on line <b>155</b><br />
<br />
<b>Warning</b>:  mkdir(): No such file or directory in <b>C:\xampp\htdocs\Medical_E-CARD\admin\amr\qrmask.php</b> on line <b>154</b><br />
<br />
<b>Warning</b>:  file_put_contents(C:\xampp\htdocs\Medical_E-CARD\admin\amr\cache\mask_3\mask_21_3.dat): failed to open stream: No such file or directory in <b>C:\xampp\htdocs\Medical_E-CARD\admin\amr\qrmask.php</b> on line <b>155</b><br />
<br />
<b>Warning</b>:  mkdir(): No such file or directory in <b>C:\xampp\htdocs\Medical_E-CARD\admin\amr\qrmask.php</b> on line <b>154</b><br />
<br />
<b>Warning</b>:  file_put_contents(C:\xampp\htdocs\Medical_E-CARD\admin\amr\cache\mask_4\mask_21_4.dat): failed to open stream: No such file or directory in <b>C:\xampp\htdocs\Medical_E-CARD\admin\amr\qrmask.php</b> on line <b>155</b><br />
<br />
<b>Warning</b>:  mkdir(): No such file or directory in <b>C:\xampp\htdocs\Medical_E-CARD\admin\amr\qrmask.php</b> on line <b>154</b><br />
<br />
<b>Warning</b>:  file_put_contents(C:\xampp\htdocs\Medical_E-CARD\admin\amr\cache\mask_5\mask_21_5.dat): failed to open stream: No such file or directory in <b>C:\xampp\htdocs\Medical_E-CARD\admin\amr\qrmask.php</b> on line <b>155</b><br />
<br />
<b>Warning</b>:  mkdir(): No such file or directory in <b>C:\xampp\htdocs\Medical_E-CARD\admin\amr\qrmask.php</b> on line <b>154</b><br />
<br />
<b>Warning</b>:  file_put_contents(C:\xampp\htdocs\Medical_E-CARD\admin\amr\cache\mask_6\mask_21_6.dat): failed to open stream: No such file or directory in <b>C:\xampp\htdocs\Medical_E-CARD\admin\amr\qrmask.php</b> on line <b>155</b><br />
<br />
<b>Warning</b>:  mkdir(): No such file or directory in <b>C:\xampp\htdocs\Medical_E-CARD\admin\amr\qrmask.php</b> on line <b>154</b><br />
<br />
<b>Warning</b>:  file_put_contents(C:\xampp\htdocs\Medical_E-CARD\admin\amr\cache\mask_7\mask_21_7.dat): failed to open stream: No such file or directory in <b>C:\xampp\htdocs\Medical_E-CARD\admin\amr\qrmask.php</b> on line <b>155</b><br />
2017-01-13 19:56:10: <br />
<b>Warning</b>:  file_put_contents(C:\xampp\htdocs\Medical_E-CARD\admin\amr\cache\frame_1.dat): failed to open stream: No such file or directory in <b>C:\xampp\htdocs\Medical_E-CARD\admin\amr\qrspec.php</b> on line <b>568</b><br />
<br />
<b>Warning</b>:  mkdir(): No such file or directory in <b>C:\xampp\htdocs\Medical_E-CARD\admin\amr\qrmask.php</b> on line <b>154</b><br />
<br />
<b>Warning</b>:  file_put_contents(C:\xampp\htdocs\Medical_E-CARD\admin\amr\cache\mask_0\mask_21_0.dat): failed to open stream: No such file or directory in <b>C:\xampp\htdocs\Medical_E-CARD\admin\amr\qrmask.php</b> on line <b>155</b><br />
<br />
<b>Warning</b>:  mkdir(): No such file or directory in <b>C:\xampp\htdocs\Medical_E-CARD\admin\amr\qrmask.php</b> on line <b>154</b><br />
<br />
<b>Warning</b>:  file_put_contents(C:\xampp\htdocs\Medical_E-CARD\admin\amr\cache\mask_1\mask_21_1.dat): failed to open stream: No such file or directory in <b>C:\xampp\htdocs\Medical_E-CARD\admin\amr\qrmask.php</b> on line <b>155</b><br />
<br />
<b>Warning</b>:  mkdir(): No such file or directory in <b>C:\xampp\htdocs\Medical_E-CARD\admin\amr\qrmask.php</b> on line <b>154</b><br />
<br />
<b>Warning</b>:  file_put_contents(C:\xampp\htdocs\Medical_E-CARD\admin\amr\cache\mask_2\mask_21_2.dat): failed to open stream: No such file or directory in <b>C:\xampp\htdocs\Medical_E-CARD\admin\amr\qrmask.php</b> on line <b>155</b><br />
<br />
<b>Warning</b>:  mkdir(): No such file or directory in <b>C:\xampp\htdocs\Medical_E-CARD\admin\amr\qrmask.php</b> on line <b>154</b><br />
<br />
<b>Warning</b>:  file_put_contents(C:\xampp\htdocs\Medical_E-CARD\admin\amr\cache\mask_3\mask_21_3.dat): failed to open stream: No such file or directory in <b>C:\xampp\htdocs\Medical_E-CARD\admin\amr\qrmask.php</b> on line <b>155</b><br />
<br />
<b>Warning</b>:  mkdir(): No such file or directory in <b>C:\xampp\htdocs\Medical_E-CARD\admin\amr\qrmask.php</b> on line <b>154</b><br />
<br />
<b>Warning</b>:  file_put_contents(C:\xampp\htdocs\Medical_E-CARD\admin\amr\cache\mask_4\mask_21_4.dat): failed to open stream: No such file or directory in <b>C:\xampp\htdocs\Medical_E-CARD\admin\amr\qrmask.php</b> on line <b>155</b><br />
<br />
<b>Warning</b>:  mkdir(): No such file or directory in <b>C:\xampp\htdocs\Medical_E-CARD\admin\amr\qrmask.php</b> on line <b>154</b><br />
<br />
<b>Warning</b>:  file_put_contents(C:\xampp\htdocs\Medical_E-CARD\admin\amr\cache\mask_5\mask_21_5.dat): failed to open stream: No such file or directory in <b>C:\xampp\htdocs\Medical_E-CARD\admin\amr\qrmask.php</b> on line <b>155</b><br />
<br />
<b>Warning</b>:  mkdir(): No such file or directory in <b>C:\xampp\htdocs\Medical_E-CARD\admin\amr\qrmask.php</b> on line <b>154</b><br />
<br />
<b>Warning</b>:  file_put_contents(C:\xampp\htdocs\Medical_E-CARD\admin\amr\cache\mask_6\mask_21_6.dat): failed to open stream: No such file or directory in <b>C:\xampp\htdocs\Medical_E-CARD\admin\amr\qrmask.php</b> on line <b>155</b><br />
<br />
<b>Warning</b>:  mkdir(): No such file or directory in <b>C:\xampp\htdocs\Medical_E-CARD\admin\amr\qrmask.php</b> on line <b>154</b><br />
<br />
<b>Warning</b>:  file_put_contents(C:\xampp\htdocs\Medical_E-CARD\admin\amr\cache\mask_7\mask_21_7.dat): failed to open stream: No such file or directory in <b>C:\xampp\htdocs\Medical_E-CARD\admin\amr\qrmask.php</b> on line <b>155</b><br />
2017-01-13 19:57:09: <br />
<b>Warning</b>:  file_put_contents(C:\xampp\htdocs\Medical_E-CARD\admin\amr\cache\frame_1.dat): failed to open stream: No such file or directory in <b>C:\xampp\htdocs\Medical_E-CARD\admin\amr\qrspec.php</b> on line <b>568</b><br />
<br />
<b>Warning</b>:  mkdir(): No such file or directory in <b>C:\xampp\htdocs\Medical_E-CARD\admin\amr\qrmask.php</b> on line <b>154</b><br />
<br />
<b>Warning</b>:  file_put_contents(C:\xampp\htdocs\Medical_E-CARD\admin\amr\cache\mask_0\mask_21_0.dat): failed to open stream: No such file or directory in <b>C:\xampp\htdocs\Medical_E-CARD\admin\amr\qrmask.php</b> on line <b>155</b><br />
<br />
<b>Warning</b>:  mkdir(): No such file or directory in <b>C:\xampp\htdocs\Medical_E-CARD\admin\amr\qrmask.php</b> on line <b>154</b><br />
<br />
<b>Warning</b>:  file_put_contents(C:\xampp\htdocs\Medical_E-CARD\admin\amr\cache\mask_1\mask_21_1.dat): failed to open stream: No such file or directory in <b>C:\xampp\htdocs\Medical_E-CARD\admin\amr\qrmask.php</b> on line <b>155</b><br />
<br />
<b>Warning</b>:  mkdir(): No such file or directory in <b>C:\xampp\htdocs\Medical_E-CARD\admin\amr\qrmask.php</b> on line <b>154</b><br />
<br />
<b>Warning</b>:  file_put_contents(C:\xampp\htdocs\Medical_E-CARD\admin\amr\cache\mask_2\mask_21_2.dat): failed to open stream: No such file or directory in <b>C:\xampp\htdocs\Medical_E-CARD\admin\amr\qrmask.php</b> on line <b>155</b><br />
<br />
<b>Warning</b>:  mkdir(): No such file or directory in <b>C:\xampp\htdocs\Medical_E-CARD\admin\amr\qrmask.php</b> on line <b>154</b><br />
<br />
<b>Warning</b>:  file_put_contents(C:\xampp\htdocs\Medical_E-CARD\admin\amr\cache\mask_3\mask_21_3.dat): failed to open stream: No such file or directory in <b>C:\xampp\htdocs\Medical_E-CARD\admin\amr\qrmask.php</b> on line <b>155</b><br />
<br />
<b>Warning</b>:  mkdir(): No such file or directory in <b>C:\xampp\htdocs\Medical_E-CARD\admin\amr\qrmask.php</b> on line <b>154</b><br />
<br />
<b>Warning</b>:  file_put_contents(C:\xampp\htdocs\Medical_E-CARD\admin\amr\cache\mask_4\mask_21_4.dat): failed to open stream: No such file or directory in <b>C:\xampp\htdocs\Medical_E-CARD\admin\amr\qrmask.php</b> on line <b>155</b><br />
<br />
<b>Warning</b>:  mkdir(): No such file or directory in <b>C:\xampp\htdocs\Medical_E-CARD\admin\amr\qrmask.php</b> on line <b>154</b><br />
<br />
<b>Warning</b>:  file_put_contents(C:\xampp\htdocs\Medical_E-CARD\admin\amr\cache\mask_5\mask_21_5.dat): failed to open stream: No such file or directory in <b>C:\xampp\htdocs\Medical_E-CARD\admin\amr\qrmask.php</b> on line <b>155</b><br />
<br />
<b>Warning</b>:  mkdir(): No such file or directory in <b>C:\xampp\htdocs\Medical_E-CARD\admin\amr\qrmask.php</b> on line <b>154</b><br />
<br />
<b>Warning</b>:  file_put_contents(C:\xampp\htdocs\Medical_E-CARD\admin\amr\cache\mask_6\mask_21_6.dat): failed to open stream: No such file or directory in <b>C:\xampp\htdocs\Medical_E-CARD\admin\amr\qrmask.php</b> on line <b>155</b><br />
<br />
<b>Warning</b>:  mkdir(): No such file or directory in <b>C:\xampp\htdocs\Medical_E-CARD\admin\amr\qrmask.php</b> on line <b>154</b><br />
<br />
<b>Warning</b>:  file_put_contents(C:\xampp\htdocs\Medical_E-CARD\admin\amr\cache\mask_7\mask_21_7.dat): failed to open stream: No such file or directory in <b>C:\xampp\htdocs\Medical_E-CARD\admin\amr\qrmask.php</b> on line <b>155</b><br />
2017-02-17 08:55:17: <br />
<b>Warning</b>:  file_put_contents(C:\xampp\htdocs\Medical_E-CARD\admin\amr\cache\frame_1.dat): failed to open stream: No such file or directory in <b>C:\xampp\htdocs\Medical_E-CARD\admin\amr\qrspec.php</b> on line <b>568</b><br />
<br />
<b>Warning</b>:  mkdir(): No such file or directory in <b>C:\xampp\htdocs\Medical_E-CARD\admin\amr\qrmask.php</b> on line <b>154</b><br />
<br />
<b>Warning</b>:  file_put_contents(C:\xampp\htdocs\Medical_E-CARD\admin\amr\cache\mask_0\mask_21_0.dat): failed to open stream: No such file or directory in <b>C:\xampp\htdocs\Medical_E-CARD\admin\amr\qrmask.php</b> on line <b>155</b><br />
<br />
<b>Warning</b>:  mkdir(): No such file or directory in <b>C:\xampp\htdocs\Medical_E-CARD\admin\amr\qrmask.php</b> on line <b>154</b><br />
<br />
<b>Warning</b>:  file_put_contents(C:\xampp\htdocs\Medical_E-CARD\admin\amr\cache\mask_1\mask_21_1.dat): failed to open stream: No such file or directory in <b>C:\xampp\htdocs\Medical_E-CARD\admin\amr\qrmask.php</b> on line <b>155</b><br />
<br />
<b>Warning</b>:  mkdir(): No such file or directory in <b>C:\xampp\htdocs\Medical_E-CARD\admin\amr\qrmask.php</b> on line <b>154</b><br />
<br />
<b>Warning</b>:  file_put_contents(C:\xampp\htdocs\Medical_E-CARD\admin\amr\cache\mask_2\mask_21_2.dat): failed to open stream: No such file or directory in <b>C:\xampp\htdocs\Medical_E-CARD\admin\amr\qrmask.php</b> on line <b>155</b><br />
<br />
<b>Warning</b>:  mkdir(): No such file or directory in <b>C:\xampp\htdocs\Medical_E-CARD\admin\amr\qrmask.php</b> on line <b>154</b><br />
<br />
<b>Warning</b>:  file_put_contents(C:\xampp\htdocs\Medical_E-CARD\admin\amr\cache\mask_3\mask_21_3.dat): failed to open stream: No such file or directory in <b>C:\xampp\htdocs\Medical_E-CARD\admin\amr\qrmask.php</b> on line <b>155</b><br />
<br />
<b>Warning</b>:  mkdir(): No such file or directory in <b>C:\xampp\htdocs\Medical_E-CARD\admin\amr\qrmask.php</b> on line <b>154</b><br />
<br />
<b>Warning</b>:  file_put_contents(C:\xampp\htdocs\Medical_E-CARD\admin\amr\cache\mask_4\mask_21_4.dat): failed to open stream: No such file or directory in <b>C:\xampp\htdocs\Medical_E-CARD\admin\amr\qrmask.php</b> on line <b>155</b><br />
<br />
<b>Warning</b>:  mkdir(): No such file or directory in <b>C:\xampp\htdocs\Medical_E-CARD\admin\amr\qrmask.php</b> on line <b>154</b><br />
<br />
<b>Warning</b>:  file_put_contents(C:\xampp\htdocs\Medical_E-CARD\admin\amr\cache\mask_5\mask_21_5.dat): failed to open stream: No such file or directory in <b>C:\xampp\htdocs\Medical_E-CARD\admin\amr\qrmask.php</b> on line <b>155</b><br />
<br />
<b>Warning</b>:  mkdir(): No such file or directory in <b>C:\xampp\htdocs\Medical_E-CARD\admin\amr\qrmask.php</b> on line <b>154</b><br />
<br />
<b>Warning</b>:  file_put_contents(C:\xampp\htdocs\Medical_E-CARD\admin\amr\cache\mask_6\mask_21_6.dat): failed to open stream: No such file or directory in <b>C:\xampp\htdocs\Medical_E-CARD\admin\amr\qrmask.php</b> on line <b>155</b><br />
<br />
<b>Warning</b>:  mkdir(): No such file or directory in <b>C:\xampp\htdocs\Medical_E-CARD\admin\amr\qrmask.php</b> on line <b>154</b><br />
<br />
<b>Warning</b>:  file_put_contents(C:\xampp\htdocs\Medical_E-CARD\admin\amr\cache\mask_7\mask_21_7.dat): failed to open stream: No such file or directory in <b>C:\xampp\htdocs\Medical_E-CARD\admin\amr\qrmask.php</b> on line <b>155</b><br />
2017-02-17 08:55:30: <br />
<b>Warning</b>:  file_put_contents(C:\xampp\htdocs\Medical_E-CARD\admin\amr\cache\frame_1.dat): failed to open stream: No such file or directory in <b>C:\xampp\htdocs\Medical_E-CARD\admin\amr\qrspec.php</b> on line <b>568</b><br />
<br />
<b>Warning</b>:  mkdir(): No such file or directory in <b>C:\xampp\htdocs\Medical_E-CARD\admin\amr\qrmask.php</b> on line <b>154</b><br />
<br />
<b>Warning</b>:  file_put_contents(C:\xampp\htdocs\Medical_E-CARD\admin\amr\cache\mask_0\mask_21_0.dat): failed to open stream: No such file or directory in <b>C:\xampp\htdocs\Medical_E-CARD\admin\amr\qrmask.php</b> on line <b>155</b><br />
<br />
<b>Warning</b>:  mkdir(): No such file or directory in <b>C:\xampp\htdocs\Medical_E-CARD\admin\amr\qrmask.php</b> on line <b>154</b><br />
<br />
<b>Warning</b>:  file_put_contents(C:\xampp\htdocs\Medical_E-CARD\admin\amr\cache\mask_1\mask_21_1.dat): failed to open stream: No such file or directory in <b>C:\xampp\htdocs\Medical_E-CARD\admin\amr\qrmask.php</b> on line <b>155</b><br />
<br />
<b>Warning</b>:  mkdir(): No such file or directory in <b>C:\xampp\htdocs\Medical_E-CARD\admin\amr\qrmask.php</b> on line <b>154</b><br />
<br />
<b>Warning</b>:  file_put_contents(C:\xampp\htdocs\Medical_E-CARD\admin\amr\cache\mask_2\mask_21_2.dat): failed to open stream: No such file or directory in <b>C:\xampp\htdocs\Medical_E-CARD\admin\amr\qrmask.php</b> on line <b>155</b><br />
<br />
<b>Warning</b>:  mkdir(): No such file or directory in <b>C:\xampp\htdocs\Medical_E-CARD\admin\amr\qrmask.php</b> on line <b>154</b><br />
<br />
<b>Warning</b>:  file_put_contents(C:\xampp\htdocs\Medical_E-CARD\admin\amr\cache\mask_3\mask_21_3.dat): failed to open stream: No such file or directory in <b>C:\xampp\htdocs\Medical_E-CARD\admin\amr\qrmask.php</b> on line <b>155</b><br />
<br />
<b>Warning</b>:  mkdir(): No such file or directory in <b>C:\xampp\htdocs\Medical_E-CARD\admin\amr\qrmask.php</b> on line <b>154</b><br />
<br />
<b>Warning</b>:  file_put_contents(C:\xampp\htdocs\Medical_E-CARD\admin\amr\cache\mask_4\mask_21_4.dat): failed to open stream: No such file or directory in <b>C:\xampp\htdocs\Medical_E-CARD\admin\amr\qrmask.php</b> on line <b>155</b><br />
<br />
<b>Warning</b>:  mkdir(): No such file or directory in <b>C:\xampp\htdocs\Medical_E-CARD\admin\amr\qrmask.php</b> on line <b>154</b><br />
<br />
<b>Warning</b>:  file_put_contents(C:\xampp\htdocs\Medical_E-CARD\admin\amr\cache\mask_5\mask_21_5.dat): failed to open stream: No such file or directory in <b>C:\xampp\htdocs\Medical_E-CARD\admin\amr\qrmask.php</b> on line <b>155</b><br />
<br />
<b>Warning</b>:  mkdir(): No such file or directory in <b>C:\xampp\htdocs\Medical_E-CARD\admin\amr\qrmask.php</b> on line <b>154</b><br />
<br />
<b>Warning</b>:  file_put_contents(C:\xampp\htdocs\Medical_E-CARD\admin\amr\cache\mask_6\mask_21_6.dat): failed to open stream: No such file or directory in <b>C:\xampp\htdocs\Medical_E-CARD\admin\amr\qrmask.php</b> on line <b>155</b><br />
<br />
<b>Warning</b>:  mkdir(): No such file or directory in <b>C:\xampp\htdocs\Medical_E-CARD\admin\amr\qrmask.php</b> on line <b>154</b><br />
<br />
<b>Warning</b>:  file_put_contents(C:\xampp\htdocs\Medical_E-CARD\admin\amr\cache\mask_7\mask_21_7.dat): failed to open stream: No such file or directory in <b>C:\xampp\htdocs\Medical_E-CARD\admin\amr\qrmask.php</b> on line <b>155</b><br />
2017-02-17 08:55:32: <br />
<b>Warning</b>:  file_put_contents(C:\xampp\htdocs\Medical_E-CARD\admin\amr\cache\frame_1.dat): failed to open stream: No such file or directory in <b>C:\xampp\htdocs\Medical_E-CARD\admin\amr\qrspec.php</b> on line <b>568</b><br />
<br />
<b>Warning</b>:  mkdir(): No such file or directory in <b>C:\xampp\htdocs\Medical_E-CARD\admin\amr\qrmask.php</b> on line <b>154</b><br />
<br />
<b>Warning</b>:  file_put_contents(C:\xampp\htdocs\Medical_E-CARD\admin\amr\cache\mask_0\mask_21_0.dat): failed to open stream: No such file or directory in <b>C:\xampp\htdocs\Medical_E-CARD\admin\amr\qrmask.php</b> on line <b>155</b><br />
<br />
<b>Warning</b>:  mkdir(): No such file or directory in <b>C:\xampp\htdocs\Medical_E-CARD\admin\amr\qrmask.php</b> on line <b>154</b><br />
<br />
<b>Warning</b>:  file_put_contents(C:\xampp\htdocs\Medical_E-CARD\admin\amr\cache\mask_1\mask_21_1.dat): failed to open stream: No such file or directory in <b>C:\xampp\htdocs\Medical_E-CARD\admin\amr\qrmask.php</b> on line <b>155</b><br />
<br />
<b>Warning</b>:  mkdir(): No such file or directory in <b>C:\xampp\htdocs\Medical_E-CARD\admin\amr\qrmask.php</b> on line <b>154</b><br />
<br />
<b>Warning</b>:  file_put_contents(C:\xampp\htdocs\Medical_E-CARD\admin\amr\cache\mask_2\mask_21_2.dat): failed to open stream: No such file or directory in <b>C:\xampp\htdocs\Medical_E-CARD\admin\amr\qrmask.php</b> on line <b>155</b><br />
<br />
<b>Warning</b>:  mkdir(): No such file or directory in <b>C:\xampp\htdocs\Medical_E-CARD\admin\amr\qrmask.php</b> on line <b>154</b><br />
<br />
<b>Warning</b>:  file_put_contents(C:\xampp\htdocs\Medical_E-CARD\admin\amr\cache\mask_3\mask_21_3.dat): failed to open stream: No such file or directory in <b>C:\xampp\htdocs\Medical_E-CARD\admin\amr\qrmask.php</b> on line <b>155</b><br />
<br />
<b>Warning</b>:  mkdir(): No such file or directory in <b>C:\xampp\htdocs\Medical_E-CARD\admin\amr\qrmask.php</b> on line <b>154</b><br />
<br />
<b>Warning</b>:  file_put_contents(C:\xampp\htdocs\Medical_E-CARD\admin\amr\cache\mask_4\mask_21_4.dat): failed to open stream: No such file or directory in <b>C:\xampp\htdocs\Medical_E-CARD\admin\amr\qrmask.php</b> on line <b>155</b><br />
<br />
<b>Warning</b>:  mkdir(): No such file or directory in <b>C:\xampp\htdocs\Medical_E-CARD\admin\amr\qrmask.php</b> on line <b>154</b><br />
<br />
<b>Warning</b>:  file_put_contents(C:\xampp\htdocs\Medical_E-CARD\admin\amr\cache\mask_5\mask_21_5.dat): failed to open stream: No such file or directory in <b>C:\xampp\htdocs\Medical_E-CARD\admin\amr\qrmask.php</b> on line <b>155</b><br />
<br />
<b>Warning</b>:  mkdir(): No such file or directory in <b>C:\xampp\htdocs\Medical_E-CARD\admin\amr\qrmask.php</b> on line <b>154</b><br />
<br />
<b>Warning</b>:  file_put_contents(C:\xampp\htdocs\Medical_E-CARD\admin\amr\cache\mask_6\mask_21_6.dat): failed to open stream: No such file or directory in <b>C:\xampp\htdocs\Medical_E-CARD\admin\amr\qrmask.php</b> on line <b>155</b><br />
<br />
<b>Warning</b>:  mkdir(): No such file or directory in <b>C:\xampp\htdocs\Medical_E-CARD\admin\amr\qrmask.php</b> on line <b>154</b><br />
<br />
<b>Warning</b>:  file_put_contents(C:\xampp\htdocs\Medical_E-CARD\admin\amr\cache\mask_7\mask_21_7.dat): failed to open stream: No such file or directory in <b>C:\xampp\htdocs\Medical_E-CARD\admin\amr\qrmask.php</b> on line <b>155</b><br />
2017-02-17 08:55:34: <br />
<b>Warning</b>:  file_put_contents(C:\xampp\htdocs\Medical_E-CARD\admin\amr\cache\frame_1.dat): failed to open stream: No such file or directory in <b>C:\xampp\htdocs\Medical_E-CARD\admin\amr\qrspec.php</b> on line <b>568</b><br />
<br />
<b>Warning</b>:  mkdir(): No such file or directory in <b>C:\xampp\htdocs\Medical_E-CARD\admin\amr\qrmask.php</b> on line <b>154</b><br />
<br />
<b>Warning</b>:  file_put_contents(C:\xampp\htdocs\Medical_E-CARD\admin\amr\cache\mask_0\mask_21_0.dat): failed to open stream: No such file or directory in <b>C:\xampp\htdocs\Medical_E-CARD\admin\amr\qrmask.php</b> on line <b>155</b><br />
<br />
<b>Warning</b>:  mkdir(): No such file or directory in <b>C:\xampp\htdocs\Medical_E-CARD\admin\amr\qrmask.php</b> on line <b>154</b><br />
<br />
<b>Warning</b>:  file_put_contents(C:\xampp\htdocs\Medical_E-CARD\admin\amr\cache\mask_1\mask_21_1.dat): failed to open stream: No such file or directory in <b>C:\xampp\htdocs\Medical_E-CARD\admin\amr\qrmask.php</b> on line <b>155</b><br />
<br />
<b>Warning</b>:  mkdir(): No such file or directory in <b>C:\xampp\htdocs\Medical_E-CARD\admin\amr\qrmask.php</b> on line <b>154</b><br />
<br />
<b>Warning</b>:  file_put_contents(C:\xampp\htdocs\Medical_E-CARD\admin\amr\cache\mask_2\mask_21_2.dat): failed to open stream: No such file or directory in <b>C:\xampp\htdocs\Medical_E-CARD\admin\amr\qrmask.php</b> on line <b>155</b><br />
<br />
<b>Warning</b>:  mkdir(): No such file or directory in <b>C:\xampp\htdocs\Medical_E-CARD\admin\amr\qrmask.php</b> on line <b>154</b><br />
<br />
<b>Warning</b>:  file_put_contents(C:\xampp\htdocs\Medical_E-CARD\admin\amr\cache\mask_3\mask_21_3.dat): failed to open stream: No such file or directory in <b>C:\xampp\htdocs\Medical_E-CARD\admin\amr\qrmask.php</b> on line <b>155</b><br />
<br />
<b>Warning</b>:  mkdir(): No such file or directory in <b>C:\xampp\htdocs\Medical_E-CARD\admin\amr\qrmask.php</b> on line <b>154</b><br />
<br />
<b>Warning</b>:  file_put_contents(C:\xampp\htdocs\Medical_E-CARD\admin\amr\cache\mask_4\mask_21_4.dat): failed to open stream: No such file or directory in <b>C:\xampp\htdocs\Medical_E-CARD\admin\amr\qrmask.php</b> on line <b>155</b><br />
<br />
<b>Warning</b>:  mkdir(): No such file or directory in <b>C:\xampp\htdocs\Medical_E-CARD\admin\amr\qrmask.php</b> on line <b>154</b><br />
<br />
<b>Warning</b>:  file_put_contents(C:\xampp\htdocs\Medical_E-CARD\admin\amr\cache\mask_5\mask_21_5.dat): failed to open stream: No such file or directory in <b>C:\xampp\htdocs\Medical_E-CARD\admin\amr\qrmask.php</b> on line <b>155</b><br />
<br />
<b>Warning</b>:  mkdir(): No such file or directory in <b>C:\xampp\htdocs\Medical_E-CARD\admin\amr\qrmask.php</b> on line <b>154</b><br />
<br />
<b>Warning</b>:  file_put_contents(C:\xampp\htdocs\Medical_E-CARD\admin\amr\cache\mask_6\mask_21_6.dat): failed to open stream: No such file or directory in <b>C:\xampp\htdocs\Medical_E-CARD\admin\amr\qrmask.php</b> on line <b>155</b><br />
<br />
<b>Warning</b>:  mkdir(): No such file or directory in <b>C:\xampp\htdocs\Medical_E-CARD\admin\amr\qrmask.php</b> on line <b>154</b><br />
<br />
<b>Warning</b>:  file_put_contents(C:\xampp\htdocs\Medical_E-CARD\admin\amr\cache\mask_7\mask_21_7.dat): failed to open stream: No such file or directory in <b>C:\xampp\htdocs\Medical_E-CARD\admin\amr\qrmask.php</b> on line <b>155</b><br />
2017-02-17 08:55:39: <br />
<b>Warning</b>:  file_put_contents(C:\xampp\htdocs\Medical_E-CARD\admin\amr\cache\frame_1.dat): failed to open stream: No such file or directory in <b>C:\xampp\htdocs\Medical_E-CARD\admin\amr\qrspec.php</b> on line <b>568</b><br />
<br />
<b>Warning</b>:  mkdir(): No such file or directory in <b>C:\xampp\htdocs\Medical_E-CARD\admin\amr\qrmask.php</b> on line <b>154</b><br />
<br />
<b>Warning</b>:  file_put_contents(C:\xampp\htdocs\Medical_E-CARD\admin\amr\cache\mask_0\mask_21_0.dat): failed to open stream: No such file or directory in <b>C:\xampp\htdocs\Medical_E-CARD\admin\amr\qrmask.php</b> on line <b>155</b><br />
<br />
<b>Warning</b>:  mkdir(): No such file or directory in <b>C:\xampp\htdocs\Medical_E-CARD\admin\amr\qrmask.php</b> on line <b>154</b><br />
<br />
<b>Warning</b>:  file_put_contents(C:\xampp\htdocs\Medical_E-CARD\admin\amr\cache\mask_1\mask_21_1.dat): failed to open stream: No such file or directory in <b>C:\xampp\htdocs\Medical_E-CARD\admin\amr\qrmask.php</b> on line <b>155</b><br />
<br />
<b>Warning</b>:  mkdir(): No such file or directory in <b>C:\xampp\htdocs\Medical_E-CARD\admin\amr\qrmask.php</b> on line <b>154</b><br />
<br />
<b>Warning</b>:  file_put_contents(C:\xampp\htdocs\Medical_E-CARD\admin\amr\cache\mask_2\mask_21_2.dat): failed to open stream: No such file or directory in <b>C:\xampp\htdocs\Medical_E-CARD\admin\amr\qrmask.php</b> on line <b>155</b><br />
<br />
<b>Warning</b>:  mkdir(): No such file or directory in <b>C:\xampp\htdocs\Medical_E-CARD\admin\amr\qrmask.php</b> on line <b>154</b><br />
<br />
<b>Warning</b>:  file_put_contents(C:\xampp\htdocs\Medical_E-CARD\admin\amr\cache\mask_3\mask_21_3.dat): failed to open stream: No such file or directory in <b>C:\xampp\htdocs\Medical_E-CARD\admin\amr\qrmask.php</b> on line <b>155</b><br />
<br />
<b>Warning</b>:  mkdir(): No such file or directory in <b>C:\xampp\htdocs\Medical_E-CARD\admin\amr\qrmask.php</b> on line <b>154</b><br />
<br />
<b>Warning</b>:  file_put_contents(C:\xampp\htdocs\Medical_E-CARD\admin\amr\cache\mask_4\mask_21_4.dat): failed to open stream: No such file or directory in <b>C:\xampp\htdocs\Medical_E-CARD\admin\amr\qrmask.php</b> on line <b>155</b><br />
<br />
<b>Warning</b>:  mkdir(): No such file or directory in <b>C:\xampp\htdocs\Medical_E-CARD\admin\amr\qrmask.php</b> on line <b>154</b><br />
<br />
<b>Warning</b>:  file_put_contents(C:\xampp\htdocs\Medical_E-CARD\admin\amr\cache\mask_5\mask_21_5.dat): failed to open stream: No such file or directory in <b>C:\xampp\htdocs\Medical_E-CARD\admin\amr\qrmask.php</b> on line <b>155</b><br />
<br />
<b>Warning</b>:  mkdir(): No such file or directory in <b>C:\xampp\htdocs\Medical_E-CARD\admin\amr\qrmask.php</b> on line <b>154</b><br />
<br />
<b>Warning</b>:  file_put_contents(C:\xampp\htdocs\Medical_E-CARD\admin\amr\cache\mask_6\mask_21_6.dat): failed to open stream: No such file or directory in <b>C:\xampp\htdocs\Medical_E-CARD\admin\amr\qrmask.php</b> on line <b>155</b><br />
<br />
<b>Warning</b>:  mkdir(): No such file or directory in <b>C:\xampp\htdocs\Medical_E-CARD\admin\amr\qrmask.php</b> on line <b>154</b><br />
<br />
<b>Warning</b>:  file_put_contents(C:\xampp\htdocs\Medical_E-CARD\admin\amr\cache\mask_7\mask_21_7.dat): failed to open stream: No such file or directory in <b>C:\xampp\htdocs\Medical_E-CARD\admin\amr\qrmask.php</b> on line <b>155</b><br />
2017-02-26 06:32:53: <br />
<b>Warning</b>:  file_put_contents(C:\xampp\htdocs\Medical_E-CARD\admin\amr\cache\frame_1.dat): failed to open stream: No such file or directory in <b>C:\xampp\htdocs\Medical_E-CARD\admin\amr\qrspec.php</b> on line <b>568</b><br />
<br />
<b>Warning</b>:  mkdir(): No such file or directory in <b>C:\xampp\htdocs\Medical_E-CARD\admin\amr\qrmask.php</b> on line <b>154</b><br />
<br />
<b>Warning</b>:  file_put_contents(C:\xampp\htdocs\Medical_E-CARD\admin\amr\cache\mask_0\mask_21_0.dat): failed to open stream: No such file or directory in <b>C:\xampp\htdocs\Medical_E-CARD\admin\amr\qrmask.php</b> on line <b>155</b><br />
<br />
<b>Warning</b>:  mkdir(): No such file or directory in <b>C:\xampp\htdocs\Medical_E-CARD\admin\amr\qrmask.php</b> on line <b>154</b><br />
<br />
<b>Warning</b>:  file_put_contents(C:\xampp\htdocs\Medical_E-CARD\admin\amr\cache\mask_1\mask_21_1.dat): failed to open stream: No such file or directory in <b>C:\xampp\htdocs\Medical_E-CARD\admin\amr\qrmask.php</b> on line <b>155</b><br />
<br />
<b>Warning</b>:  mkdir(): No such file or directory in <b>C:\xampp\htdocs\Medical_E-CARD\admin\amr\qrmask.php</b> on line <b>154</b><br />
<br />
<b>Warning</b>:  file_put_contents(C:\xampp\htdocs\Medical_E-CARD\admin\amr\cache\mask_2\mask_21_2.dat): failed to open stream: No such file or directory in <b>C:\xampp\htdocs\Medical_E-CARD\admin\amr\qrmask.php</b> on line <b>155</b><br />
<br />
<b>Warning</b>:  mkdir(): No such file or directory in <b>C:\xampp\htdocs\Medical_E-CARD\admin\amr\qrmask.php</b> on line <b>154</b><br />
<br />
<b>Warning</b>:  file_put_contents(C:\xampp\htdocs\Medical_E-CARD\admin\amr\cache\mask_3\mask_21_3.dat): failed to open stream: No such file or directory in <b>C:\xampp\htdocs\Medical_E-CARD\admin\amr\qrmask.php</b> on line <b>155</b><br />
<br />
<b>Warning</b>:  mkdir(): No such file or directory in <b>C:\xampp\htdocs\Medical_E-CARD\admin\amr\qrmask.php</b> on line <b>154</b><br />
<br />
<b>Warning</b>:  file_put_contents(C:\xampp\htdocs\Medical_E-CARD\admin\amr\cache\mask_4\mask_21_4.dat): failed to open stream: No such file or directory in <b>C:\xampp\htdocs\Medical_E-CARD\admin\amr\qrmask.php</b> on line <b>155</b><br />
<br />
<b>Warning</b>:  mkdir(): No such file or directory in <b>C:\xampp\htdocs\Medical_E-CARD\admin\amr\qrmask.php</b> on line <b>154</b><br />
<br />
<b>Warning</b>:  file_put_contents(C:\xampp\htdocs\Medical_E-CARD\admin\amr\cache\mask_5\mask_21_5.dat): failed to open stream: No such file or directory in <b>C:\xampp\htdocs\Medical_E-CARD\admin\amr\qrmask.php</b> on line <b>155</b><br />
<br />
<b>Warning</b>:  mkdir(): No such file or directory in <b>C:\xampp\htdocs\Medical_E-CARD\admin\amr\qrmask.php</b> on line <b>154</b><br />
<br />
<b>Warning</b>:  file_put_contents(C:\xampp\htdocs\Medical_E-CARD\admin\amr\cache\mask_6\mask_21_6.dat): failed to open stream: No such file or directory in <b>C:\xampp\htdocs\Medical_E-CARD\admin\amr\qrmask.php</b> on line <b>155</b><br />
<br />
<b>Warning</b>:  mkdir(): No such file or directory in <b>C:\xampp\htdocs\Medical_E-CARD\admin\amr\qrmask.php</b> on line <b>154</b><br />
<br />
<b>Warning</b>:  file_put_contents(C:\xampp\htdocs\Medical_E-CARD\admin\amr\cache\mask_7\mask_21_7.dat): failed to open stream: No such file or directory in <b>C:\xampp\htdocs\Medical_E-CARD\admin\amr\qrmask.php</b> on line <b>155</b><br />
2017-02-26 06:33:13: <br />
<b>Warning</b>:  file_put_contents(C:\xampp\htdocs\Medical_E-CARD\admin\amr\cache\frame_1.dat): failed to open stream: No such file or directory in <b>C:\xampp\htdocs\Medical_E-CARD\admin\amr\qrspec.php</b> on line <b>568</b><br />
<br />
<b>Warning</b>:  mkdir(): No such file or directory in <b>C:\xampp\htdocs\Medical_E-CARD\admin\amr\qrmask.php</b> on line <b>154</b><br />
<br />
<b>Warning</b>:  file_put_contents(C:\xampp\htdocs\Medical_E-CARD\admin\amr\cache\mask_0\mask_21_0.dat): failed to open stream: No such file or directory in <b>C:\xampp\htdocs\Medical_E-CARD\admin\amr\qrmask.php</b> on line <b>155</b><br />
<br />
<b>Warning</b>:  mkdir(): No such file or directory in <b>C:\xampp\htdocs\Medical_E-CARD\admin\amr\qrmask.php</b> on line <b>154</b><br />
<br />
<b>Warning</b>:  file_put_contents(C:\xampp\htdocs\Medical_E-CARD\admin\amr\cache\mask_1\mask_21_1.dat): failed to open stream: No such file or directory in <b>C:\xampp\htdocs\Medical_E-CARD\admin\amr\qrmask.php</b> on line <b>155</b><br />
<br />
<b>Warning</b>:  mkdir(): No such file or directory in <b>C:\xampp\htdocs\Medical_E-CARD\admin\amr\qrmask.php</b> on line <b>154</b><br />
<br />
<b>Warning</b>:  file_put_contents(C:\xampp\htdocs\Medical_E-CARD\admin\amr\cache\mask_2\mask_21_2.dat): failed to open stream: No such file or directory in <b>C:\xampp\htdocs\Medical_E-CARD\admin\amr\qrmask.php</b> on line <b>155</b><br />
<br />
<b>Warning</b>:  mkdir(): No such file or directory in <b>C:\xampp\htdocs\Medical_E-CARD\admin\amr\qrmask.php</b> on line <b>154</b><br />
<br />
<b>Warning</b>:  file_put_contents(C:\xampp\htdocs\Medical_E-CARD\admin\amr\cache\mask_3\mask_21_3.dat): failed to open stream: No such file or directory in <b>C:\xampp\htdocs\Medical_E-CARD\admin\amr\qrmask.php</b> on line <b>155</b><br />
<br />
<b>Warning</b>:  mkdir(): No such file or directory in <b>C:\xampp\htdocs\Medical_E-CARD\admin\amr\qrmask.php</b> on line <b>154</b><br />
<br />
<b>Warning</b>:  file_put_contents(C:\xampp\htdocs\Medical_E-CARD\admin\amr\cache\mask_4\mask_21_4.dat): failed to open stream: No such file or directory in <b>C:\xampp\htdocs\Medical_E-CARD\admin\amr\qrmask.php</b> on line <b>155</b><br />
<br />
<b>Warning</b>:  mkdir(): No such file or directory in <b>C:\xampp\htdocs\Medical_E-CARD\admin\amr\qrmask.php</b> on line <b>154</b><br />
<br />
<b>Warning</b>:  file_put_contents(C:\xampp\htdocs\Medical_E-CARD\admin\amr\cache\mask_5\mask_21_5.dat): failed to open stream: No such file or directory in <b>C:\xampp\htdocs\Medical_E-CARD\admin\amr\qrmask.php</b> on line <b>155</b><br />
<br />
<b>Warning</b>:  mkdir(): No such file or directory in <b>C:\xampp\htdocs\Medical_E-CARD\admin\amr\qrmask.php</b> on line <b>154</b><br />
<br />
<b>Warning</b>:  file_put_contents(C:\xampp\htdocs\Medical_E-CARD\admin\amr\cache\mask_6\mask_21_6.dat): failed to open stream: No such file or directory in <b>C:\xampp\htdocs\Medical_E-CARD\admin\amr\qrmask.php</b> on line <b>155</b><br />
<br />
<b>Warning</b>:  mkdir(): No such file or directory in <b>C:\xampp\htdocs\Medical_E-CARD\admin\amr\qrmask.php</b> on line <b>154</b><br />
<br />
<b>Warning</b>:  file_put_contents(C:\xampp\htdocs\Medical_E-CARD\admin\amr\cache\mask_7\mask_21_7.dat): failed to open stream: No such file or directory in <b>C:\xampp\htdocs\Medical_E-CARD\admin\amr\qrmask.php</b> on line <b>155</b><br />
2017-02-28 13:58:24: <br />
<b>Warning</b>:  file_put_contents(C:\xampp\htdocs\Medical_E-CARD\admin\amr\cache\frame_1.dat): failed to open stream: No such file or directory in <b>C:\xampp\htdocs\Medical_E-CARD\admin\amr\qrspec.php</b> on line <b>568</b><br />
<br />
<b>Warning</b>:  mkdir(): No such file or directory in <b>C:\xampp\htdocs\Medical_E-CARD\admin\amr\qrmask.php</b> on line <b>154</b><br />
<br />
<b>Warning</b>:  file_put_contents(C:\xampp\htdocs\Medical_E-CARD\admin\amr\cache\mask_0\mask_21_0.dat): failed to open stream: No such file or directory in <b>C:\xampp\htdocs\Medical_E-CARD\admin\amr\qrmask.php</b> on line <b>155</b><br />
<br />
<b>Warning</b>:  mkdir(): No such file or directory in <b>C:\xampp\htdocs\Medical_E-CARD\admin\amr\qrmask.php</b> on line <b>154</b><br />
<br />
<b>Warning</b>:  file_put_contents(C:\xampp\htdocs\Medical_E-CARD\admin\amr\cache\mask_1\mask_21_1.dat): failed to open stream: No such file or directory in <b>C:\xampp\htdocs\Medical_E-CARD\admin\amr\qrmask.php</b> on line <b>155</b><br />
<br />
<b>Warning</b>:  mkdir(): No such file or directory in <b>C:\xampp\htdocs\Medical_E-CARD\admin\amr\qrmask.php</b> on line <b>154</b><br />
<br />
<b>Warning</b>:  file_put_contents(C:\xampp\htdocs\Medical_E-CARD\admin\amr\cache\mask_2\mask_21_2.dat): failed to open stream: No such file or directory in <b>C:\xampp\htdocs\Medical_E-CARD\admin\amr\qrmask.php</b> on line <b>155</b><br />
<br />
<b>Warning</b>:  mkdir(): No such file or directory in <b>C:\xampp\htdocs\Medical_E-CARD\admin\amr\qrmask.php</b> on line <b>154</b><br />
<br />
<b>Warning</b>:  file_put_contents(C:\xampp\htdocs\Medical_E-CARD\admin\amr\cache\mask_3\mask_21_3.dat): failed to open stream: No such file or directory in <b>C:\xampp\htdocs\Medical_E-CARD\admin\amr\qrmask.php</b> on line <b>155</b><br />
<br />
<b>Warning</b>:  mkdir(): No such file or directory in <b>C:\xampp\htdocs\Medical_E-CARD\admin\amr\qrmask.php</b> on line <b>154</b><br />
<br />
<b>Warning</b>:  file_put_contents(C:\xampp\htdocs\Medical_E-CARD\admin\amr\cache\mask_4\mask_21_4.dat): failed to open stream: No such file or directory in <b>C:\xampp\htdocs\Medical_E-CARD\admin\amr\qrmask.php</b> on line <b>155</b><br />
<br />
<b>Warning</b>:  mkdir(): No such file or directory in <b>C:\xampp\htdocs\Medical_E-CARD\admin\amr\qrmask.php</b> on line <b>154</b><br />
<br />
<b>Warning</b>:  file_put_contents(C:\xampp\htdocs\Medical_E-CARD\admin\amr\cache\mask_5\mask_21_5.dat): failed to open stream: No such file or directory in <b>C:\xampp\htdocs\Medical_E-CARD\admin\amr\qrmask.php</b> on line <b>155</b><br />
<br />
<b>Warning</b>:  mkdir(): No such file or directory in <b>C:\xampp\htdocs\Medical_E-CARD\admin\amr\qrmask.php</b> on line <b>154</b><br />
<br />
<b>Warning</b>:  file_put_contents(C:\xampp\htdocs\Medical_E-CARD\admin\amr\cache\mask_6\mask_21_6.dat): failed to open stream: No such file or directory in <b>C:\xampp\htdocs\Medical_E-CARD\admin\amr\qrmask.php</b> on line <b>155</b><br />
<br />
<b>Warning</b>:  mkdir(): No such file or directory in <b>C:\xampp\htdocs\Medical_E-CARD\admin\amr\qrmask.php</b> on line <b>154</b><br />
<br />
<b>Warning</b>:  file_put_contents(C:\xampp\htdocs\Medical_E-CARD\admin\amr\cache\mask_7\mask_21_7.dat): failed to open stream: No such file or directory in <b>C:\xampp\htdocs\Medical_E-CARD\admin\amr\qrmask.php</b> on line <b>155</b><br />
2017-02-28 13:58:41: <br />
<b>Warning</b>:  file_put_contents(C:\xampp\htdocs\Medical_E-CARD\admin\amr\cache\frame_1.dat): failed to open stream: No such file or directory in <b>C:\xampp\htdocs\Medical_E-CARD\admin\amr\qrspec.php</b> on line <b>568</b><br />
<br />
<b>Warning</b>:  mkdir(): No such file or directory in <b>C:\xampp\htdocs\Medical_E-CARD\admin\amr\qrmask.php</b> on line <b>154</b><br />
<br />
<b>Warning</b>:  file_put_contents(C:\xampp\htdocs\Medical_E-CARD\admin\amr\cache\mask_0\mask_21_0.dat): failed to open stream: No such file or directory in <b>C:\xampp\htdocs\Medical_E-CARD\admin\amr\qrmask.php</b> on line <b>155</b><br />
<br />
<b>Warning</b>:  mkdir(): No such file or directory in <b>C:\xampp\htdocs\Medical_E-CARD\admin\amr\qrmask.php</b> on line <b>154</b><br />
<br />
<b>Warning</b>:  file_put_contents(C:\xampp\htdocs\Medical_E-CARD\admin\amr\cache\mask_1\mask_21_1.dat): failed to open stream: No such file or directory in <b>C:\xampp\htdocs\Medical_E-CARD\admin\amr\qrmask.php</b> on line <b>155</b><br />
<br />
<b>Warning</b>:  mkdir(): No such file or directory in <b>C:\xampp\htdocs\Medical_E-CARD\admin\amr\qrmask.php</b> on line <b>154</b><br />
<br />
<b>Warning</b>:  file_put_contents(C:\xampp\htdocs\Medical_E-CARD\admin\amr\cache\mask_2\mask_21_2.dat): failed to open stream: No such file or directory in <b>C:\xampp\htdocs\Medical_E-CARD\admin\amr\qrmask.php</b> on line <b>155</b><br />
<br />
<b>Warning</b>:  mkdir(): No such file or directory in <b>C:\xampp\htdocs\Medical_E-CARD\admin\amr\qrmask.php</b> on line <b>154</b><br />
<br />
<b>Warning</b>:  file_put_contents(C:\xampp\htdocs\Medical_E-CARD\admin\amr\cache\mask_3\mask_21_3.dat): failed to open stream: No such file or directory in <b>C:\xampp\htdocs\Medical_E-CARD\admin\amr\qrmask.php</b> on line <b>155</b><br />
<br />
<b>Warning</b>:  mkdir(): No such file or directory in <b>C:\xampp\htdocs\Medical_E-CARD\admin\amr\qrmask.php</b> on line <b>154</b><br />
<br />
<b>Warning</b>:  file_put_contents(C:\xampp\htdocs\Medical_E-CARD\admin\amr\cache\mask_4\mask_21_4.dat): failed to open stream: No such file or directory in <b>C:\xampp\htdocs\Medical_E-CARD\admin\amr\qrmask.php</b> on line <b>155</b><br />
<br />
<b>Warning</b>:  mkdir(): No such file or directory in <b>C:\xampp\htdocs\Medical_E-CARD\admin\amr\qrmask.php</b> on line <b>154</b><br />
<br />
<b>Warning</b>:  file_put_contents(C:\xampp\htdocs\Medical_E-CARD\admin\amr\cache\mask_5\mask_21_5.dat): failed to open stream: No such file or directory in <b>C:\xampp\htdocs\Medical_E-CARD\admin\amr\qrmask.php</b> on line <b>155</b><br />
<br />
<b>Warning</b>:  mkdir(): No such file or directory in <b>C:\xampp\htdocs\Medical_E-CARD\admin\amr\qrmask.php</b> on line <b>154</b><br />
<br />
<b>Warning</b>:  file_put_contents(C:\xampp\htdocs\Medical_E-CARD\admin\amr\cache\mask_6\mask_21_6.dat): failed to open stream: No such file or directory in <b>C:\xampp\htdocs\Medical_E-CARD\admin\amr\qrmask.php</b> on line <b>155</b><br />
<br />
<b>Warning</b>:  mkdir(): No such file or directory in <b>C:\xampp\htdocs\Medical_E-CARD\admin\amr\qrmask.php</b> on line <b>154</b><br />
<br />
<b>Warning</b>:  file_put_contents(C:\xampp\htdocs\Medical_E-CARD\admin\amr\cache\mask_7\mask_21_7.dat): failed to open stream: No such file or directory in <b>C:\xampp\htdocs\Medical_E-CARD\admin\amr\qrmask.php</b> on line <b>155</b><br />
2017-02-28 13:58:44: <br />
<b>Warning</b>:  file_put_contents(C:\xampp\htdocs\Medical_E-CARD\admin\amr\cache\frame_1.dat): failed to open stream: No such file or directory in <b>C:\xampp\htdocs\Medical_E-CARD\admin\amr\qrspec.php</b> on line <b>568</b><br />
<br />
<b>Warning</b>:  mkdir(): No such file or directory in <b>C:\xampp\htdocs\Medical_E-CARD\admin\amr\qrmask.php</b> on line <b>154</b><br />
<br />
<b>Warning</b>:  file_put_contents(C:\xampp\htdocs\Medical_E-CARD\admin\amr\cache\mask_0\mask_21_0.dat): failed to open stream: No such file or directory in <b>C:\xampp\htdocs\Medical_E-CARD\admin\amr\qrmask.php</b> on line <b>155</b><br />
<br />
<b>Warning</b>:  mkdir(): No such file or directory in <b>C:\xampp\htdocs\Medical_E-CARD\admin\amr\qrmask.php</b> on line <b>154</b><br />
<br />
<b>Warning</b>:  file_put_contents(C:\xampp\htdocs\Medical_E-CARD\admin\amr\cache\mask_1\mask_21_1.dat): failed to open stream: No such file or directory in <b>C:\xampp\htdocs\Medical_E-CARD\admin\amr\qrmask.php</b> on line <b>155</b><br />
<br />
<b>Warning</b>:  mkdir(): No such file or directory in <b>C:\xampp\htdocs\Medical_E-CARD\admin\amr\qrmask.php</b> on line <b>154</b><br />
<br />
<b>Warning</b>:  file_put_contents(C:\xampp\htdocs\Medical_E-CARD\admin\amr\cache\mask_2\mask_21_2.dat): failed to open stream: No such file or directory in <b>C:\xampp\htdocs\Medical_E-CARD\admin\amr\qrmask.php</b> on line <b>155</b><br />
<br />
<b>Warning</b>:  mkdir(): No such file or directory in <b>C:\xampp\htdocs\Medical_E-CARD\admin\amr\qrmask.php</b> on line <b>154</b><br />
<br />
<b>Warning</b>:  file_put_contents(C:\xampp\htdocs\Medical_E-CARD\admin\amr\cache\mask_3\mask_21_3.dat): failed to open stream: No such file or directory in <b>C:\xampp\htdocs\Medical_E-CARD\admin\amr\qrmask.php</b> on line <b>155</b><br />
<br />
<b>Warning</b>:  mkdir(): No such file or directory in <b>C:\xampp\htdocs\Medical_E-CARD\admin\amr\qrmask.php</b> on line <b>154</b><br />
<br />
<b>Warning</b>:  file_put_contents(C:\xampp\htdocs\Medical_E-CARD\admin\amr\cache\mask_4\mask_21_4.dat): failed to open stream: No such file or directory in <b>C:\xampp\htdocs\Medical_E-CARD\admin\amr\qrmask.php</b> on line <b>155</b><br />
<br />
<b>Warning</b>:  mkdir(): No such file or directory in <b>C:\xampp\htdocs\Medical_E-CARD\admin\amr\qrmask.php</b> on line <b>154</b><br />
<br />
<b>Warning</b>:  file_put_contents(C:\xampp\htdocs\Medical_E-CARD\admin\amr\cache\mask_5\mask_21_5.dat): failed to open stream: No such file or directory in <b>C:\xampp\htdocs\Medical_E-CARD\admin\amr\qrmask.php</b> on line <b>155</b><br />
<br />
<b>Warning</b>:  mkdir(): No such file or directory in <b>C:\xampp\htdocs\Medical_E-CARD\admin\amr\qrmask.php</b> on line <b>154</b><br />
<br />
<b>Warning</b>:  file_put_contents(C:\xampp\htdocs\Medical_E-CARD\admin\amr\cache\mask_6\mask_21_6.dat): failed to open stream: No such file or directory in <b>C:\xampp\htdocs\Medical_E-CARD\admin\amr\qrmask.php</b> on line <b>155</b><br />
<br />
<b>Warning</b>:  mkdir(): No such file or directory in <b>C:\xampp\htdocs\Medical_E-CARD\admin\amr\qrmask.php</b> on line <b>154</b><br />
<br />
<b>Warning</b>:  file_put_contents(C:\xampp\htdocs\Medical_E-CARD\admin\amr\cache\mask_7\mask_21_7.dat): failed to open stream: No such file or directory in <b>C:\xampp\htdocs\Medical_E-CARD\admin\amr\qrmask.php</b> on line <b>155</b><br />
2017-02-28 13:58:46: <br />
<b>Warning</b>:  file_put_contents(C:\xampp\htdocs\Medical_E-CARD\admin\amr\cache\frame_1.dat): failed to open stream: No such file or directory in <b>C:\xampp\htdocs\Medical_E-CARD\admin\amr\qrspec.php</b> on line <b>568</b><br />
<br />
<b>Warning</b>:  mkdir(): No such file or directory in <b>C:\xampp\htdocs\Medical_E-CARD\admin\amr\qrmask.php</b> on line <b>154</b><br />
<br />
<b>Warning</b>:  file_put_contents(C:\xampp\htdocs\Medical_E-CARD\admin\amr\cache\mask_0\mask_21_0.dat): failed to open stream: No such file or directory in <b>C:\xampp\htdocs\Medical_E-CARD\admin\amr\qrmask.php</b> on line <b>155</b><br />
<br />
<b>Warning</b>:  mkdir(): No such file or directory in <b>C:\xampp\htdocs\Medical_E-CARD\admin\amr\qrmask.php</b> on line <b>154</b><br />
<br />
<b>Warning</b>:  file_put_contents(C:\xampp\htdocs\Medical_E-CARD\admin\amr\cache\mask_1\mask_21_1.dat): failed to open stream: No such file or directory in <b>C:\xampp\htdocs\Medical_E-CARD\admin\amr\qrmask.php</b> on line <b>155</b><br />
<br />
<b>Warning</b>:  mkdir(): No such file or directory in <b>C:\xampp\htdocs\Medical_E-CARD\admin\amr\qrmask.php</b> on line <b>154</b><br />
<br />
<b>Warning</b>:  file_put_contents(C:\xampp\htdocs\Medical_E-CARD\admin\amr\cache\mask_2\mask_21_2.dat): failed to open stream: No such file or directory in <b>C:\xampp\htdocs\Medical_E-CARD\admin\amr\qrmask.php</b> on line <b>155</b><br />
<br />
<b>Warning</b>:  mkdir(): No such file or directory in <b>C:\xampp\htdocs\Medical_E-CARD\admin\amr\qrmask.php</b> on line <b>154</b><br />
<br />
<b>Warning</b>:  file_put_contents(C:\xampp\htdocs\Medical_E-CARD\admin\amr\cache\mask_3\mask_21_3.dat): failed to open stream: No such file or directory in <b>C:\xampp\htdocs\Medical_E-CARD\admin\amr\qrmask.php</b> on line <b>155</b><br />
<br />
<b>Warning</b>:  mkdir(): No such file or directory in <b>C:\xampp\htdocs\Medical_E-CARD\admin\amr\qrmask.php</b> on line <b>154</b><br />
<br />
<b>Warning</b>:  file_put_contents(C:\xampp\htdocs\Medical_E-CARD\admin\amr\cache\mask_4\mask_21_4.dat): failed to open stream: No such file or directory in <b>C:\xampp\htdocs\Medical_E-CARD\admin\amr\qrmask.php</b> on line <b>155</b><br />
<br />
<b>Warning</b>:  mkdir(): No such file or directory in <b>C:\xampp\htdocs\Medical_E-CARD\admin\amr\qrmask.php</b> on line <b>154</b><br />
<br />
<b>Warning</b>:  file_put_contents(C:\xampp\htdocs\Medical_E-CARD\admin\amr\cache\mask_5\mask_21_5.dat): failed to open stream: No such file or directory in <b>C:\xampp\htdocs\Medical_E-CARD\admin\amr\qrmask.php</b> on line <b>155</b><br />
<br />
<b>Warning</b>:  mkdir(): No such file or directory in <b>C:\xampp\htdocs\Medical_E-CARD\admin\amr\qrmask.php</b> on line <b>154</b><br />
<br />
<b>Warning</b>:  file_put_contents(C:\xampp\htdocs\Medical_E-CARD\admin\amr\cache\mask_6\mask_21_6.dat): failed to open stream: No such file or directory in <b>C:\xampp\htdocs\Medical_E-CARD\admin\amr\qrmask.php</b> on line <b>155</b><br />
<br />
<b>Warning</b>:  mkdir(): No such file or directory in <b>C:\xampp\htdocs\Medical_E-CARD\admin\amr\qrmask.php</b> on line <b>154</b><br />
<br />
<b>Warning</b>:  file_put_contents(C:\xampp\htdocs\Medical_E-CARD\admin\amr\cache\mask_7\mask_21_7.dat): failed to open stream: No such file or directory in <b>C:\xampp\htdocs\Medical_E-CARD\admin\amr\qrmask.php</b> on line <b>155</b><br />
2017-02-28 13:58:48: <br />
<b>Warning</b>:  file_put_contents(C:\xampp\htdocs\Medical_E-CARD\admin\amr\cache\frame_1.dat): failed to open stream: No such file or directory in <b>C:\xampp\htdocs\Medical_E-CARD\admin\amr\qrspec.php</b> on line <b>568</b><br />
<br />
<b>Warning</b>:  mkdir(): No such file or directory in <b>C:\xampp\htdocs\Medical_E-CARD\admin\amr\qrmask.php</b> on line <b>154</b><br />
<br />
<b>Warning</b>:  file_put_contents(C:\xampp\htdocs\Medical_E-CARD\admin\amr\cache\mask_0\mask_21_0.dat): failed to open stream: No such file or directory in <b>C:\xampp\htdocs\Medical_E-CARD\admin\amr\qrmask.php</b> on line <b>155</b><br />
<br />
<b>Warning</b>:  mkdir(): No such file or directory in <b>C:\xampp\htdocs\Medical_E-CARD\admin\amr\qrmask.php</b> on line <b>154</b><br />
<br />
<b>Warning</b>:  file_put_contents(C:\xampp\htdocs\Medical_E-CARD\admin\amr\cache\mask_1\mask_21_1.dat): failed to open stream: No such file or directory in <b>C:\xampp\htdocs\Medical_E-CARD\admin\amr\qrmask.php</b> on line <b>155</b><br />
<br />
<b>Warning</b>:  mkdir(): No such file or directory in <b>C:\xampp\htdocs\Medical_E-CARD\admin\amr\qrmask.php</b> on line <b>154</b><br />
<br />
<b>Warning</b>:  file_put_contents(C:\xampp\htdocs\Medical_E-CARD\admin\amr\cache\mask_2\mask_21_2.dat): failed to open stream: No such file or directory in <b>C:\xampp\htdocs\Medical_E-CARD\admin\amr\qrmask.php</b> on line <b>155</b><br />
<br />
<b>Warning</b>:  mkdir(): No such file or directory in <b>C:\xampp\htdocs\Medical_E-CARD\admin\amr\qrmask.php</b> on line <b>154</b><br />
<br />
<b>Warning</b>:  file_put_contents(C:\xampp\htdocs\Medical_E-CARD\admin\amr\cache\mask_3\mask_21_3.dat): failed to open stream: No such file or directory in <b>C:\xampp\htdocs\Medical_E-CARD\admin\amr\qrmask.php</b> on line <b>155</b><br />
<br />
<b>Warning</b>:  mkdir(): No such file or directory in <b>C:\xampp\htdocs\Medical_E-CARD\admin\amr\qrmask.php</b> on line <b>154</b><br />
<br />
<b>Warning</b>:  file_put_contents(C:\xampp\htdocs\Medical_E-CARD\admin\amr\cache\mask_4\mask_21_4.dat): failed to open stream: No such file or directory in <b>C:\xampp\htdocs\Medical_E-CARD\admin\amr\qrmask.php</b> on line <b>155</b><br />
<br />
<b>Warning</b>:  mkdir(): No such file or directory in <b>C:\xampp\htdocs\Medical_E-CARD\admin\amr\qrmask.php</b> on line <b>154</b><br />
<br />
<b>Warning</b>:  file_put_contents(C:\xampp\htdocs\Medical_E-CARD\admin\amr\cache\mask_5\mask_21_5.dat): failed to open stream: No such file or directory in <b>C:\xampp\htdocs\Medical_E-CARD\admin\amr\qrmask.php</b> on line <b>155</b><br />
<br />
<b>Warning</b>:  mkdir(): No such file or directory in <b>C:\xampp\htdocs\Medical_E-CARD\admin\amr\qrmask.php</b> on line <b>154</b><br />
<br />
<b>Warning</b>:  file_put_contents(C:\xampp\htdocs\Medical_E-CARD\admin\amr\cache\mask_6\mask_21_6.dat): failed to open stream: No such file or directory in <b>C:\xampp\htdocs\Medical_E-CARD\admin\amr\qrmask.php</b> on line <b>155</b><br />
<br />
<b>Warning</b>:  mkdir(): No such file or directory in <b>C:\xampp\htdocs\Medical_E-CARD\admin\amr\qrmask.php</b> on line <b>154</b><br />
<br />
<b>Warning</b>:  file_put_contents(C:\xampp\htdocs\Medical_E-CARD\admin\amr\cache\mask_7\mask_21_7.dat): failed to open stream: No such file or directory in <b>C:\xampp\htdocs\Medical_E-CARD\admin\amr\qrmask.php</b> on line <b>155</b><br />
2017-02-28 13:58:51: <br />
<b>Warning</b>:  file_put_contents(C:\xampp\htdocs\Medical_E-CARD\admin\amr\cache\frame_1.dat): failed to open stream: No such file or directory in <b>C:\xampp\htdocs\Medical_E-CARD\admin\amr\qrspec.php</b> on line <b>568</b><br />
<br />
<b>Warning</b>:  mkdir(): No such file or directory in <b>C:\xampp\htdocs\Medical_E-CARD\admin\amr\qrmask.php</b> on line <b>154</b><br />
<br />
<b>Warning</b>:  file_put_contents(C:\xampp\htdocs\Medical_E-CARD\admin\amr\cache\mask_0\mask_21_0.dat): failed to open stream: No such file or directory in <b>C:\xampp\htdocs\Medical_E-CARD\admin\amr\qrmask.php</b> on line <b>155</b><br />
<br />
<b>Warning</b>:  mkdir(): No such file or directory in <b>C:\xampp\htdocs\Medical_E-CARD\admin\amr\qrmask.php</b> on line <b>154</b><br />
<br />
<b>Warning</b>:  file_put_contents(C:\xampp\htdocs\Medical_E-CARD\admin\amr\cache\mask_1\mask_21_1.dat): failed to open stream: No such file or directory in <b>C:\xampp\htdocs\Medical_E-CARD\admin\amr\qrmask.php</b> on line <b>155</b><br />
<br />
<b>Warning</b>:  mkdir(): No such file or directory in <b>C:\xampp\htdocs\Medical_E-CARD\admin\amr\qrmask.php</b> on line <b>154</b><br />
<br />
<b>Warning</b>:  file_put_contents(C:\xampp\htdocs\Medical_E-CARD\admin\amr\cache\mask_2\mask_21_2.dat): failed to open stream: No such file or directory in <b>C:\xampp\htdocs\Medical_E-CARD\admin\amr\qrmask.php</b> on line <b>155</b><br />
<br />
<b>Warning</b>:  mkdir(): No such file or directory in <b>C:\xampp\htdocs\Medical_E-CARD\admin\amr\qrmask.php</b> on line <b>154</b><br />
<br />
<b>Warning</b>:  file_put_contents(C:\xampp\htdocs\Medical_E-CARD\admin\amr\cache\mask_3\mask_21_3.dat): failed to open stream: No such file or directory in <b>C:\xampp\htdocs\Medical_E-CARD\admin\amr\qrmask.php</b> on line <b>155</b><br />
<br />
<b>Warning</b>:  mkdir(): No such file or directory in <b>C:\xampp\htdocs\Medical_E-CARD\admin\amr\qrmask.php</b> on line <b>154</b><br />
<br />
<b>Warning</b>:  file_put_contents(C:\xampp\htdocs\Medical_E-CARD\admin\amr\cache\mask_4\mask_21_4.dat): failed to open stream: No such file or directory in <b>C:\xampp\htdocs\Medical_E-CARD\admin\amr\qrmask.php</b> on line <b>155</b><br />
<br />
<b>Warning</b>:  mkdir(): No such file or directory in <b>C:\xampp\htdocs\Medical_E-CARD\admin\amr\qrmask.php</b> on line <b>154</b><br />
<br />
<b>Warning</b>:  file_put_contents(C:\xampp\htdocs\Medical_E-CARD\admin\amr\cache\mask_5\mask_21_5.dat): failed to open stream: No such file or directory in <b>C:\xampp\htdocs\Medical_E-CARD\admin\amr\qrmask.php</b> on line <b>155</b><br />
<br />
<b>Warning</b>:  mkdir(): No such file or directory in <b>C:\xampp\htdocs\Medical_E-CARD\admin\amr\qrmask.php</b> on line <b>154</b><br />
<br />
<b>Warning</b>:  file_put_contents(C:\xampp\htdocs\Medical_E-CARD\admin\amr\cache\mask_6\mask_21_6.dat): failed to open stream: No such file or directory in <b>C:\xampp\htdocs\Medical_E-CARD\admin\amr\qrmask.php</b> on line <b>155</b><br />
<br />
<b>Warning</b>:  mkdir(): No such file or directory in <b>C:\xampp\htdocs\Medical_E-CARD\admin\amr\qrmask.php</b> on line <b>154</b><br />
<br />
<b>Warning</b>:  file_put_contents(C:\xampp\htdocs\Medical_E-CARD\admin\amr\cache\mask_7\mask_21_7.dat): failed to open stream: No such file or directory in <b>C:\xampp\htdocs\Medical_E-CARD\admin\amr\qrmask.php</b> on line <b>155</b><br />
2017-02-28 13:58:56: <br />
<b>Warning</b>:  file_put_contents(C:\xampp\htdocs\Medical_E-CARD\admin\amr\cache\frame_1.dat): failed to open stream: No such file or directory in <b>C:\xampp\htdocs\Medical_E-CARD\admin\amr\qrspec.php</b> on line <b>568</b><br />
<br />
<b>Warning</b>:  mkdir(): No such file or directory in <b>C:\xampp\htdocs\Medical_E-CARD\admin\amr\qrmask.php</b> on line <b>154</b><br />
<br />
<b>Warning</b>:  file_put_contents(C:\xampp\htdocs\Medical_E-CARD\admin\amr\cache\mask_0\mask_21_0.dat): failed to open stream: No such file or directory in <b>C:\xampp\htdocs\Medical_E-CARD\admin\amr\qrmask.php</b> on line <b>155</b><br />
<br />
<b>Warning</b>:  mkdir(): No such file or directory in <b>C:\xampp\htdocs\Medical_E-CARD\admin\amr\qrmask.php</b> on line <b>154</b><br />
<br />
<b>Warning</b>:  file_put_contents(C:\xampp\htdocs\Medical_E-CARD\admin\amr\cache\mask_1\mask_21_1.dat): failed to open stream: No such file or directory in <b>C:\xampp\htdocs\Medical_E-CARD\admin\amr\qrmask.php</b> on line <b>155</b><br />
<br />
<b>Warning</b>:  mkdir(): No such file or directory in <b>C:\xampp\htdocs\Medical_E-CARD\admin\amr\qrmask.php</b> on line <b>154</b><br />
<br />
<b>Warning</b>:  file_put_contents(C:\xampp\htdocs\Medical_E-CARD\admin\amr\cache\mask_2\mask_21_2.dat): failed to open stream: No such file or directory in <b>C:\xampp\htdocs\Medical_E-CARD\admin\amr\qrmask.php</b> on line <b>155</b><br />
<br />
<b>Warning</b>:  mkdir(): No such file or directory in <b>C:\xampp\htdocs\Medical_E-CARD\admin\amr\qrmask.php</b> on line <b>154</b><br />
<br />
<b>Warning</b>:  file_put_contents(C:\xampp\htdocs\Medical_E-CARD\admin\amr\cache\mask_3\mask_21_3.dat): failed to open stream: No such file or directory in <b>C:\xampp\htdocs\Medical_E-CARD\admin\amr\qrmask.php</b> on line <b>155</b><br />
<br />
<b>Warning</b>:  mkdir(): No such file or directory in <b>C:\xampp\htdocs\Medical_E-CARD\admin\amr\qrmask.php</b> on line <b>154</b><br />
<br />
<b>Warning</b>:  file_put_contents(C:\xampp\htdocs\Medical_E-CARD\admin\amr\cache\mask_4\mask_21_4.dat): failed to open stream: No such file or directory in <b>C:\xampp\htdocs\Medical_E-CARD\admin\amr\qrmask.php</b> on line <b>155</b><br />
<br />
<b>Warning</b>:  mkdir(): No such file or directory in <b>C:\xampp\htdocs\Medical_E-CARD\admin\amr\qrmask.php</b> on line <b>154</b><br />
<br />
<b>Warning</b>:  file_put_contents(C:\xampp\htdocs\Medical_E-CARD\admin\amr\cache\mask_5\mask_21_5.dat): failed to open stream: No such file or directory in <b>C:\xampp\htdocs\Medical_E-CARD\admin\amr\qrmask.php</b> on line <b>155</b><br />
<br />
<b>Warning</b>:  mkdir(): No such file or directory in <b>C:\xampp\htdocs\Medical_E-CARD\admin\amr\qrmask.php</b> on line <b>154</b><br />
<br />
<b>Warning</b>:  file_put_contents(C:\xampp\htdocs\Medical_E-CARD\admin\amr\cache\mask_6\mask_21_6.dat): failed to open stream: No such file or directory in <b>C:\xampp\htdocs\Medical_E-CARD\admin\amr\qrmask.php</b> on line <b>155</b><br />
<br />
<b>Warning</b>:  mkdir(): No such file or directory in <b>C:\xampp\htdocs\Medical_E-CARD\admin\amr\qrmask.php</b> on line <b>154</b><br />
<br />
<b>Warning</b>:  file_put_contents(C:\xampp\htdocs\Medical_E-CARD\admin\amr\cache\mask_7\mask_21_7.dat): failed to open stream: No such file or directory in <b>C:\xampp\htdocs\Medical_E-CARD\admin\amr\qrmask.php</b> on line <b>155</b><br />
2017-02-28 13:58:58: <br />
<b>Warning</b>:  file_put_contents(C:\xampp\htdocs\Medical_E-CARD\admin\amr\cache\frame_1.dat): failed to open stream: No such file or directory in <b>C:\xampp\htdocs\Medical_E-CARD\admin\amr\qrspec.php</b> on line <b>568</b><br />
<br />
<b>Warning</b>:  mkdir(): No such file or directory in <b>C:\xampp\htdocs\Medical_E-CARD\admin\amr\qrmask.php</b> on line <b>154</b><br />
<br />
<b>Warning</b>:  file_put_contents(C:\xampp\htdocs\Medical_E-CARD\admin\amr\cache\mask_0\mask_21_0.dat): failed to open stream: No such file or directory in <b>C:\xampp\htdocs\Medical_E-CARD\admin\amr\qrmask.php</b> on line <b>155</b><br />
<br />
<b>Warning</b>:  mkdir(): No such file or directory in <b>C:\xampp\htdocs\Medical_E-CARD\admin\amr\qrmask.php</b> on line <b>154</b><br />
<br />
<b>Warning</b>:  file_put_contents(C:\xampp\htdocs\Medical_E-CARD\admin\amr\cache\mask_1\mask_21_1.dat): failed to open stream: No such file or directory in <b>C:\xampp\htdocs\Medical_E-CARD\admin\amr\qrmask.php</b> on line <b>155</b><br />
<br />
<b>Warning</b>:  mkdir(): No such file or directory in <b>C:\xampp\htdocs\Medical_E-CARD\admin\amr\qrmask.php</b> on line <b>154</b><br />
<br />
<b>Warning</b>:  file_put_contents(C:\xampp\htdocs\Medical_E-CARD\admin\amr\cache\mask_2\mask_21_2.dat): failed to open stream: No such file or directory in <b>C:\xampp\htdocs\Medical_E-CARD\admin\amr\qrmask.php</b> on line <b>155</b><br />
<br />
<b>Warning</b>:  mkdir(): No such file or directory in <b>C:\xampp\htdocs\Medical_E-CARD\admin\amr\qrmask.php</b> on line <b>154</b><br />
<br />
<b>Warning</b>:  file_put_contents(C:\xampp\htdocs\Medical_E-CARD\admin\amr\cache\mask_3\mask_21_3.dat): failed to open stream: No such file or directory in <b>C:\xampp\htdocs\Medical_E-CARD\admin\amr\qrmask.php</b> on line <b>155</b><br />
<br />
<b>Warning</b>:  mkdir(): No such file or directory in <b>C:\xampp\htdocs\Medical_E-CARD\admin\amr\qrmask.php</b> on line <b>154</b><br />
<br />
<b>Warning</b>:  file_put_contents(C:\xampp\htdocs\Medical_E-CARD\admin\amr\cache\mask_4\mask_21_4.dat): failed to open stream: No such file or directory in <b>C:\xampp\htdocs\Medical_E-CARD\admin\amr\qrmask.php</b> on line <b>155</b><br />
<br />
<b>Warning</b>:  mkdir(): No such file or directory in <b>C:\xampp\htdocs\Medical_E-CARD\admin\amr\qrmask.php</b> on line <b>154</b><br />
<br />
<b>Warning</b>:  file_put_contents(C:\xampp\htdocs\Medical_E-CARD\admin\amr\cache\mask_5\mask_21_5.dat): failed to open stream: No such file or directory in <b>C:\xampp\htdocs\Medical_E-CARD\admin\amr\qrmask.php</b> on line <b>155</b><br />
<br />
<b>Warning</b>:  mkdir(): No such file or directory in <b>C:\xampp\htdocs\Medical_E-CARD\admin\amr\qrmask.php</b> on line <b>154</b><br />
<br />
<b>Warning</b>:  file_put_contents(C:\xampp\htdocs\Medical_E-CARD\admin\amr\cache\mask_6\mask_21_6.dat): failed to open stream: No such file or directory in <b>C:\xampp\htdocs\Medical_E-CARD\admin\amr\qrmask.php</b> on line <b>155</b><br />
<br />
<b>Warning</b>:  mkdir(): No such file or directory in <b>C:\xampp\htdocs\Medical_E-CARD\admin\amr\qrmask.php</b> on line <b>154</b><br />
<br />
<b>Warning</b>:  file_put_contents(C:\xampp\htdocs\Medical_E-CARD\admin\amr\cache\mask_7\mask_21_7.dat): failed to open stream: No such file or directory in <b>C:\xampp\htdocs\Medical_E-CARD\admin\amr\qrmask.php</b> on line <b>155</b><br />
2017-02-28 13:59:15: <br />
<b>Warning</b>:  file_put_contents(C:\xampp\htdocs\Medical_E-CARD\admin\amr\cache\frame_1.dat): failed to open stream: No such file or directory in <b>C:\xampp\htdocs\Medical_E-CARD\admin\amr\qrspec.php</b> on line <b>568</b><br />
<br />
<b>Warning</b>:  mkdir(): No such file or directory in <b>C:\xampp\htdocs\Medical_E-CARD\admin\amr\qrmask.php</b> on line <b>154</b><br />
<br />
<b>Warning</b>:  file_put_contents(C:\xampp\htdocs\Medical_E-CARD\admin\amr\cache\mask_0\mask_21_0.dat): failed to open stream: No such file or directory in <b>C:\xampp\htdocs\Medical_E-CARD\admin\amr\qrmask.php</b> on line <b>155</b><br />
<br />
<b>Warning</b>:  mkdir(): No such file or directory in <b>C:\xampp\htdocs\Medical_E-CARD\admin\amr\qrmask.php</b> on line <b>154</b><br />
<br />
<b>Warning</b>:  file_put_contents(C:\xampp\htdocs\Medical_E-CARD\admin\amr\cache\mask_1\mask_21_1.dat): failed to open stream: No such file or directory in <b>C:\xampp\htdocs\Medical_E-CARD\admin\amr\qrmask.php</b> on line <b>155</b><br />
<br />
<b>Warning</b>:  mkdir(): No such file or directory in <b>C:\xampp\htdocs\Medical_E-CARD\admin\amr\qrmask.php</b> on line <b>154</b><br />
<br />
<b>Warning</b>:  file_put_contents(C:\xampp\htdocs\Medical_E-CARD\admin\amr\cache\mask_2\mask_21_2.dat): failed to open stream: No such file or directory in <b>C:\xampp\htdocs\Medical_E-CARD\admin\amr\qrmask.php</b> on line <b>155</b><br />
<br />
<b>Warning</b>:  mkdir(): No such file or directory in <b>C:\xampp\htdocs\Medical_E-CARD\admin\amr\qrmask.php</b> on line <b>154</b><br />
<br />
<b>Warning</b>:  file_put_contents(C:\xampp\htdocs\Medical_E-CARD\admin\amr\cache\mask_3\mask_21_3.dat): failed to open stream: No such file or directory in <b>C:\xampp\htdocs\Medical_E-CARD\admin\amr\qrmask.php</b> on line <b>155</b><br />
<br />
<b>Warning</b>:  mkdir(): No such file or directory in <b>C:\xampp\htdocs\Medical_E-CARD\admin\amr\qrmask.php</b> on line <b>154</b><br />
<br />
<b>Warning</b>:  file_put_contents(C:\xampp\htdocs\Medical_E-CARD\admin\amr\cache\mask_4\mask_21_4.dat): failed to open stream: No such file or directory in <b>C:\xampp\htdocs\Medical_E-CARD\admin\amr\qrmask.php</b> on line <b>155</b><br />
<br />
<b>Warning</b>:  mkdir(): No such file or directory in <b>C:\xampp\htdocs\Medical_E-CARD\admin\amr\qrmask.php</b> on line <b>154</b><br />
<br />
<b>Warning</b>:  file_put_contents(C:\xampp\htdocs\Medical_E-CARD\admin\amr\cache\mask_5\mask_21_5.dat): failed to open stream: No such file or directory in <b>C:\xampp\htdocs\Medical_E-CARD\admin\amr\qrmask.php</b> on line <b>155</b><br />
<br />
<b>Warning</b>:  mkdir(): No such file or directory in <b>C:\xampp\htdocs\Medical_E-CARD\admin\amr\qrmask.php</b> on line <b>154</b><br />
<br />
<b>Warning</b>:  file_put_contents(C:\xampp\htdocs\Medical_E-CARD\admin\amr\cache\mask_6\mask_21_6.dat): failed to open stream: No such file or directory in <b>C:\xampp\htdocs\Medical_E-CARD\admin\amr\qrmask.php</b> on line <b>155</b><br />
<br />
<b>Warning</b>:  mkdir(): No such file or directory in <b>C:\xampp\htdocs\Medical_E-CARD\admin\amr\qrmask.php</b> on line <b>154</b><br />
<br />
<b>Warning</b>:  file_put_contents(C:\xampp\htdocs\Medical_E-CARD\admin\amr\cache\mask_7\mask_21_7.dat): failed to open stream: No such file or directory in <b>C:\xampp\htdocs\Medical_E-CARD\admin\amr\qrmask.php</b> on line <b>155</b><br />
2017-02-28 14:00:46: <br />
<b>Warning</b>:  file_put_contents(C:\xampp\htdocs\Medical_E-CARD\admin\amr\cache\frame_1.dat): failed to open stream: No such file or directory in <b>C:\xampp\htdocs\Medical_E-CARD\admin\amr\qrspec.php</b> on line <b>568</b><br />
<br />
<b>Warning</b>:  mkdir(): No such file or directory in <b>C:\xampp\htdocs\Medical_E-CARD\admin\amr\qrmask.php</b> on line <b>154</b><br />
<br />
<b>Warning</b>:  file_put_contents(C:\xampp\htdocs\Medical_E-CARD\admin\amr\cache\mask_0\mask_21_0.dat): failed to open stream: No such file or directory in <b>C:\xampp\htdocs\Medical_E-CARD\admin\amr\qrmask.php</b> on line <b>155</b><br />
<br />
<b>Warning</b>:  mkdir(): No such file or directory in <b>C:\xampp\htdocs\Medical_E-CARD\admin\amr\qrmask.php</b> on line <b>154</b><br />
<br />
<b>Warning</b>:  file_put_contents(C:\xampp\htdocs\Medical_E-CARD\admin\amr\cache\mask_1\mask_21_1.dat): failed to open stream: No such file or directory in <b>C:\xampp\htdocs\Medical_E-CARD\admin\amr\qrmask.php</b> on line <b>155</b><br />
<br />
<b>Warning</b>:  mkdir(): No such file or directory in <b>C:\xampp\htdocs\Medical_E-CARD\admin\amr\qrmask.php</b> on line <b>154</b><br />
<br />
<b>Warning</b>:  file_put_contents(C:\xampp\htdocs\Medical_E-CARD\admin\amr\cache\mask_2\mask_21_2.dat): failed to open stream: No such file or directory in <b>C:\xampp\htdocs\Medical_E-CARD\admin\amr\qrmask.php</b> on line <b>155</b><br />
<br />
<b>Warning</b>:  mkdir(): No such file or directory in <b>C:\xampp\htdocs\Medical_E-CARD\admin\amr\qrmask.php</b> on line <b>154</b><br />
<br />
<b>Warning</b>:  file_put_contents(C:\xampp\htdocs\Medical_E-CARD\admin\amr\cache\mask_3\mask_21_3.dat): failed to open stream: No such file or directory in <b>C:\xampp\htdocs\Medical_E-CARD\admin\amr\qrmask.php</b> on line <b>155</b><br />
<br />
<b>Warning</b>:  mkdir(): No such file or directory in <b>C:\xampp\htdocs\Medical_E-CARD\admin\amr\qrmask.php</b> on line <b>154</b><br />
<br />
<b>Warning</b>:  file_put_contents(C:\xampp\htdocs\Medical_E-CARD\admin\amr\cache\mask_4\mask_21_4.dat): failed to open stream: No such file or directory in <b>C:\xampp\htdocs\Medical_E-CARD\admin\amr\qrmask.php</b> on line <b>155</b><br />
<br />
<b>Warning</b>:  mkdir(): No such file or directory in <b>C:\xampp\htdocs\Medical_E-CARD\admin\amr\qrmask.php</b> on line <b>154</b><br />
<br />
<b>Warning</b>:  file_put_contents(C:\xampp\htdocs\Medical_E-CARD\admin\amr\cache\mask_5\mask_21_5.dat): failed to open stream: No such file or directory in <b>C:\xampp\htdocs\Medical_E-CARD\admin\amr\qrmask.php</b> on line <b>155</b><br />
<br />
<b>Warning</b>:  mkdir(): No such file or directory in <b>C:\xampp\htdocs\Medical_E-CARD\admin\amr\qrmask.php</b> on line <b>154</b><br />
<br />
<b>Warning</b>:  file_put_contents(C:\xampp\htdocs\Medical_E-CARD\admin\amr\cache\mask_6\mask_21_6.dat): failed to open stream: No such file or directory in <b>C:\xampp\htdocs\Medical_E-CARD\admin\amr\qrmask.php</b> on line <b>155</b><br />
<br />
<b>Warning</b>:  mkdir(): No such file or directory in <b>C:\xampp\htdocs\Medical_E-CARD\admin\amr\qrmask.php</b> on line <b>154</b><br />
<br />
<b>Warning</b>:  file_put_contents(C:\xampp\htdocs\Medical_E-CARD\admin\amr\cache\mask_7\mask_21_7.dat): failed to open stream: No such file or directory in <b>C:\xampp\htdocs\Medical_E-CARD\admin\amr\qrmask.php</b> on line <b>155</b><br />
2017-02-28 14:00:53: <br />
<b>Warning</b>:  file_put_contents(C:\xampp\htdocs\Medical_E-CARD\admin\amr\cache\frame_1.dat): failed to open stream: No such file or directory in <b>C:\xampp\htdocs\Medical_E-CARD\admin\amr\qrspec.php</b> on line <b>568</b><br />
<br />
<b>Warning</b>:  mkdir(): No such file or directory in <b>C:\xampp\htdocs\Medical_E-CARD\admin\amr\qrmask.php</b> on line <b>154</b><br />
<br />
<b>Warning</b>:  file_put_contents(C:\xampp\htdocs\Medical_E-CARD\admin\amr\cache\mask_0\mask_21_0.dat): failed to open stream: No such file or directory in <b>C:\xampp\htdocs\Medical_E-CARD\admin\amr\qrmask.php</b> on line <b>155</b><br />
<br />
<b>Warning</b>:  mkdir(): No such file or directory in <b>C:\xampp\htdocs\Medical_E-CARD\admin\amr\qrmask.php</b> on line <b>154</b><br />
<br />
<b>Warning</b>:  file_put_contents(C:\xampp\htdocs\Medical_E-CARD\admin\amr\cache\mask_1\mask_21_1.dat): failed to open stream: No such file or directory in <b>C:\xampp\htdocs\Medical_E-CARD\admin\amr\qrmask.php</b> on line <b>155</b><br />
<br />
<b>Warning</b>:  mkdir(): No such file or directory in <b>C:\xampp\htdocs\Medical_E-CARD\admin\amr\qrmask.php</b> on line <b>154</b><br />
<br />
<b>Warning</b>:  file_put_contents(C:\xampp\htdocs\Medical_E-CARD\admin\amr\cache\mask_2\mask_21_2.dat): failed to open stream: No such file or directory in <b>C:\xampp\htdocs\Medical_E-CARD\admin\amr\qrmask.php</b> on line <b>155</b><br />
<br />
<b>Warning</b>:  mkdir(): No such file or directory in <b>C:\xampp\htdocs\Medical_E-CARD\admin\amr\qrmask.php</b> on line <b>154</b><br />
<br />
<b>Warning</b>:  file_put_contents(C:\xampp\htdocs\Medical_E-CARD\admin\amr\cache\mask_3\mask_21_3.dat): failed to open stream: No such file or directory in <b>C:\xampp\htdocs\Medical_E-CARD\admin\amr\qrmask.php</b> on line <b>155</b><br />
<br />
<b>Warning</b>:  mkdir(): No such file or directory in <b>C:\xampp\htdocs\Medical_E-CARD\admin\amr\qrmask.php</b> on line <b>154</b><br />
<br />
<b>Warning</b>:  file_put_contents(C:\xampp\htdocs\Medical_E-CARD\admin\amr\cache\mask_4\mask_21_4.dat): failed to open stream: No such file or directory in <b>C:\xampp\htdocs\Medical_E-CARD\admin\amr\qrmask.php</b> on line <b>155</b><br />
<br />
<b>Warning</b>:  mkdir(): No such file or directory in <b>C:\xampp\htdocs\Medical_E-CARD\admin\amr\qrmask.php</b> on line <b>154</b><br />
<br />
<b>Warning</b>:  file_put_contents(C:\xampp\htdocs\Medical_E-CARD\admin\amr\cache\mask_5\mask_21_5.dat): failed to open stream: No such file or directory in <b>C:\xampp\htdocs\Medical_E-CARD\admin\amr\qrmask.php</b> on line <b>155</b><br />
<br />
<b>Warning</b>:  mkdir(): No such file or directory in <b>C:\xampp\htdocs\Medical_E-CARD\admin\amr\qrmask.php</b> on line <b>154</b><br />
<br />
<b>Warning</b>:  file_put_contents(C:\xampp\htdocs\Medical_E-CARD\admin\amr\cache\mask_6\mask_21_6.dat): failed to open stream: No such file or directory in <b>C:\xampp\htdocs\Medical_E-CARD\admin\amr\qrmask.php</b> on line <b>155</b><br />
<br />
<b>Warning</b>:  mkdir(): No such file or directory in <b>C:\xampp\htdocs\Medical_E-CARD\admin\amr\qrmask.php</b> on line <b>154</b><br />
<br />
<b>Warning</b>:  file_put_contents(C:\xampp\htdocs\Medical_E-CARD\admin\amr\cache\mask_7\mask_21_7.dat): failed to open stream: No such file or directory in <b>C:\xampp\htdocs\Medical_E-CARD\admin\amr\qrmask.php</b> on line <b>155</b><br />
2017-02-28 14:00:55: <br />
<b>Warning</b>:  file_put_contents(C:\xampp\htdocs\Medical_E-CARD\admin\amr\cache\frame_1.dat): failed to open stream: No such file or directory in <b>C:\xampp\htdocs\Medical_E-CARD\admin\amr\qrspec.php</b> on line <b>568</b><br />
<br />
<b>Warning</b>:  mkdir(): No such file or directory in <b>C:\xampp\htdocs\Medical_E-CARD\admin\amr\qrmask.php</b> on line <b>154</b><br />
<br />
<b>Warning</b>:  file_put_contents(C:\xampp\htdocs\Medical_E-CARD\admin\amr\cache\mask_0\mask_21_0.dat): failed to open stream: No such file or directory in <b>C:\xampp\htdocs\Medical_E-CARD\admin\amr\qrmask.php</b> on line <b>155</b><br />
<br />
<b>Warning</b>:  mkdir(): No such file or directory in <b>C:\xampp\htdocs\Medical_E-CARD\admin\amr\qrmask.php</b> on line <b>154</b><br />
<br />
<b>Warning</b>:  file_put_contents(C:\xampp\htdocs\Medical_E-CARD\admin\amr\cache\mask_1\mask_21_1.dat): failed to open stream: No such file or directory in <b>C:\xampp\htdocs\Medical_E-CARD\admin\amr\qrmask.php</b> on line <b>155</b><br />
<br />
<b>Warning</b>:  mkdir(): No such file or directory in <b>C:\xampp\htdocs\Medical_E-CARD\admin\amr\qrmask.php</b> on line <b>154</b><br />
<br />
<b>Warning</b>:  file_put_contents(C:\xampp\htdocs\Medical_E-CARD\admin\amr\cache\mask_2\mask_21_2.dat): failed to open stream: No such file or directory in <b>C:\xampp\htdocs\Medical_E-CARD\admin\amr\qrmask.php</b> on line <b>155</b><br />
<br />
<b>Warning</b>:  mkdir(): No such file or directory in <b>C:\xampp\htdocs\Medical_E-CARD\admin\amr\qrmask.php</b> on line <b>154</b><br />
<br />
<b>Warning</b>:  file_put_contents(C:\xampp\htdocs\Medical_E-CARD\admin\amr\cache\mask_3\mask_21_3.dat): failed to open stream: No such file or directory in <b>C:\xampp\htdocs\Medical_E-CARD\admin\amr\qrmask.php</b> on line <b>155</b><br />
<br />
<b>Warning</b>:  mkdir(): No such file or directory in <b>C:\xampp\htdocs\Medical_E-CARD\admin\amr\qrmask.php</b> on line <b>154</b><br />
<br />
<b>Warning</b>:  file_put_contents(C:\xampp\htdocs\Medical_E-CARD\admin\amr\cache\mask_4\mask_21_4.dat): failed to open stream: No such file or directory in <b>C:\xampp\htdocs\Medical_E-CARD\admin\amr\qrmask.php</b> on line <b>155</b><br />
<br />
<b>Warning</b>:  mkdir(): No such file or directory in <b>C:\xampp\htdocs\Medical_E-CARD\admin\amr\qrmask.php</b> on line <b>154</b><br />
<br />
<b>Warning</b>:  file_put_contents(C:\xampp\htdocs\Medical_E-CARD\admin\amr\cache\mask_5\mask_21_5.dat): failed to open stream: No such file or directory in <b>C:\xampp\htdocs\Medical_E-CARD\admin\amr\qrmask.php</b> on line <b>155</b><br />
<br />
<b>Warning</b>:  mkdir(): No such file or directory in <b>C:\xampp\htdocs\Medical_E-CARD\admin\amr\qrmask.php</b> on line <b>154</b><br />
<br />
<b>Warning</b>:  file_put_contents(C:\xampp\htdocs\Medical_E-CARD\admin\amr\cache\mask_6\mask_21_6.dat): failed to open stream: No such file or directory in <b>C:\xampp\htdocs\Medical_E-CARD\admin\amr\qrmask.php</b> on line <b>155</b><br />
<br />
<b>Warning</b>:  mkdir(): No such file or directory in <b>C:\xampp\htdocs\Medical_E-CARD\admin\amr\qrmask.php</b> on line <b>154</b><br />
<br />
<b>Warning</b>:  file_put_contents(C:\xampp\htdocs\Medical_E-CARD\admin\amr\cache\mask_7\mask_21_7.dat): failed to open stream: No such file or directory in <b>C:\xampp\htdocs\Medical_E-CARD\admin\amr\qrmask.php</b> on line <b>155</b><br />
2017-02-28 14:01:00: <br />
<b>Warning</b>:  file_put_contents(C:\xampp\htdocs\Medical_E-CARD\admin\amr\cache\frame_1.dat): failed to open stream: No such file or directory in <b>C:\xampp\htdocs\Medical_E-CARD\admin\amr\qrspec.php</b> on line <b>568</b><br />
<br />
<b>Warning</b>:  mkdir(): No such file or directory in <b>C:\xampp\htdocs\Medical_E-CARD\admin\amr\qrmask.php</b> on line <b>154</b><br />
<br />
<b>Warning</b>:  file_put_contents(C:\xampp\htdocs\Medical_E-CARD\admin\amr\cache\mask_0\mask_21_0.dat): failed to open stream: No such file or directory in <b>C:\xampp\htdocs\Medical_E-CARD\admin\amr\qrmask.php</b> on line <b>155</b><br />
<br />
<b>Warning</b>:  mkdir(): No such file or directory in <b>C:\xampp\htdocs\Medical_E-CARD\admin\amr\qrmask.php</b> on line <b>154</b><br />
<br />
<b>Warning</b>:  file_put_contents(C:\xampp\htdocs\Medical_E-CARD\admin\amr\cache\mask_1\mask_21_1.dat): failed to open stream: No such file or directory in <b>C:\xampp\htdocs\Medical_E-CARD\admin\amr\qrmask.php</b> on line <b>155</b><br />
<br />
<b>Warning</b>:  mkdir(): No such file or directory in <b>C:\xampp\htdocs\Medical_E-CARD\admin\amr\qrmask.php</b> on line <b>154</b><br />
<br />
<b>Warning</b>:  file_put_contents(C:\xampp\htdocs\Medical_E-CARD\admin\amr\cache\mask_2\mask_21_2.dat): failed to open stream: No such file or directory in <b>C:\xampp\htdocs\Medical_E-CARD\admin\amr\qrmask.php</b> on line <b>155</b><br />
<br />
<b>Warning</b>:  mkdir(): No such file or directory in <b>C:\xampp\htdocs\Medical_E-CARD\admin\amr\qrmask.php</b> on line <b>154</b><br />
<br />
<b>Warning</b>:  file_put_contents(C:\xampp\htdocs\Medical_E-CARD\admin\amr\cache\mask_3\mask_21_3.dat): failed to open stream: No such file or directory in <b>C:\xampp\htdocs\Medical_E-CARD\admin\amr\qrmask.php</b> on line <b>155</b><br />
<br />
<b>Warning</b>:  mkdir(): No such file or directory in <b>C:\xampp\htdocs\Medical_E-CARD\admin\amr\qrmask.php</b> on line <b>154</b><br />
<br />
<b>Warning</b>:  file_put_contents(C:\xampp\htdocs\Medical_E-CARD\admin\amr\cache\mask_4\mask_21_4.dat): failed to open stream: No such file or directory in <b>C:\xampp\htdocs\Medical_E-CARD\admin\amr\qrmask.php</b> on line <b>155</b><br />
<br />
<b>Warning</b>:  mkdir(): No such file or directory in <b>C:\xampp\htdocs\Medical_E-CARD\admin\amr\qrmask.php</b> on line <b>154</b><br />
<br />
<b>Warning</b>:  file_put_contents(C:\xampp\htdocs\Medical_E-CARD\admin\amr\cache\mask_5\mask_21_5.dat): failed to open stream: No such file or directory in <b>C:\xampp\htdocs\Medical_E-CARD\admin\amr\qrmask.php</b> on line <b>155</b><br />
<br />
<b>Warning</b>:  mkdir(): No such file or directory in <b>C:\xampp\htdocs\Medical_E-CARD\admin\amr\qrmask.php</b> on line <b>154</b><br />
<br />
<b>Warning</b>:  file_put_contents(C:\xampp\htdocs\Medical_E-CARD\admin\amr\cache\mask_6\mask_21_6.dat): failed to open stream: No such file or directory in <b>C:\xampp\htdocs\Medical_E-CARD\admin\amr\qrmask.php</b> on line <b>155</b><br />
<br />
<b>Warning</b>:  mkdir(): No such file or directory in <b>C:\xampp\htdocs\Medical_E-CARD\admin\amr\qrmask.php</b> on line <b>154</b><br />
<br />
<b>Warning</b>:  file_put_contents(C:\xampp\htdocs\Medical_E-CARD\admin\amr\cache\mask_7\mask_21_7.dat): failed to open stream: No such file or directory in <b>C:\xampp\htdocs\Medical_E-CARD\admin\amr\qrmask.php</b> on line <b>155</b><br />
2017-03-01 08:45:02: <br />
<b>Warning</b>:  file_put_contents(C:\xampp\htdocs\Medical_E-CARD\admin\amr\cache\frame_1.dat): failed to open stream: No such file or directory in <b>C:\xampp\htdocs\Medical_E-CARD\admin\amr\qrspec.php</b> on line <b>568</b><br />
<br />
<b>Warning</b>:  mkdir(): No such file or directory in <b>C:\xampp\htdocs\Medical_E-CARD\admin\amr\qrmask.php</b> on line <b>154</b><br />
<br />
<b>Warning</b>:  file_put_contents(C:\xampp\htdocs\Medical_E-CARD\admin\amr\cache\mask_0\mask_21_0.dat): failed to open stream: No such file or directory in <b>C:\xampp\htdocs\Medical_E-CARD\admin\amr\qrmask.php</b> on line <b>155</b><br />
<br />
<b>Warning</b>:  mkdir(): No such file or directory in <b>C:\xampp\htdocs\Medical_E-CARD\admin\amr\qrmask.php</b> on line <b>154</b><br />
<br />
<b>Warning</b>:  file_put_contents(C:\xampp\htdocs\Medical_E-CARD\admin\amr\cache\mask_1\mask_21_1.dat): failed to open stream: No such file or directory in <b>C:\xampp\htdocs\Medical_E-CARD\admin\amr\qrmask.php</b> on line <b>155</b><br />
<br />
<b>Warning</b>:  mkdir(): No such file or directory in <b>C:\xampp\htdocs\Medical_E-CARD\admin\amr\qrmask.php</b> on line <b>154</b><br />
<br />
<b>Warning</b>:  file_put_contents(C:\xampp\htdocs\Medical_E-CARD\admin\amr\cache\mask_2\mask_21_2.dat): failed to open stream: No such file or directory in <b>C:\xampp\htdocs\Medical_E-CARD\admin\amr\qrmask.php</b> on line <b>155</b><br />
<br />
<b>Warning</b>:  mkdir(): No such file or directory in <b>C:\xampp\htdocs\Medical_E-CARD\admin\amr\qrmask.php</b> on line <b>154</b><br />
<br />
<b>Warning</b>:  file_put_contents(C:\xampp\htdocs\Medical_E-CARD\admin\amr\cache\mask_3\mask_21_3.dat): failed to open stream: No such file or directory in <b>C:\xampp\htdocs\Medical_E-CARD\admin\amr\qrmask.php</b> on line <b>155</b><br />
<br />
<b>Warning</b>:  mkdir(): No such file or directory in <b>C:\xampp\htdocs\Medical_E-CARD\admin\amr\qrmask.php</b> on line <b>154</b><br />
<br />
<b>Warning</b>:  file_put_contents(C:\xampp\htdocs\Medical_E-CARD\admin\amr\cache\mask_4\mask_21_4.dat): failed to open stream: No such file or directory in <b>C:\xampp\htdocs\Medical_E-CARD\admin\amr\qrmask.php</b> on line <b>155</b><br />
<br />
<b>Warning</b>:  mkdir(): No such file or directory in <b>C:\xampp\htdocs\Medical_E-CARD\admin\amr\qrmask.php</b> on line <b>154</b><br />
<br />
<b>Warning</b>:  file_put_contents(C:\xampp\htdocs\Medical_E-CARD\admin\amr\cache\mask_5\mask_21_5.dat): failed to open stream: No such file or directory in <b>C:\xampp\htdocs\Medical_E-CARD\admin\amr\qrmask.php</b> on line <b>155</b><br />
<br />
<b>Warning</b>:  mkdir(): No such file or directory in <b>C:\xampp\htdocs\Medical_E-CARD\admin\amr\qrmask.php</b> on line <b>154</b><br />
<br />
<b>Warning</b>:  file_put_contents(C:\xampp\htdocs\Medical_E-CARD\admin\amr\cache\mask_6\mask_21_6.dat): failed to open stream: No such file or directory in <b>C:\xampp\htdocs\Medical_E-CARD\admin\amr\qrmask.php</b> on line <b>155</b><br />
<br />
<b>Warning</b>:  mkdir(): No such file or directory in <b>C:\xampp\htdocs\Medical_E-CARD\admin\amr\qrmask.php</b> on line <b>154</b><br />
<br />
<b>Warning</b>:  file_put_contents(C:\xampp\htdocs\Medical_E-CARD\admin\amr\cache\mask_7\mask_21_7.dat): failed to open stream: No such file or directory in <b>C:\xampp\htdocs\Medical_E-CARD\admin\amr\qrmask.php</b> on line <b>155</b><br />
2017-03-01 08:45:04: <br />
<b>Warning</b>:  file_put_contents(C:\xampp\htdocs\Medical_E-CARD\admin\amr\cache\frame_1.dat): failed to open stream: No such file or directory in <b>C:\xampp\htdocs\Medical_E-CARD\admin\amr\qrspec.php</b> on line <b>568</b><br />
<br />
<b>Warning</b>:  mkdir(): No such file or directory in <b>C:\xampp\htdocs\Medical_E-CARD\admin\amr\qrmask.php</b> on line <b>154</b><br />
<br />
<b>Warning</b>:  file_put_contents(C:\xampp\htdocs\Medical_E-CARD\admin\amr\cache\mask_0\mask_21_0.dat): failed to open stream: No such file or directory in <b>C:\xampp\htdocs\Medical_E-CARD\admin\amr\qrmask.php</b> on line <b>155</b><br />
<br />
<b>Warning</b>:  mkdir(): No such file or directory in <b>C:\xampp\htdocs\Medical_E-CARD\admin\amr\qrmask.php</b> on line <b>154</b><br />
<br />
<b>Warning</b>:  file_put_contents(C:\xampp\htdocs\Medical_E-CARD\admin\amr\cache\mask_1\mask_21_1.dat): failed to open stream: No such file or directory in <b>C:\xampp\htdocs\Medical_E-CARD\admin\amr\qrmask.php</b> on line <b>155</b><br />
<br />
<b>Warning</b>:  mkdir(): No such file or directory in <b>C:\xampp\htdocs\Medical_E-CARD\admin\amr\qrmask.php</b> on line <b>154</b><br />
<br />
<b>Warning</b>:  file_put_contents(C:\xampp\htdocs\Medical_E-CARD\admin\amr\cache\mask_2\mask_21_2.dat): failed to open stream: No such file or directory in <b>C:\xampp\htdocs\Medical_E-CARD\admin\amr\qrmask.php</b> on line <b>155</b><br />
<br />
<b>Warning</b>:  mkdir(): No such file or directory in <b>C:\xampp\htdocs\Medical_E-CARD\admin\amr\qrmask.php</b> on line <b>154</b><br />
<br />
<b>Warning</b>:  file_put_contents(C:\xampp\htdocs\Medical_E-CARD\admin\amr\cache\mask_3\mask_21_3.dat): failed to open stream: No such file or directory in <b>C:\xampp\htdocs\Medical_E-CARD\admin\amr\qrmask.php</b> on line <b>155</b><br />
<br />
<b>Warning</b>:  mkdir(): No such file or directory in <b>C:\xampp\htdocs\Medical_E-CARD\admin\amr\qrmask.php</b> on line <b>154</b><br />
<br />
<b>Warning</b>:  file_put_contents(C:\xampp\htdocs\Medical_E-CARD\admin\amr\cache\mask_4\mask_21_4.dat): failed to open stream: No such file or directory in <b>C:\xampp\htdocs\Medical_E-CARD\admin\amr\qrmask.php</b> on line <b>155</b><br />
<br />
<b>Warning</b>:  mkdir(): No such file or directory in <b>C:\xampp\htdocs\Medical_E-CARD\admin\amr\qrmask.php</b> on line <b>154</b><br />
<br />
<b>Warning</b>:  file_put_contents(C:\xampp\htdocs\Medical_E-CARD\admin\amr\cache\mask_5\mask_21_5.dat): failed to open stream: No such file or directory in <b>C:\xampp\htdocs\Medical_E-CARD\admin\amr\qrmask.php</b> on line <b>155</b><br />
<br />
<b>Warning</b>:  mkdir(): No such file or directory in <b>C:\xampp\htdocs\Medical_E-CARD\admin\amr\qrmask.php</b> on line <b>154</b><br />
<br />
<b>Warning</b>:  file_put_contents(C:\xampp\htdocs\Medical_E-CARD\admin\amr\cache\mask_6\mask_21_6.dat): failed to open stream: No such file or directory in <b>C:\xampp\htdocs\Medical_E-CARD\admin\amr\qrmask.php</b> on line <b>155</b><br />
<br />
<b>Warning</b>:  mkdir(): No such file or directory in <b>C:\xampp\htdocs\Medical_E-CARD\admin\amr\qrmask.php</b> on line <b>154</b><br />
<br />
<b>Warning</b>:  file_put_contents(C:\xampp\htdocs\Medical_E-CARD\admin\amr\cache\mask_7\mask_21_7.dat): failed to open stream: No such file or directory in <b>C:\xampp\htdocs\Medical_E-CARD\admin\amr\qrmask.php</b> on line <b>155</b><br />
2017-03-04 08:31:44: <br />
<b>Warning</b>:  file_put_contents(C:\xampp\htdocs\Medical_E-CARD\admin\amr\cache\frame_1.dat): failed to open stream: No such file or directory in <b>C:\xampp\htdocs\Medical_E-CARD\admin\amr\qrspec.php</b> on line <b>568</b><br />
<br />
<b>Warning</b>:  mkdir(): No such file or directory in <b>C:\xampp\htdocs\Medical_E-CARD\admin\amr\qrmask.php</b> on line <b>154</b><br />
<br />
<b>Warning</b>:  file_put_contents(C:\xampp\htdocs\Medical_E-CARD\admin\amr\cache\mask_0\mask_21_0.dat): failed to open stream: No such file or directory in <b>C:\xampp\htdocs\Medical_E-CARD\admin\amr\qrmask.php</b> on line <b>155</b><br />
<br />
<b>Warning</b>:  mkdir(): No such file or directory in <b>C:\xampp\htdocs\Medical_E-CARD\admin\amr\qrmask.php</b> on line <b>154</b><br />
<br />
<b>Warning</b>:  file_put_contents(C:\xampp\htdocs\Medical_E-CARD\admin\amr\cache\mask_1\mask_21_1.dat): failed to open stream: No such file or directory in <b>C:\xampp\htdocs\Medical_E-CARD\admin\amr\qrmask.php</b> on line <b>155</b><br />
<br />
<b>Warning</b>:  mkdir(): No such file or directory in <b>C:\xampp\htdocs\Medical_E-CARD\admin\amr\qrmask.php</b> on line <b>154</b><br />
<br />
<b>Warning</b>:  file_put_contents(C:\xampp\htdocs\Medical_E-CARD\admin\amr\cache\mask_2\mask_21_2.dat): failed to open stream: No such file or directory in <b>C:\xampp\htdocs\Medical_E-CARD\admin\amr\qrmask.php</b> on line <b>155</b><br />
<br />
<b>Warning</b>:  mkdir(): No such file or directory in <b>C:\xampp\htdocs\Medical_E-CARD\admin\amr\qrmask.php</b> on line <b>154</b><br />
<br />
<b>Warning</b>:  file_put_contents(C:\xampp\htdocs\Medical_E-CARD\admin\amr\cache\mask_3\mask_21_3.dat): failed to open stream: No such file or directory in <b>C:\xampp\htdocs\Medical_E-CARD\admin\amr\qrmask.php</b> on line <b>155</b><br />
<br />
<b>Warning</b>:  mkdir(): No such file or directory in <b>C:\xampp\htdocs\Medical_E-CARD\admin\amr\qrmask.php</b> on line <b>154</b><br />
<br />
<b>Warning</b>:  file_put_contents(C:\xampp\htdocs\Medical_E-CARD\admin\amr\cache\mask_4\mask_21_4.dat): failed to open stream: No such file or directory in <b>C:\xampp\htdocs\Medical_E-CARD\admin\amr\qrmask.php</b> on line <b>155</b><br />
<br />
<b>Warning</b>:  mkdir(): No such file or directory in <b>C:\xampp\htdocs\Medical_E-CARD\admin\amr\qrmask.php</b> on line <b>154</b><br />
<br />
<b>Warning</b>:  file_put_contents(C:\xampp\htdocs\Medical_E-CARD\admin\amr\cache\mask_5\mask_21_5.dat): failed to open stream: No such file or directory in <b>C:\xampp\htdocs\Medical_E-CARD\admin\amr\qrmask.php</b> on line <b>155</b><br />
<br />
<b>Warning</b>:  mkdir(): No such file or directory in <b>C:\xampp\htdocs\Medical_E-CARD\admin\amr\qrmask.php</b> on line <b>154</b><br />
<br />
<b>Warning</b>:  file_put_contents(C:\xampp\htdocs\Medical_E-CARD\admin\amr\cache\mask_6\mask_21_6.dat): failed to open stream: No such file or directory in <b>C:\xampp\htdocs\Medical_E-CARD\admin\amr\qrmask.php</b> on line <b>155</b><br />
<br />
<b>Warning</b>:  mkdir(): No such file or directory in <b>C:\xampp\htdocs\Medical_E-CARD\admin\amr\qrmask.php</b> on line <b>154</b><br />
<br />
<b>Warning</b>:  file_put_contents(C:\xampp\htdocs\Medical_E-CARD\admin\amr\cache\mask_7\mask_21_7.dat): failed to open stream: No such file or directory in <b>C:\xampp\htdocs\Medical_E-CARD\admin\amr\qrmask.php</b> on line <b>155</b><br />
2017-03-04 08:31:48: <br />
<b>Warning</b>:  file_put_contents(C:\xampp\htdocs\Medical_E-CARD\admin\amr\cache\frame_1.dat): failed to open stream: No such file or directory in <b>C:\xampp\htdocs\Medical_E-CARD\admin\amr\qrspec.php</b> on line <b>568</b><br />
<br />
<b>Warning</b>:  mkdir(): No such file or directory in <b>C:\xampp\htdocs\Medical_E-CARD\admin\amr\qrmask.php</b> on line <b>154</b><br />
<br />
<b>Warning</b>:  file_put_contents(C:\xampp\htdocs\Medical_E-CARD\admin\amr\cache\mask_0\mask_21_0.dat): failed to open stream: No such file or directory in <b>C:\xampp\htdocs\Medical_E-CARD\admin\amr\qrmask.php</b> on line <b>155</b><br />
<br />
<b>Warning</b>:  mkdir(): No such file or directory in <b>C:\xampp\htdocs\Medical_E-CARD\admin\amr\qrmask.php</b> on line <b>154</b><br />
<br />
<b>Warning</b>:  file_put_contents(C:\xampp\htdocs\Medical_E-CARD\admin\amr\cache\mask_1\mask_21_1.dat): failed to open stream: No such file or directory in <b>C:\xampp\htdocs\Medical_E-CARD\admin\amr\qrmask.php</b> on line <b>155</b><br />
<br />
<b>Warning</b>:  mkdir(): No such file or directory in <b>C:\xampp\htdocs\Medical_E-CARD\admin\amr\qrmask.php</b> on line <b>154</b><br />
<br />
<b>Warning</b>:  file_put_contents(C:\xampp\htdocs\Medical_E-CARD\admin\amr\cache\mask_2\mask_21_2.dat): failed to open stream: No such file or directory in <b>C:\xampp\htdocs\Medical_E-CARD\admin\amr\qrmask.php</b> on line <b>155</b><br />
<br />
<b>Warning</b>:  mkdir(): No such file or directory in <b>C:\xampp\htdocs\Medical_E-CARD\admin\amr\qrmask.php</b> on line <b>154</b><br />
<br />
<b>Warning</b>:  file_put_contents(C:\xampp\htdocs\Medical_E-CARD\admin\amr\cache\mask_3\mask_21_3.dat): failed to open stream: No such file or directory in <b>C:\xampp\htdocs\Medical_E-CARD\admin\amr\qrmask.php</b> on line <b>155</b><br />
<br />
<b>Warning</b>:  mkdir(): No such file or directory in <b>C:\xampp\htdocs\Medical_E-CARD\admin\amr\qrmask.php</b> on line <b>154</b><br />
<br />
<b>Warning</b>:  file_put_contents(C:\xampp\htdocs\Medical_E-CARD\admin\amr\cache\mask_4\mask_21_4.dat): failed to open stream: No such file or directory in <b>C:\xampp\htdocs\Medical_E-CARD\admin\amr\qrmask.php</b> on line <b>155</b><br />
<br />
<b>Warning</b>:  mkdir(): No such file or directory in <b>C:\xampp\htdocs\Medical_E-CARD\admin\amr\qrmask.php</b> on line <b>154</b><br />
<br />
<b>Warning</b>:  file_put_contents(C:\xampp\htdocs\Medical_E-CARD\admin\amr\cache\mask_5\mask_21_5.dat): failed to open stream: No such file or directory in <b>C:\xampp\htdocs\Medical_E-CARD\admin\amr\qrmask.php</b> on line <b>155</b><br />
<br />
<b>Warning</b>:  mkdir(): No such file or directory in <b>C:\xampp\htdocs\Medical_E-CARD\admin\amr\qrmask.php</b> on line <b>154</b><br />
<br />
<b>Warning</b>:  file_put_contents(C:\xampp\htdocs\Medical_E-CARD\admin\amr\cache\mask_6\mask_21_6.dat): failed to open stream: No such file or directory in <b>C:\xampp\htdocs\Medical_E-CARD\admin\amr\qrmask.php</b> on line <b>155</b><br />
<br />
<b>Warning</b>:  mkdir(): No such file or directory in <b>C:\xampp\htdocs\Medical_E-CARD\admin\amr\qrmask.php</b> on line <b>154</b><br />
<br />
<b>Warning</b>:  file_put_contents(C:\xampp\htdocs\Medical_E-CARD\admin\amr\cache\mask_7\mask_21_7.dat): failed to open stream: No such file or directory in <b>C:\xampp\htdocs\Medical_E-CARD\admin\amr\qrmask.php</b> on line <b>155</b><br />
2017-07-14 09:20:38: <br />
<b>Warning</b>:  file_put_contents(C:\xampp\htdocs\Medical_E-CARD\admin\amr\cache\frame_1.dat): failed to open stream: No such file or directory in <b>C:\xampp\htdocs\Medical_E-CARD\admin\amr\qrspec.php</b> on line <b>568</b><br />
<br />
<b>Warning</b>:  mkdir(): No such file or directory in <b>C:\xampp\htdocs\Medical_E-CARD\admin\amr\qrmask.php</b> on line <b>154</b><br />
<br />
<b>Warning</b>:  file_put_contents(C:\xampp\htdocs\Medical_E-CARD\admin\amr\cache\mask_0\mask_21_0.dat): failed to open stream: No such file or directory in <b>C:\xampp\htdocs\Medical_E-CARD\admin\amr\qrmask.php</b> on line <b>155</b><br />
<br />
<b>Warning</b>:  mkdir(): No such file or directory in <b>C:\xampp\htdocs\Medical_E-CARD\admin\amr\qrmask.php</b> on line <b>154</b><br />
<br />
<b>Warning</b>:  file_put_contents(C:\xampp\htdocs\Medical_E-CARD\admin\amr\cache\mask_1\mask_21_1.dat): failed to open stream: No such file or directory in <b>C:\xampp\htdocs\Medical_E-CARD\admin\amr\qrmask.php</b> on line <b>155</b><br />
<br />
<b>Warning</b>:  mkdir(): No such file or directory in <b>C:\xampp\htdocs\Medical_E-CARD\admin\amr\qrmask.php</b> on line <b>154</b><br />
<br />
<b>Warning</b>:  file_put_contents(C:\xampp\htdocs\Medical_E-CARD\admin\amr\cache\mask_2\mask_21_2.dat): failed to open stream: No such file or directory in <b>C:\xampp\htdocs\Medical_E-CARD\admin\amr\qrmask.php</b> on line <b>155</b><br />
<br />
<b>Warning</b>:  mkdir(): No such file or directory in <b>C:\xampp\htdocs\Medical_E-CARD\admin\amr\qrmask.php</b> on line <b>154</b><br />
<br />
<b>Warning</b>:  file_put_contents(C:\xampp\htdocs\Medical_E-CARD\admin\amr\cache\mask_3\mask_21_3.dat): failed to open stream: No such file or directory in <b>C:\xampp\htdocs\Medical_E-CARD\admin\amr\qrmask.php</b> on line <b>155</b><br />
<br />
<b>Warning</b>:  mkdir(): No such file or directory in <b>C:\xampp\htdocs\Medical_E-CARD\admin\amr\qrmask.php</b> on line <b>154</b><br />
<br />
<b>Warning</b>:  file_put_contents(C:\xampp\htdocs\Medical_E-CARD\admin\amr\cache\mask_4\mask_21_4.dat): failed to open stream: No such file or directory in <b>C:\xampp\htdocs\Medical_E-CARD\admin\amr\qrmask.php</b> on line <b>155</b><br />
<br />
<b>Warning</b>:  mkdir(): No such file or directory in <b>C:\xampp\htdocs\Medical_E-CARD\admin\amr\qrmask.php</b> on line <b>154</b><br />
<br />
<b>Warning</b>:  file_put_contents(C:\xampp\htdocs\Medical_E-CARD\admin\amr\cache\mask_5\mask_21_5.dat): failed to open stream: No such file or directory in <b>C:\xampp\htdocs\Medical_E-CARD\admin\amr\qrmask.php</b> on line <b>155</b><br />
<br />
<b>Warning</b>:  mkdir(): No such file or directory in <b>C:\xampp\htdocs\Medical_E-CARD\admin\amr\qrmask.php</b> on line <b>154</b><br />
<br />
<b>Warning</b>:  file_put_contents(C:\xampp\htdocs\Medical_E-CARD\admin\amr\cache\mask_6\mask_21_6.dat): failed to open stream: No such file or directory in <b>C:\xampp\htdocs\Medical_E-CARD\admin\amr\qrmask.php</b> on line <b>155</b><br />
<br />
<b>Warning</b>:  mkdir(): No such file or directory in <b>C:\xampp\htdocs\Medical_E-CARD\admin\amr\qrmask.php</b> on line <b>154</b><br />
<br />
<b>Warning</b>:  file_put_contents(C:\xampp\htdocs\Medical_E-CARD\admin\amr\cache\mask_7\mask_21_7.dat): failed to open stream: No such file or directory in <b>C:\xampp\htdocs\Medical_E-CARD\admin\amr\qrmask.php</b> on line <b>155</b><br />
2017-07-14 09:20:41: <br />
<b>Warning</b>:  file_put_contents(C:\xampp\htdocs\Medical_E-CARD\admin\amr\cache\frame_1.dat): failed to open stream: No such file or directory in <b>C:\xampp\htdocs\Medical_E-CARD\admin\amr\qrspec.php</b> on line <b>568</b><br />
<br />
<b>Warning</b>:  mkdir(): No such file or directory in <b>C:\xampp\htdocs\Medical_E-CARD\admin\amr\qrmask.php</b> on line <b>154</b><br />
<br />
<b>Warning</b>:  file_put_contents(C:\xampp\htdocs\Medical_E-CARD\admin\amr\cache\mask_0\mask_21_0.dat): failed to open stream: No such file or directory in <b>C:\xampp\htdocs\Medical_E-CARD\admin\amr\qrmask.php</b> on line <b>155</b><br />
<br />
<b>Warning</b>:  mkdir(): No such file or directory in <b>C:\xampp\htdocs\Medical_E-CARD\admin\amr\qrmask.php</b> on line <b>154</b><br />
<br />
<b>Warning</b>:  file_put_contents(C:\xampp\htdocs\Medical_E-CARD\admin\amr\cache\mask_1\mask_21_1.dat): failed to open stream: No such file or directory in <b>C:\xampp\htdocs\Medical_E-CARD\admin\amr\qrmask.php</b> on line <b>155</b><br />
<br />
<b>Warning</b>:  mkdir(): No such file or directory in <b>C:\xampp\htdocs\Medical_E-CARD\admin\amr\qrmask.php</b> on line <b>154</b><br />
<br />
<b>Warning</b>:  file_put_contents(C:\xampp\htdocs\Medical_E-CARD\admin\amr\cache\mask_2\mask_21_2.dat): failed to open stream: No such file or directory in <b>C:\xampp\htdocs\Medical_E-CARD\admin\amr\qrmask.php</b> on line <b>155</b><br />
<br />
<b>Warning</b>:  mkdir(): No such file or directory in <b>C:\xampp\htdocs\Medical_E-CARD\admin\amr\qrmask.php</b> on line <b>154</b><br />
<br />
<b>Warning</b>:  file_put_contents(C:\xampp\htdocs\Medical_E-CARD\admin\amr\cache\mask_3\mask_21_3.dat): failed to open stream: No such file or directory in <b>C:\xampp\htdocs\Medical_E-CARD\admin\amr\qrmask.php</b> on line <b>155</b><br />
<br />
<b>Warning</b>:  mkdir(): No such file or directory in <b>C:\xampp\htdocs\Medical_E-CARD\admin\amr\qrmask.php</b> on line <b>154</b><br />
<br />
<b>Warning</b>:  file_put_contents(C:\xampp\htdocs\Medical_E-CARD\admin\amr\cache\mask_4\mask_21_4.dat): failed to open stream: No such file or directory in <b>C:\xampp\htdocs\Medical_E-CARD\admin\amr\qrmask.php</b> on line <b>155</b><br />
<br />
<b>Warning</b>:  mkdir(): No such file or directory in <b>C:\xampp\htdocs\Medical_E-CARD\admin\amr\qrmask.php</b> on line <b>154</b><br />
<br />
<b>Warning</b>:  file_put_contents(C:\xampp\htdocs\Medical_E-CARD\admin\amr\cache\mask_5\mask_21_5.dat): failed to open stream: No such file or directory in <b>C:\xampp\htdocs\Medical_E-CARD\admin\amr\qrmask.php</b> on line <b>155</b><br />
<br />
<b>Warning</b>:  mkdir(): No such file or directory in <b>C:\xampp\htdocs\Medical_E-CARD\admin\amr\qrmask.php</b> on line <b>154</b><br />
<br />
<b>Warning</b>:  file_put_contents(C:\xampp\htdocs\Medical_E-CARD\admin\amr\cache\mask_6\mask_21_6.dat): failed to open stream: No such file or directory in <b>C:\xampp\htdocs\Medical_E-CARD\admin\amr\qrmask.php</b> on line <b>155</b><br />
<br />
<b>Warning</b>:  mkdir(): No such file or directory in <b>C:\xampp\htdocs\Medical_E-CARD\admin\amr\qrmask.php</b> on line <b>154</b><br />
<br />
<b>Warning</b>:  file_put_contents(C:\xampp\htdocs\Medical_E-CARD\admin\amr\cache\mask_7\mask_21_7.dat): failed to open stream: No such file or directory in <b>C:\xampp\htdocs\Medical_E-CARD\admin\amr\qrmask.php</b> on line <b>155</b><br />
2017-07-14 09:20:45: <br />
<b>Warning</b>:  file_put_contents(C:\xampp\htdocs\Medical_E-CARD\admin\amr\cache\frame_1.dat): failed to open stream: No such file or directory in <b>C:\xampp\htdocs\Medical_E-CARD\admin\amr\qrspec.php</b> on line <b>568</b><br />
<br />
<b>Warning</b>:  mkdir(): No such file or directory in <b>C:\xampp\htdocs\Medical_E-CARD\admin\amr\qrmask.php</b> on line <b>154</b><br />
<br />
<b>Warning</b>:  file_put_contents(C:\xampp\htdocs\Medical_E-CARD\admin\amr\cache\mask_0\mask_21_0.dat): failed to open stream: No such file or directory in <b>C:\xampp\htdocs\Medical_E-CARD\admin\amr\qrmask.php</b> on line <b>155</b><br />
<br />
<b>Warning</b>:  mkdir(): No such file or directory in <b>C:\xampp\htdocs\Medical_E-CARD\admin\amr\qrmask.php</b> on line <b>154</b><br />
<br />
<b>Warning</b>:  file_put_contents(C:\xampp\htdocs\Medical_E-CARD\admin\amr\cache\mask_1\mask_21_1.dat): failed to open stream: No such file or directory in <b>C:\xampp\htdocs\Medical_E-CARD\admin\amr\qrmask.php</b> on line <b>155</b><br />
<br />
<b>Warning</b>:  mkdir(): No such file or directory in <b>C:\xampp\htdocs\Medical_E-CARD\admin\amr\qrmask.php</b> on line <b>154</b><br />
<br />
<b>Warning</b>:  file_put_contents(C:\xampp\htdocs\Medical_E-CARD\admin\amr\cache\mask_2\mask_21_2.dat): failed to open stream: No such file or directory in <b>C:\xampp\htdocs\Medical_E-CARD\admin\amr\qrmask.php</b> on line <b>155</b><br />
<br />
<b>Warning</b>:  mkdir(): No such file or directory in <b>C:\xampp\htdocs\Medical_E-CARD\admin\amr\qrmask.php</b> on line <b>154</b><br />
<br />
<b>Warning</b>:  file_put_contents(C:\xampp\htdocs\Medical_E-CARD\admin\amr\cache\mask_3\mask_21_3.dat): failed to open stream: No such file or directory in <b>C:\xampp\htdocs\Medical_E-CARD\admin\amr\qrmask.php</b> on line <b>155</b><br />
<br />
<b>Warning</b>:  mkdir(): No such file or directory in <b>C:\xampp\htdocs\Medical_E-CARD\admin\amr\qrmask.php</b> on line <b>154</b><br />
<br />
<b>Warning</b>:  file_put_contents(C:\xampp\htdocs\Medical_E-CARD\admin\amr\cache\mask_4\mask_21_4.dat): failed to open stream: No such file or directory in <b>C:\xampp\htdocs\Medical_E-CARD\admin\amr\qrmask.php</b> on line <b>155</b><br />
<br />
<b>Warning</b>:  mkdir(): No such file or directory in <b>C:\xampp\htdocs\Medical_E-CARD\admin\amr\qrmask.php</b> on line <b>154</b><br />
<br />
<b>Warning</b>:  file_put_contents(C:\xampp\htdocs\Medical_E-CARD\admin\amr\cache\mask_5\mask_21_5.dat): failed to open stream: No such file or directory in <b>C:\xampp\htdocs\Medical_E-CARD\admin\amr\qrmask.php</b> on line <b>155</b><br />
<br />
<b>Warning</b>:  mkdir(): No such file or directory in <b>C:\xampp\htdocs\Medical_E-CARD\admin\amr\qrmask.php</b> on line <b>154</b><br />
<br />
<b>Warning</b>:  file_put_contents(C:\xampp\htdocs\Medical_E-CARD\admin\amr\cache\mask_6\mask_21_6.dat): failed to open stream: No such file or directory in <b>C:\xampp\htdocs\Medical_E-CARD\admin\amr\qrmask.php</b> on line <b>155</b><br />
<br />
<b>Warning</b>:  mkdir(): No such file or directory in <b>C:\xampp\htdocs\Medical_E-CARD\admin\amr\qrmask.php</b> on line <b>154</b><br />
<br />
<b>Warning</b>:  file_put_contents(C:\xampp\htdocs\Medical_E-CARD\admin\amr\cache\mask_7\mask_21_7.dat): failed to open stream: No such file or directory in <b>C:\xampp\htdocs\Medical_E-CARD\admin\amr\qrmask.php</b> on line <b>155</b><br />
2017-07-14 09:20:47: <br />
<b>Warning</b>:  file_put_contents(C:\xampp\htdocs\Medical_E-CARD\admin\amr\cache\frame_1.dat): failed to open stream: No such file or directory in <b>C:\xampp\htdocs\Medical_E-CARD\admin\amr\qrspec.php</b> on line <b>568</b><br />
<br />
<b>Warning</b>:  mkdir(): No such file or directory in <b>C:\xampp\htdocs\Medical_E-CARD\admin\amr\qrmask.php</b> on line <b>154</b><br />
<br />
<b>Warning</b>:  file_put_contents(C:\xampp\htdocs\Medical_E-CARD\admin\amr\cache\mask_0\mask_21_0.dat): failed to open stream: No such file or directory in <b>C:\xampp\htdocs\Medical_E-CARD\admin\amr\qrmask.php</b> on line <b>155</b><br />
<br />
<b>Warning</b>:  mkdir(): No such file or directory in <b>C:\xampp\htdocs\Medical_E-CARD\admin\amr\qrmask.php</b> on line <b>154</b><br />
<br />
<b>Warning</b>:  file_put_contents(C:\xampp\htdocs\Medical_E-CARD\admin\amr\cache\mask_1\mask_21_1.dat): failed to open stream: No such file or directory in <b>C:\xampp\htdocs\Medical_E-CARD\admin\amr\qrmask.php</b> on line <b>155</b><br />
<br />
<b>Warning</b>:  mkdir(): No such file or directory in <b>C:\xampp\htdocs\Medical_E-CARD\admin\amr\qrmask.php</b> on line <b>154</b><br />
<br />
<b>Warning</b>:  file_put_contents(C:\xampp\htdocs\Medical_E-CARD\admin\amr\cache\mask_2\mask_21_2.dat): failed to open stream: No such file or directory in <b>C:\xampp\htdocs\Medical_E-CARD\admin\amr\qrmask.php</b> on line <b>155</b><br />
<br />
<b>Warning</b>:  mkdir(): No such file or directory in <b>C:\xampp\htdocs\Medical_E-CARD\admin\amr\qrmask.php</b> on line <b>154</b><br />
<br />
<b>Warning</b>:  file_put_contents(C:\xampp\htdocs\Medical_E-CARD\admin\amr\cache\mask_3\mask_21_3.dat): failed to open stream: No such file or directory in <b>C:\xampp\htdocs\Medical_E-CARD\admin\amr\qrmask.php</b> on line <b>155</b><br />
<br />
<b>Warning</b>:  mkdir(): No such file or directory in <b>C:\xampp\htdocs\Medical_E-CARD\admin\amr\qrmask.php</b> on line <b>154</b><br />
<br />
<b>Warning</b>:  file_put_contents(C:\xampp\htdocs\Medical_E-CARD\admin\amr\cache\mask_4\mask_21_4.dat): failed to open stream: No such file or directory in <b>C:\xampp\htdocs\Medical_E-CARD\admin\amr\qrmask.php</b> on line <b>155</b><br />
<br />
<b>Warning</b>:  mkdir(): No such file or directory in <b>C:\xampp\htdocs\Medical_E-CARD\admin\amr\qrmask.php</b> on line <b>154</b><br />
<br />
<b>Warning</b>:  file_put_contents(C:\xampp\htdocs\Medical_E-CARD\admin\amr\cache\mask_5\mask_21_5.dat): failed to open stream: No such file or directory in <b>C:\xampp\htdocs\Medical_E-CARD\admin\amr\qrmask.php</b> on line <b>155</b><br />
<br />
<b>Warning</b>:  mkdir(): No such file or directory in <b>C:\xampp\htdocs\Medical_E-CARD\admin\amr\qrmask.php</b> on line <b>154</b><br />
<br />
<b>Warning</b>:  file_put_contents(C:\xampp\htdocs\Medical_E-CARD\admin\amr\cache\mask_6\mask_21_6.dat): failed to open stream: No such file or directory in <b>C:\xampp\htdocs\Medical_E-CARD\admin\amr\qrmask.php</b> on line <b>155</b><br />
<br />
<b>Warning</b>:  mkdir(): No such file or directory in <b>C:\xampp\htdocs\Medical_E-CARD\admin\amr\qrmask.php</b> on line <b>154</b><br />
<br />
<b>Warning</b>:  file_put_contents(C:\xampp\htdocs\Medical_E-CARD\admin\amr\cache\mask_7\mask_21_7.dat): failed to open stream: No such file or directory in <b>C:\xampp\htdocs\Medical_E-CARD\admin\amr\qrmask.php</b> on line <b>155</b><br />
2017-07-14 09:21:14: <br />
<b>Warning</b>:  file_put_contents(C:\xampp\htdocs\Medical_E-CARD\admin\amr\cache\frame_1.dat): failed to open stream: No such file or directory in <b>C:\xampp\htdocs\Medical_E-CARD\admin\amr\qrspec.php</b> on line <b>568</b><br />
<br />
<b>Warning</b>:  mkdir(): No such file or directory in <b>C:\xampp\htdocs\Medical_E-CARD\admin\amr\qrmask.php</b> on line <b>154</b><br />
<br />
<b>Warning</b>:  file_put_contents(C:\xampp\htdocs\Medical_E-CARD\admin\amr\cache\mask_0\mask_21_0.dat): failed to open stream: No such file or directory in <b>C:\xampp\htdocs\Medical_E-CARD\admin\amr\qrmask.php</b> on line <b>155</b><br />
<br />
<b>Warning</b>:  mkdir(): No such file or directory in <b>C:\xampp\htdocs\Medical_E-CARD\admin\amr\qrmask.php</b> on line <b>154</b><br />
<br />
<b>Warning</b>:  file_put_contents(C:\xampp\htdocs\Medical_E-CARD\admin\amr\cache\mask_1\mask_21_1.dat): failed to open stream: No such file or directory in <b>C:\xampp\htdocs\Medical_E-CARD\admin\amr\qrmask.php</b> on line <b>155</b><br />
<br />
<b>Warning</b>:  mkdir(): No such file or directory in <b>C:\xampp\htdocs\Medical_E-CARD\admin\amr\qrmask.php</b> on line <b>154</b><br />
<br />
<b>Warning</b>:  file_put_contents(C:\xampp\htdocs\Medical_E-CARD\admin\amr\cache\mask_2\mask_21_2.dat): failed to open stream: No such file or directory in <b>C:\xampp\htdocs\Medical_E-CARD\admin\amr\qrmask.php</b> on line <b>155</b><br />
<br />
<b>Warning</b>:  mkdir(): No such file or directory in <b>C:\xampp\htdocs\Medical_E-CARD\admin\amr\qrmask.php</b> on line <b>154</b><br />
<br />
<b>Warning</b>:  file_put_contents(C:\xampp\htdocs\Medical_E-CARD\admin\amr\cache\mask_3\mask_21_3.dat): failed to open stream: No such file or directory in <b>C:\xampp\htdocs\Medical_E-CARD\admin\amr\qrmask.php</b> on line <b>155</b><br />
<br />
<b>Warning</b>:  mkdir(): No such file or directory in <b>C:\xampp\htdocs\Medical_E-CARD\admin\amr\qrmask.php</b> on line <b>154</b><br />
<br />
<b>Warning</b>:  file_put_contents(C:\xampp\htdocs\Medical_E-CARD\admin\amr\cache\mask_4\mask_21_4.dat): failed to open stream: No such file or directory in <b>C:\xampp\htdocs\Medical_E-CARD\admin\amr\qrmask.php</b> on line <b>155</b><br />
<br />
<b>Warning</b>:  mkdir(): No such file or directory in <b>C:\xampp\htdocs\Medical_E-CARD\admin\amr\qrmask.php</b> on line <b>154</b><br />
<br />
<b>Warning</b>:  file_put_contents(C:\xampp\htdocs\Medical_E-CARD\admin\amr\cache\mask_5\mask_21_5.dat): failed to open stream: No such file or directory in <b>C:\xampp\htdocs\Medical_E-CARD\admin\amr\qrmask.php</b> on line <b>155</b><br />
<br />
<b>Warning</b>:  mkdir(): No such file or directory in <b>C:\xampp\htdocs\Medical_E-CARD\admin\amr\qrmask.php</b> on line <b>154</b><br />
<br />
<b>Warning</b>:  file_put_contents(C:\xampp\htdocs\Medical_E-CARD\admin\amr\cache\mask_6\mask_21_6.dat): failed to open stream: No such file or directory in <b>C:\xampp\htdocs\Medical_E-CARD\admin\amr\qrmask.php</b> on line <b>155</b><br />
<br />
<b>Warning</b>:  mkdir(): No such file or directory in <b>C:\xampp\htdocs\Medical_E-CARD\admin\amr\qrmask.php</b> on line <b>154</b><br />
<br />
<b>Warning</b>:  file_put_contents(C:\xampp\htdocs\Medical_E-CARD\admin\amr\cache\mask_7\mask_21_7.dat): failed to open stream: No such file or directory in <b>C:\xampp\htdocs\Medical_E-CARD\admin\amr\qrmask.php</b> on line <b>155</b><br />
2017-07-14 09:21:16: <br />
<b>Warning</b>:  file_put_contents(C:\xampp\htdocs\Medical_E-CARD\admin\amr\cache\frame_1.dat): failed to open stream: No such file or directory in <b>C:\xampp\htdocs\Medical_E-CARD\admin\amr\qrspec.php</b> on line <b>568</b><br />
<br />
<b>Warning</b>:  mkdir(): No such file or directory in <b>C:\xampp\htdocs\Medical_E-CARD\admin\amr\qrmask.php</b> on line <b>154</b><br />
<br />
<b>Warning</b>:  file_put_contents(C:\xampp\htdocs\Medical_E-CARD\admin\amr\cache\mask_0\mask_21_0.dat): failed to open stream: No such file or directory in <b>C:\xampp\htdocs\Medical_E-CARD\admin\amr\qrmask.php</b> on line <b>155</b><br />
<br />
<b>Warning</b>:  mkdir(): No such file or directory in <b>C:\xampp\htdocs\Medical_E-CARD\admin\amr\qrmask.php</b> on line <b>154</b><br />
<br />
<b>Warning</b>:  file_put_contents(C:\xampp\htdocs\Medical_E-CARD\admin\amr\cache\mask_1\mask_21_1.dat): failed to open stream: No such file or directory in <b>C:\xampp\htdocs\Medical_E-CARD\admin\amr\qrmask.php</b> on line <b>155</b><br />
<br />
<b>Warning</b>:  mkdir(): No such file or directory in <b>C:\xampp\htdocs\Medical_E-CARD\admin\amr\qrmask.php</b> on line <b>154</b><br />
<br />
<b>Warning</b>:  file_put_contents(C:\xampp\htdocs\Medical_E-CARD\admin\amr\cache\mask_2\mask_21_2.dat): failed to open stream: No such file or directory in <b>C:\xampp\htdocs\Medical_E-CARD\admin\amr\qrmask.php</b> on line <b>155</b><br />
<br />
<b>Warning</b>:  mkdir(): No such file or directory in <b>C:\xampp\htdocs\Medical_E-CARD\admin\amr\qrmask.php</b> on line <b>154</b><br />
<br />
<b>Warning</b>:  file_put_contents(C:\xampp\htdocs\Medical_E-CARD\admin\amr\cache\mask_3\mask_21_3.dat): failed to open stream: No such file or directory in <b>C:\xampp\htdocs\Medical_E-CARD\admin\amr\qrmask.php</b> on line <b>155</b><br />
<br />
<b>Warning</b>:  mkdir(): No such file or directory in <b>C:\xampp\htdocs\Medical_E-CARD\admin\amr\qrmask.php</b> on line <b>154</b><br />
<br />
<b>Warning</b>:  file_put_contents(C:\xampp\htdocs\Medical_E-CARD\admin\amr\cache\mask_4\mask_21_4.dat): failed to open stream: No such file or directory in <b>C:\xampp\htdocs\Medical_E-CARD\admin\amr\qrmask.php</b> on line <b>155</b><br />
<br />
<b>Warning</b>:  mkdir(): No such file or directory in <b>C:\xampp\htdocs\Medical_E-CARD\admin\amr\qrmask.php</b> on line <b>154</b><br />
<br />
<b>Warning</b>:  file_put_contents(C:\xampp\htdocs\Medical_E-CARD\admin\amr\cache\mask_5\mask_21_5.dat): failed to open stream: No such file or directory in <b>C:\xampp\htdocs\Medical_E-CARD\admin\amr\qrmask.php</b> on line <b>155</b><br />
<br />
<b>Warning</b>:  mkdir(): No such file or directory in <b>C:\xampp\htdocs\Medical_E-CARD\admin\amr\qrmask.php</b> on line <b>154</b><br />
<br />
<b>Warning</b>:  file_put_contents(C:\xampp\htdocs\Medical_E-CARD\admin\amr\cache\mask_6\mask_21_6.dat): failed to open stream: No such file or directory in <b>C:\xampp\htdocs\Medical_E-CARD\admin\amr\qrmask.php</b> on line <b>155</b><br />
<br />
<b>Warning</b>:  mkdir(): No such file or directory in <b>C:\xampp\htdocs\Medical_E-CARD\admin\amr\qrmask.php</b> on line <b>154</b><br />
<br />
<b>Warning</b>:  file_put_contents(C:\xampp\htdocs\Medical_E-CARD\admin\amr\cache\mask_7\mask_21_7.dat): failed to open stream: No such file or directory in <b>C:\xampp\htdocs\Medical_E-CARD\admin\amr\qrmask.php</b> on line <b>155</b><br />
2017-07-14 09:29:24: <br />
<b>Warning</b>:  file_put_contents(C:\xampp\htdocs\Medical_E-CARD\admin\amr\cache\frame_1.dat): failed to open stream: No such file or directory in <b>C:\xampp\htdocs\Medical_E-CARD\admin\amr\qrspec.php</b> on line <b>568</b><br />
<br />
<b>Warning</b>:  mkdir(): No such file or directory in <b>C:\xampp\htdocs\Medical_E-CARD\admin\amr\qrmask.php</b> on line <b>154</b><br />
<br />
<b>Warning</b>:  file_put_contents(C:\xampp\htdocs\Medical_E-CARD\admin\amr\cache\mask_0\mask_21_0.dat): failed to open stream: No such file or directory in <b>C:\xampp\htdocs\Medical_E-CARD\admin\amr\qrmask.php</b> on line <b>155</b><br />
<br />
<b>Warning</b>:  mkdir(): No such file or directory in <b>C:\xampp\htdocs\Medical_E-CARD\admin\amr\qrmask.php</b> on line <b>154</b><br />
<br />
<b>Warning</b>:  file_put_contents(C:\xampp\htdocs\Medical_E-CARD\admin\amr\cache\mask_1\mask_21_1.dat): failed to open stream: No such file or directory in <b>C:\xampp\htdocs\Medical_E-CARD\admin\amr\qrmask.php</b> on line <b>155</b><br />
<br />
<b>Warning</b>:  mkdir(): No such file or directory in <b>C:\xampp\htdocs\Medical_E-CARD\admin\amr\qrmask.php</b> on line <b>154</b><br />
<br />
<b>Warning</b>:  file_put_contents(C:\xampp\htdocs\Medical_E-CARD\admin\amr\cache\mask_2\mask_21_2.dat): failed to open stream: No such file or directory in <b>C:\xampp\htdocs\Medical_E-CARD\admin\amr\qrmask.php</b> on line <b>155</b><br />
<br />
<b>Warning</b>:  mkdir(): No such file or directory in <b>C:\xampp\htdocs\Medical_E-CARD\admin\amr\qrmask.php</b> on line <b>154</b><br />
<br />
<b>Warning</b>:  file_put_contents(C:\xampp\htdocs\Medical_E-CARD\admin\amr\cache\mask_3\mask_21_3.dat): failed to open stream: No such file or directory in <b>C:\xampp\htdocs\Medical_E-CARD\admin\amr\qrmask.php</b> on line <b>155</b><br />
<br />
<b>Warning</b>:  mkdir(): No such file or directory in <b>C:\xampp\htdocs\Medical_E-CARD\admin\amr\qrmask.php</b> on line <b>154</b><br />
<br />
<b>Warning</b>:  file_put_contents(C:\xampp\htdocs\Medical_E-CARD\admin\amr\cache\mask_4\mask_21_4.dat): failed to open stream: No such file or directory in <b>C:\xampp\htdocs\Medical_E-CARD\admin\amr\qrmask.php</b> on line <b>155</b><br />
<br />
<b>Warning</b>:  mkdir(): No such file or directory in <b>C:\xampp\htdocs\Medical_E-CARD\admin\amr\qrmask.php</b> on line <b>154</b><br />
<br />
<b>Warning</b>:  file_put_contents(C:\xampp\htdocs\Medical_E-CARD\admin\amr\cache\mask_5\mask_21_5.dat): failed to open stream: No such file or directory in <b>C:\xampp\htdocs\Medical_E-CARD\admin\amr\qrmask.php</b> on line <b>155</b><br />
<br />
<b>Warning</b>:  mkdir(): No such file or directory in <b>C:\xampp\htdocs\Medical_E-CARD\admin\amr\qrmask.php</b> on line <b>154</b><br />
<br />
<b>Warning</b>:  file_put_contents(C:\xampp\htdocs\Medical_E-CARD\admin\amr\cache\mask_6\mask_21_6.dat): failed to open stream: No such file or directory in <b>C:\xampp\htdocs\Medical_E-CARD\admin\amr\qrmask.php</b> on line <b>155</b><br />
<br />
<b>Warning</b>:  mkdir(): No such file or directory in <b>C:\xampp\htdocs\Medical_E-CARD\admin\amr\qrmask.php</b> on line <b>154</b><br />
<br />
<b>Warning</b>:  file_put_contents(C:\xampp\htdocs\Medical_E-CARD\admin\amr\cache\mask_7\mask_21_7.dat): failed to open stream: No such file or directory in <b>C:\xampp\htdocs\Medical_E-CARD\admin\amr\qrmask.php</b> on line <b>155</b><br />
2017-08-18 09:13:36: <br />
<b>Warning</b>:  file_put_contents(C:\xampp\htdocs\Medical_E-CARD\admin\amr\cache\frame_1.dat): failed to open stream: No such file or directory in <b>C:\xampp\htdocs\Medical_E-CARD\admin\amr\qrspec.php</b> on line <b>568</b><br />
<br />
<b>Warning</b>:  mkdir(): No such file or directory in <b>C:\xampp\htdocs\Medical_E-CARD\admin\amr\qrmask.php</b> on line <b>154</b><br />
<br />
<b>Warning</b>:  file_put_contents(C:\xampp\htdocs\Medical_E-CARD\admin\amr\cache\mask_0\mask_21_0.dat): failed to open stream: No such file or directory in <b>C:\xampp\htdocs\Medical_E-CARD\admin\amr\qrmask.php</b> on line <b>155</b><br />
<br />
<b>Warning</b>:  mkdir(): No such file or directory in <b>C:\xampp\htdocs\Medical_E-CARD\admin\amr\qrmask.php</b> on line <b>154</b><br />
<br />
<b>Warning</b>:  file_put_contents(C:\xampp\htdocs\Medical_E-CARD\admin\amr\cache\mask_1\mask_21_1.dat): failed to open stream: No such file or directory in <b>C:\xampp\htdocs\Medical_E-CARD\admin\amr\qrmask.php</b> on line <b>155</b><br />
<br />
<b>Warning</b>:  mkdir(): No such file or directory in <b>C:\xampp\htdocs\Medical_E-CARD\admin\amr\qrmask.php</b> on line <b>154</b><br />
<br />
<b>Warning</b>:  file_put_contents(C:\xampp\htdocs\Medical_E-CARD\admin\amr\cache\mask_2\mask_21_2.dat): failed to open stream: No such file or directory in <b>C:\xampp\htdocs\Medical_E-CARD\admin\amr\qrmask.php</b> on line <b>155</b><br />
<br />
<b>Warning</b>:  mkdir(): No such file or directory in <b>C:\xampp\htdocs\Medical_E-CARD\admin\amr\qrmask.php</b> on line <b>154</b><br />
<br />
<b>Warning</b>:  file_put_contents(C:\xampp\htdocs\Medical_E-CARD\admin\amr\cache\mask_3\mask_21_3.dat): failed to open stream: No such file or directory in <b>C:\xampp\htdocs\Medical_E-CARD\admin\amr\qrmask.php</b> on line <b>155</b><br />
<br />
<b>Warning</b>:  mkdir(): No such file or directory in <b>C:\xampp\htdocs\Medical_E-CARD\admin\amr\qrmask.php</b> on line <b>154</b><br />
<br />
<b>Warning</b>:  file_put_contents(C:\xampp\htdocs\Medical_E-CARD\admin\amr\cache\mask_4\mask_21_4.dat): failed to open stream: No such file or directory in <b>C:\xampp\htdocs\Medical_E-CARD\admin\amr\qrmask.php</b> on line <b>155</b><br />
<br />
<b>Warning</b>:  mkdir(): No such file or directory in <b>C:\xampp\htdocs\Medical_E-CARD\admin\amr\qrmask.php</b> on line <b>154</b><br />
<br />
<b>Warning</b>:  file_put_contents(C:\xampp\htdocs\Medical_E-CARD\admin\amr\cache\mask_5\mask_21_5.dat): failed to open stream: No such file or directory in <b>C:\xampp\htdocs\Medical_E-CARD\admin\amr\qrmask.php</b> on line <b>155</b><br />
<br />
<b>Warning</b>:  mkdir(): No such file or directory in <b>C:\xampp\htdocs\Medical_E-CARD\admin\amr\qrmask.php</b> on line <b>154</b><br />
<br />
<b>Warning</b>:  file_put_contents(C:\xampp\htdocs\Medical_E-CARD\admin\amr\cache\mask_6\mask_21_6.dat): failed to open stream: No such file or directory in <b>C:\xampp\htdocs\Medical_E-CARD\admin\amr\qrmask.php</b> on line <b>155</b><br />
<br />
<b>Warning</b>:  mkdir(): No such file or directory in <b>C:\xampp\htdocs\Medical_E-CARD\admin\amr\qrmask.php</b> on line <b>154</b><br />
<br />
<b>Warning</b>:  file_put_contents(C:\xampp\htdocs\Medical_E-CARD\admin\amr\cache\mask_7\mask_21_7.dat): failed to open stream: No such file or directory in <b>C:\xampp\htdocs\Medical_E-CARD\admin\amr\qrmask.php</b> on line <b>155</b><br />
2017-09-16 08:35:02: <br />
<b>Warning</b>:  file_put_contents(C:\xampp\htdocs\Medical_E-CARD\admin\amr\cache\frame_1.dat): failed to open stream: No such file or directory in <b>C:\xampp\htdocs\Medical_E-CARD\admin\amr\qrspec.php</b> on line <b>568</b><br />
<br />
<b>Warning</b>:  mkdir(): No such file or directory in <b>C:\xampp\htdocs\Medical_E-CARD\admin\amr\qrmask.php</b> on line <b>154</b><br />
<br />
<b>Warning</b>:  file_put_contents(C:\xampp\htdocs\Medical_E-CARD\admin\amr\cache\mask_0\mask_21_0.dat): failed to open stream: No such file or directory in <b>C:\xampp\htdocs\Medical_E-CARD\admin\amr\qrmask.php</b> on line <b>155</b><br />
<br />
<b>Warning</b>:  mkdir(): No such file or directory in <b>C:\xampp\htdocs\Medical_E-CARD\admin\amr\qrmask.php</b> on line <b>154</b><br />
<br />
<b>Warning</b>:  file_put_contents(C:\xampp\htdocs\Medical_E-CARD\admin\amr\cache\mask_1\mask_21_1.dat): failed to open stream: No such file or directory in <b>C:\xampp\htdocs\Medical_E-CARD\admin\amr\qrmask.php</b> on line <b>155</b><br />
<br />
<b>Warning</b>:  mkdir(): No such file or directory in <b>C:\xampp\htdocs\Medical_E-CARD\admin\amr\qrmask.php</b> on line <b>154</b><br />
<br />
<b>Warning</b>:  file_put_contents(C:\xampp\htdocs\Medical_E-CARD\admin\amr\cache\mask_2\mask_21_2.dat): failed to open stream: No such file or directory in <b>C:\xampp\htdocs\Medical_E-CARD\admin\amr\qrmask.php</b> on line <b>155</b><br />
<br />
<b>Warning</b>:  mkdir(): No such file or directory in <b>C:\xampp\htdocs\Medical_E-CARD\admin\amr\qrmask.php</b> on line <b>154</b><br />
<br />
<b>Warning</b>:  file_put_contents(C:\xampp\htdocs\Medical_E-CARD\admin\amr\cache\mask_3\mask_21_3.dat): failed to open stream: No such file or directory in <b>C:\xampp\htdocs\Medical_E-CARD\admin\amr\qrmask.php</b> on line <b>155</b><br />
<br />
<b>Warning</b>:  mkdir(): No such file or directory in <b>C:\xampp\htdocs\Medical_E-CARD\admin\amr\qrmask.php</b> on line <b>154</b><br />
<br />
<b>Warning</b>:  file_put_contents(C:\xampp\htdocs\Medical_E-CARD\admin\amr\cache\mask_4\mask_21_4.dat): failed to open stream: No such file or directory in <b>C:\xampp\htdocs\Medical_E-CARD\admin\amr\qrmask.php</b> on line <b>155</b><br />
<br />
<b>Warning</b>:  mkdir(): No such file or directory in <b>C:\xampp\htdocs\Medical_E-CARD\admin\amr\qrmask.php</b> on line <b>154</b><br />
<br />
<b>Warning</b>:  file_put_contents(C:\xampp\htdocs\Medical_E-CARD\admin\amr\cache\mask_5\mask_21_5.dat): failed to open stream: No such file or directory in <b>C:\xampp\htdocs\Medical_E-CARD\admin\amr\qrmask.php</b> on line <b>155</b><br />
<br />
<b>Warning</b>:  mkdir(): No such file or directory in <b>C:\xampp\htdocs\Medical_E-CARD\admin\amr\qrmask.php</b> on line <b>154</b><br />
<br />
<b>Warning</b>:  file_put_contents(C:\xampp\htdocs\Medical_E-CARD\admin\amr\cache\mask_6\mask_21_6.dat): failed to open stream: No such file or directory in <b>C:\xampp\htdocs\Medical_E-CARD\admin\amr\qrmask.php</b> on line <b>155</b><br />
<br />
<b>Warning</b>:  mkdir(): No such file or directory in <b>C:\xampp\htdocs\Medical_E-CARD\admin\amr\qrmask.php</b> on line <b>154</b><br />
<br />
<b>Warning</b>:  file_put_contents(C:\xampp\htdocs\Medical_E-CARD\admin\amr\cache\mask_7\mask_21_7.dat): failed to open stream: No such file or directory in <b>C:\xampp\htdocs\Medical_E-CARD\admin\amr\qrmask.php</b> on line <b>155</b><br />
2017-10-14 11:28:56: <br />
<b>Warning</b>:  file_put_contents(C:\xampp\htdocs\Medical_E-CARD\admin\amr\cache\frame_1.dat): failed to open stream: No such file or directory in <b>C:\xampp\htdocs\Medical_E-CARD\admin\amr\qrspec.php</b> on line <b>568</b><br />
<br />
<b>Warning</b>:  mkdir(): No such file or directory in <b>C:\xampp\htdocs\Medical_E-CARD\admin\amr\qrmask.php</b> on line <b>154</b><br />
<br />
<b>Warning</b>:  file_put_contents(C:\xampp\htdocs\Medical_E-CARD\admin\amr\cache\mask_0\mask_21_0.dat): failed to open stream: No such file or directory in <b>C:\xampp\htdocs\Medical_E-CARD\admin\amr\qrmask.php</b> on line <b>155</b><br />
<br />
<b>Warning</b>:  mkdir(): No such file or directory in <b>C:\xampp\htdocs\Medical_E-CARD\admin\amr\qrmask.php</b> on line <b>154</b><br />
<br />
<b>Warning</b>:  file_put_contents(C:\xampp\htdocs\Medical_E-CARD\admin\amr\cache\mask_1\mask_21_1.dat): failed to open stream: No such file or directory in <b>C:\xampp\htdocs\Medical_E-CARD\admin\amr\qrmask.php</b> on line <b>155</b><br />
<br />
<b>Warning</b>:  mkdir(): No such file or directory in <b>C:\xampp\htdocs\Medical_E-CARD\admin\amr\qrmask.php</b> on line <b>154</b><br />
<br />
<b>Warning</b>:  file_put_contents(C:\xampp\htdocs\Medical_E-CARD\admin\amr\cache\mask_2\mask_21_2.dat): failed to open stream: No such file or directory in <b>C:\xampp\htdocs\Medical_E-CARD\admin\amr\qrmask.php</b> on line <b>155</b><br />
<br />
<b>Warning</b>:  mkdir(): No such file or directory in <b>C:\xampp\htdocs\Medical_E-CARD\admin\amr\qrmask.php</b> on line <b>154</b><br />
<br />
<b>Warning</b>:  file_put_contents(C:\xampp\htdocs\Medical_E-CARD\admin\amr\cache\mask_3\mask_21_3.dat): failed to open stream: No such file or directory in <b>C:\xampp\htdocs\Medical_E-CARD\admin\amr\qrmask.php</b> on line <b>155</b><br />
<br />
<b>Warning</b>:  mkdir(): No such file or directory in <b>C:\xampp\htdocs\Medical_E-CARD\admin\amr\qrmask.php</b> on line <b>154</b><br />
<br />
<b>Warning</b>:  file_put_contents(C:\xampp\htdocs\Medical_E-CARD\admin\amr\cache\mask_4\mask_21_4.dat): failed to open stream: No such file or directory in <b>C:\xampp\htdocs\Medical_E-CARD\admin\amr\qrmask.php</b> on line <b>155</b><br />
<br />
<b>Warning</b>:  mkdir(): No such file or directory in <b>C:\xampp\htdocs\Medical_E-CARD\admin\amr\qrmask.php</b> on line <b>154</b><br />
<br />
<b>Warning</b>:  file_put_contents(C:\xampp\htdocs\Medical_E-CARD\admin\amr\cache\mask_5\mask_21_5.dat): failed to open stream: No such file or directory in <b>C:\xampp\htdocs\Medical_E-CARD\admin\amr\qrmask.php</b> on line <b>155</b><br />
<br />
<b>Warning</b>:  mkdir(): No such file or directory in <b>C:\xampp\htdocs\Medical_E-CARD\admin\amr\qrmask.php</b> on line <b>154</b><br />
<br />
<b>Warning</b>:  file_put_contents(C:\xampp\htdocs\Medical_E-CARD\admin\amr\cache\mask_6\mask_21_6.dat): failed to open stream: No such file or directory in <b>C:\xampp\htdocs\Medical_E-CARD\admin\amr\qrmask.php</b> on line <b>155</b><br />
<br />
<b>Warning</b>:  mkdir(): No such file or directory in <b>C:\xampp\htdocs\Medical_E-CARD\admin\amr\qrmask.php</b> on line <b>154</b><br />
<br />
<b>Warning</b>:  file_put_contents(C:\xampp\htdocs\Medical_E-CARD\admin\amr\cache\mask_7\mask_21_7.dat): failed to open stream: No such file or directory in <b>C:\xampp\htdocs\Medical_E-CARD\admin\amr\qrmask.php</b> on line <b>155</b><br />
2017-10-14 11:30:18: <br />
<b>Warning</b>:  file_put_contents(C:\xampp\htdocs\Medical_E-CARD\admin\amr\cache\frame_1.dat): failed to open stream: No such file or directory in <b>C:\xampp\htdocs\Medical_E-CARD\admin\amr\qrspec.php</b> on line <b>568</b><br />
<br />
<b>Warning</b>:  mkdir(): No such file or directory in <b>C:\xampp\htdocs\Medical_E-CARD\admin\amr\qrmask.php</b> on line <b>154</b><br />
<br />
<b>Warning</b>:  file_put_contents(C:\xampp\htdocs\Medical_E-CARD\admin\amr\cache\mask_0\mask_21_0.dat): failed to open stream: No such file or directory in <b>C:\xampp\htdocs\Medical_E-CARD\admin\amr\qrmask.php</b> on line <b>155</b><br />
<br />
<b>Warning</b>:  mkdir(): No such file or directory in <b>C:\xampp\htdocs\Medical_E-CARD\admin\amr\qrmask.php</b> on line <b>154</b><br />
<br />
<b>Warning</b>:  file_put_contents(C:\xampp\htdocs\Medical_E-CARD\admin\amr\cache\mask_1\mask_21_1.dat): failed to open stream: No such file or directory in <b>C:\xampp\htdocs\Medical_E-CARD\admin\amr\qrmask.php</b> on line <b>155</b><br />
<br />
<b>Warning</b>:  mkdir(): No such file or directory in <b>C:\xampp\htdocs\Medical_E-CARD\admin\amr\qrmask.php</b> on line <b>154</b><br />
<br />
<b>Warning</b>:  file_put_contents(C:\xampp\htdocs\Medical_E-CARD\admin\amr\cache\mask_2\mask_21_2.dat): failed to open stream: No such file or directory in <b>C:\xampp\htdocs\Medical_E-CARD\admin\amr\qrmask.php</b> on line <b>155</b><br />
<br />
<b>Warning</b>:  mkdir(): No such file or directory in <b>C:\xampp\htdocs\Medical_E-CARD\admin\amr\qrmask.php</b> on line <b>154</b><br />
<br />
<b>Warning</b>:  file_put_contents(C:\xampp\htdocs\Medical_E-CARD\admin\amr\cache\mask_3\mask_21_3.dat): failed to open stream: No such file or directory in <b>C:\xampp\htdocs\Medical_E-CARD\admin\amr\qrmask.php</b> on line <b>155</b><br />
<br />
<b>Warning</b>:  mkdir(): No such file or directory in <b>C:\xampp\htdocs\Medical_E-CARD\admin\amr\qrmask.php</b> on line <b>154</b><br />
<br />
<b>Warning</b>:  file_put_contents(C:\xampp\htdocs\Medical_E-CARD\admin\amr\cache\mask_4\mask_21_4.dat): failed to open stream: No such file or directory in <b>C:\xampp\htdocs\Medical_E-CARD\admin\amr\qrmask.php</b> on line <b>155</b><br />
<br />
<b>Warning</b>:  mkdir(): No such file or directory in <b>C:\xampp\htdocs\Medical_E-CARD\admin\amr\qrmask.php</b> on line <b>154</b><br />
<br />
<b>Warning</b>:  file_put_contents(C:\xampp\htdocs\Medical_E-CARD\admin\amr\cache\mask_5\mask_21_5.dat): failed to open stream: No such file or directory in <b>C:\xampp\htdocs\Medical_E-CARD\admin\amr\qrmask.php</b> on line <b>155</b><br />
<br />
<b>Warning</b>:  mkdir(): No such file or directory in <b>C:\xampp\htdocs\Medical_E-CARD\admin\amr\qrmask.php</b> on line <b>154</b><br />
<br />
<b>Warning</b>:  file_put_contents(C:\xampp\htdocs\Medical_E-CARD\admin\amr\cache\mask_6\mask_21_6.dat): failed to open stream: No such file or directory in <b>C:\xampp\htdocs\Medical_E-CARD\admin\amr\qrmask.php</b> on line <b>155</b><br />
<br />
<b>Warning</b>:  mkdir(): No such file or directory in <b>C:\xampp\htdocs\Medical_E-CARD\admin\amr\qrmask.php</b> on line <b>154</b><br />
<br />
<b>Warning</b>:  file_put_contents(C:\xampp\htdocs\Medical_E-CARD\admin\amr\cache\mask_7\mask_21_7.dat): failed to open stream: No such file or directory in <b>C:\xampp\htdocs\Medical_E-CARD\admin\amr\qrmask.php</b> on line <b>155</b><br />
2017-10-14 11:30:21: <br />
<b>Warning</b>:  file_put_contents(C:\xampp\htdocs\Medical_E-CARD\admin\amr\cache\frame_1.dat): failed to open stream: No such file or directory in <b>C:\xampp\htdocs\Medical_E-CARD\admin\amr\qrspec.php</b> on line <b>568</b><br />
<br />
<b>Warning</b>:  mkdir(): No such file or directory in <b>C:\xampp\htdocs\Medical_E-CARD\admin\amr\qrmask.php</b> on line <b>154</b><br />
<br />
<b>Warning</b>:  file_put_contents(C:\xampp\htdocs\Medical_E-CARD\admin\amr\cache\mask_0\mask_21_0.dat): failed to open stream: No such file or directory in <b>C:\xampp\htdocs\Medical_E-CARD\admin\amr\qrmask.php</b> on line <b>155</b><br />
<br />
<b>Warning</b>:  mkdir(): No such file or directory in <b>C:\xampp\htdocs\Medical_E-CARD\admin\amr\qrmask.php</b> on line <b>154</b><br />
<br />
<b>Warning</b>:  file_put_contents(C:\xampp\htdocs\Medical_E-CARD\admin\amr\cache\mask_1\mask_21_1.dat): failed to open stream: No such file or directory in <b>C:\xampp\htdocs\Medical_E-CARD\admin\amr\qrmask.php</b> on line <b>155</b><br />
<br />
<b>Warning</b>:  mkdir(): No such file or directory in <b>C:\xampp\htdocs\Medical_E-CARD\admin\amr\qrmask.php</b> on line <b>154</b><br />
<br />
<b>Warning</b>:  file_put_contents(C:\xampp\htdocs\Medical_E-CARD\admin\amr\cache\mask_2\mask_21_2.dat): failed to open stream: No such file or directory in <b>C:\xampp\htdocs\Medical_E-CARD\admin\amr\qrmask.php</b> on line <b>155</b><br />
<br />
<b>Warning</b>:  mkdir(): No such file or directory in <b>C:\xampp\htdocs\Medical_E-CARD\admin\amr\qrmask.php</b> on line <b>154</b><br />
<br />
<b>Warning</b>:  file_put_contents(C:\xampp\htdocs\Medical_E-CARD\admin\amr\cache\mask_3\mask_21_3.dat): failed to open stream: No such file or directory in <b>C:\xampp\htdocs\Medical_E-CARD\admin\amr\qrmask.php</b> on line <b>155</b><br />
<br />
<b>Warning</b>:  mkdir(): No such file or directory in <b>C:\xampp\htdocs\Medical_E-CARD\admin\amr\qrmask.php</b> on line <b>154</b><br />
<br />
<b>Warning</b>:  file_put_contents(C:\xampp\htdocs\Medical_E-CARD\admin\amr\cache\mask_4\mask_21_4.dat): failed to open stream: No such file or directory in <b>C:\xampp\htdocs\Medical_E-CARD\admin\amr\qrmask.php</b> on line <b>155</b><br />
<br />
<b>Warning</b>:  mkdir(): No such file or directory in <b>C:\xampp\htdocs\Medical_E-CARD\admin\amr\qrmask.php</b> on line <b>154</b><br />
<br />
<b>Warning</b>:  file_put_contents(C:\xampp\htdocs\Medical_E-CARD\admin\amr\cache\mask_5\mask_21_5.dat): failed to open stream: No such file or directory in <b>C:\xampp\htdocs\Medical_E-CARD\admin\amr\qrmask.php</b> on line <b>155</b><br />
<br />
<b>Warning</b>:  mkdir(): No such file or directory in <b>C:\xampp\htdocs\Medical_E-CARD\admin\amr\qrmask.php</b> on line <b>154</b><br />
<br />
<b>Warning</b>:  file_put_contents(C:\xampp\htdocs\Medical_E-CARD\admin\amr\cache\mask_6\mask_21_6.dat): failed to open stream: No such file or directory in <b>C:\xampp\htdocs\Medical_E-CARD\admin\amr\qrmask.php</b> on line <b>155</b><br />
<br />
<b>Warning</b>:  mkdir(): No such file or directory in <b>C:\xampp\htdocs\Medical_E-CARD\admin\amr\qrmask.php</b> on line <b>154</b><br />
<br />
<b>Warning</b>:  file_put_contents(C:\xampp\htdocs\Medical_E-CARD\admin\amr\cache\mask_7\mask_21_7.dat): failed to open stream: No such file or directory in <b>C:\xampp\htdocs\Medical_E-CARD\admin\amr\qrmask.php</b> on line <b>155</b><br />
2017-10-14 11:30:29: <br />
<b>Warning</b>:  file_put_contents(C:\xampp\htdocs\Medical_E-CARD\admin\amr\cache\frame_1.dat): failed to open stream: No such file or directory in <b>C:\xampp\htdocs\Medical_E-CARD\admin\amr\qrspec.php</b> on line <b>568</b><br />
<br />
<b>Warning</b>:  mkdir(): No such file or directory in <b>C:\xampp\htdocs\Medical_E-CARD\admin\amr\qrmask.php</b> on line <b>154</b><br />
<br />
<b>Warning</b>:  file_put_contents(C:\xampp\htdocs\Medical_E-CARD\admin\amr\cache\mask_0\mask_21_0.dat): failed to open stream: No such file or directory in <b>C:\xampp\htdocs\Medical_E-CARD\admin\amr\qrmask.php</b> on line <b>155</b><br />
<br />
<b>Warning</b>:  mkdir(): No such file or directory in <b>C:\xampp\htdocs\Medical_E-CARD\admin\amr\qrmask.php</b> on line <b>154</b><br />
<br />
<b>Warning</b>:  file_put_contents(C:\xampp\htdocs\Medical_E-CARD\admin\amr\cache\mask_1\mask_21_1.dat): failed to open stream: No such file or directory in <b>C:\xampp\htdocs\Medical_E-CARD\admin\amr\qrmask.php</b> on line <b>155</b><br />
<br />
<b>Warning</b>:  mkdir(): No such file or directory in <b>C:\xampp\htdocs\Medical_E-CARD\admin\amr\qrmask.php</b> on line <b>154</b><br />
<br />
<b>Warning</b>:  file_put_contents(C:\xampp\htdocs\Medical_E-CARD\admin\amr\cache\mask_2\mask_21_2.dat): failed to open stream: No such file or directory in <b>C:\xampp\htdocs\Medical_E-CARD\admin\amr\qrmask.php</b> on line <b>155</b><br />
<br />
<b>Warning</b>:  mkdir(): No such file or directory in <b>C:\xampp\htdocs\Medical_E-CARD\admin\amr\qrmask.php</b> on line <b>154</b><br />
<br />
<b>Warning</b>:  file_put_contents(C:\xampp\htdocs\Medical_E-CARD\admin\amr\cache\mask_3\mask_21_3.dat): failed to open stream: No such file or directory in <b>C:\xampp\htdocs\Medical_E-CARD\admin\amr\qrmask.php</b> on line <b>155</b><br />
<br />
<b>Warning</b>:  mkdir(): No such file or directory in <b>C:\xampp\htdocs\Medical_E-CARD\admin\amr\qrmask.php</b> on line <b>154</b><br />
<br />
<b>Warning</b>:  file_put_contents(C:\xampp\htdocs\Medical_E-CARD\admin\amr\cache\mask_4\mask_21_4.dat): failed to open stream: No such file or directory in <b>C:\xampp\htdocs\Medical_E-CARD\admin\amr\qrmask.php</b> on line <b>155</b><br />
<br />
<b>Warning</b>:  mkdir(): No such file or directory in <b>C:\xampp\htdocs\Medical_E-CARD\admin\amr\qrmask.php</b> on line <b>154</b><br />
<br />
<b>Warning</b>:  file_put_contents(C:\xampp\htdocs\Medical_E-CARD\admin\amr\cache\mask_5\mask_21_5.dat): failed to open stream: No such file or directory in <b>C:\xampp\htdocs\Medical_E-CARD\admin\amr\qrmask.php</b> on line <b>155</b><br />
<br />
<b>Warning</b>:  mkdir(): No such file or directory in <b>C:\xampp\htdocs\Medical_E-CARD\admin\amr\qrmask.php</b> on line <b>154</b><br />
<br />
<b>Warning</b>:  file_put_contents(C:\xampp\htdocs\Medical_E-CARD\admin\amr\cache\mask_6\mask_21_6.dat): failed to open stream: No such file or directory in <b>C:\xampp\htdocs\Medical_E-CARD\admin\amr\qrmask.php</b> on line <b>155</b><br />
<br />
<b>Warning</b>:  mkdir(): No such file or directory in <b>C:\xampp\htdocs\Medical_E-CARD\admin\amr\qrmask.php</b> on line <b>154</b><br />
<br />
<b>Warning</b>:  file_put_contents(C:\xampp\htdocs\Medical_E-CARD\admin\amr\cache\mask_7\mask_21_7.dat): failed to open stream: No such file or directory in <b>C:\xampp\htdocs\Medical_E-CARD\admin\amr\qrmask.php</b> on line <b>155</b><br />
2017-10-14 11:30:46: <br />
<b>Warning</b>:  file_put_contents(C:\xampp\htdocs\Medical_E-CARD\admin\amr\cache\frame_1.dat): failed to open stream: No such file or directory in <b>C:\xampp\htdocs\Medical_E-CARD\admin\amr\qrspec.php</b> on line <b>568</b><br />
<br />
<b>Warning</b>:  mkdir(): No such file or directory in <b>C:\xampp\htdocs\Medical_E-CARD\admin\amr\qrmask.php</b> on line <b>154</b><br />
<br />
<b>Warning</b>:  file_put_contents(C:\xampp\htdocs\Medical_E-CARD\admin\amr\cache\mask_0\mask_21_0.dat): failed to open stream: No such file or directory in <b>C:\xampp\htdocs\Medical_E-CARD\admin\amr\qrmask.php</b> on line <b>155</b><br />
<br />
<b>Warning</b>:  mkdir(): No such file or directory in <b>C:\xampp\htdocs\Medical_E-CARD\admin\amr\qrmask.php</b> on line <b>154</b><br />
<br />
<b>Warning</b>:  file_put_contents(C:\xampp\htdocs\Medical_E-CARD\admin\amr\cache\mask_1\mask_21_1.dat): failed to open stream: No such file or directory in <b>C:\xampp\htdocs\Medical_E-CARD\admin\amr\qrmask.php</b> on line <b>155</b><br />
<br />
<b>Warning</b>:  mkdir(): No such file or directory in <b>C:\xampp\htdocs\Medical_E-CARD\admin\amr\qrmask.php</b> on line <b>154</b><br />
<br />
<b>Warning</b>:  file_put_contents(C:\xampp\htdocs\Medical_E-CARD\admin\amr\cache\mask_2\mask_21_2.dat): failed to open stream: No such file or directory in <b>C:\xampp\htdocs\Medical_E-CARD\admin\amr\qrmask.php</b> on line <b>155</b><br />
<br />
<b>Warning</b>:  mkdir(): No such file or directory in <b>C:\xampp\htdocs\Medical_E-CARD\admin\amr\qrmask.php</b> on line <b>154</b><br />
<br />
<b>Warning</b>:  file_put_contents(C:\xampp\htdocs\Medical_E-CARD\admin\amr\cache\mask_3\mask_21_3.dat): failed to open stream: No such file or directory in <b>C:\xampp\htdocs\Medical_E-CARD\admin\amr\qrmask.php</b> on line <b>155</b><br />
<br />
<b>Warning</b>:  mkdir(): No such file or directory in <b>C:\xampp\htdocs\Medical_E-CARD\admin\amr\qrmask.php</b> on line <b>154</b><br />
<br />
<b>Warning</b>:  file_put_contents(C:\xampp\htdocs\Medical_E-CARD\admin\amr\cache\mask_4\mask_21_4.dat): failed to open stream: No such file or directory in <b>C:\xampp\htdocs\Medical_E-CARD\admin\amr\qrmask.php</b> on line <b>155</b><br />
<br />
<b>Warning</b>:  mkdir(): No such file or directory in <b>C:\xampp\htdocs\Medical_E-CARD\admin\amr\qrmask.php</b> on line <b>154</b><br />
<br />
<b>Warning</b>:  file_put_contents(C:\xampp\htdocs\Medical_E-CARD\admin\amr\cache\mask_5\mask_21_5.dat): failed to open stream: No such file or directory in <b>C:\xampp\htdocs\Medical_E-CARD\admin\amr\qrmask.php</b> on line <b>155</b><br />
<br />
<b>Warning</b>:  mkdir(): No such file or directory in <b>C:\xampp\htdocs\Medical_E-CARD\admin\amr\qrmask.php</b> on line <b>154</b><br />
<br />
<b>Warning</b>:  file_put_contents(C:\xampp\htdocs\Medical_E-CARD\admin\amr\cache\mask_6\mask_21_6.dat): failed to open stream: No such file or directory in <b>C:\xampp\htdocs\Medical_E-CARD\admin\amr\qrmask.php</b> on line <b>155</b><br />
<br />
<b>Warning</b>:  mkdir(): No such file or directory in <b>C:\xampp\htdocs\Medical_E-CARD\admin\amr\qrmask.php</b> on line <b>154</b><br />
<br />
<b>Warning</b>:  file_put_contents(C:\xampp\htdocs\Medical_E-CARD\admin\amr\cache\mask_7\mask_21_7.dat): failed to open stream: No such file or directory in <b>C:\xampp\htdocs\Medical_E-CARD\admin\amr\qrmask.php</b> on line <b>155</b><br />
2017-10-14 11:30:49: <br />
<b>Warning</b>:  file_put_contents(C:\xampp\htdocs\Medical_E-CARD\admin\amr\cache\frame_1.dat): failed to open stream: No such file or directory in <b>C:\xampp\htdocs\Medical_E-CARD\admin\amr\qrspec.php</b> on line <b>568</b><br />
<br />
<b>Warning</b>:  mkdir(): No such file or directory in <b>C:\xampp\htdocs\Medical_E-CARD\admin\amr\qrmask.php</b> on line <b>154</b><br />
<br />
<b>Warning</b>:  file_put_contents(C:\xampp\htdocs\Medical_E-CARD\admin\amr\cache\mask_0\mask_21_0.dat): failed to open stream: No such file or directory in <b>C:\xampp\htdocs\Medical_E-CARD\admin\amr\qrmask.php</b> on line <b>155</b><br />
<br />
<b>Warning</b>:  mkdir(): No such file or directory in <b>C:\xampp\htdocs\Medical_E-CARD\admin\amr\qrmask.php</b> on line <b>154</b><br />
<br />
<b>Warning</b>:  file_put_contents(C:\xampp\htdocs\Medical_E-CARD\admin\amr\cache\mask_1\mask_21_1.dat): failed to open stream: No such file or directory in <b>C:\xampp\htdocs\Medical_E-CARD\admin\amr\qrmask.php</b> on line <b>155</b><br />
<br />
<b>Warning</b>:  mkdir(): No such file or directory in <b>C:\xampp\htdocs\Medical_E-CARD\admin\amr\qrmask.php</b> on line <b>154</b><br />
<br />
<b>Warning</b>:  file_put_contents(C:\xampp\htdocs\Medical_E-CARD\admin\amr\cache\mask_2\mask_21_2.dat): failed to open stream: No such file or directory in <b>C:\xampp\htdocs\Medical_E-CARD\admin\amr\qrmask.php</b> on line <b>155</b><br />
<br />
<b>Warning</b>:  mkdir(): No such file or directory in <b>C:\xampp\htdocs\Medical_E-CARD\admin\amr\qrmask.php</b> on line <b>154</b><br />
<br />
<b>Warning</b>:  file_put_contents(C:\xampp\htdocs\Medical_E-CARD\admin\amr\cache\mask_3\mask_21_3.dat): failed to open stream: No such file or directory in <b>C:\xampp\htdocs\Medical_E-CARD\admin\amr\qrmask.php</b> on line <b>155</b><br />
<br />
<b>Warning</b>:  mkdir(): No such file or directory in <b>C:\xampp\htdocs\Medical_E-CARD\admin\amr\qrmask.php</b> on line <b>154</b><br />
<br />
<b>Warning</b>:  file_put_contents(C:\xampp\htdocs\Medical_E-CARD\admin\amr\cache\mask_4\mask_21_4.dat): failed to open stream: No such file or directory in <b>C:\xampp\htdocs\Medical_E-CARD\admin\amr\qrmask.php</b> on line <b>155</b><br />
<br />
<b>Warning</b>:  mkdir(): No such file or directory in <b>C:\xampp\htdocs\Medical_E-CARD\admin\amr\qrmask.php</b> on line <b>154</b><br />
<br />
<b>Warning</b>:  file_put_contents(C:\xampp\htdocs\Medical_E-CARD\admin\amr\cache\mask_5\mask_21_5.dat): failed to open stream: No such file or directory in <b>C:\xampp\htdocs\Medical_E-CARD\admin\amr\qrmask.php</b> on line <b>155</b><br />
<br />
<b>Warning</b>:  mkdir(): No such file or directory in <b>C:\xampp\htdocs\Medical_E-CARD\admin\amr\qrmask.php</b> on line <b>154</b><br />
<br />
<b>Warning</b>:  file_put_contents(C:\xampp\htdocs\Medical_E-CARD\admin\amr\cache\mask_6\mask_21_6.dat): failed to open stream: No such file or directory in <b>C:\xampp\htdocs\Medical_E-CARD\admin\amr\qrmask.php</b> on line <b>155</b><br />
<br />
<b>Warning</b>:  mkdir(): No such file or directory in <b>C:\xampp\htdocs\Medical_E-CARD\admin\amr\qrmask.php</b> on line <b>154</b><br />
<br />
<b>Warning</b>:  file_put_contents(C:\xampp\htdocs\Medical_E-CARD\admin\amr\cache\mask_7\mask_21_7.dat): failed to open stream: No such file or directory in <b>C:\xampp\htdocs\Medical_E-CARD\admin\amr\qrmask.php</b> on line <b>155</b><br />
2018-03-10 08:10:10: <br />
<b>Warning</b>:  file_put_contents(C:\xampp\htdocs\Medical_E-CARD\admin\amr\cache\frame_1.dat): failed to open stream: No such file or directory in <b>C:\xampp\htdocs\Medical_E-CARD\admin\amr\qrspec.php</b> on line <b>568</b><br />
<br />
<b>Warning</b>:  mkdir(): No such file or directory in <b>C:\xampp\htdocs\Medical_E-CARD\admin\amr\qrmask.php</b> on line <b>154</b><br />
<br />
<b>Warning</b>:  file_put_contents(C:\xampp\htdocs\Medical_E-CARD\admin\amr\cache\mask_0\mask_21_0.dat): failed to open stream: No such file or directory in <b>C:\xampp\htdocs\Medical_E-CARD\admin\amr\qrmask.php</b> on line <b>155</b><br />
<br />
<b>Warning</b>:  mkdir(): No such file or directory in <b>C:\xampp\htdocs\Medical_E-CARD\admin\amr\qrmask.php</b> on line <b>154</b><br />
<br />
<b>Warning</b>:  file_put_contents(C:\xampp\htdocs\Medical_E-CARD\admin\amr\cache\mask_1\mask_21_1.dat): failed to open stream: No such file or directory in <b>C:\xampp\htdocs\Medical_E-CARD\admin\amr\qrmask.php</b> on line <b>155</b><br />
<br />
<b>Warning</b>:  mkdir(): No such file or directory in <b>C:\xampp\htdocs\Medical_E-CARD\admin\amr\qrmask.php</b> on line <b>154</b><br />
<br />
<b>Warning</b>:  file_put_contents(C:\xampp\htdocs\Medical_E-CARD\admin\amr\cache\mask_2\mask_21_2.dat): failed to open stream: No such file or directory in <b>C:\xampp\htdocs\Medical_E-CARD\admin\amr\qrmask.php</b> on line <b>155</b><br />
<br />
<b>Warning</b>:  mkdir(): No such file or directory in <b>C:\xampp\htdocs\Medical_E-CARD\admin\amr\qrmask.php</b> on line <b>154</b><br />
<br />
<b>Warning</b>:  file_put_contents(C:\xampp\htdocs\Medical_E-CARD\admin\amr\cache\mask_3\mask_21_3.dat): failed to open stream: No such file or directory in <b>C:\xampp\htdocs\Medical_E-CARD\admin\amr\qrmask.php</b> on line <b>155</b><br />
<br />
<b>Warning</b>:  mkdir(): No such file or directory in <b>C:\xampp\htdocs\Medical_E-CARD\admin\amr\qrmask.php</b> on line <b>154</b><br />
<br />
<b>Warning</b>:  file_put_contents(C:\xampp\htdocs\Medical_E-CARD\admin\amr\cache\mask_4\mask_21_4.dat): failed to open stream: No such file or directory in <b>C:\xampp\htdocs\Medical_E-CARD\admin\amr\qrmask.php</b> on line <b>155</b><br />
<br />
<b>Warning</b>:  mkdir(): No such file or directory in <b>C:\xampp\htdocs\Medical_E-CARD\admin\amr\qrmask.php</b> on line <b>154</b><br />
<br />
<b>Warning</b>:  file_put_contents(C:\xampp\htdocs\Medical_E-CARD\admin\amr\cache\mask_5\mask_21_5.dat): failed to open stream: No such file or directory in <b>C:\xampp\htdocs\Medical_E-CARD\admin\amr\qrmask.php</b> on line <b>155</b><br />
<br />
<b>Warning</b>:  mkdir(): No such file or directory in <b>C:\xampp\htdocs\Medical_E-CARD\admin\amr\qrmask.php</b> on line <b>154</b><br />
<br />
<b>Warning</b>:  file_put_contents(C:\xampp\htdocs\Medical_E-CARD\admin\amr\cache\mask_6\mask_21_6.dat): failed to open stream: No such file or directory in <b>C:\xampp\htdocs\Medical_E-CARD\admin\amr\qrmask.php</b> on line <b>155</b><br />
<br />
<b>Warning</b>:  mkdir(): No such file or directory in <b>C:\xampp\htdocs\Medical_E-CARD\admin\amr\qrmask.php</b> on line <b>154</b><br />
<br />
<b>Warning</b>:  file_put_contents(C:\xampp\htdocs\Medical_E-CARD\admin\amr\cache\mask_7\mask_21_7.dat): failed to open stream: No such file or directory in <b>C:\xampp\htdocs\Medical_E-CARD\admin\amr\qrmask.php</b> on line <b>155</b><br />
2018-03-19 07:17:13: <br />
<b>Warning</b>:  file_put_contents(C:\xampp\htdocs\Medical_E-CARD\admin\amr\cache\frame_1.dat): failed to open stream: No such file or directory in <b>C:\xampp\htdocs\Medical_E-CARD\admin\amr\qrspec.php</b> on line <b>568</b><br />
<br />
<b>Warning</b>:  mkdir(): No such file or directory in <b>C:\xampp\htdocs\Medical_E-CARD\admin\amr\qrmask.php</b> on line <b>154</b><br />
<br />
<b>Warning</b>:  file_put_contents(C:\xampp\htdocs\Medical_E-CARD\admin\amr\cache\mask_0\mask_21_0.dat): failed to open stream: No such file or directory in <b>C:\xampp\htdocs\Medical_E-CARD\admin\amr\qrmask.php</b> on line <b>155</b><br />
<br />
<b>Warning</b>:  mkdir(): No such file or directory in <b>C:\xampp\htdocs\Medical_E-CARD\admin\amr\qrmask.php</b> on line <b>154</b><br />
<br />
<b>Warning</b>:  file_put_contents(C:\xampp\htdocs\Medical_E-CARD\admin\amr\cache\mask_1\mask_21_1.dat): failed to open stream: No such file or directory in <b>C:\xampp\htdocs\Medical_E-CARD\admin\amr\qrmask.php</b> on line <b>155</b><br />
<br />
<b>Warning</b>:  mkdir(): No such file or directory in <b>C:\xampp\htdocs\Medical_E-CARD\admin\amr\qrmask.php</b> on line <b>154</b><br />
<br />
<b>Warning</b>:  file_put_contents(C:\xampp\htdocs\Medical_E-CARD\admin\amr\cache\mask_2\mask_21_2.dat): failed to open stream: No such file or directory in <b>C:\xampp\htdocs\Medical_E-CARD\admin\amr\qrmask.php</b> on line <b>155</b><br />
<br />
<b>Warning</b>:  mkdir(): No such file or directory in <b>C:\xampp\htdocs\Medical_E-CARD\admin\amr\qrmask.php</b> on line <b>154</b><br />
<br />
<b>Warning</b>:  file_put_contents(C:\xampp\htdocs\Medical_E-CARD\admin\amr\cache\mask_3\mask_21_3.dat): failed to open stream: No such file or directory in <b>C:\xampp\htdocs\Medical_E-CARD\admin\amr\qrmask.php</b> on line <b>155</b><br />
<br />
<b>Warning</b>:  mkdir(): No such file or directory in <b>C:\xampp\htdocs\Medical_E-CARD\admin\amr\qrmask.php</b> on line <b>154</b><br />
<br />
<b>Warning</b>:  file_put_contents(C:\xampp\htdocs\Medical_E-CARD\admin\amr\cache\mask_4\mask_21_4.dat): failed to open stream: No such file or directory in <b>C:\xampp\htdocs\Medical_E-CARD\admin\amr\qrmask.php</b> on line <b>155</b><br />
<br />
<b>Warning</b>:  mkdir(): No such file or directory in <b>C:\xampp\htdocs\Medical_E-CARD\admin\amr\qrmask.php</b> on line <b>154</b><br />
<br />
<b>Warning</b>:  file_put_contents(C:\xampp\htdocs\Medical_E-CARD\admin\amr\cache\mask_5\mask_21_5.dat): failed to open stream: No such file or directory in <b>C:\xampp\htdocs\Medical_E-CARD\admin\amr\qrmask.php</b> on line <b>155</b><br />
<br />
<b>Warning</b>:  mkdir(): No such file or directory in <b>C:\xampp\htdocs\Medical_E-CARD\admin\amr\qrmask.php</b> on line <b>154</b><br />
<br />
<b>Warning</b>:  file_put_contents(C:\xampp\htdocs\Medical_E-CARD\admin\amr\cache\mask_6\mask_21_6.dat): failed to open stream: No such file or directory in <b>C:\xampp\htdocs\Medical_E-CARD\admin\amr\qrmask.php</b> on line <b>155</b><br />
<br />
<b>Warning</b>:  mkdir(): No such file or directory in <b>C:\xampp\htdocs\Medical_E-CARD\admin\amr\qrmask.php</b> on line <b>154</b><br />
<br />
<b>Warning</b>:  file_put_contents(C:\xampp\htdocs\Medical_E-CARD\admin\amr\cache\mask_7\mask_21_7.dat): failed to open stream: No such file or directory in <b>C:\xampp\htdocs\Medical_E-CARD\admin\amr\qrmask.php</b> on line <b>155</b><br />
2018-03-19 07:18:16: <br />
<b>Warning</b>:  file_put_contents(C:\xampp\htdocs\Medical_E-CARD\admin\amr\cache\frame_1.dat): failed to open stream: No such file or directory in <b>C:\xampp\htdocs\Medical_E-CARD\admin\amr\qrspec.php</b> on line <b>568</b><br />
<br />
<b>Warning</b>:  mkdir(): No such file or directory in <b>C:\xampp\htdocs\Medical_E-CARD\admin\amr\qrmask.php</b> on line <b>154</b><br />
<br />
<b>Warning</b>:  file_put_contents(C:\xampp\htdocs\Medical_E-CARD\admin\amr\cache\mask_0\mask_21_0.dat): failed to open stream: No such file or directory in <b>C:\xampp\htdocs\Medical_E-CARD\admin\amr\qrmask.php</b> on line <b>155</b><br />
<br />
<b>Warning</b>:  mkdir(): No such file or directory in <b>C:\xampp\htdocs\Medical_E-CARD\admin\amr\qrmask.php</b> on line <b>154</b><br />
<br />
<b>Warning</b>:  file_put_contents(C:\xampp\htdocs\Medical_E-CARD\admin\amr\cache\mask_1\mask_21_1.dat): failed to open stream: No such file or directory in <b>C:\xampp\htdocs\Medical_E-CARD\admin\amr\qrmask.php</b> on line <b>155</b><br />
<br />
<b>Warning</b>:  mkdir(): No such file or directory in <b>C:\xampp\htdocs\Medical_E-CARD\admin\amr\qrmask.php</b> on line <b>154</b><br />
<br />
<b>Warning</b>:  file_put_contents(C:\xampp\htdocs\Medical_E-CARD\admin\amr\cache\mask_2\mask_21_2.dat): failed to open stream: No such file or directory in <b>C:\xampp\htdocs\Medical_E-CARD\admin\amr\qrmask.php</b> on line <b>155</b><br />
<br />
<b>Warning</b>:  mkdir(): No such file or directory in <b>C:\xampp\htdocs\Medical_E-CARD\admin\amr\qrmask.php</b> on line <b>154</b><br />
<br />
<b>Warning</b>:  file_put_contents(C:\xampp\htdocs\Medical_E-CARD\admin\amr\cache\mask_3\mask_21_3.dat): failed to open stream: No such file or directory in <b>C:\xampp\htdocs\Medical_E-CARD\admin\amr\qrmask.php</b> on line <b>155</b><br />
<br />
<b>Warning</b>:  mkdir(): No such file or directory in <b>C:\xampp\htdocs\Medical_E-CARD\admin\amr\qrmask.php</b> on line <b>154</b><br />
<br />
<b>Warning</b>:  file_put_contents(C:\xampp\htdocs\Medical_E-CARD\admin\amr\cache\mask_4\mask_21_4.dat): failed to open stream: No such file or directory in <b>C:\xampp\htdocs\Medical_E-CARD\admin\amr\qrmask.php</b> on line <b>155</b><br />
<br />
<b>Warning</b>:  mkdir(): No such file or directory in <b>C:\xampp\htdocs\Medical_E-CARD\admin\amr\qrmask.php</b> on line <b>154</b><br />
<br />
<b>Warning</b>:  file_put_contents(C:\xampp\htdocs\Medical_E-CARD\admin\amr\cache\mask_5\mask_21_5.dat): failed to open stream: No such file or directory in <b>C:\xampp\htdocs\Medical_E-CARD\admin\amr\qrmask.php</b> on line <b>155</b><br />
<br />
<b>Warning</b>:  mkdir(): No such file or directory in <b>C:\xampp\htdocs\Medical_E-CARD\admin\amr\qrmask.php</b> on line <b>154</b><br />
<br />
<b>Warning</b>:  file_put_contents(C:\xampp\htdocs\Medical_E-CARD\admin\amr\cache\mask_6\mask_21_6.dat): failed to open stream: No such file or directory in <b>C:\xampp\htdocs\Medical_E-CARD\admin\amr\qrmask.php</b> on line <b>155</b><br />
<br />
<b>Warning</b>:  mkdir(): No such file or directory in <b>C:\xampp\htdocs\Medical_E-CARD\admin\amr\qrmask.php</b> on line <b>154</b><br />
<br />
<b>Warning</b>:  file_put_contents(C:\xampp\htdocs\Medical_E-CARD\admin\amr\cache\mask_7\mask_21_7.dat): failed to open stream: No such file or directory in <b>C:\xampp\htdocs\Medical_E-CARD\admin\amr\qrmask.php</b> on line <b>155</b><br />
2018-03-19 07:19:33: <br />
<b>Warning</b>:  file_put_contents(C:\xampp\htdocs\Medical_E-CARD\admin\amr\cache\frame_1.dat): failed to open stream: No such file or directory in <b>C:\xampp\htdocs\Medical_E-CARD\admin\amr\qrspec.php</b> on line <b>568</b><br />
<br />
<b>Warning</b>:  mkdir(): No such file or directory in <b>C:\xampp\htdocs\Medical_E-CARD\admin\amr\qrmask.php</b> on line <b>154</b><br />
<br />
<b>Warning</b>:  file_put_contents(C:\xampp\htdocs\Medical_E-CARD\admin\amr\cache\mask_0\mask_21_0.dat): failed to open stream: No such file or directory in <b>C:\xampp\htdocs\Medical_E-CARD\admin\amr\qrmask.php</b> on line <b>155</b><br />
<br />
<b>Warning</b>:  mkdir(): No such file or directory in <b>C:\xampp\htdocs\Medical_E-CARD\admin\amr\qrmask.php</b> on line <b>154</b><br />
<br />
<b>Warning</b>:  file_put_contents(C:\xampp\htdocs\Medical_E-CARD\admin\amr\cache\mask_1\mask_21_1.dat): failed to open stream: No such file or directory in <b>C:\xampp\htdocs\Medical_E-CARD\admin\amr\qrmask.php</b> on line <b>155</b><br />
<br />
<b>Warning</b>:  mkdir(): No such file or directory in <b>C:\xampp\htdocs\Medical_E-CARD\admin\amr\qrmask.php</b> on line <b>154</b><br />
<br />
<b>Warning</b>:  file_put_contents(C:\xampp\htdocs\Medical_E-CARD\admin\amr\cache\mask_2\mask_21_2.dat): failed to open stream: No such file or directory in <b>C:\xampp\htdocs\Medical_E-CARD\admin\amr\qrmask.php</b> on line <b>155</b><br />
<br />
<b>Warning</b>:  mkdir(): No such file or directory in <b>C:\xampp\htdocs\Medical_E-CARD\admin\amr\qrmask.php</b> on line <b>154</b><br />
<br />
<b>Warning</b>:  file_put_contents(C:\xampp\htdocs\Medical_E-CARD\admin\amr\cache\mask_3\mask_21_3.dat): failed to open stream: No such file or directory in <b>C:\xampp\htdocs\Medical_E-CARD\admin\amr\qrmask.php</b> on line <b>155</b><br />
<br />
<b>Warning</b>:  mkdir(): No such file or directory in <b>C:\xampp\htdocs\Medical_E-CARD\admin\amr\qrmask.php</b> on line <b>154</b><br />
<br />
<b>Warning</b>:  file_put_contents(C:\xampp\htdocs\Medical_E-CARD\admin\amr\cache\mask_4\mask_21_4.dat): failed to open stream: No such file or directory in <b>C:\xampp\htdocs\Medical_E-CARD\admin\amr\qrmask.php</b> on line <b>155</b><br />
<br />
<b>Warning</b>:  mkdir(): No such file or directory in <b>C:\xampp\htdocs\Medical_E-CARD\admin\amr\qrmask.php</b> on line <b>154</b><br />
<br />
<b>Warning</b>:  file_put_contents(C:\xampp\htdocs\Medical_E-CARD\admin\amr\cache\mask_5\mask_21_5.dat): failed to open stream: No such file or directory in <b>C:\xampp\htdocs\Medical_E-CARD\admin\amr\qrmask.php</b> on line <b>155</b><br />
<br />
<b>Warning</b>:  mkdir(): No such file or directory in <b>C:\xampp\htdocs\Medical_E-CARD\admin\amr\qrmask.php</b> on line <b>154</b><br />
<br />
<b>Warning</b>:  file_put_contents(C:\xampp\htdocs\Medical_E-CARD\admin\amr\cache\mask_6\mask_21_6.dat): failed to open stream: No such file or directory in <b>C:\xampp\htdocs\Medical_E-CARD\admin\amr\qrmask.php</b> on line <b>155</b><br />
<br />
<b>Warning</b>:  mkdir(): No such file or directory in <b>C:\xampp\htdocs\Medical_E-CARD\admin\amr\qrmask.php</b> on line <b>154</b><br />
<br />
<b>Warning</b>:  file_put_contents(C:\xampp\htdocs\Medical_E-CARD\admin\amr\cache\mask_7\mask_21_7.dat): failed to open stream: No such file or directory in <b>C:\xampp\htdocs\Medical_E-CARD\admin\amr\qrmask.php</b> on line <b>155</b><br />
2018-03-19 07:22:28: <br />
<b>Warning</b>:  file_put_contents(C:\xampp\htdocs\Medical_E-CARD\admin\amr\cache\frame_1.dat): failed to open stream: No such file or directory in <b>C:\xampp\htdocs\Medical_E-CARD\admin\amr\qrspec.php</b> on line <b>568</b><br />
<br />
<b>Warning</b>:  mkdir(): No such file or directory in <b>C:\xampp\htdocs\Medical_E-CARD\admin\amr\qrmask.php</b> on line <b>154</b><br />
<br />
<b>Warning</b>:  file_put_contents(C:\xampp\htdocs\Medical_E-CARD\admin\amr\cache\mask_0\mask_21_0.dat): failed to open stream: No such file or directory in <b>C:\xampp\htdocs\Medical_E-CARD\admin\amr\qrmask.php</b> on line <b>155</b><br />
<br />
<b>Warning</b>:  mkdir(): No such file or directory in <b>C:\xampp\htdocs\Medical_E-CARD\admin\amr\qrmask.php</b> on line <b>154</b><br />
<br />
<b>Warning</b>:  file_put_contents(C:\xampp\htdocs\Medical_E-CARD\admin\amr\cache\mask_1\mask_21_1.dat): failed to open stream: No such file or directory in <b>C:\xampp\htdocs\Medical_E-CARD\admin\amr\qrmask.php</b> on line <b>155</b><br />
<br />
<b>Warning</b>:  mkdir(): No such file or directory in <b>C:\xampp\htdocs\Medical_E-CARD\admin\amr\qrmask.php</b> on line <b>154</b><br />
<br />
<b>Warning</b>:  file_put_contents(C:\xampp\htdocs\Medical_E-CARD\admin\amr\cache\mask_2\mask_21_2.dat): failed to open stream: No such file or directory in <b>C:\xampp\htdocs\Medical_E-CARD\admin\amr\qrmask.php</b> on line <b>155</b><br />
<br />
<b>Warning</b>:  mkdir(): No such file or directory in <b>C:\xampp\htdocs\Medical_E-CARD\admin\amr\qrmask.php</b> on line <b>154</b><br />
<br />
<b>Warning</b>:  file_put_contents(C:\xampp\htdocs\Medical_E-CARD\admin\amr\cache\mask_3\mask_21_3.dat): failed to open stream: No such file or directory in <b>C:\xampp\htdocs\Medical_E-CARD\admin\amr\qrmask.php</b> on line <b>155</b><br />
<br />
<b>Warning</b>:  mkdir(): No such file or directory in <b>C:\xampp\htdocs\Medical_E-CARD\admin\amr\qrmask.php</b> on line <b>154</b><br />
<br />
<b>Warning</b>:  file_put_contents(C:\xampp\htdocs\Medical_E-CARD\admin\amr\cache\mask_4\mask_21_4.dat): failed to open stream: No such file or directory in <b>C:\xampp\htdocs\Medical_E-CARD\admin\amr\qrmask.php</b> on line <b>155</b><br />
<br />
<b>Warning</b>:  mkdir(): No such file or directory in <b>C:\xampp\htdocs\Medical_E-CARD\admin\amr\qrmask.php</b> on line <b>154</b><br />
<br />
<b>Warning</b>:  file_put_contents(C:\xampp\htdocs\Medical_E-CARD\admin\amr\cache\mask_5\mask_21_5.dat): failed to open stream: No such file or directory in <b>C:\xampp\htdocs\Medical_E-CARD\admin\amr\qrmask.php</b> on line <b>155</b><br />
<br />
<b>Warning</b>:  mkdir(): No such file or directory in <b>C:\xampp\htdocs\Medical_E-CARD\admin\amr\qrmask.php</b> on line <b>154</b><br />
<br />
<b>Warning</b>:  file_put_contents(C:\xampp\htdocs\Medical_E-CARD\admin\amr\cache\mask_6\mask_21_6.dat): failed to open stream: No such file or directory in <b>C:\xampp\htdocs\Medical_E-CARD\admin\amr\qrmask.php</b> on line <b>155</b><br />
<br />
<b>Warning</b>:  mkdir(): No such file or directory in <b>C:\xampp\htdocs\Medical_E-CARD\admin\amr\qrmask.php</b> on line <b>154</b><br />
<br />
<b>Warning</b>:  file_put_contents(C:\xampp\htdocs\Medical_E-CARD\admin\amr\cache\mask_7\mask_21_7.dat): failed to open stream: No such file or directory in <b>C:\xampp\htdocs\Medical_E-CARD\admin\amr\qrmask.php</b> on line <b>155</b><br />
